To honour the JVM settings for this build a single-use Daemon process will be forked. For more on this, please refer to https://docs.gradle.org/8.14.4/userguide/gradle_daemon.html#sec:disabling_the_daemon in the Gradle documentation.
Daemon will be stopped at the end of the build 
> Task :createMinecraftArtifacts UP-TO-DATE
> Task :common:compileJava
> Task :compileJava UP-TO-DATE
> Task :processResources UP-TO-DATE
> Task :common:processResources NO-SOURCE
> Task :common:classes
> Task :classes
> Task :jarJar NO-SOURCE
> Task :jar
> Task :reobfJar
> Task :assemble
> Task :compileTestJava NO-SOURCE
> Task :processTestResources NO-SOURCE
> Task :testClasses UP-TO-DATE
> Task :common:jar
> Task :test NO-SOURCE
> Task :check UP-TO-DATE
> Task :build
> Task :common:assemble
> Task :common:compileTestJava
> Task :common:processTestResources NO-SOURCE
> Task :common:testClasses
> Task :common:test
> Task :common:check
> Task :common:build

BUILD SUCCESSFUL in 10s
9 actionable tasks: 6 executed, 3 up-to-date
