WARNING: A restricted method in java.lang.System has been called
WARNING: java.lang.System::load has been called by net.rubygrapefruit.platform.internal.NativeLibraryLoader in an unnamed module (file:/C:/Users/RNaim/.gradle/wrapper/dists/gradle-9.7.1-bin/1w1c7tv4s851m17nbqdsro2tv/gradle-9.7.1/lib/native-platform-0.22-milestone-29.jar)
WARNING: Use --enable-native-access=ALL-UNNAMED to avoid a warning for callers in this module
WARNING: Restricted methods will be blocked in a future release unless native access is enabled

To honour the JVM settings for this build a single-use Daemon process will be forked. For more on this, please refer to https://docs.gradle.org/9.7.1/userguide/gradle_daemon.html#sec:disabling_the_daemon in the Gradle documentation.
Daemon will be stopped at the end of the build 
> Task :common:compileJava UP-TO-DATE
> Task :common:processResources NO-SOURCE
> Task :common:classes UP-TO-DATE
> Task :common:jar
> Task :common:compileTestJava
> Task :common:processTestResources NO-SOURCE
> Task :common:testClasses
> Task :common:test
> Task :createMinecraftArtifacts UP-TO-DATE
> Task :compileJava UP-TO-DATE
> Task :processResources UP-TO-DATE
> Task :classes UP-TO-DATE
> Task :compileCompatTestJava UP-TO-DATE
> Task :processCompatTestResources NO-SOURCE
> Task :compatTestClasses UP-TO-DATE

> Task :compileGameTestJava
D:\javaProjects\dndturn26.1\targets\neoforge-26.1\src\gameTest\java\cc\sighs\dndturn\gametest\LocalTimeGameTests.java:414: 警告: [removal] GameTestHelper 中的 makeMockServerPlayerInLevel() 已过时, 且标记为待删除
            ServerPlayer player = helper.makeMockServerPlayerInLevel();
                                        ^
D:\javaProjects\dndturn26.1\targets\neoforge-26.1\src\gameTest\java\cc\sighs\dndturn\gametest\LocalTimeGameTests.java:552: 警告: [removal] GameTestHelper 中的 makeMockServerPlayerInLevel() 已过时, 且标记为待删除
        ServerPlayer first = helper.makeMockServerPlayerInLevel();
                                   ^
D:\javaProjects\dndturn26.1\targets\neoforge-26.1\src\gameTest\java\cc\sighs\dndturn\gametest\LocalTimeGameTests.java:553: 警告: [removal] GameTestHelper 中的 makeMockServerPlayerInLevel() 已过时, 且标记为待删除
        ServerPlayer second = helper.makeMockServerPlayerInLevel();
                                    ^
D:\javaProjects\dndturn26.1\targets\neoforge-26.1\src\gameTest\java\cc\sighs\dndturn\gametest\LocalTimeGameTests.java:739: 警告: [removal] GameTestHelper 中的 makeMockServerPlayerInLevel() 已过时, 且标记为待删除
            ServerPlayer player = helper.makeMockServerPlayerInLevel();
                                        ^
D:\javaProjects\dndturn26.1\targets\neoforge-26.1\src\gameTest\java\cc\sighs\dndturn\gametest\LocalTimeGameTests.java:844: 警告: [removal] GameTestHelper 中的 makeMockServerPlayerInLevel() 已过时, 且标记为待删除
            ServerPlayer player = helper.makeMockServerPlayerInLevel();
                                        ^
D:\javaProjects\dndturn26.1\targets\neoforge-26.1\src\gameTest\java\cc\sighs\dndturn\gametest\LocalTimeGameTests.java:905: 警告: [removal] GameTestHelper 中的 makeMockServerPlayerInLevel() 已过时, 且标记为待删除
        ServerPlayer player = helper.makeMockServerPlayerInLevel();
                                    ^
D:\javaProjects\dndturn26.1\targets\neoforge-26.1\src\gameTest\java\cc\sighs\dndturn\gametest\LocalTimeGameTests.java:991: 警告: [removal] GameTestHelper 中的 makeMockServerPlayerInLevel() 已过时, 且标记为待删除
                players[i] = helper.makeMockServerPlayerInLevel();
                                   ^
D:\javaProjects\dndturn26.1\targets\neoforge-26.1\src\gameTest\java\cc\sighs\dndturn\gametest\LocalTimeGameTests.java:1062: 警告: [removal] GameTestHelper 中的 makeMockServerPlayerInLevel() 已过时, 且标记为待删除
            ServerPlayer firstPlayer = helper.makeMockServerPlayerInLevel();
                                             ^
D:\javaProjects\dndturn26.1\targets\neoforge-26.1\src\gameTest\java\cc\sighs\dndturn\gametest\LocalTimeGameTests.java:1063: 警告: [removal] GameTestHelper 中的 makeMockServerPlayerInLevel() 已过时, 且标记为待删除
            ServerPlayer secondPlayer = helper.makeMockServerPlayerInLevel();
                                              ^
D:\javaProjects\dndturn26.1\targets\neoforge-26.1\src\gameTest\java\cc\sighs\dndturn\gametest\LocalTimeGameTests.java:1240: 警告: [removal] GameTestHelper 中的 makeMockServerPlayerInLevel() 已过时, 且标记为待删除
        ServerPlayer player = helper.makeMockServerPlayerInLevel();
                                    ^
D:\javaProjects\dndturn26.1\targets\neoforge-26.1\src\gameTest\java\cc\sighs\dndturn\gametest\LocalTimeGameTests.java:1352: 警告: [removal] GameTestHelper 中的 makeMockServerPlayerInLevel() 已过时, 且标记为待删除
        ServerPlayer player = helper.makeMockServerPlayerInLevel();
                                    ^
D:\javaProjects\dndturn26.1\targets\neoforge-26.1\src\gameTest\java\cc\sighs\dndturn\gametest\LocalTimeGameTests.java:1363: 警告: [removal] GameTestHelper 中的 makeMockServerPlayerInLevel() 已过时, 且标记为待删除
        ServerPlayer other = helper.makeMockServerPlayerInLevel();
                                   ^
D:\javaProjects\dndturn26.1\targets\neoforge-26.1\src\gameTest\java\cc\sighs\dndturn\gametest\LocalTimeGameTests.java:1579: 警告: [removal] GameTestHelper 中的 makeMockServerPlayerInLevel() 已过时, 且标记为待删除
        ServerPlayer player = helper.makeMockServerPlayerInLevel();
                                    ^
D:\javaProjects\dndturn26.1\targets\neoforge-26.1\src\gameTest\java\cc\sighs\dndturn\gametest\LocalTimeGameTests.java:1621: 警告: [removal] GameTestHelper 中的 makeMockServerPlayerInLevel() 已过时, 且标记为待删除
            ServerPlayer player = helper.makeMockServerPlayerInLevel();
                                        ^
D:\javaProjects\dndturn26.1\targets\neoforge-26.1\src\gameTest\java\cc\sighs\dndturn\gametest\LocalTimeGameTests.java:1997: 警告: [removal] GameTestHelper 中的 makeMockServerPlayerInLevel() 已过时, 且标记为待删除
            ServerPlayer player = helper.makeMockServerPlayerInLevel();
                                        ^
D:\javaProjects\dndturn26.1\targets\neoforge-26.1\src\gameTest\java\cc\sighs\dndturn\gametest\LocalTimeGameTests.java:2062: 警告: [removal] GameTestHelper 中的 makeMockServerPlayerInLevel() 已过时, 且标记为待删除
            ServerPlayer player = helper.makeMockServerPlayerInLevel();
                                        ^
D:\javaProjects\dndturn26.1\targets\neoforge-26.1\src\gameTest\java\cc\sighs\dndturn\gametest\LocalTimeGameTests.java:2207: 警告: [removal] GameTestHelper 中的 makeMockServerPlayerInLevel() 已过时, 且标记为待删除
        ServerPlayer player = helper.makeMockServerPlayerInLevel();
                                    ^
D:\javaProjects\dndturn26.1\targets\neoforge-26.1\src\gameTest\java\cc\sighs\dndturn\gametest\LocalTimeGameTests.java:2267: 警告: [removal] GameTestHelper 中的 makeMockServerPlayerInLevel() 已过时, 且标记为待删除
        ServerPlayer player = helper.makeMockServerPlayerInLevel();
                                    ^
D:\javaProjects\dndturn26.1\targets\neoforge-26.1\src\gameTest\java\cc\sighs\dndturn\gametest\LocalTimeGameTests.java:2399: 警告: [removal] GameTestHelper 中的 makeMockServerPlayerInLevel() 已过时, 且标记为待删除
        ServerPlayer player = helper.makeMockServerPlayerInLevel();
                                    ^
注: D:\javaProjects\dndturn26.1\targets\neoforge-26.1\src\gameTest\java\cc\sighs\dndturn\gametest\LocalTimeGameTests.java使用或覆盖了已过时的 API。
注: 有关详细信息, 请使用 -Xlint:deprecation 重新编译。
19 个警告

> Task :processGameTestResources
> Task :gameTestClasses
> Task :downloadAssets UP-TO-DATE
> Task :prepareGameTestServerRun UP-TO-DATE

> Task :runGameTestServer
[17:06:22] [main/INFO] [ne.ne.fm.st.Entrypoint/]: JVM Uptime at startup: 109ms
2026-09-28T09:06:22.884320300Z main WARN Advanced terminal features are not available in this environment
[17:06:22] [main/INFO] [ne.ne.fm.lo.FMLLoader/]: Starting FancyModLoader version 11.0.15 (DEDICATED_SERVER in DEV)
[17:06:22] [main/INFO] [ne.ne.fm.lo.FMLLoader/]: Game directory: D:\javaProjects\dndturn26.1\targets\neoforge-26.1\build\gametest-run
[17:06:23] [main/INFO] [ne.ne.fm.lo.EarlyServiceDiscovery/]: Found 2 early service jars (out of 109) in 16ms
[17:06:23] [main/INFO] [ne.ne.fm.lo.FMLLoader/]: Loading FML Early Services:
[17:06:23] [main/INFO] [ne.ne.fm.lo.FMLLoader/]:  - C:/Users/RNaim/.gradle/caches/modules-2/files-2.1/net.neoforged.fancymodloader/loader/11.0.15/69ddd98736a6b095783523404d1af8992842722/loader-11.0.15.jar
[17:06:23] [main/INFO] [ne.ne.fm.lo.FMLLoader/]:  - C:/Users/RNaim/.gradle/caches/modules-2/files-2.1/net.neoforged.fancymodloader/earlydisplay/11.0.15/b254aa4ec40828f8ce65411dcb7fb9f6ce008064/earlydisplay-11.0.15.jar
[17:06:23] [main/INFO] [ne.ne.fm.lo.ImmediateWindowHandler/]: Not loading early display in headless mode.
[17:06:23] [main/INFO] [ne.ne.fm.lo.mo.lo.GameLocator/]: Detected a joined NeoForge and Minecraft configuration. Applying filtering...
[17:06:23] [main/INFO] [ne.ne.fm.lo.mo.lo.InDevFolderLocator/CORE]: Got mod coordinates dndturnTests%%D:\javaProjects\dndturn26.1\targets\neoforge-26.1\build\classes\java\main;dndturnTests%%D:\javaProjects\dndturn26.1\targets\neoforge-26.1\build\resources\main;dndturnTests%%D:\javaProjects\dndturn26.1\common\build\classes\java\main;dndturnTests%%D:\javaProjects\dndturn26.1\targets\neoforge-26.1\build\classes\java\compatTest;dndturnTests%%D:\javaProjects\dndturn26.1\targets\neoforge-26.1\build\resources\compatTest;dndturnTests%%D:\javaProjects\dndturn26.1\targets\neoforge-26.1\build\classes\java\gameTest;dndturnTests%%D:\javaProjects\dndturn26.1\targets\neoforge-26.1\build\resources\gameTest from env
[17:06:23] [main/INFO] [ne.ne.fm.lo.mo.lo.JarInJarDependencyLocator/]: Found 2 dependencies adding them to mods collection
[17:06:23] [main/INFO] [ne.ne.fm.lo.mo.ModDiscoverer/]: 
     Mod List:
		Name Version (Mod Id)

		ApricityUI 1.2.5 (apricityui)
		DNDTurn 1.0.0-SNAPSHOT (dndturn)
		Minecraft 26.1.2 (minecraft)
		NeoForge 26.1.2.84 (neoforge)
[17:06:23] [main/INFO] [mixin/]: SpongePowered MIXIN Subsystem Version=0.8.7 Source=file:/C:/Users/RNaim/.gradle/caches/modules-2/files-2.1/net.fabricmc/sponge-mixin/0.17.3+mixin.0.8.7/41c4a3984a80f4679e759fb9f495587acc5cdac7/sponge-mixin-0.17.3+mixin.0.8.7.jar Service=FML Env=SERVER
[17:06:23] [main/INFO] [ne.ne.fm.lo.FMLLoader/]: Loading FML Plugins:
[17:06:23] [main/INFO] [ne.ne.fm.lo.FMLLoader/]:  - C:/Users/RNaim/.gradle/caches/modules-2/files-2.1/net.neoforged/neoforge/26.1.2.84/b725526a2fab2163b9a0a8ce89d435d7cd5d8a88/neoforge-26.1.2.84-universal.jar > net.neoforged.neoforge-coremods-26.1.2.84.jar
[17:06:23] [main/INFO] [ne.ne.fm.lo.FMLLoader/]: Building game content classloader:
 - apricityui (jar(C:/Users/RNaim/.gradle/caches/modules-2/files-2.1/maven.modrinth/apricityui/wwrdhxiM/d4311449e5b1cdc9a59e33a7f2b02435d7441546/apricityui-wwrdhxiM.jar))
 - dndturn (composite(folder(D:/javaProjects/dndturn26.1/targets/neoforge-26.1/build/classes/java/main), folder(D:/javaProjects/dndturn26.1/targets/neoforge-26.1/build/resources/main), folder(D:/javaProjects/dndturn26.1/common/build/classes/java/main), folder(D:/javaProjects/dndturn26.1/targets/neoforge-26.1/build/classes/java/compatTest), folder(D:/javaProjects/dndturn26.1/targets/neoforge-26.1/build/classes/java/gameTest), folder(D:/javaProjects/dndturn26.1/targets/neoforge-26.1/build/resources/gameTest)))
 - minecraft (composite(filtered(jar(D:/javaProjects/dndturn26.1/targets/neoforge-26.1/build/moddev/artifacts/minecraft-patched-26.1.2.84.jar)), filtered(jar(D:/javaProjects/dndturn26.1/targets/neoforge-26.1/build/moddev/artifacts/minecraft-patched-26.1.2.84.jar))))
 - mixinextras.neoforge (jar(C:/Users/RNaim/.gradle/caches/modules-2/files-2.1/net.neoforged/neoforge/26.1.2.84/b725526a2fab2163b9a0a8ce89d435d7cd5d8a88/neoforge-26.1.2.84-universal.jar > mixinextras-neoforge-0.5.4.jar))
 - neoforge (composite(filtered(jar(C:/Users/RNaim/.gradle/caches/modules-2/files-2.1/net.neoforged/neoforge/26.1.2.84/b725526a2fab2163b9a0a8ce89d435d7cd5d8a88/neoforge-26.1.2.84-universal.jar))))
 - net.neoforged.fml.generated (empty(VirtualJar/net.neoforged.fml.generated))
[17:06:23] [main/INFO] [ne.ne.fm.lo.FMLLoader/]: Built game content classloader in 14ms
[17:06:23] [main/INFO] [mixin/]: Compatibility level set to JAVA_25
[17:06:23] [main/WARN] [mixin/]: Reference map 'apricityui.refmap.json' for apricityui.mixins.json could not be read. If this is a development environment you can ignore this message
[17:06:23] [main/INFO] [minecraft/GameTestMainUtil]: Running GameTestMain with cwd 'D:\javaProjects\dndturn26.1\targets\neoforge-26.1\build\gametest-run', universe path 'gametestserver'
[17:06:23] [main/INFO] [MixinExtras|Service/]: Initializing MixinExtras via com.llamalad7.mixinextras.service.MixinExtrasServiceImpl(version=0.5.4).
[17:06:25] [modloading-worker-0/INFO] [ne.ne.ne.co.NeoForgeMod/NEOFORGE-MOD]: NeoForge mod loading, version 26.1.2.84, for MC 26.1.2
[17:06:25] [modloading-sync-worker/INFO] [co.si.ap.ne.ap.NetworkAutoRegistration/]: [NetworkAutoReg] Metadata scan found: 4 | added: 4 | skipped: 0
[17:06:27] [main/INFO] [minecraft/RecipeManager]: Loaded 1515 recipes
[17:06:27] [main/INFO] [minecraft/AdvancementTree]: Loaded 1617 advancements
[17:06:27] [main/INFO] [ne.ne.ne.co.cr.RecipePriorityManager/]: Loaded 0 recipe priority overrides
[17:06:27] [Server thread/INFO] [minecraft/LoggingLevelLoadListener]: Selecting global world spawn...
[17:06:27] [Server thread/INFO] [minecraft/LoggingLevelLoadListener]: Loading 0 persistent chunks...
[17:06:27] [Server thread/INFO] [minecraft/LoggingLevelLoadListener]: Preparing spawn area: 100%
[17:06:27] [Server thread/INFO] [minecraft/LoggingLevelLoadListener]: Time elapsed: 211 ms
[17:06:27] [Server thread/INFO] [minecraft/GameTestServer]: Started game test server
[17:06:27] [Server thread/INFO] [ne.ne.ne.se.pe.PermissionAPI/]: Successfully initialized permission handler neoforge:default_handler
[17:06:27] [Server thread/INFO] [minecraft/GameTestServer]: 61 tests are now running at position 7696892, -59, 13673955!
[17:06:28] [Server thread/INFO] [minecraft/GameTestRunner]: Running test environment 'dndturn:environment_tnt' batch 0 (1 tests)...
[17:06:28] [Server thread/INFO] [minecraft/GameTestServer]: [                                                             ]
[17:06:28] [Server thread/INFO] [minecraft/GameTestServer]: [                                                             ]
[17:06:28] [Server thread/INFO] [minecraft/GameTestServer]: [                                                             ]
[17:06:28] [Server thread/INFO] [minecraft/GameTestServer]: [                                                             ]
[17:06:28] [Server thread/INFO] [minecraft/GameTestServer]: [                                                             ]
[17:06:28] [Server thread/INFO] [minecraft/GameTestServer]: [                                                             ]
[17:06:28] [Server thread/INFO] [minecraft/GameTestServer]: [                                                             ]
[17:06:28] [Server thread/INFO] [minecraft/GameTestServer]: [                                                             ]
[17:06:28] [Server thread/INFO] [minecraft/PlayerList]: test-mock-player[embedded] logged in with entity id 1 at (0.0, 0.0, 0.0)
[17:06:28] [Server thread/INFO] [minecraft/MinecraftServer]: test-mock-player joined the game
[17:06:28] [Server thread/INFO] [minecraft/GameTestServer]: [_                                                            ]
[17:06:28] [Server thread/INFO] [minecraft/GameTestServer]: [_                                                            ]
[17:06:29] [Server thread/INFO] [minecraft/GameTestServer]: [_                                                            ]
[17:06:29] [Server thread/INFO] [minecraft/GameTestServer]: [_                                                            ]
[17:06:29] [Server thread/INFO] [minecraft/GameTestServer]: [_                                                            ]
[17:06:29] [Server thread/INFO] [minecraft/GameTestServer]: [_                                                            ]
[17:06:29] [Server thread/INFO] [minecraft/GameTestServer]: [_                                                            ]
[17:06:29] [Server thread/INFO] [minecraft/GameTestServer]: [_                                                            ]
[17:06:29] [Server thread/INFO] [minecraft/GameTestRunner]: Running test environment 'dndturn:movement_regressions' batch 0 (1 tests)...
[17:06:29] [Server thread/INFO] [minecraft/GameTestServer]: [+                                                            ]
[17:06:29] [Server thread/INFO] [minecraft/GameTestServer]: [+_                                                           ]
[17:06:29] [Server thread/INFO] [minecraft/GameTestServer]: [+_                                                           ]
[17:06:29] [Server thread/INFO] [minecraft/PlayerList]: tactical-test[embedded] logged in with entity id 7 at (0.0, 0.0, 0.0)
[17:06:29] [Server thread/INFO] [minecraft/MinecraftServer]: tactical-test joined the game
[17:06:29] [Server thread/INFO] [minecraft/GameTestRunner]: Running test environment 'dndturn:scheduled_tick_hold' batch 0 (1 tests)...
[17:06:29] [Server thread/INFO] [minecraft/GameTestServer]: [++                                                           ]
[17:06:29] [Server thread/INFO] [minecraft/GameTestServer]: [++_                                                          ]
[17:06:29] [Server thread/INFO] [minecraft/PlayerList]: test-mock-player[embedded] logged in with entity id 9 at (0.0, 0.0, 0.0)
[17:06:29] [Server thread/INFO] [minecraft/MinecraftServer]: test-mock-player joined the game
[17:06:29] [Server thread/INFO] [minecraft/GameTestRunner]: Running test environment 'dndturn:environment_domains' batch 0 (1 tests)...
[17:06:29] [Server thread/INFO] [minecraft/PlayerList]: test-mock-player[embedded] logged in with entity id 11 at (0.0, 0.0, 0.0)
[17:06:29] [Server thread/INFO] [minecraft/MinecraftServer]: test-mock-player joined the game
[17:06:29] [Server thread/INFO] [minecraft/PlayerList]: test-mock-player[embedded] logged in with entity id 12 at (0.0, 0.0, 0.0)
[17:06:29] [Server thread/INFO] [minecraft/MinecraftServer]: test-mock-player joined the game
[17:06:29] [Server thread/INFO] [minecraft/GameTestServer]: [+++_                                                         ]
[17:06:29] [Server thread/INFO] [minecraft/GameTestServer]: [+++_                                                         ]
[17:06:29] [Server thread/WARN] [cc.si.dn.co.EnvironmentExplosion/]: ENVIRONMENT_DOMAIN_MISMATCH step=0a1bb7fb-9ef3-4524-81e7-8a2f38b003b0 source=c9e77f99-68dc-47c9-9213-6b30ec7bbc77 rejectedEntities=1 rejectedBlocks=12
[17:06:29] [Server thread/INFO] [minecraft/GameTestRunner]: Running test environment 'dndturn:environment_clock' batch 0 (1 tests)...
[17:06:29] [Server thread/INFO] [minecraft/PlayerList]: test-mock-player[embedded] logged in with entity id 18 at (0.0, 0.0, 0.0)
[17:06:29] [Server thread/INFO] [minecraft/MinecraftServer]: test-mock-player joined the game
[17:06:29] [Server thread/INFO] [minecraft/GameTestServer]: [++++_                                                        ]
[17:06:29] [Server thread/INFO] [minecraft/GameTestServer]: [++++_                                                        ]
[17:06:30] [Server thread/INFO] [minecraft/GameTestServer]: [++++_                                                        ]
[17:06:30] [Server thread/INFO] [minecraft/GameTestServer]: [++++_                                                        ]
[17:06:30] [Server thread/INFO] [minecraft/GameTestServer]: [++++_                                                        ]
[17:06:30] [Server thread/INFO] [minecraft/GameTestServer]: [++++_                                                        ]
[17:06:30] [Server thread/INFO] [minecraft/GameTestRunner]: Running test environment 'dndturn:environment_boundary_time' batch 0 (1 tests)...
[17:06:30] [Server thread/INFO] [minecraft/PlayerList]: test-mock-player[embedded] logged in with entity id 19 at (0.0, 0.0, 0.0)
[17:06:30] [Server thread/INFO] [minecraft/MinecraftServer]: test-mock-player joined the game
[17:06:30] [Server thread/INFO] [minecraft/GameTestServer]: [+++++_                                                       ]
[17:06:30] [Server thread/INFO] [minecraft/GameTestServer]: [+++++_                                                       ]
[17:06:30] [Server thread/INFO] [minecraft/GameTestServer]: [+++++_                                                       ]
[17:06:30] [Server thread/INFO] [minecraft/GameTestServer]: [+++++_                                                       ]
[17:06:30] [Server thread/INFO] [minecraft/GameTestRunner]: Running test environment 'dndturn:navigation_regressions' batch 0 (1 tests)...
[17:06:30] [Server thread/INFO] [minecraft/GameTestServer]: [++++++                                                       ]
[17:06:30] [Server thread/INFO] [minecraft/GameTestServer]: [++++++_                                                      ]
[17:06:30] [Server thread/INFO] [minecraft/PlayerList]: tactical-test[embedded] logged in with entity id 20 at (0.0, 0.0, 0.0)
[17:06:30] [Server thread/INFO] [minecraft/MinecraftServer]: tactical-test joined the game
[17:06:30] [Server thread/INFO] [minecraft/GameTestServer]: [++++++_                                                      ]
[17:06:30] [Server thread/INFO] [minecraft/GameTestRunner]: Running test environment 'dndturn:native_melee' batch 0 (1 tests)...
[17:06:30] [Server thread/INFO] [minecraft/PlayerList]: tactical-test[embedded] logged in with entity id 22 at (0.0, 0.0, 0.0)
[17:06:30] [Server thread/INFO] [minecraft/MinecraftServer]: tactical-test joined the game
[17:06:30] [Server thread/INFO] [minecraft/GameTestServer]: [+++++++_                                                     ]
[17:06:30] [Server thread/INFO] [minecraft/GameTestRunner]: Running test environment 'dndturn:merge_discovery_expansion' batch 0 (1 tests)...
[17:06:30] [Server thread/INFO] [minecraft/GameTestServer]: [++++++++_                                                    ]
[17:06:30] [Server thread/INFO] [minecraft/PlayerList]: test-mock-player[embedded] logged in with entity id 25 at (0.0, 0.0, 0.0)
[17:06:30] [Server thread/INFO] [minecraft/MinecraftServer]: test-mock-player joined the game
[17:06:30] [Server thread/INFO] [minecraft/PlayerList]: test-mock-player[embedded] logged in with entity id 27 at (0.0, 0.0, 0.0)
[17:06:30] [Server thread/INFO] [minecraft/MinecraftServer]: test-mock-player joined the game
[17:06:30] [Server thread/INFO] [minecraft/PlayerList]: test-mock-player[embedded] logged in with entity id 29 at (0.0, 0.0, 0.0)
[17:06:30] [Server thread/INFO] [minecraft/MinecraftServer]: test-mock-player joined the game
[17:06:30] [Server thread/INFO] [minecraft/GameTestServer]: [++++++++_                                                    ]
[17:06:30] [Server thread/INFO] [minecraft/GameTestServer]: [++++++++_                                                    ]
[17:06:30] [Server thread/INFO] [minecraft/GameTestServer]: [++++++++_                                                    ]
[17:06:31] [Server thread/INFO] [minecraft/GameTestServer]: [++++++++_                                                    ]
[17:06:31] [Server thread/INFO] [minecraft/GameTestRunner]: Running test environment 'dndturn:consent_regressions' batch 0 (1 tests)...
[17:06:31] [Server thread/INFO] [minecraft/PlayerList]: exit-test-player[embedded] logged in with entity id 32 at (0.0, 0.0, 0.0)
[17:06:31] [Server thread/INFO] [minecraft/MinecraftServer]: exit-test-player joined the game
[17:06:31] [Server thread/INFO] [minecraft/PlayerList]: exit-test-player[embedded] logged in with entity id 33 at (0.0, 0.0, 0.0)
[17:06:31] [Server thread/INFO] [minecraft/MinecraftServer]: exit-test-player joined the game
[17:06:31] [Server thread/INFO] [minecraft/PlayerList]: exit-test-player[embedded] logged in with entity id 34 at (0.0, 0.0, 0.0)
[17:06:31] [Server thread/INFO] [minecraft/MinecraftServer]: exit-test-player joined the game
[17:06:31] [Server thread/INFO] [minecraft/GameTestServer]: [+++++++++_                                                   ]
[17:06:31] [Server thread/INFO] [minecraft/GameTestServer]: [+++++++++_                                                   ]
[17:06:31] [Server thread/INFO] [minecraft/GameTestServer]: [+++++++++_                                                   ]
[17:06:31] [Server thread/INFO] [minecraft/GameTestServer]: [+++++++++_                                                   ]
[17:06:31] [Server thread/INFO] [minecraft/GameTestServer]: [+++++++++_                                                   ]
[17:06:31] [Server thread/INFO] [minecraft/GameTestServer]: [+++++++++_                                                   ]
[17:06:31] [Server thread/INFO] [minecraft/GameTestServer]: [+++++++++_                                                   ]
[17:06:31] [Server thread/INFO] [minecraft/GameTestServer]: [+++++++++_                                                   ]
[17:06:31] [Server thread/INFO] [minecraft/GameTestServer]: [+++++++++_                                                   ]
[17:06:31] [Server thread/INFO] [minecraft/GameTestServer]: [+++++++++_                                                   ]
[17:06:31] [Server thread/INFO] [minecraft/GameTestServer]: [+++++++++_                                                   ]
[17:06:31] [Server thread/INFO] [minecraft/GameTestServer]: [+++++++++_                                                   ]
[17:06:31] [Server thread/INFO] [minecraft/GameTestServer]: [+++++++++_                                                   ]
[17:06:31] [Server thread/INFO] [minecraft/GameTestServer]: [+++++++++_                                                   ]
[17:06:31] [Server thread/INFO] [minecraft/GameTestServer]: [+++++++++_                                                   ]
[17:06:31] [Server thread/INFO] [minecraft/GameTestServer]: [+++++++++_                                                   ]
[17:06:31] [Server thread/INFO] [minecraft/GameTestServer]: [+++++++++_                                                   ]
[17:06:31] [Server thread/INFO] [minecraft/GameTestServer]: [+++++++++_                                                   ]
[17:06:31] [Server thread/INFO] [minecraft/GameTestServer]: [+++++++++_                                                   ]
[17:06:31] [Server thread/INFO] [minecraft/GameTestServer]: [+++++++++_                                                   ]
[17:06:31] [Server thread/INFO] [minecraft/GameTestServer]: [+++++++++_                                                   ]
[17:06:31] [Server thread/INFO] [minecraft/GameTestRunner]: Running test environment 'minecraft:default' batch 0 (21 tests)...
[17:06:31] [Server thread/INFO] [minecraft/PlayerList]: test-mock-player[embedded] logged in with entity id 37 at (0.0, 0.0, 0.0)
[17:06:31] [Server thread/INFO] [minecraft/MinecraftServer]: test-mock-player joined the game
[17:06:31] [Server thread/INFO] [minecraft/PlayerList]: test-mock-player[embedded] logged in with entity id 39 at (0.0, 0.0, 0.0)
[17:06:31] [Server thread/INFO] [minecraft/MinecraftServer]: test-mock-player joined the game
[17:06:31] [Server thread/INFO] [minecraft/MinecraftServer]: test-mock-player has made the advancement [Monster Hunter]
[17:06:31] [Server thread/INFO] [minecraft/PlayerList]: candidate-review-player[embedded] logged in with entity id 44 at (0.0, 0.0, 0.0)
[17:06:31] [Server thread/INFO] [minecraft/MinecraftServer]: candidate-review-player joined the game
[17:06:31] [Server thread/INFO] [minecraft/PlayerList]: test-mock-player[embedded] logged in with entity id 47 at (0.0, 0.0, 0.0)
[17:06:31] [Server thread/INFO] [minecraft/MinecraftServer]: test-mock-player joined the game
[17:06:32] [Server thread/INFO] [minecraft/PlayerList]: test-mock-player[embedded] logged in with entity id 49 at (0.0, 0.0, 0.0)
[17:06:32] [Server thread/INFO] [minecraft/MinecraftServer]: test-mock-player joined the game
[17:06:32] [Server thread/INFO] [minecraft/PlayerList]: test-mock-player[embedded] logged in with entity id 50 at (0.0, 0.0, 0.0)
[17:06:32] [Server thread/INFO] [minecraft/MinecraftServer]: test-mock-player joined the game
[17:06:32] [Server thread/INFO] [minecraft/PlayerList]: exit-test-player[embedded] logged in with entity id 52 at (0.0, 0.0, 0.0)
[17:06:32] [Server thread/INFO] [minecraft/MinecraftServer]: exit-test-player joined the game
[17:06:32] [Server thread/INFO] [minecraft/PlayerList]: exit-test-player[embedded] logged in with entity id 54 at (0.0, 0.0, 0.0)
[17:06:32] [Server thread/INFO] [minecraft/MinecraftServer]: exit-test-player joined the game
[17:06:32] [Server thread/INFO] [minecraft/PlayerList]: tactical-test[embedded] logged in with entity id 55 at (0.0, 0.0, 0.0)
[17:06:32] [Server thread/INFO] [minecraft/MinecraftServer]: tactical-test joined the game
[17:06:32] [Server thread/INFO] [minecraft/PlayerList]: test-mock-player[embedded] logged in with entity id 59 at (0.0, 0.0, 0.0)
[17:06:32] [Server thread/INFO] [minecraft/MinecraftServer]: test-mock-player joined the game
[17:06:33] [Server thread/ERROR] [cc.si.dn.co.ServerCombatService/]: Combat save cannot be safely restored; preserving it and disabling new encounters
java.lang.IllegalArgumentException: active encounter lacks captured settings or session sequence
	at TRANSFORMER/dndturn@1.0.0-SNAPSHOT/cc.sighs.dndturn.combat.CombatRecoveryCandidate.validate(CombatRecoveryCandidate.java:13) ~[main/:?] {}
	at TRANSFORMER/dndturn@1.0.0-SNAPSHOT/cc.sighs.dndturn.combat.ServerCombatService.<init>(ServerCombatService.java:298) [main/:?] {}
	at TRANSFORMER/dndturn@1.0.0-SNAPSHOT/cc.sighs.dndturn.combat.ServerCombatService.restoreForGameTest(ServerCombatService.java:384) [main/:?] {}
	at TRANSFORMER/dndturn@1.0.0-SNAPSHOT/cc.sighs.dndturn.gametest.RepairGameTests.values(RepairGameTests.java:124) [main/:?] {}
	at TRANSFORMER/minecraft@26.1.2/net.minecraft.gametest.framework.FunctionGameTestInstance.run(FunctionGameTestInstance.java:34) [minecraft-patched-26.1.2.84.jar:?] {}
	at TRANSFORMER/minecraft@26.1.2/net.minecraft.gametest.framework.GameTestInfo.startTest(GameTestInfo.java:163) [minecraft-patched-26.1.2.84.jar:?] {neoforge:access_transformer}
	at TRANSFORMER/minecraft@26.1.2/net.minecraft.gametest.framework.GameTestInfo.tickInternal(GameTestInfo.java:119) [minecraft-patched-26.1.2.84.jar:?] {neoforge:access_transformer}
	at TRANSFORMER/minecraft@26.1.2/net.minecraft.gametest.framework.GameTestInfo.tick(GameTestInfo.java:104) [minecraft-patched-26.1.2.84.jar:?] {neoforge:access_transformer}
	at TRANSFORMER/minecraft@26.1.2/net.minecraft.gametest.framework.GameTestTicker.lambda$tick$0(GameTestTicker.java:47) [minecraft-patched-26.1.2.84.jar:?] {}
	at java.base/java.util.concurrent.CopyOnWriteArrayList.forEach(CopyOnWriteArrayList.java:905) [?:?] {}
	at TRANSFORMER/minecraft@26.1.2/net.minecraft.gametest.framework.GameTestTicker.tick(GameTestTicker.java:47) [minecraft-patched-26.1.2.84.jar:?] {}
	at TRANSFORMER/minecraft@26.1.2/net.minecraft.server.MinecraftServer.tickChildren(MinecraftServer.java:1171) [minecraft-patched-26.1.2.84.jar:?] {neoforge:access_transformer,neoforge:access_transformer,neoforge:mixin[APP:dndturn.mixins.json:MinecraftServerWorldTickBoundaryMixin from mod dndturn]}
	at TRANSFORMER/minecraft@26.1.2/net.minecraft.server.MinecraftServer.tickServer(MinecraftServer.java:1003) [minecraft-patched-26.1.2.84.jar:?] {neoforge:access_transformer,neoforge:access_transformer,neoforge:mixin[APP:dndturn.mixins.json:MinecraftServerWorldTickBoundaryMixin from mod dndturn]}
	at TRANSFORMER/minecraft@26.1.2/net.minecraft.gametest.framework.GameTestServer.tickServer(GameTestServer.java:255) [minecraft-patched-26.1.2.84.jar:?] {}
	at TRANSFORMER/minecraft@26.1.2/net.minecraft.server.MinecraftServer.processPacketsAndTick(MinecraftServer.java:1035) [minecraft-patched-26.1.2.84.jar:?] {neoforge:access_transformer,neoforge:access_transformer,neoforge:mixin[APP:dndturn.mixins.json:MinecraftServerWorldTickBoundaryMixin from mod dndturn]}
	at TRANSFORMER/minecraft@26.1.2/net.minecraft.server.MinecraftServer.runServer(MinecraftServer.java:776) [minecraft-patched-26.1.2.84.jar:?] {neoforge:access_transformer,neoforge:access_transformer,neoforge:mixin[APP:dndturn.mixins.json:MinecraftServerWorldTickBoundaryMixin from mod dndturn]}
	at TRANSFORMER/minecraft@26.1.2/net.minecraft.server.MinecraftServer.lambda$spin$0(MinecraftServer.java:300) [minecraft-patched-26.1.2.84.jar:?] {neoforge:access_transformer,neoforge:access_transformer,neoforge:mixin[APP:dndturn.mixins.json:MinecraftServerWorldTickBoundaryMixin from mod dndturn]}
	at java.base/java.lang.Thread.run(Thread.java:1474) [?:?] {}
[17:06:33] [Server thread/INFO] [minecraft/PlayerList]: test-mock-player[embedded] logged in with entity id 67 at (0.0, 0.0, 0.0)
[17:06:33] [Server thread/INFO] [minecraft/MinecraftServer]: test-mock-player joined the game
[17:06:33] [Server thread/WARN] [cc.si.dn.co.ServerCombatService/]: Restored encounter 755e46b4-8199-4b23-a9bd-8d9a74a54a27 released: membersPresent=false unknownOperations=1
[17:06:33] [Server thread/INFO] [minecraft/PlayerList]: test-mock-player[embedded] logged in with entity id 69 at (0.0, 0.0, 0.0)
[17:06:33] [Server thread/INFO] [minecraft/MinecraftServer]: test-mock-player joined the game
[17:06:33] [Server thread/INFO] [minecraft/PlayerList]: test-mock-player[embedded] logged in with entity id 75 at (0.0, 0.0, 0.0)
[17:06:33] [Server thread/INFO] [minecraft/MinecraftServer]: test-mock-player joined the game
[17:06:33] [Server thread/INFO] [minecraft/PlayerList]: test-mock-player[embedded] logged in with entity id 77 at (0.0, 0.0, 0.0)
[17:06:33] [Server thread/INFO] [minecraft/MinecraftServer]: test-mock-player joined the game
[17:06:33] [Server thread/INFO] [minecraft/PlayerList]: test-mock-player[embedded] logged in with entity id 79 at (0.0, 0.0, 0.0)
[17:06:33] [Server thread/INFO] [minecraft/MinecraftServer]: test-mock-player joined the game
[17:06:33] [Server thread/INFO] [minecraft/GameTestServer]: [++++++++++++++++++++++_++_+_+++                              ]
[17:06:33] [Server thread/INFO] [minecraft/GameTestServer]: [++++++++++++++++++++++_++_+++++                              ]
[17:06:33] [Server thread/INFO] [minecraft/PlayerList]: test-mock-player[embedded] logged in with entity id 85 at (0.0, 0.0, 0.0)
[17:06:33] [Server thread/INFO] [minecraft/MinecraftServer]: test-mock-player joined the game
[17:06:34] [Server thread/INFO] [minecraft/GameTestServer]: [++++++++++++++++++++++_++_+++++                              ]
[17:06:34] [Server thread/INFO] [minecraft/GameTestServer]: [+++++++++++++++++++++++++_+++++                              ]
[17:06:34] [Server thread/INFO] [minecraft/GameTestServer]: [+++++++++++++++++++++++++_+++++                              ]
[17:06:34] [Server thread/INFO] [minecraft/GameTestServer]: [+++++++++++++++++++++++++_+++++                              ]
[17:06:34] [Server thread/INFO] [minecraft/GameTestServer]: [+++++++++++++++++++++++++_+++++                              ]
[17:06:34] [Server thread/INFO] [minecraft/GameTestServer]: [+++++++++++++++++++++++++_+++++                              ]
[17:06:34] [Server thread/INFO] [minecraft/GameTestRunner]: Running test environment 'dndturn:action_preview' batch 0 (1 tests)...
[17:06:34] [Server thread/INFO] [minecraft/PlayerList]: tactical-test[embedded] logged in with entity id 96 at (0.0, 0.0, 0.0)
[17:06:34] [Server thread/INFO] [minecraft/MinecraftServer]: tactical-test joined the game
[17:06:34] [Server thread/INFO] [minecraft/GameTestServer]: [+++++++++++++++++++++++++++++++_                             ]
action_preview flat A*: slices=4, charged probes=73
[17:06:34] [Server thread/INFO] [minecraft/MinecraftServer]: tactical-test has made the advancement [Take Aim]
[17:06:34] [Server thread/INFO] [minecraft/GameTestRunner]: Running test environment 'dndturn:restart_history' batch 0 (1 tests)...
[17:06:34] [Server thread/INFO] [minecraft/PlayerList]: tactical-test[embedded] logged in with entity id 104 at (0.0, 0.0, 0.0)
[17:06:34] [Server thread/INFO] [minecraft/MinecraftServer]: tactical-test joined the game
[17:06:34] [Server thread/INFO] [minecraft/GameTestServer]: [++++++++++++++++++++++++++++++++_                            ]
[17:06:34] [Server thread/INFO] [minecraft/GameTestServer]: [++++++++++++++++++++++++++++++++_                            ]
DNDTURN_RESTART_WRITE_READY encounter=c05dce7d-7101-4ec5-80cd-61b139fc9380 operation=543bf985-2f8a-4336-b1ce-a70b21ec3de7
[17:06:34] [Server thread/INFO] [minecraft/GameTestRunner]: Running test environment 'dndturn:tactical_ranged' batch 0 (1 tests)...
[17:06:35] [Server thread/INFO] [minecraft/GameTestServer]: [+++++++++++++++++++++++++++++++++_                           ]
[17:06:35] [Server thread/INFO] [minecraft/GameTestServer]: [+++++++++++++++++++++++++++++++++_                           ]
[17:06:35] [Server thread/INFO] [minecraft/PlayerList]: test-mock-player[embedded] logged in with entity id 105 at (0.0, 0.0, 0.0)
[17:06:35] [Server thread/INFO] [minecraft/MinecraftServer]: test-mock-player joined the game
[17:06:35] [Server thread/INFO] [minecraft/GameTestServer]: [+++++++++++++++++++++++++++++++++_                           ]
[17:06:35] [Server thread/INFO] [minecraft/GameTestServer]: [+++++++++++++++++++++++++++++++++_                           ]
[17:06:35] [Server thread/INFO] [minecraft/GameTestRunner]: Running test environment 'dndturn:player_only_start' batch 0 (1 tests)...
[17:06:35] [Server thread/INFO] [minecraft/PlayerList]: test-mock-player[embedded] logged in with entity id 112 at (0.0, 0.0, 0.0)
[17:06:35] [Server thread/INFO] [minecraft/MinecraftServer]: test-mock-player joined the game
[17:06:35] [Server thread/INFO] [minecraft/GameTestServer]: [++++++++++++++++++++++++++++++++++_                          ]
[17:06:35] [Server thread/INFO] [minecraft/GameTestServer]: [++++++++++++++++++++++++++++++++++_                          ]
[17:06:35] [Server thread/INFO] [minecraft/GameTestServer]: [++++++++++++++++++++++++++++++++++_                          ]
[17:06:35] [Server thread/INFO] [minecraft/GameTestRunner]: Running test environment 'dndturn:external_melee' batch 0 (1 tests)...
[17:06:35] [Server thread/INFO] [minecraft/PlayerList]: tactical-test[embedded] logged in with entity id 113 at (0.0, 0.0, 0.0)
[17:06:35] [Server thread/INFO] [minecraft/MinecraftServer]: tactical-test joined the game
[17:06:35] [Server thread/INFO] [minecraft/GameTestServer]: [+++++++++++++++++++++++++++++++++++_                         ]
[17:06:35] [Server thread/INFO] [minecraft/GameTestServer]: [+++++++++++++++++++++++++++++++++++_                         ]
[17:06:35] [Server thread/INFO] [minecraft/GameTestRunner]: Running test environment 'dndturn:prototype_environment_loop' batch 0 (1 tests)...
[17:06:35] [Server thread/INFO] [minecraft/GameTestServer]: [++++++++++++++++++++++++++++++++++++_                        ]
[17:06:35] [Server thread/INFO] [minecraft/PlayerList]: test-mock-player[embedded] logged in with entity id 115 at (0.0, 0.0, 0.0)
[17:06:35] [Server thread/INFO] [minecraft/MinecraftServer]: test-mock-player joined the game
[17:06:35] [Server thread/INFO] [minecraft/GameTestServer]: [++++++++++++++++++++++++++++++++++++_                        ]
[17:06:35] [Server thread/INFO] [minecraft/GameTestRunner]: Running test environment 'dndturn:tactical_crossbow' batch 0 (1 tests)...
[17:06:35] [Server thread/INFO] [minecraft/GameTestServer]: [+++++++++++++++++++++++++++++++++++++_                       ]
[17:06:35] [Server thread/INFO] [minecraft/GameTestServer]: [+++++++++++++++++++++++++++++++++++++_                       ]
[17:06:35] [Server thread/INFO] [minecraft/PlayerList]: test-mock-player[embedded] logged in with entity id 118 at (0.0, 0.0, 0.0)
[17:06:35] [Server thread/INFO] [minecraft/MinecraftServer]: test-mock-player joined the game
[17:06:35] [Server thread/INFO] [minecraft/GameTestServer]: [+++++++++++++++++++++++++++++++++++++_                       ]
[17:06:35] [Server thread/INFO] [minecraft/GameTestServer]: [+++++++++++++++++++++++++++++++++++++_                       ]
[17:06:35] [Server thread/INFO] [minecraft/MinecraftServer]: test-mock-player has made the advancement [Ol' Betsy]
[17:06:35] [Server thread/INFO] [minecraft/GameTestRunner]: Running test environment 'dndturn:discovery_cursor' batch 0 (1 tests)...
[17:06:35] [Server thread/INFO] [minecraft/GameTestServer]: [++++++++++++++++++++++++++++++++++++++                       ]
[17:06:36] [Server thread/INFO] [minecraft/GameTestServer]: [++++++++++++++++++++++++++++++++++++++_                      ]
[17:06:36] [Server thread/INFO] [minecraft/GameTestRunner]: Running test environment 'dndturn:environment_circuits' batch 0 (1 tests)...
[17:06:36] [Server thread/INFO] [minecraft/PlayerList]: test-mock-player[embedded] logged in with entity id 202 at (0.0, 0.0, 0.0)
[17:06:36] [Server thread/INFO] [minecraft/MinecraftServer]: test-mock-player joined the game
[17:06:36] [Server thread/INFO] [minecraft/GameTestServer]: [+++++++++++++++++++++++++++++++++++++++_                     ]
[17:06:36] [Server thread/INFO] [minecraft/GameTestServer]: [+++++++++++++++++++++++++++++++++++++++_                     ]
[17:06:36] [Server thread/INFO] [minecraft/GameTestServer]: [+++++++++++++++++++++++++++++++++++++++_                     ]
[17:06:36] [Server thread/INFO] [minecraft/GameTestServer]: [+++++++++++++++++++++++++++++++++++++++_                     ]
[17:06:36] [Server thread/INFO] [minecraft/GameTestServer]: [+++++++++++++++++++++++++++++++++++++++_                     ]
[17:06:36] [Server thread/INFO] [minecraft/GameTestServer]: [+++++++++++++++++++++++++++++++++++++++_                     ]
[17:06:36] [Server thread/INFO] [minecraft/GameTestServer]: [+++++++++++++++++++++++++++++++++++++++_                     ]
[17:06:36] [Server thread/INFO] [minecraft/GameTestServer]: [+++++++++++++++++++++++++++++++++++++++_                     ]
[17:06:36] [Server thread/INFO] [minecraft/GameTestServer]: [+++++++++++++++++++++++++++++++++++++++_                     ]
[17:06:36] [Server thread/INFO] [minecraft/GameTestRunner]: Running test environment 'dndturn:tactical_snowball' batch 0 (1 tests)...
[17:06:36] [Server thread/INFO] [minecraft/GameTestServer]: [++++++++++++++++++++++++++++++++++++++++_                    ]
[17:06:36] [Server thread/INFO] [minecraft/GameTestServer]: [++++++++++++++++++++++++++++++++++++++++_                    ]
[17:06:36] [Server thread/INFO] [minecraft/GameTestServer]: [++++++++++++++++++++++++++++++++++++++++_                    ]
[17:06:36] [Server thread/INFO] [minecraft/PlayerList]: test-mock-player[embedded] logged in with entity id 204 at (0.0, 0.0, 0.0)
[17:06:36] [Server thread/INFO] [minecraft/MinecraftServer]: test-mock-player joined the game
[17:06:37] [Server thread/INFO] [minecraft/GameTestServer]: [++++++++++++++++++++++++++++++++++++++++_                    ]
[17:06:37] [Server thread/INFO] [minecraft/GameTestRunner]: Running test environment 'dndturn:participant_effects' batch 0 (1 tests)...
[17:06:37] [Server thread/INFO] [minecraft/PlayerList]: tactical-test[embedded] logged in with entity id 207 at (0.0, 0.0, 0.0)
[17:06:37] [Server thread/INFO] [minecraft/MinecraftServer]: tactical-test joined the game
[17:06:37] [Server thread/INFO] [minecraft/GameTestServer]: [+++++++++++++++++++++++++++++++++++++++++_                   ]
[17:06:37] [Server thread/INFO] [minecraft/GameTestServer]: [+++++++++++++++++++++++++++++++++++++++++_                   ]
[17:06:37] [Server thread/INFO] [minecraft/GameTestServer]: [+++++++++++++++++++++++++++++++++++++++++_                   ]
[17:06:37] [Server thread/INFO] [minecraft/GameTestServer]: [+++++++++++++++++++++++++++++++++++++++++_                   ]
[17:06:37] [Server thread/INFO] [minecraft/GameTestServer]: [+++++++++++++++++++++++++++++++++++++++++_                   ]
[17:06:37] [Server thread/INFO] [minecraft/GameTestServer]: [+++++++++++++++++++++++++++++++++++++++++_                   ]
[17:06:37] [Server thread/INFO] [minecraft/GameTestServer]: [+++++++++++++++++++++++++++++++++++++++++_                   ]
[17:06:37] [Server thread/INFO] [minecraft/GameTestServer]: [+++++++++++++++++++++++++++++++++++++++++_                   ]
[17:06:37] [Server thread/INFO] [minecraft/GameTestServer]: [+++++++++++++++++++++++++++++++++++++++++_                   ]
[17:06:37] [Server thread/INFO] [minecraft/GameTestServer]: [+++++++++++++++++++++++++++++++++++++++++_                   ]
[17:06:37] [Server thread/INFO] [minecraft/GameTestServer]: [+++++++++++++++++++++++++++++++++++++++++_                   ]
[17:06:37] [Server thread/INFO] [minecraft/GameTestServer]: [+++++++++++++++++++++++++++++++++++++++++_                   ]
[17:06:37] [Server thread/INFO] [minecraft/GameTestServer]: [+++++++++++++++++++++++++++++++++++++++++_                   ]
[17:06:37] [Server thread/INFO] [minecraft/GameTestServer]: [+++++++++++++++++++++++++++++++++++++++++_                   ]
[17:06:37] [Server thread/INFO] [minecraft/MinecraftServer]: tactical-test withered away
[17:06:37] [Server thread/INFO] [minecraft/GameTestRunner]: Running test environment 'dndturn:merge_world_boundary' batch 0 (1 tests)...
[17:06:37] [Server thread/INFO] [minecraft/GameTestServer]: [++++++++++++++++++++++++++++++++++++++++++_                  ]
[17:06:37] [Server thread/INFO] [minecraft/PlayerList]: test-mock-player[embedded] logged in with entity id 208 at (0.0, 0.0, 0.0)
[17:06:37] [Server thread/INFO] [minecraft/MinecraftServer]: test-mock-player joined the game
[17:06:37] [Server thread/INFO] [minecraft/PlayerList]: test-mock-player[embedded] logged in with entity id 209 at (0.0, 0.0, 0.0)
[17:06:37] [Server thread/INFO] [minecraft/MinecraftServer]: test-mock-player joined the game
[17:06:37] [Server thread/INFO] [minecraft/GameTestRunner]: Running test environment 'dndturn:environment_classification' batch 0 (1 tests)...
[17:06:37] [Server thread/INFO] [minecraft/PlayerList]: test-mock-player[embedded] logged in with entity id 222 at (0.0, 0.0, 0.0)
[17:06:37] [Server thread/INFO] [minecraft/MinecraftServer]: test-mock-player joined the game
[17:06:37] [Server thread/INFO] [minecraft/GameTestServer]: [+++++++++++++++++++++++++++++++++++++++++++_                 ]
[17:06:37] [Server thread/INFO] [minecraft/GameTestServer]: [+++++++++++++++++++++++++++++++++++++++++++_                 ]
[17:06:37] [Server thread/INFO] [minecraft/GameTestServer]: [+++++++++++++++++++++++++++++++++++++++++++_                 ]
[17:06:37] [Server thread/INFO] [minecraft/GameTestRunner]: Running test environment 'dndturn:arrow_regressions' batch 0 (9 tests)...
[17:06:37] [Server thread/INFO] [minecraft/PlayerList]: test-mock-player[embedded] logged in with entity id 226 at (0.0, 0.0, 0.0)
[17:06:37] [Server thread/INFO] [minecraft/MinecraftServer]: test-mock-player joined the game
[17:06:37] [Server thread/INFO] [minecraft/PlayerList]: test-mock-player[embedded] logged in with entity id 227 at (0.0, 0.0, 0.0)
[17:06:37] [Server thread/INFO] [minecraft/MinecraftServer]: test-mock-player joined the game
[17:06:38] [Server thread/INFO] [minecraft/PlayerList]: test-mock-player[embedded] logged in with entity id 230 at (0.0, 0.0, 0.0)
[17:06:38] [Server thread/INFO] [minecraft/MinecraftServer]: test-mock-player joined the game
[17:06:38] [Server thread/INFO] [minecraft/PlayerList]: test-mock-player[embedded] logged in with entity id 231 at (0.0, 0.0, 0.0)
[17:06:38] [Server thread/INFO] [minecraft/MinecraftServer]: test-mock-player joined the game
[17:06:38] [Server thread/INFO] [minecraft/PlayerList]: test-mock-player[embedded] logged in with entity id 234 at (0.0, 0.0, 0.0)
[17:06:38] [Server thread/INFO] [minecraft/MinecraftServer]: test-mock-player joined the game
[17:06:38] [Server thread/INFO] [minecraft/PlayerList]: test-mock-player[embedded] logged in with entity id 235 at (0.0, 0.0, 0.0)
[17:06:38] [Server thread/INFO] [minecraft/MinecraftServer]: test-mock-player joined the game
[17:06:38] [Server thread/INFO] [minecraft/PlayerList]: test-mock-player[embedded] logged in with entity id 238 at (0.0, 0.0, 0.0)
[17:06:38] [Server thread/INFO] [minecraft/MinecraftServer]: test-mock-player joined the game
[17:06:38] [Server thread/INFO] [minecraft/PlayerList]: test-mock-player[embedded] logged in with entity id 239 at (0.0, 0.0, 0.0)
[17:06:38] [Server thread/INFO] [minecraft/MinecraftServer]: test-mock-player joined the game
[17:06:38] [Server thread/INFO] [minecraft/PlayerList]: test-mock-player[embedded] logged in with entity id 251 at (0.0, 0.0, 0.0)
[17:06:38] [Server thread/INFO] [minecraft/MinecraftServer]: test-mock-player joined the game
[17:06:38] [Server thread/INFO] [minecraft/PlayerList]: test-mock-player[embedded] logged in with entity id 252 at (0.0, 0.0, 0.0)
[17:06:38] [Server thread/INFO] [minecraft/MinecraftServer]: test-mock-player joined the game
[17:06:40] [Server thread/INFO] [minecraft/PlayerList]: test-mock-player[embedded] logged in with entity id 256 at (0.0, 0.0, 0.0)
[17:06:40] [Server thread/INFO] [minecraft/MinecraftServer]: test-mock-player joined the game
[17:06:40] [Server thread/INFO] [minecraft/PlayerList]: test-mock-player[embedded] logged in with entity id 257 at (0.0, 0.0, 0.0)
[17:06:40] [Server thread/INFO] [minecraft/MinecraftServer]: test-mock-player joined the game
[17:06:40] [Server thread/INFO] [minecraft/PlayerList]: test-mock-player[embedded] logged in with entity id 258 at (0.0, 0.0, 0.0)
[17:06:40] [Server thread/INFO] [minecraft/MinecraftServer]: test-mock-player joined the game
[17:06:40] [Server thread/INFO] [minecraft/PlayerList]: test-mock-player[embedded] logged in with entity id 259 at (0.0, 0.0, 0.0)
[17:06:40] [Server thread/INFO] [minecraft/MinecraftServer]: test-mock-player joined the game
[17:06:40] [Server thread/INFO] [minecraft/GameTestServer]: [++++++++++++++++++++++++++++++++++++++++++++__+_+++_+        ]
[17:06:40] [Server thread/INFO] [minecraft/GameTestServer]: [++++++++++++++++++++++++++++++++++++++++++++_++_+++++        ]
[17:06:40] [Server thread/INFO] [minecraft/GameTestServer]: [++++++++++++++++++++++++++++++++++++++++++++_++_+++++        ]
[17:06:40] [Server thread/INFO] [minecraft/GameTestServer]: [++++++++++++++++++++++++++++++++++++++++++++_++_+++++        ]
[17:06:40] [Server thread/INFO] [minecraft/GameTestServer]: [++++++++++++++++++++++++++++++++++++++++++++_++_+++++        ]
[17:06:40] [Server thread/INFO] [minecraft/GameTestServer]: [++++++++++++++++++++++++++++++++++++++++++++_++_+++++        ]
[17:06:40] [Server thread/INFO] [minecraft/GameTestRunner]: Running test environment 'dndturn:environment_processes' batch 0 (1 tests)...
[17:06:40] [Server thread/INFO] [minecraft/PlayerList]: test-mock-player[embedded] logged in with entity id 269 at (0.0, 0.0, 0.0)
[17:06:40] [Server thread/INFO] [minecraft/MinecraftServer]: test-mock-player joined the game
[17:06:40] [Server thread/INFO] [minecraft/GameTestServer]: [+++++++++++++++++++++++++++++++++++++++++++++++++++++_       ]
[17:06:40] [Server thread/INFO] [minecraft/GameTestServer]: [+++++++++++++++++++++++++++++++++++++++++++++++++++++_       ]
[17:06:40] [Server thread/INFO] [minecraft/GameTestServer]: [+++++++++++++++++++++++++++++++++++++++++++++++++++++_       ]
[17:06:40] [Server thread/INFO] [minecraft/GameTestRunner]: Running test environment 'dndturn:tactical_plan' batch 0 (1 tests)...
[17:06:41] [Server thread/INFO] [minecraft/PlayerList]: test-mock-player[embedded] logged in with entity id 273 at (0.0, 0.0, 0.0)
[17:06:41] [Server thread/INFO] [minecraft/MinecraftServer]: test-mock-player joined the game
[17:06:41] [Server thread/INFO] [minecraft/GameTestServer]: [++++++++++++++++++++++++++++++++++++++++++++++++++++++_      ]
[17:06:41] [Server thread/INFO] [minecraft/GameTestServer]: [++++++++++++++++++++++++++++++++++++++++++++++++++++++_      ]
[17:06:41] [Server thread/INFO] [minecraft/MinecraftServer]: test-mock-player has made the advancement [Isn't It Iron Pick]
[17:06:41] [Server thread/INFO] [minecraft/GameTestRunner]: Running test environment 'dndturn:participant_fire' batch 0 (1 tests)...
[17:06:41] [Server thread/INFO] [minecraft/GameTestServer]: [+++++++++++++++++++++++++++++++++++++++++++++++++++++++      ]
[17:06:41] [Server thread/INFO] [minecraft/PlayerList]: tactical-test[embedded] logged in with entity id 280 at (0.0, 0.0, 0.0)
[17:06:41] [Server thread/INFO] [minecraft/MinecraftServer]: tactical-test joined the game
[17:06:41] [Server thread/INFO] [minecraft/GameTestServer]: [+++++++++++++++++++++++++++++++++++++++++++++++++++++++_     ]
[17:06:41] [Server thread/INFO] [minecraft/GameTestServer]: [+++++++++++++++++++++++++++++++++++++++++++++++++++++++_     ]
[17:06:41] [Server thread/INFO] [minecraft/GameTestRunner]: Running test environment 'dndturn:tactical_behaviors' batch 0 (3 tests)...
[17:06:41] [Server thread/INFO] [minecraft/PlayerList]: test-mock-player[embedded] logged in with entity id 284 at (0.0, 0.0, 0.0)
[17:06:41] [Server thread/INFO] [minecraft/MinecraftServer]: test-mock-player joined the game
[17:06:41] [Server thread/INFO] [minecraft/PlayerList]: test-mock-player[embedded] logged in with entity id 286 at (0.0, 0.0, 0.0)
[17:06:41] [Server thread/INFO] [minecraft/MinecraftServer]: test-mock-player joined the game
[17:06:41] [Server thread/INFO] [minecraft/PlayerList]: test-mock-player[embedded] logged in with entity id 288 at (0.0, 0.0, 0.0)
[17:06:41] [Server thread/INFO] [minecraft/MinecraftServer]: test-mock-player joined the game
[17:06:41] [Server thread/INFO] [minecraft/MinecraftServer]: test-mock-player has made the advancement [Monster Hunter]
[17:06:41] [Server thread/INFO] [minecraft/LivingEntity]: Named entity Zombie['Behavior target'/289, l='ServerLevel[Test Level]', x=7757914.50, y=93.00, z=13674041.50] died: death.attack.dndturn.tactical
[17:06:41] [Server thread/INFO] [minecraft/GameTestServer]: [++++++++++++++++++++++++++++++++++++++++++++++++++++++++__+  ]
[17:06:41] [Server thread/INFO] [minecraft/GameTestServer]: [++++++++++++++++++++++++++++++++++++++++++++++++++++++++__+  ]
[17:06:41] [Server thread/INFO] [minecraft/GameTestServer]: [++++++++++++++++++++++++++++++++++++++++++++++++++++++++__+  ]
[17:06:41] [Server thread/INFO] [minecraft/GameTestServer]: [++++++++++++++++++++++++++++++++++++++++++++++++++++++++_++  ]
[17:06:41] [Server thread/INFO] [minecraft/GameTestRunner]: Running test environment 'dndturn:movement_lease_exit' batch 0 (1 tests)...
[17:06:41] [Server thread/INFO] [minecraft/GameTestServer]: [+++++++++++++++++++++++++++++++++++++++++++++++++++++++++++_ ]
[17:06:41] [Server thread/INFO] [minecraft/GameTestServer]: [+++++++++++++++++++++++++++++++++++++++++++++++++++++++++++_ ]
[17:06:41] [Server thread/INFO] [minecraft/PlayerList]: test-mock-player[embedded] logged in with entity id 294 at (0.0, 0.0, 0.0)
[17:06:41] [Server thread/INFO] [minecraft/MinecraftServer]: test-mock-player joined the game
[17:06:42] [Server thread/INFO] [minecraft/GameTestRunner]: Running test environment 'dndturn:body_control' batch 0 (1 tests)...
[17:06:42] [Server thread/INFO] [minecraft/PlayerList]: tactical-test[embedded] logged in with entity id 296 at (0.0, 0.0, 0.0)
[17:06:42] [Server thread/INFO] [minecraft/MinecraftServer]: tactical-test joined the game
[17:06:42] [Server thread/INFO] [minecraft/GameTestServer]: [++++++++++++++++++++++++++++++++++++++++++++++++++++++++++++_]
[17:06:42] [Server thread/INFO] [minecraft/GameTestServer]: [++++++++++++++++++++++++++++++++++++++++++++++++++++++++++++_]
[17:06:42] [Server thread/INFO] [minecraft/GameTestServer]: [++++++++++++++++++++++++++++++++++++++++++++++++++++++++++++_]
[17:06:42] [Server thread/INFO] [minecraft/GameTestServer]: [+++++++++++++++++++++++++++++++++++++++++++++++++++++++++++++]
[17:06:42] [Server thread/INFO] [minecraft/GameTestServer]: ========= 61 GAME TESTS COMPLETE IN 14.74 s ======================
[17:06:42] [Server thread/INFO] [minecraft/GameTestServer]: All 61 required tests passed :)
[17:06:42] [Server thread/INFO] [minecraft/GameTestServer]: ====================================================
[17:06:42] [Server thread/INFO] [minecraft/MinecraftServer]: Stopping server
[17:06:42] [Server thread/INFO] [minecraft/MinecraftServer]: Saving players
[17:06:42] [Server thread/INFO] [minecraft/ServerGamePacketListenerImpl]: test-mock-player lost connection: Server closed
[17:06:42] [Server thread/INFO] [minecraft/MinecraftServer]: test-mock-player left the game
[17:06:42] [Server thread/INFO] [minecraft/ServerGamePacketListenerImpl]: test-mock-player lost connection: Server closed
[17:06:42] [Server thread/INFO] [minecraft/MinecraftServer]: test-mock-player left the game
[17:06:42] [Server thread/INFO] [minecraft/ServerGamePacketListenerImpl]: test-mock-player lost connection: Server closed
[17:06:42] [Server thread/INFO] [minecraft/MinecraftServer]: test-mock-player left the game
[17:06:42] [Server thread/INFO] [minecraft/ServerGamePacketListenerImpl]: test-mock-player lost connection: Server closed
[17:06:42] [Server thread/INFO] [minecraft/MinecraftServer]: test-mock-player left the game
[17:06:42] [Server thread/INFO] [minecraft/ServerGamePacketListenerImpl]: tactical-test lost connection: Server closed
[17:06:42] [Server thread/INFO] [minecraft/MinecraftServer]: tactical-test left the game
[17:06:42] [Server thread/INFO] [minecraft/ServerGamePacketListenerImpl]: test-mock-player lost connection: Server closed
[17:06:42] [Server thread/INFO] [minecraft/MinecraftServer]: test-mock-player left the game
[17:06:42] [Server thread/INFO] [minecraft/ServerGamePacketListenerImpl]: exit-test-player lost connection: Server closed
[17:06:42] [Server thread/INFO] [minecraft/MinecraftServer]: exit-test-player left the game
[17:06:42] [Server thread/INFO] [minecraft/ServerGamePacketListenerImpl]: exit-test-player lost connection: Server closed
[17:06:42] [Server thread/INFO] [minecraft/MinecraftServer]: exit-test-player left the game
[17:06:42] [Server thread/INFO] [minecraft/ServerGamePacketListenerImpl]: test-mock-player lost connection: Server closed
[17:06:42] [Server thread/INFO] [minecraft/MinecraftServer]: test-mock-player left the game
[17:06:42] [Server thread/INFO] [minecraft/ServerGamePacketListenerImpl]: test-mock-player lost connection: Server closed
[17:06:42] [Server thread/INFO] [minecraft/MinecraftServer]: test-mock-player left the game
[17:06:42] [Server thread/INFO] [minecraft/ServerGamePacketListenerImpl]: test-mock-player lost connection: Server closed
[17:06:42] [Server thread/INFO] [minecraft/MinecraftServer]: test-mock-player left the game
[17:06:42] [Server thread/INFO] [minecraft/ServerGamePacketListenerImpl]: exit-test-player lost connection: Server closed
[17:06:42] [Server thread/INFO] [minecraft/MinecraftServer]: exit-test-player left the game
[17:06:42] [Server thread/INFO] [minecraft/ServerGamePacketListenerImpl]: test-mock-player lost connection: Server closed
[17:06:42] [Server thread/INFO] [minecraft/MinecraftServer]: test-mock-player left the game
[17:06:42] [Server thread/INFO] [minecraft/ServerGamePacketListenerImpl]: test-mock-player lost connection: Server closed
[17:06:42] [Server thread/INFO] [minecraft/MinecraftServer]: test-mock-player left the game
[17:06:42] [Server thread/INFO] [minecraft/ServerGamePacketListenerImpl]: test-mock-player lost connection: Server closed
[17:06:42] [Server thread/INFO] [minecraft/MinecraftServer]: test-mock-player left the game
[17:06:42] [Server thread/INFO] [minecraft/ServerGamePacketListenerImpl]: test-mock-player lost connection: Server closed
[17:06:42] [Server thread/INFO] [minecraft/MinecraftServer]: test-mock-player left the game
[17:06:42] [Server thread/INFO] [minecraft/ServerGamePacketListenerImpl]: tactical-test lost connection: Server closed
[17:06:42] [Server thread/INFO] [minecraft/MinecraftServer]: tactical-test left the game
[17:06:42] [Server thread/INFO] [minecraft/ServerGamePacketListenerImpl]: test-mock-player lost connection: Server closed
[17:06:42] [Server thread/INFO] [minecraft/MinecraftServer]: test-mock-player left the game
[17:06:42] [Server thread/INFO] [minecraft/ServerGamePacketListenerImpl]: test-mock-player lost connection: Server closed
[17:06:42] [Server thread/INFO] [minecraft/MinecraftServer]: test-mock-player left the game
[17:06:42] [Server thread/INFO] [minecraft/ServerGamePacketListenerImpl]: test-mock-player lost connection: Server closed
[17:06:42] [Server thread/INFO] [minecraft/MinecraftServer]: test-mock-player left the game
[17:06:42] [Server thread/INFO] [minecraft/ServerGamePacketListenerImpl]: tactical-test lost connection: Server closed
[17:06:42] [Server thread/INFO] [minecraft/MinecraftServer]: tactical-test left the game
[17:06:42] [Server thread/INFO] [minecraft/ServerGamePacketListenerImpl]: test-mock-player lost connection: Server closed
[17:06:42] [Server thread/INFO] [minecraft/MinecraftServer]: test-mock-player left the game
[17:06:42] [Server thread/INFO] [minecraft/ServerGamePacketListenerImpl]: test-mock-player lost connection: Server closed
[17:06:42] [Server thread/INFO] [minecraft/MinecraftServer]: test-mock-player left the game
[17:06:42] [Server thread/INFO] [minecraft/ServerGamePacketListenerImpl]: test-mock-player lost connection: Server closed
[17:06:42] [Server thread/INFO] [minecraft/MinecraftServer]: test-mock-player left the game
[17:06:42] [Server thread/INFO] [minecraft/ServerGamePacketListenerImpl]: test-mock-player lost connection: Server closed
[17:06:42] [Server thread/INFO] [minecraft/MinecraftServer]: test-mock-player left the game
[17:06:42] [Server thread/INFO] [minecraft/ServerGamePacketListenerImpl]: test-mock-player lost connection: Server closed
[17:06:42] [Server thread/INFO] [minecraft/MinecraftServer]: test-mock-player left the game
[17:06:42] [Server thread/INFO] [minecraft/ServerGamePacketListenerImpl]: test-mock-player lost connection: Server closed
[17:06:42] [Server thread/INFO] [minecraft/MinecraftServer]: test-mock-player left the game
[17:06:42] [Server thread/INFO] [minecraft/ServerGamePacketListenerImpl]: test-mock-player lost connection: Server closed
[17:06:42] [Server thread/INFO] [minecraft/MinecraftServer]: test-mock-player left the game
[17:06:42] [Server thread/INFO] [minecraft/ServerGamePacketListenerImpl]: test-mock-player lost connection: Server closed
[17:06:42] [Server thread/INFO] [minecraft/MinecraftServer]: test-mock-player left the game
[17:06:42] [Server thread/INFO] [minecraft/ServerGamePacketListenerImpl]: test-mock-player lost connection: Server closed
[17:06:42] [Server thread/INFO] [minecraft/MinecraftServer]: test-mock-player left the game
[17:06:42] [Server thread/INFO] [minecraft/ServerGamePacketListenerImpl]: tactical-test lost connection: Server closed
[17:06:42] [Server thread/INFO] [minecraft/MinecraftServer]: tactical-test left the game
[17:06:42] [Server thread/INFO] [minecraft/ServerGamePacketListenerImpl]: test-mock-player lost connection: Server closed
[17:06:42] [Server thread/INFO] [minecraft/MinecraftServer]: test-mock-player left the game
[17:06:42] [Server thread/INFO] [minecraft/ServerGamePacketListenerImpl]: test-mock-player lost connection: Server closed
[17:06:42] [Server thread/INFO] [minecraft/MinecraftServer]: test-mock-player left the game
[17:06:42] [Server thread/INFO] [minecraft/MinecraftServer]: Saving worlds
[17:06:42] [Server thread/INFO] [minecraft/MinecraftServer]: Saving chunks for level 'ServerLevel[Test Level]'/minecraft:overworld
[17:06:45] [Server thread/INFO] [minecraft/MinecraftServer]: Saving chunks for level 'ServerLevel[Test Level]'/minecraft:the_end
[17:06:45] [Server thread/INFO] [minecraft/MinecraftServer]: Saving chunks for level 'ServerLevel[Test Level]'/minecraft:the_nether
[17:06:45] [Server thread/INFO] [minecraft/MinecraftServer]: ThreadedAnvilChunkStorage (world): All chunks are saved
[17:06:45] [Server thread/INFO] [minecraft/MinecraftServer]: ThreadedAnvilChunkStorage (DIM1): All chunks are saved
[17:06:45] [Server thread/INFO] [minecraft/MinecraftServer]: ThreadedAnvilChunkStorage (DIM-1): All chunks are saved
[17:06:45] [Server thread/INFO] [minecraft/MinecraftServer]: ThreadedAnvilChunkStorage: All dimensions are saved
[17:06:46] [Server thread/INFO] [minecraft/GameTestServer]: Game test server shutting down

[Incubating] Problems report is available at: file:///D:/javaProjects/dndturn26.1/targets/neoforge-26.1/build/reports/problems/problems-report.html

BUILD SUCCESSFUL in 32s
13 actionable tasks: 6 executed, 7 up-to-date
Consider enabling configuration cache to speed up this build: https://docs.gradle.org/9.7.1/userguide/configuration_cache_enabling.html
