WARNING: A restricted method in java.lang.System has been called
WARNING: java.lang.System::load has been called by net.rubygrapefruit.platform.internal.NativeLibraryLoader in an unnamed module (file:/C:/Users/RNaim/.gradle/wrapper/dists/gradle-9.7.1-bin/1w1c7tv4s851m17nbqdsro2tv/gradle-9.7.1/lib/native-platform-0.22-milestone-29.jar)
WARNING: Use --enable-native-access=ALL-UNNAMED to avoid a warning for callers in this module
WARNING: Restricted methods will be blocked in a future release unless native access is enabled

To honour the JVM settings for this build a single-use Daemon process will be forked. For more on this, please refer to https://docs.gradle.org/9.7.1/userguide/gradle_daemon.html#sec:disabling_the_daemon in the Gradle documentation.
Daemon will be stopped at the end of the build 
> Task :createMinecraftArtifacts UP-TO-DATE
> Task :common:compileJava UP-TO-DATE
> Task :compileJava UP-TO-DATE
> Task :processResources UP-TO-DATE
> Task :common:processResources NO-SOURCE
> Task :common:classes UP-TO-DATE
> Task :classes UP-TO-DATE

D:\javaProjects\dndturn26.1\targets\neoforge-26.1\src\gameTest\java\cc\sighs\dndturn\combat\EnvironmentBoundaryTimeChecks.java:27: 警告: [removal] GameTestHelper 中的 makeMockServerPlayerInLevel() 已过时, 且标记为待删除
        var player = h.makeMockServerPlayerInLevel();
                      ^
D:\javaProjects\dndturn26.1\targets\neoforge-26.1\src\gameTest\java\cc\sighs\dndturn\gametest\LocalTimeGameTests.java:406: 警告: [removal] GameTestHelper 中的 makeMockServerPlayerInLevel() 已过时, 且标记为待删除
            ServerPlayer player = helper.makeMockServerPlayerInLevel();
                                        ^
> Task :compileGameTestJava
D:\javaProjects\dndturn26.1\targets\neoforge-26.1\src\gameTest\java\cc\sighs\dndturn\gametest\LocalTimeGameTests.java:544: 警告: [removal] GameTestHelper 中的 makeMockServerPlayerInLevel() 已过时, 且标记为待删除
        ServerPlayer first = helper.makeMockServerPlayerInLevel();
                                   ^
D:\javaProjects\dndturn26.1\targets\neoforge-26.1\src\gameTest\java\cc\sighs\dndturn\gametest\LocalTimeGameTests.java:545: 警告: [removal] GameTestHelper 中的 makeMockServerPlayerInLevel() 已过时, 且标记为待删除
        ServerPlayer second = helper.makeMockServerPlayerInLevel();
                                    ^
D:\javaProjects\dndturn26.1\targets\neoforge-26.1\src\gameTest\java\cc\sighs\dndturn\gametest\LocalTimeGameTests.java:720: 警告: [removal] GameTestHelper 中的 makeMockServerPlayerInLevel() 已过时, 且标记为待删除
            ServerPlayer player = helper.makeMockServerPlayerInLevel();
                                        ^
D:\javaProjects\dndturn26.1\targets\neoforge-26.1\src\gameTest\java\cc\sighs\dndturn\gametest\LocalTimeGameTests.java:825: 警告: [removal] GameTestHelper 中的 makeMockServerPlayerInLevel() 已过时, 且标记为待删除
            ServerPlayer player = helper.makeMockServerPlayerInLevel();
                                        ^
D:\javaProjects\dndturn26.1\targets\neoforge-26.1\src\gameTest\java\cc\sighs\dndturn\gametest\LocalTimeGameTests.java:886: 警告: [removal] GameTestHelper 中的 makeMockServerPlayerInLevel() 已过时, 且标记为待删除
        ServerPlayer player = helper.makeMockServerPlayerInLevel();
                                    ^
D:\javaProjects\dndturn26.1\targets\neoforge-26.1\src\gameTest\java\cc\sighs\dndturn\gametest\LocalTimeGameTests.java:972: 警告: [removal] GameTestHelper 中的 makeMockServerPlayerInLevel() 已过时, 且标记为待删除
                players[i] = helper.makeMockServerPlayerInLevel();
                                   ^
D:\javaProjects\dndturn26.1\targets\neoforge-26.1\src\gameTest\java\cc\sighs\dndturn\gametest\LocalTimeGameTests.java:1030: 警告: [removal] GameTestHelper 中的 makeMockServerPlayerInLevel() 已过时, 且标记为待删除
            ServerPlayer firstPlayer = helper.makeMockServerPlayerInLevel();
                                             ^
D:\javaProjects\dndturn26.1\targets\neoforge-26.1\src\gameTest\java\cc\sighs\dndturn\gametest\LocalTimeGameTests.java:1031: 警告: [removal] GameTestHelper 中的 makeMockServerPlayerInLevel() 已过时, 且标记为待删除
            ServerPlayer secondPlayer = helper.makeMockServerPlayerInLevel();
                                              ^
D:\javaProjects\dndturn26.1\targets\neoforge-26.1\src\gameTest\java\cc\sighs\dndturn\gametest\LocalTimeGameTests.java:1208: 警告: [removal] GameTestHelper 中的 makeMockServerPlayerInLevel() 已过时, 且标记为待删除
        ServerPlayer player = helper.makeMockServerPlayerInLevel();
                                    ^
D:\javaProjects\dndturn26.1\targets\neoforge-26.1\src\gameTest\java\cc\sighs\dndturn\gametest\LocalTimeGameTests.java:1320: 警告: [removal] GameTestHelper 中的 makeMockServerPlayerInLevel() 已过时, 且标记为待删除
        ServerPlayer player = helper.makeMockServerPlayerInLevel();
                                    ^
D:\javaProjects\dndturn26.1\targets\neoforge-26.1\src\gameTest\java\cc\sighs\dndturn\gametest\LocalTimeGameTests.java:1331: 警告: [removal] GameTestHelper 中的 makeMockServerPlayerInLevel() 已过时, 且标记为待删除
        ServerPlayer other = helper.makeMockServerPlayerInLevel();
                                   ^
D:\javaProjects\dndturn26.1\targets\neoforge-26.1\src\gameTest\java\cc\sighs\dndturn\gametest\LocalTimeGameTests.java:1547: 警告: [removal] GameTestHelper 中的 makeMockServerPlayerInLevel() 已过时, 且标记为待删除
        ServerPlayer player = helper.makeMockServerPlayerInLevel();
                                    ^
D:\javaProjects\dndturn26.1\targets\neoforge-26.1\src\gameTest\java\cc\sighs\dndturn\gametest\LocalTimeGameTests.java:1589: 警告: [removal] GameTestHelper 中的 makeMockServerPlayerInLevel() 已过时, 且标记为待删除
            ServerPlayer player = helper.makeMockServerPlayerInLevel();
                                        ^
D:\javaProjects\dndturn26.1\targets\neoforge-26.1\src\gameTest\java\cc\sighs\dndturn\gametest\LocalTimeGameTests.java:1957: 警告: [removal] GameTestHelper 中的 makeMockServerPlayerInLevel() 已过时, 且标记为待删除
            ServerPlayer player = helper.makeMockServerPlayerInLevel();
                                        ^
D:\javaProjects\dndturn26.1\targets\neoforge-26.1\src\gameTest\java\cc\sighs\dndturn\gametest\LocalTimeGameTests.java:2018: 警告: [removal] GameTestHelper 中的 makeMockServerPlayerInLevel() 已过时, 且标记为待删除
            ServerPlayer player = helper.makeMockServerPlayerInLevel();
                                        ^
D:\javaProjects\dndturn26.1\targets\neoforge-26.1\src\gameTest\java\cc\sighs\dndturn\gametest\LocalTimeGameTests.java:2163: 警告: [removal] GameTestHelper 中的 makeMockServerPlayerInLevel() 已过时, 且标记为待删除
        ServerPlayer player = helper.makeMockServerPlayerInLevel();
                                    ^
D:\javaProjects\dndturn26.1\targets\neoforge-26.1\src\gameTest\java\cc\sighs\dndturn\gametest\LocalTimeGameTests.java:2223: 警告: [removal] GameTestHelper 中的 makeMockServerPlayerInLevel() 已过时, 且标记为待删除
        ServerPlayer player = helper.makeMockServerPlayerInLevel();
                                    ^
D:\javaProjects\dndturn26.1\targets\neoforge-26.1\src\gameTest\java\cc\sighs\dndturn\gametest\LocalTimeGameTests.java:2353: 警告: [removal] GameTestHelper 中的 makeMockServerPlayerInLevel() 已过时, 且标记为待删除
        ServerPlayer player = helper.makeMockServerPlayerInLevel();
                                    ^
注: D:\javaProjects\dndturn26.1\targets\neoforge-26.1\src\gameTest\java\cc\sighs\dndturn\gametest\LocalTimeGameTests.java使用或覆盖了已过时的 API。
注: 有关详细信息, 请使用 -Xlint:deprecation 重新编译。
20 个警告

> Task :processGameTestResources UP-TO-DATE
> Task :gameTestClasses
> Task :downloadAssets UP-TO-DATE
> Task :prepareGameTestServerRun UP-TO-DATE
> Task :common:jar UP-TO-DATE

2026-09-28T07:33:53.315395900Z main WARN Advanced terminal features are not available in this environment
> Task :runGameTestServer
[15:33:53] [main/INFO] [ne.ne.fm.st.Entrypoint/]: JVM Uptime at startup: 110ms
[15:33:53] [main/INFO] [ne.ne.fm.lo.FMLLoader/]: Starting FancyModLoader version 11.0.15 (DEDICATED_SERVER in DEV)
[15:33:53] [main/INFO] [ne.ne.fm.lo.FMLLoader/]: Game directory: D:\javaProjects\dndturn26.1\targets\neoforge-26.1\build\gametest-run
[15:33:53] [main/INFO] [ne.ne.fm.lo.EarlyServiceDiscovery/]: Found 2 early service jars (out of 109) in 15ms
[15:33:53] [main/INFO] [ne.ne.fm.lo.FMLLoader/]: Loading FML Early Services:
[15:33:53] [main/INFO] [ne.ne.fm.lo.FMLLoader/]:  - C:/Users/RNaim/.gradle/caches/modules-2/files-2.1/net.neoforged.fancymodloader/loader/11.0.15/69ddd98736a6b095783523404d1af8992842722/loader-11.0.15.jar
[15:33:53] [main/INFO] [ne.ne.fm.lo.FMLLoader/]:  - C:/Users/RNaim/.gradle/caches/modules-2/files-2.1/net.neoforged.fancymodloader/earlydisplay/11.0.15/b254aa4ec40828f8ce65411dcb7fb9f6ce008064/earlydisplay-11.0.15.jar
[15:33:53] [main/INFO] [ne.ne.fm.lo.ImmediateWindowHandler/]: Not loading early display in headless mode.
[15:33:53] [main/INFO] [ne.ne.fm.lo.mo.lo.GameLocator/]: Detected a joined NeoForge and Minecraft configuration. Applying filtering...
[15:33:53] [main/INFO] [ne.ne.fm.lo.mo.lo.InDevFolderLocator/CORE]: Got mod coordinates dndturnTests%%D:\javaProjects\dndturn26.1\targets\neoforge-26.1\build\classes\java\main;dndturnTests%%D:\javaProjects\dndturn26.1\targets\neoforge-26.1\build\resources\main;dndturnTests%%D:\javaProjects\dndturn26.1\common\build\classes\java\main;dndturnTests%%D:\javaProjects\dndturn26.1\targets\neoforge-26.1\build\classes\java\gameTest;dndturnTests%%D:\javaProjects\dndturn26.1\targets\neoforge-26.1\build\resources\gameTest from env
[15:33:53] [main/INFO] [ne.ne.fm.lo.mo.lo.JarInJarDependencyLocator/]: Found 2 dependencies adding them to mods collection
[15:33:53] [main/INFO] [ne.ne.fm.lo.mo.ModDiscoverer/]: 
     Mod List:
		Name Version (Mod Id)

		ApricityUI 1.2.5 (apricityui)
		DNDTurn 1.0.0-SNAPSHOT (dndturn)
		Minecraft 26.1.2 (minecraft)
		NeoForge 26.1.2.84 (neoforge)
[15:33:53] [main/INFO] [mixin/]: SpongePowered MIXIN Subsystem Version=0.8.7 Source=file:/C:/Users/RNaim/.gradle/caches/modules-2/files-2.1/net.fabricmc/sponge-mixin/0.17.3+mixin.0.8.7/41c4a3984a80f4679e759fb9f495587acc5cdac7/sponge-mixin-0.17.3+mixin.0.8.7.jar Service=FML Env=SERVER
[15:33:53] [main/INFO] [ne.ne.fm.lo.FMLLoader/]: Loading FML Plugins:
[15:33:53] [main/INFO] [ne.ne.fm.lo.FMLLoader/]:  - C:/Users/RNaim/.gradle/caches/modules-2/files-2.1/net.neoforged/neoforge/26.1.2.84/b725526a2fab2163b9a0a8ce89d435d7cd5d8a88/neoforge-26.1.2.84-universal.jar > net.neoforged.neoforge-coremods-26.1.2.84.jar
[15:33:53] [main/INFO] [ne.ne.fm.lo.FMLLoader/]: Building game content classloader:
 - apricityui (jar(C:/Users/RNaim/.gradle/caches/modules-2/files-2.1/maven.modrinth/apricityui/wwrdhxiM/d4311449e5b1cdc9a59e33a7f2b02435d7441546/apricityui-wwrdhxiM.jar))
 - dndturn (composite(folder(D:/javaProjects/dndturn26.1/targets/neoforge-26.1/build/classes/java/main), folder(D:/javaProjects/dndturn26.1/targets/neoforge-26.1/build/resources/main), folder(D:/javaProjects/dndturn26.1/common/build/classes/java/main), folder(D:/javaProjects/dndturn26.1/targets/neoforge-26.1/build/classes/java/gameTest), folder(D:/javaProjects/dndturn26.1/targets/neoforge-26.1/build/resources/gameTest)))
 - minecraft (composite(filtered(jar(D:/javaProjects/dndturn26.1/targets/neoforge-26.1/build/moddev/artifacts/minecraft-patched-26.1.2.84.jar)), filtered(jar(D:/javaProjects/dndturn26.1/targets/neoforge-26.1/build/moddev/artifacts/minecraft-patched-26.1.2.84.jar))))
 - mixinextras.neoforge (jar(C:/Users/RNaim/.gradle/caches/modules-2/files-2.1/net.neoforged/neoforge/26.1.2.84/b725526a2fab2163b9a0a8ce89d435d7cd5d8a88/neoforge-26.1.2.84-universal.jar > mixinextras-neoforge-0.5.4.jar))
 - neoforge (composite(filtered(jar(C:/Users/RNaim/.gradle/caches/modules-2/files-2.1/net.neoforged/neoforge/26.1.2.84/b725526a2fab2163b9a0a8ce89d435d7cd5d8a88/neoforge-26.1.2.84-universal.jar))))
 - net.neoforged.fml.generated (empty(VirtualJar/net.neoforged.fml.generated))
[15:33:53] [main/INFO] [ne.ne.fm.lo.FMLLoader/]: Built game content classloader in 14ms
[15:33:53] [main/INFO] [mixin/]: Compatibility level set to JAVA_25
[15:33:53] [main/WARN] [mixin/]: Reference map 'apricityui.refmap.json' for apricityui.mixins.json could not be read. If this is a development environment you can ignore this message
[15:33:54] [main/INFO] [minecraft/GameTestMainUtil]: Running GameTestMain with cwd 'D:\javaProjects\dndturn26.1\targets\neoforge-26.1\build\gametest-run', universe path 'gametestserver'
[15:33:54] [main/INFO] [MixinExtras|Service/]: Initializing MixinExtras via com.llamalad7.mixinextras.service.MixinExtrasServiceImpl(version=0.5.4).
[15:33:56] [modloading-worker-0/INFO] [ne.ne.ne.co.NeoForgeMod/NEOFORGE-MOD]: NeoForge mod loading, version 26.1.2.84, for MC 26.1.2
[15:33:56] [modloading-sync-worker/INFO] [co.si.ap.ne.ap.NetworkAutoRegistration/]: [NetworkAutoReg] Metadata scan found: 4 | added: 4 | skipped: 0
[15:33:57] [main/INFO] [minecraft/RecipeManager]: Loaded 1515 recipes
[15:33:57] [main/INFO] [minecraft/AdvancementTree]: Loaded 1617 advancements
[15:33:57] [main/INFO] [ne.ne.ne.co.cr.RecipePriorityManager/]: Loaded 0 recipe priority overrides
[15:33:57] [Server thread/INFO] [minecraft/LoggingLevelLoadListener]: Selecting global world spawn...
[15:33:57] [Server thread/INFO] [minecraft/LoggingLevelLoadListener]: Loading 0 persistent chunks...
[15:33:57] [Server thread/INFO] [minecraft/LoggingLevelLoadListener]: Preparing spawn area: 100%
[15:33:57] [Server thread/INFO] [minecraft/LoggingLevelLoadListener]: Time elapsed: 160 ms
[15:33:57] [Server thread/INFO] [minecraft/GameTestServer]: Started game test server
[15:33:57] [Server thread/INFO] [ne.ne.ne.se.pe.PermissionAPI/]: Successfully initialized permission handler neoforge:default_handler
[15:33:57] [Server thread/INFO] [minecraft/GameTestServer]: 57 tests are now running at position 3462437, -59, 4062038!
[15:33:57] [Server thread/INFO] [minecraft/GameTestRunner]: Running test environment 'dndturn:environment_classification' batch 0 (1 tests)...
[15:33:58] [Server thread/INFO] [minecraft/GameTestServer]: [                                                         ]
[15:33:58] [Server thread/INFO] [minecraft/GameTestServer]: [                                                         ]
[15:33:58] [Server thread/INFO] [minecraft/GameTestServer]: [                                                         ]
[15:33:58] [Server thread/INFO] [minecraft/GameTestServer]: [                                                         ]
[15:33:58] [Server thread/INFO] [minecraft/GameTestServer]: [                                                         ]
[15:33:58] [Server thread/INFO] [minecraft/GameTestServer]: [                                                         ]
[15:33:58] [Server thread/INFO] [minecraft/GameTestServer]: [                                                         ]
[15:33:58] [Server thread/INFO] [minecraft/GameTestServer]: [                                                         ]
[15:33:58] [Server thread/INFO] [minecraft/GameTestServer]: [                                                         ]
[15:33:58] [Server thread/INFO] [minecraft/GameTestServer]: [                                                         ]
[15:33:58] [Server thread/INFO] [minecraft/GameTestServer]: [                                                         ]
[15:33:58] [Server thread/INFO] [minecraft/GameTestServer]: [                                                         ]
[15:33:58] [Server thread/INFO] [minecraft/GameTestServer]: [                                                         ]
[15:33:58] [Server thread/INFO] [minecraft/GameTestServer]: [                                                         ]
[15:33:58] [Server thread/INFO] [minecraft/GameTestServer]: [                                                         ]
[15:33:58] [Server thread/INFO] [minecraft/GameTestServer]: [                                                         ]
[15:33:58] [Server thread/INFO] [minecraft/GameTestServer]: [                                                         ]
[15:33:58] [Server thread/INFO] [minecraft/GameTestServer]: [                                                         ]
[15:33:58] [Server thread/INFO] [minecraft/GameTestServer]: [                                                         ]
[15:33:58] [Server thread/INFO] [minecraft/GameTestServer]: [                                                         ]
[15:33:58] [Server thread/INFO] [minecraft/GameTestServer]: [                                                         ]
[15:33:58] [Server thread/INFO] [minecraft/GameTestServer]: [                                                         ]
[15:33:58] [Server thread/INFO] [minecraft/GameTestServer]: [                                                         ]
[15:33:58] [Server thread/INFO] [minecraft/GameTestServer]: [                                                         ]
[15:33:58] [Server thread/INFO] [minecraft/GameTestServer]: [                                                         ]
[15:33:58] [Server thread/INFO] [minecraft/GameTestServer]: [                                                         ]
[15:33:58] [Server thread/INFO] [minecraft/GameTestServer]: [                                                         ]
[15:33:58] [Server thread/INFO] [minecraft/GameTestServer]: [                                                         ]
[15:33:58] [Server thread/INFO] [minecraft/GameTestServer]: [                                                         ]
[15:33:58] [Server thread/INFO] [minecraft/GameTestServer]: [                                                         ]
[15:33:58] [Server thread/INFO] [minecraft/GameTestServer]: [                                                         ]
[15:33:58] [Server thread/INFO] [minecraft/GameTestServer]: [                                                         ]
[15:33:58] [Server thread/INFO] [minecraft/GameTestServer]: [                                                         ]
[15:33:58] [Server thread/INFO] [minecraft/GameTestServer]: [                                                         ]
[15:33:58] [Server thread/INFO] [minecraft/GameTestServer]: [                                                         ]
[15:33:58] [Server thread/INFO] [minecraft/GameTestServer]: [                                                         ]
[15:33:58] [Server thread/INFO] [minecraft/GameTestServer]: [                                                         ]
[15:33:58] [Server thread/INFO] [minecraft/GameTestServer]: [                                                         ]
[15:33:58] [Server thread/INFO] [minecraft/GameTestServer]: [                                                         ]
[15:33:58] [Server thread/INFO] [minecraft/GameTestServer]: [                                                         ]
[15:33:58] [Server thread/INFO] [minecraft/GameTestServer]: [                                                         ]
[15:33:58] [Server thread/INFO] [minecraft/GameTestServer]: [                                                         ]
[15:33:58] [Server thread/INFO] [minecraft/GameTestServer]: [                                                         ]
[15:33:58] [Server thread/INFO] [minecraft/GameTestServer]: [                                                         ]
[15:33:58] [Server thread/INFO] [minecraft/GameTestServer]: [                                                         ]
[15:33:58] [Server thread/INFO] [minecraft/GameTestServer]: [                                                         ]
[15:33:58] [Server thread/INFO] [minecraft/GameTestServer]: [                                                         ]
[15:33:58] [Server thread/INFO] [minecraft/GameTestServer]: [                                                         ]
[15:33:58] [Server thread/INFO] [minecraft/GameTestServer]: [                                                         ]
[15:33:58] [Server thread/INFO] [minecraft/GameTestServer]: [                                                         ]
[15:33:58] [Server thread/INFO] [minecraft/GameTestServer]: [                                                         ]
[15:33:58] [Server thread/INFO] [minecraft/GameTestServer]: [                                                         ]
[15:33:58] [Server thread/INFO] [minecraft/GameTestServer]: [                                                         ]
[15:33:58] [Server thread/INFO] [minecraft/GameTestServer]: [                                                         ]
[15:33:58] [Server thread/INFO] [minecraft/GameTestServer]: [                                                         ]
[15:33:58] [Server thread/INFO] [minecraft/GameTestServer]: [                                                         ]
[15:33:58] [Server thread/INFO] [minecraft/GameTestServer]: [                                                         ]
[15:33:58] [Server thread/INFO] [minecraft/GameTestServer]: [                                                         ]
[15:33:58] [Server thread/INFO] [minecraft/GameTestServer]: [                                                         ]
[15:33:58] [Server thread/INFO] [minecraft/GameTestServer]: [                                                         ]
[15:33:58] [Server thread/INFO] [minecraft/GameTestServer]: [                                                         ]
[15:33:58] [Server thread/INFO] [minecraft/GameTestServer]: [                                                         ]
[15:33:58] [Server thread/INFO] [minecraft/GameTestServer]: [                                                         ]
[15:33:58] [Server thread/INFO] [minecraft/GameTestServer]: [                                                         ]
[15:33:58] [Server thread/INFO] [minecraft/GameTestServer]: [                                                         ]
[15:33:58] [Server thread/INFO] [minecraft/GameTestServer]: [                                                         ]
[15:33:58] [Server thread/INFO] [minecraft/GameTestServer]: [                                                         ]
[15:33:58] [Server thread/INFO] [minecraft/GameTestServer]: [                                                         ]
[15:33:58] [Server thread/INFO] [minecraft/GameTestServer]: [                                                         ]
[15:33:58] [Server thread/INFO] [minecraft/GameTestServer]: [                                                         ]
[15:33:58] [Server thread/INFO] [minecraft/GameTestServer]: [                                                         ]
[15:33:58] [Server thread/INFO] [minecraft/GameTestServer]: [                                                         ]
[15:33:58] [Server thread/INFO] [minecraft/GameTestServer]: [                                                         ]
[15:33:58] [Server thread/INFO] [minecraft/GameTestServer]: [                                                         ]
[15:33:58] [Server thread/INFO] [minecraft/GameTestServer]: [                                                         ]
[15:33:58] [Server thread/INFO] [minecraft/PlayerList]: test-mock-player[embedded] logged in with entity id 1 at (0.0, 0.0, 0.0)
[15:33:58] [Server thread/INFO] [minecraft/MinecraftServer]: test-mock-player joined the game
[15:33:58] [Server thread/INFO] [minecraft/GameTestServer]: [_                                                        ]
[15:33:58] [Server thread/INFO] [minecraft/GameTestServer]: [_                                                        ]
[15:33:58] [Server thread/INFO] [minecraft/GameTestRunner]: Running test environment 'dndturn:navigation_regressions' batch 0 (1 tests)...
[15:33:58] [Server thread/INFO] [minecraft/GameTestServer]: [+                                                        ]
[15:33:58] [Server thread/INFO] [minecraft/GameTestServer]: [+                                                        ]
[15:33:58] [Server thread/INFO] [minecraft/GameTestServer]: [+                                                        ]
[15:33:58] [Server thread/INFO] [minecraft/GameTestServer]: [+                                                        ]
[15:33:58] [Server thread/INFO] [minecraft/GameTestServer]: [+_                                                       ]
[15:33:58] [Server thread/INFO] [minecraft/PlayerList]: tactical-test[embedded] logged in with entity id 5 at (0.0, 0.0, 0.0)
[15:33:58] [Server thread/INFO] [minecraft/MinecraftServer]: tactical-test joined the game
[15:33:58] [Server thread/ERROR] [minecraft/LogTestReporter]: dndturn:prototype_zombie_navigation failed at 3462447, -59, 4062038! attacker or target not authorized
[15:33:58] [Server thread/INFO] [minecraft/GameTestRunner]: Running test environment 'dndturn:restart_history' batch 0 (1 tests)...
[15:33:59] [Server thread/INFO] [minecraft/PlayerList]: tactical-test[embedded] logged in with entity id 7 at (0.0, 0.0, 0.0)
[15:33:59] [Server thread/INFO] [minecraft/MinecraftServer]: tactical-test joined the game
[15:33:59] [Server thread/INFO] [minecraft/GameTestServer]: [+X_                                                      ]
[15:33:59] [Server thread/INFO] [minecraft/GameTestServer]: [+X_                                                      ]
DNDTURN_RESTART_WRITE_READY encounter=7110b53d-f763-4af4-b9e7-418c0bc6ee55 operation=89ff6ea4-9e5b-49b0-b642-46f67aa27169
[15:33:59] [Server thread/INFO] [minecraft/GameTestRunner]: Running test environment 'dndturn:environment_processes' batch 0 (1 tests)...
[15:33:59] [Server thread/INFO] [minecraft/GameTestServer]: [+X+                                                      ]
[15:33:59] [Server thread/INFO] [minecraft/GameTestServer]: [+X+                                                      ]
[15:33:59] [Server thread/INFO] [minecraft/GameTestServer]: [+X+                                                      ]
[15:33:59] [Server thread/INFO] [minecraft/GameTestServer]: [+X+                                                      ]
[15:33:59] [Server thread/INFO] [minecraft/GameTestServer]: [+X+                                                      ]
[15:33:59] [Server thread/INFO] [minecraft/GameTestServer]: [+X+                                                      ]
[15:33:59] [Server thread/INFO] [minecraft/GameTestServer]: [+X+                                                      ]
[15:33:59] [Server thread/INFO] [minecraft/GameTestServer]: [+X+                                                      ]
[15:33:59] [Server thread/INFO] [minecraft/GameTestServer]: [+X+                                                      ]
[15:33:59] [Server thread/INFO] [minecraft/GameTestServer]: [+X+                                                      ]
[15:33:59] [Server thread/INFO] [minecraft/GameTestServer]: [+X+                                                      ]
[15:33:59] [Server thread/INFO] [minecraft/GameTestServer]: [+X+                                                      ]
[15:33:59] [Server thread/INFO] [minecraft/GameTestServer]: [+X+                                                      ]
[15:33:59] [Server thread/INFO] [minecraft/GameTestServer]: [+X+                                                      ]
[15:33:59] [Server thread/INFO] [minecraft/GameTestServer]: [+X+                                                      ]
[15:33:59] [Server thread/INFO] [minecraft/GameTestServer]: [+X+                                                      ]
[15:33:59] [Server thread/INFO] [minecraft/GameTestServer]: [+X+                                                      ]
[15:33:59] [Server thread/INFO] [minecraft/GameTestServer]: [+X+                                                      ]
[15:33:59] [Server thread/INFO] [minecraft/GameTestServer]: [+X+                                                      ]
[15:33:59] [Server thread/INFO] [minecraft/GameTestServer]: [+X+                                                      ]
[15:33:59] [Server thread/INFO] [minecraft/GameTestServer]: [+X+                                                      ]
[15:33:59] [Server thread/INFO] [minecraft/GameTestServer]: [+X+                                                      ]
[15:33:59] [Server thread/INFO] [minecraft/GameTestServer]: [+X+                                                      ]
[15:33:59] [Server thread/INFO] [minecraft/GameTestServer]: [+X+                                                      ]
[15:33:59] [Server thread/INFO] [minecraft/GameTestServer]: [+X+                                                      ]
[15:33:59] [Server thread/INFO] [minecraft/GameTestServer]: [+X+                                                      ]
[15:33:59] [Server thread/INFO] [minecraft/GameTestServer]: [+X+                                                      ]
[15:33:59] [Server thread/INFO] [minecraft/GameTestServer]: [+X+                                                      ]
[15:33:59] [Server thread/INFO] [minecraft/GameTestServer]: [+X+                                                      ]
[15:33:59] [Server thread/INFO] [minecraft/GameTestServer]: [+X+                                                      ]
[15:33:59] [Server thread/INFO] [minecraft/GameTestServer]: [+X+                                                      ]
[15:33:59] [Server thread/INFO] [minecraft/GameTestServer]: [+X+                                                      ]
[15:33:59] [Server thread/INFO] [minecraft/GameTestServer]: [+X+                                                      ]
[15:33:59] [Server thread/INFO] [minecraft/GameTestServer]: [+X+                                                      ]
[15:33:59] [Server thread/INFO] [minecraft/GameTestServer]: [+X+                                                      ]
[15:33:59] [Server thread/INFO] [minecraft/GameTestServer]: [+X+                                                      ]
[15:33:59] [Server thread/INFO] [minecraft/GameTestServer]: [+X+                                                      ]
[15:33:59] [Server thread/INFO] [minecraft/GameTestServer]: [+X+                                                      ]
[15:33:59] [Server thread/INFO] [minecraft/GameTestServer]: [+X+                                                      ]
[15:33:59] [Server thread/INFO] [minecraft/GameTestServer]: [+X+                                                      ]
[15:33:59] [Server thread/INFO] [minecraft/GameTestServer]: [+X+                                                      ]
[15:33:59] [Server thread/INFO] [minecraft/GameTestServer]: [+X+                                                      ]
[15:33:59] [Server thread/INFO] [minecraft/GameTestServer]: [+X+                                                      ]
[15:33:59] [Server thread/INFO] [minecraft/GameTestServer]: [+X+                                                      ]
[15:33:59] [Server thread/INFO] [minecraft/GameTestServer]: [+X+                                                      ]
[15:33:59] [Server thread/INFO] [minecraft/GameTestServer]: [+X+                                                      ]
[15:33:59] [Server thread/INFO] [minecraft/GameTestServer]: [+X+                                                      ]
[15:33:59] [Server thread/INFO] [minecraft/GameTestServer]: [+X+                                                      ]
[15:33:59] [Server thread/INFO] [minecraft/GameTestServer]: [+X+                                                      ]
[15:33:59] [Server thread/INFO] [minecraft/GameTestServer]: [+X+                                                      ]
[15:33:59] [Server thread/INFO] [minecraft/GameTestServer]: [+X+                                                      ]
[15:33:59] [Server thread/INFO] [minecraft/GameTestServer]: [+X+                                                      ]
[15:33:59] [Server thread/INFO] [minecraft/PlayerList]: test-mock-player[embedded] logged in with entity id 8 at (0.0, 0.0, 0.0)
[15:33:59] [Server thread/INFO] [minecraft/MinecraftServer]: test-mock-player joined the game
[15:33:59] [Server thread/INFO] [minecraft/GameTestServer]: [+X+_                                                     ]
[15:33:59] [Server thread/INFO] [minecraft/GameTestServer]: [+X+_                                                     ]
[15:33:59] [Server thread/INFO] [minecraft/GameTestServer]: [+X+_                                                     ]
[15:33:59] [Server thread/INFO] [minecraft/GameTestRunner]: Running test environment 'dndturn:player_only_start' batch 0 (1 tests)...
[15:33:59] [Server thread/INFO] [minecraft/PlayerList]: test-mock-player[embedded] logged in with entity id 12 at (0.0, 0.0, 0.0)
[15:33:59] [Server thread/INFO] [minecraft/MinecraftServer]: test-mock-player joined the game
[15:33:59] [Server thread/INFO] [minecraft/GameTestServer]: [+X++_                                                    ]
[15:34:00] [Server thread/INFO] [minecraft/GameTestServer]: [+X++_                                                    ]
[15:34:00] [Server thread/INFO] [minecraft/GameTestServer]: [+X++_                                                    ]
[15:34:00] [Server thread/INFO] [minecraft/GameTestRunner]: Running test environment 'dndturn:action_preview' batch 0 (1 tests)...
[15:34:00] [Server thread/INFO] [minecraft/PlayerList]: tactical-test[embedded] logged in with entity id 13 at (0.0, 0.0, 0.0)
[15:34:00] [Server thread/INFO] [minecraft/MinecraftServer]: tactical-test joined the game
[15:34:00] [Server thread/INFO] [minecraft/GameTestServer]: [+X+++_                                                   ]
action_preview flat A*: slices=4, charged probes=73
[15:34:00] [Server thread/INFO] [minecraft/MinecraftServer]: tactical-test has made the advancement [Take Aim]
[15:34:00] [Server thread/INFO] [minecraft/GameTestRunner]: Running test environment 'dndturn:arrow_regressions' batch 0 (9 tests)...
[15:34:00] [Server thread/INFO] [minecraft/PlayerList]: test-mock-player[embedded] logged in with entity id 17 at (0.0, 0.0, 0.0)
[15:34:00] [Server thread/INFO] [minecraft/MinecraftServer]: test-mock-player joined the game
[15:34:00] [Server thread/INFO] [minecraft/PlayerList]: test-mock-player[embedded] logged in with entity id 18 at (0.0, 0.0, 0.0)
[15:34:00] [Server thread/INFO] [minecraft/MinecraftServer]: test-mock-player joined the game
[15:34:00] [Server thread/INFO] [minecraft/PlayerList]: test-mock-player[embedded] logged in with entity id 21 at (0.0, 0.0, 0.0)
[15:34:00] [Server thread/INFO] [minecraft/MinecraftServer]: test-mock-player joined the game
[15:34:00] [Server thread/INFO] [minecraft/PlayerList]: test-mock-player[embedded] logged in with entity id 22 at (0.0, 0.0, 0.0)
[15:34:00] [Server thread/INFO] [minecraft/MinecraftServer]: test-mock-player joined the game
[15:34:00] [Server thread/INFO] [minecraft/PlayerList]: test-mock-player[embedded] logged in with entity id 25 at (0.0, 0.0, 0.0)
[15:34:00] [Server thread/INFO] [minecraft/MinecraftServer]: test-mock-player joined the game
[15:34:00] [Server thread/INFO] [minecraft/PlayerList]: test-mock-player[embedded] logged in with entity id 26 at (0.0, 0.0, 0.0)
[15:34:00] [Server thread/INFO] [minecraft/MinecraftServer]: test-mock-player joined the game
[15:34:00] [Server thread/INFO] [minecraft/PlayerList]: test-mock-player[embedded] logged in with entity id 29 at (0.0, 0.0, 0.0)
[15:34:00] [Server thread/INFO] [minecraft/MinecraftServer]: test-mock-player joined the game
[15:34:00] [Server thread/INFO] [minecraft/PlayerList]: test-mock-player[embedded] logged in with entity id 30 at (0.0, 0.0, 0.0)
[15:34:00] [Server thread/INFO] [minecraft/MinecraftServer]: test-mock-player joined the game
[15:34:00] [Server thread/INFO] [minecraft/PlayerList]: test-mock-player[embedded] logged in with entity id 33 at (0.0, 0.0, 0.0)
[15:34:00] [Server thread/INFO] [minecraft/MinecraftServer]: test-mock-player joined the game
[15:34:00] [Server thread/INFO] [minecraft/PlayerList]: test-mock-player[embedded] logged in with entity id 34 at (0.0, 0.0, 0.0)
[15:34:00] [Server thread/INFO] [minecraft/MinecraftServer]: test-mock-player joined the game
[15:34:01] [Server thread/INFO] [minecraft/PlayerList]: test-mock-player[embedded] logged in with entity id 42 at (0.0, 0.0, 0.0)
[15:34:01] [Server thread/INFO] [minecraft/MinecraftServer]: test-mock-player joined the game
[15:34:01] [Server thread/INFO] [minecraft/PlayerList]: test-mock-player[embedded] logged in with entity id 43 at (0.0, 0.0, 0.0)
[15:34:01] [Server thread/INFO] [minecraft/MinecraftServer]: test-mock-player joined the game
[15:34:01] [Server thread/INFO] [minecraft/PlayerList]: test-mock-player[embedded] logged in with entity id 44 at (0.0, 0.0, 0.0)
[15:34:01] [Server thread/INFO] [minecraft/MinecraftServer]: test-mock-player joined the game
[15:34:01] [Server thread/INFO] [minecraft/PlayerList]: test-mock-player[embedded] logged in with entity id 45 at (0.0, 0.0, 0.0)
[15:34:01] [Server thread/INFO] [minecraft/MinecraftServer]: test-mock-player joined the game
[15:34:01] [Server thread/INFO] [minecraft/GameTestServer]: [+X++++__+__+___                                          ]
[15:34:01] [Server thread/INFO] [minecraft/GameTestServer]: [+X+++++++_+++++                                          ]
[15:34:01] [Server thread/INFO] [minecraft/GameTestServer]: [+X+++++++_+++++                                          ]
[15:34:01] [Server thread/INFO] [minecraft/GameTestServer]: [+X+++++++_+++++                                          ]
[15:34:01] [Server thread/INFO] [minecraft/GameTestRunner]: Running test environment 'dndturn:environment_circuits' batch 0 (1 tests)...
[15:34:02] [Server thread/INFO] [minecraft/PlayerList]: test-mock-player[embedded] logged in with entity id 54 at (0.0, 0.0, 0.0)
[15:34:02] [Server thread/INFO] [minecraft/MinecraftServer]: test-mock-player joined the game
[15:34:02] [Server thread/INFO] [minecraft/GameTestServer]: [+X+++++++++++++_                                         ]
[15:34:02] [Server thread/INFO] [minecraft/GameTestServer]: [+X+++++++++++++_                                         ]
[15:34:02] [Server thread/INFO] [minecraft/GameTestServer]: [+X+++++++++++++_                                         ]
[15:34:02] [Server thread/INFO] [minecraft/GameTestServer]: [+X+++++++++++++_                                         ]
[15:34:02] [Server thread/INFO] [minecraft/GameTestServer]: [+X+++++++++++++_                                         ]
[15:34:02] [Server thread/INFO] [minecraft/GameTestServer]: [+X+++++++++++++_                                         ]
[15:34:02] [Server thread/INFO] [minecraft/GameTestServer]: [+X+++++++++++++_                                         ]
[15:34:02] [Server thread/INFO] [minecraft/GameTestServer]: [+X+++++++++++++_                                         ]
[15:34:02] [Server thread/INFO] [minecraft/GameTestServer]: [+X+++++++++++++_                                         ]
[15:34:02] [Server thread/INFO] [minecraft/GameTestRunner]: Running test environment 'dndturn:body_control' batch 0 (1 tests)...
[15:34:02] [Server thread/INFO] [minecraft/GameTestServer]: [+X++++++++++++++                                         ]
[15:34:02] [Server thread/INFO] [minecraft/GameTestServer]: [+X++++++++++++++                                         ]
[15:34:02] [Server thread/INFO] [minecraft/GameTestServer]: [+X++++++++++++++                                         ]
[15:34:02] [Server thread/INFO] [minecraft/PlayerList]: tactical-test[embedded] logged in with entity id 57 at (0.0, 0.0, 0.0)
[15:34:02] [Server thread/INFO] [minecraft/MinecraftServer]: tactical-test joined the game
[15:34:02] [Server thread/INFO] [minecraft/GameTestServer]: [+X++++++++++++++_                                        ]
[15:34:02] [Server thread/INFO] [minecraft/GameTestServer]: [+X++++++++++++++_                                        ]
[15:34:02] [Server thread/INFO] [minecraft/GameTestServer]: [+X++++++++++++++_                                        ]
[15:34:02] [Server thread/INFO] [minecraft/GameTestRunner]: Running test environment 'dndturn:environment_clock' batch 0 (1 tests)...
[15:34:03] [Server thread/INFO] [minecraft/PlayerList]: test-mock-player[embedded] logged in with entity id 62 at (0.0, 0.0, 0.0)
[15:34:03] [Server thread/INFO] [minecraft/MinecraftServer]: test-mock-player joined the game
[15:34:03] [Server thread/INFO] [minecraft/GameTestServer]: [+X+++++++++++++++_                                       ]
[15:34:03] [Server thread/INFO] [minecraft/GameTestServer]: [+X+++++++++++++++_                                       ]
[15:34:03] [Server thread/INFO] [minecraft/GameTestServer]: [+X+++++++++++++++_                                       ]
[15:34:03] [Server thread/INFO] [minecraft/GameTestServer]: [+X+++++++++++++++_                                       ]
[15:34:03] [Server thread/INFO] [minecraft/GameTestServer]: [+X+++++++++++++++_                                       ]
[15:34:03] [Server thread/INFO] [minecraft/GameTestServer]: [+X+++++++++++++++_                                       ]
[15:34:03] [Server thread/INFO] [minecraft/GameTestRunner]: Running test environment 'dndturn:movement_regressions' batch 0 (1 tests)...
[15:34:03] [Server thread/INFO] [minecraft/GameTestServer]: [+X++++++++++++++++_                                      ]
[15:34:03] [Server thread/INFO] [minecraft/GameTestServer]: [+X++++++++++++++++_                                      ]
[15:34:03] [Server thread/INFO] [minecraft/PlayerList]: tactical-test[embedded] logged in with entity id 63 at (0.0, 0.0, 0.0)
[15:34:03] [Server thread/INFO] [minecraft/MinecraftServer]: tactical-test joined the game
[15:34:03] [Server thread/INFO] [minecraft/GameTestServer]: [+X++++++++++++++++_                                      ]
[15:34:03] [Server thread/INFO] [minecraft/GameTestRunner]: Running test environment 'minecraft:default' batch 0 (24 tests)...
[15:34:03] [Server thread/INFO] [minecraft/PlayerList]: test-mock-player[embedded] logged in with entity id 65 at (0.0, 0.0, 0.0)
[15:34:03] [Server thread/INFO] [minecraft/MinecraftServer]: test-mock-player joined the game
[15:34:03] [Server thread/INFO] [minecraft/PlayerList]: test-mock-player[embedded] logged in with entity id 67 at (0.0, 0.0, 0.0)
[15:34:03] [Server thread/INFO] [minecraft/MinecraftServer]: test-mock-player joined the game
[15:34:03] [Server thread/INFO] [minecraft/PlayerList]: candidate-review-player[embedded] logged in with entity id 69 at (0.0, 0.0, 0.0)
[15:34:03] [Server thread/INFO] [minecraft/MinecraftServer]: candidate-review-player joined the game
[15:34:04] [Server thread/INFO] [minecraft/PlayerList]: test-mock-player[embedded] logged in with entity id 72 at (0.0, 0.0, 0.0)
[15:34:04] [Server thread/INFO] [minecraft/MinecraftServer]: test-mock-player joined the game
[15:34:04] [Server thread/INFO] [minecraft/PlayerList]: test-mock-player[embedded] logged in with entity id 74 at (0.0, 0.0, 0.0)
[15:34:04] [Server thread/INFO] [minecraft/MinecraftServer]: test-mock-player joined the game
[15:34:04] [Server thread/INFO] [minecraft/PlayerList]: test-mock-player[embedded] logged in with entity id 75 at (0.0, 0.0, 0.0)
[15:34:04] [Server thread/INFO] [minecraft/MinecraftServer]: test-mock-player joined the game
[15:34:04] [Server thread/INFO] [minecraft/PlayerList]: exit-test-player[embedded] logged in with entity id 78 at (0.0, 0.0, 0.0)
[15:34:04] [Server thread/INFO] [minecraft/MinecraftServer]: exit-test-player joined the game
[15:34:04] [Server thread/INFO] [minecraft/PlayerList]: exit-test-player[embedded] logged in with entity id 80 at (0.0, 0.0, 0.0)
[15:34:04] [Server thread/INFO] [minecraft/MinecraftServer]: exit-test-player joined the game
[15:34:04] [Server thread/INFO] [minecraft/PlayerList]: tactical-test[embedded] logged in with entity id 81 at (0.0, 0.0, 0.0)
[15:34:04] [Server thread/INFO] [minecraft/MinecraftServer]: tactical-test joined the game
[15:34:04] [Server thread/ERROR] [cc.si.dn.co.ServerCombatService/]: Combat save cannot be safely restored; preserving it and disabling new encounters
java.lang.IllegalArgumentException: active encounter lacks captured settings or session sequence
	at TRANSFORMER/dndturn@1.0.0-SNAPSHOT/cc.sighs.dndturn.combat.CombatRecoveryCandidate.validate(CombatRecoveryCandidate.java:13) ~[main/:?] {}
	at TRANSFORMER/dndturn@1.0.0-SNAPSHOT/cc.sighs.dndturn.combat.ServerCombatService.<init>(ServerCombatService.java:290) [main/:?] {}
	at TRANSFORMER/dndturn@1.0.0-SNAPSHOT/cc.sighs.dndturn.combat.ServerCombatService.restoreForGameTest(ServerCombatService.java:374) [main/:?] {}
	at TRANSFORMER/dndturn@1.0.0-SNAPSHOT/cc.sighs.dndturn.gametest.RepairGameTests.values(RepairGameTests.java:124) [main/:?] {}
	at TRANSFORMER/minecraft@26.1.2/net.minecraft.gametest.framework.FunctionGameTestInstance.run(FunctionGameTestInstance.java:34) [minecraft-patched-26.1.2.84.jar:?] {}
	at TRANSFORMER/minecraft@26.1.2/net.minecraft.gametest.framework.GameTestInfo.startTest(GameTestInfo.java:163) [minecraft-patched-26.1.2.84.jar:?] {neoforge:access_transformer}
	at TRANSFORMER/minecraft@26.1.2/net.minecraft.gametest.framework.GameTestInfo.tickInternal(GameTestInfo.java:119) [minecraft-patched-26.1.2.84.jar:?] {neoforge:access_transformer}
	at TRANSFORMER/minecraft@26.1.2/net.minecraft.gametest.framework.GameTestInfo.tick(GameTestInfo.java:104) [minecraft-patched-26.1.2.84.jar:?] {neoforge:access_transformer}
	at TRANSFORMER/minecraft@26.1.2/net.minecraft.gametest.framework.GameTestTicker.lambda$tick$0(GameTestTicker.java:47) [minecraft-patched-26.1.2.84.jar:?] {}
	at java.base/java.util.concurrent.CopyOnWriteArrayList.forEach(CopyOnWriteArrayList.java:905) [?:?] {}
	at TRANSFORMER/minecraft@26.1.2/net.minecraft.gametest.framework.GameTestTicker.tick(GameTestTicker.java:47) [minecraft-patched-26.1.2.84.jar:?] {}
	at TRANSFORMER/minecraft@26.1.2/net.minecraft.server.MinecraftServer.tickChildren(MinecraftServer.java:1171) [minecraft-patched-26.1.2.84.jar:?] {neoforge:access_transformer,neoforge:access_transformer,neoforge:mixin[APP:dndturn.mixins.json:MinecraftServerWorldTickBoundaryMixin from mod dndturn]}
	at TRANSFORMER/minecraft@26.1.2/net.minecraft.server.MinecraftServer.tickServer(MinecraftServer.java:1003) [minecraft-patched-26.1.2.84.jar:?] {neoforge:access_transformer,neoforge:access_transformer,neoforge:mixin[APP:dndturn.mixins.json:MinecraftServerWorldTickBoundaryMixin from mod dndturn]}
	at TRANSFORMER/minecraft@26.1.2/net.minecraft.gametest.framework.GameTestServer.tickServer(GameTestServer.java:255) [minecraft-patched-26.1.2.84.jar:?] {}
	at TRANSFORMER/minecraft@26.1.2/net.minecraft.server.MinecraftServer.processPacketsAndTick(MinecraftServer.java:1035) [minecraft-patched-26.1.2.84.jar:?] {neoforge:access_transformer,neoforge:access_transformer,neoforge:mixin[APP:dndturn.mixins.json:MinecraftServerWorldTickBoundaryMixin from mod dndturn]}
	at TRANSFORMER/minecraft@26.1.2/net.minecraft.server.MinecraftServer.runServer(MinecraftServer.java:776) [minecraft-patched-26.1.2.84.jar:?] {neoforge:access_transformer,neoforge:access_transformer,neoforge:mixin[APP:dndturn.mixins.json:MinecraftServerWorldTickBoundaryMixin from mod dndturn]}
	at TRANSFORMER/minecraft@26.1.2/net.minecraft.server.MinecraftServer.lambda$spin$0(MinecraftServer.java:300) [minecraft-patched-26.1.2.84.jar:?] {neoforge:access_transformer,neoforge:access_transformer,neoforge:mixin[APP:dndturn.mixins.json:MinecraftServerWorldTickBoundaryMixin from mod dndturn]}
	at java.base/java.lang.Thread.run(Thread.java:1474) [?:?] {}
[15:34:04] [Server thread/INFO] [minecraft/PlayerList]: test-mock-player[embedded] logged in with entity id 85 at (0.0, 0.0, 0.0)
[15:34:04] [Server thread/INFO] [minecraft/MinecraftServer]: test-mock-player joined the game
[15:34:04] [Server thread/WARN] [cc.si.dn.co.ServerCombatService/]: Restored encounter 34cfed8b-af2c-4c07-a4eb-e4d9e5081fdb released: membersPresent=false unknownOperations=1
[15:34:04] [Server thread/INFO] [minecraft/PlayerList]: test-mock-player[embedded] logged in with entity id 87 at (0.0, 0.0, 0.0)
[15:34:04] [Server thread/INFO] [minecraft/MinecraftServer]: test-mock-player joined the game
[15:34:05] [Server thread/INFO] [minecraft/PlayerList]: test-mock-player[embedded] logged in with entity id 170 at (0.0, 0.0, 0.0)
[15:34:05] [Server thread/INFO] [minecraft/MinecraftServer]: test-mock-player joined the game
[15:34:05] [Server thread/INFO] [minecraft/PlayerList]: test-mock-player[embedded] logged in with entity id 174 at (0.0, 0.0, 0.0)
[15:34:05] [Server thread/INFO] [minecraft/MinecraftServer]: test-mock-player joined the game
[15:34:05] [Server thread/INFO] [minecraft/PlayerList]: test-mock-player[embedded] logged in with entity id 182 at (0.0, 0.0, 0.0)
[15:34:05] [Server thread/INFO] [minecraft/MinecraftServer]: test-mock-player joined the game
[15:34:05] [Server thread/INFO] [minecraft/MinecraftServer]: test-mock-player has made the advancement [Monster Hunter]
[15:34:05] [Server thread/INFO] [minecraft/PlayerList]: test-mock-player[embedded] logged in with entity id 187 at (0.0, 0.0, 0.0)
[15:34:05] [Server thread/INFO] [minecraft/MinecraftServer]: test-mock-player joined the game
[15:34:05] [Server thread/INFO] [minecraft/PlayerList]: test-mock-player[embedded] logged in with entity id 190 at (0.0, 0.0, 0.0)
[15:34:05] [Server thread/INFO] [minecraft/MinecraftServer]: test-mock-player joined the game
[15:34:05] [Server thread/INFO] [minecraft/GameTestServer]: [+X++++++++++++++++++++++++++++_+__+_+_+_+++              ]
[15:34:05] [Server thread/INFO] [minecraft/PlayerList]: test-mock-player[embedded] logged in with entity id 193 at (0.0, 0.0, 0.0)
[15:34:05] [Server thread/INFO] [minecraft/MinecraftServer]: test-mock-player joined the game
[15:34:06] [Server thread/INFO] [minecraft/GameTestServer]: [+X++++++++++++++++++++++++++++++__+++_+++++              ]
[15:34:06] [Server thread/INFO] [minecraft/PlayerList]: test-mock-player[embedded] logged in with entity id 207 at (0.0, 0.0, 0.0)
[15:34:06] [Server thread/INFO] [minecraft/MinecraftServer]: test-mock-player joined the game
[15:34:06] [Server thread/INFO] [minecraft/GameTestServer]: [+X++++++++++++++++++++++++++++++__+++_+++++              ]
[15:34:06] [Server thread/ERROR] [minecraft/LogTestReporter]: dndturn:environment_boundary_time failed at 3462437, -59, 4062086! outside hopper mutated paused destination on tick 54
[15:34:06] [Server thread/INFO] [minecraft/GameTestServer]: [+X++++++++++++++++++++++++++++++X++++_+++++              ]
[15:34:06] [Server thread/INFO] [minecraft/GameTestServer]: [+X++++++++++++++++++++++++++++++X++++_+++++              ]
[15:34:06] [Server thread/INFO] [minecraft/GameTestServer]: [+X++++++++++++++++++++++++++++++X++++_+++++              ]
[15:34:06] [Server thread/INFO] [minecraft/GameTestServer]: [+X++++++++++++++++++++++++++++++X++++_+++++              ]
[15:34:06] [Server thread/INFO] [minecraft/GameTestServer]: [+X++++++++++++++++++++++++++++++X++++_+++++              ]
[15:34:06] [Server thread/INFO] [minecraft/GameTestServer]: [+X++++++++++++++++++++++++++++++X++++_+++++              ]
[15:34:06] [Server thread/INFO] [minecraft/GameTestRunner]: Running test environment 'dndturn:tactical_snowball' batch 0 (1 tests)...
[15:34:06] [Server thread/INFO] [minecraft/GameTestServer]: [+X++++++++++++++++++++++++++++++X++++++++++              ]
[15:34:06] [Server thread/INFO] [minecraft/GameTestServer]: [+X++++++++++++++++++++++++++++++X++++++++++_             ]
[15:34:06] [Server thread/INFO] [minecraft/GameTestServer]: [+X++++++++++++++++++++++++++++++X++++++++++_             ]
[15:34:06] [Server thread/INFO] [minecraft/PlayerList]: test-mock-player[embedded] logged in with entity id 215 at (0.0, 0.0, 0.0)
[15:34:06] [Server thread/INFO] [minecraft/MinecraftServer]: test-mock-player joined the game
[15:34:06] [Server thread/INFO] [minecraft/GameTestServer]: [+X++++++++++++++++++++++++++++++X++++++++++_             ]
[15:34:06] [Server thread/INFO] [minecraft/GameTestRunner]: Running test environment 'dndturn:environment_domains' batch 0 (1 tests)...
[15:34:07] [Server thread/INFO] [minecraft/PlayerList]: test-mock-player[embedded] logged in with entity id 218 at (0.0, 0.0, 0.0)
[15:34:07] [Server thread/INFO] [minecraft/MinecraftServer]: test-mock-player joined the game
[15:34:07] [Server thread/INFO] [minecraft/PlayerList]: test-mock-player[embedded] logged in with entity id 219 at (0.0, 0.0, 0.0)
[15:34:07] [Server thread/INFO] [minecraft/MinecraftServer]: test-mock-player joined the game
[15:34:07] [Server thread/INFO] [minecraft/GameTestServer]: [+X++++++++++++++++++++++++++++++X+++++++++++_            ]
[15:34:07] [Server thread/INFO] [minecraft/GameTestServer]: [+X++++++++++++++++++++++++++++++X+++++++++++_            ]
[15:34:07] [Server thread/WARN] [cc.si.dn.co.EnvironmentExplosion/]: ENVIRONMENT_DOMAIN_MISMATCH step=63976758-b599-4d8d-b767-e21598bea1ff source=b93e973b-d002-46c9-929a-15c90c246465 rejectedEntities=1 rejectedBlocks=11
[15:34:07] [Server thread/INFO] [minecraft/GameTestRunner]: Running test environment 'dndturn:tactical_behaviors' batch 0 (3 tests)...
[15:34:07] [Server thread/INFO] [minecraft/PlayerList]: test-mock-player[embedded] logged in with entity id 225 at (0.0, 0.0, 0.0)
[15:34:07] [Server thread/INFO] [minecraft/MinecraftServer]: test-mock-player joined the game
[15:34:08] [Server thread/INFO] [minecraft/PlayerList]: test-mock-player[embedded] logged in with entity id 227 at (0.0, 0.0, 0.0)
[15:34:08] [Server thread/INFO] [minecraft/MinecraftServer]: test-mock-player joined the game
[15:34:08] [Server thread/INFO] [minecraft/PlayerList]: test-mock-player[embedded] logged in with entity id 229 at (0.0, 0.0, 0.0)
[15:34:08] [Server thread/INFO] [minecraft/MinecraftServer]: test-mock-player joined the game
[15:34:08] [Server thread/INFO] [minecraft/GameTestServer]: [+X++++++++++++++++++++++++++++++X++++++++++++___         ]
[15:34:08] [Server thread/INFO] [minecraft/MinecraftServer]: test-mock-player has made the advancement [Monster Hunter]
[15:34:08] [Server thread/INFO] [minecraft/LivingEntity]: Named entity Zombie['Behavior target'/230, l='ServerLevel[Test Level]', x=3523509.50, y=93.00, z=4062100.50] died: death.attack.dndturn.tactical
[15:34:08] [Server thread/INFO] [minecraft/GameTestServer]: [+X++++++++++++++++++++++++++++++X++++++++++++__+         ]
[15:34:08] [Server thread/INFO] [minecraft/GameTestServer]: [+X++++++++++++++++++++++++++++++X++++++++++++__+         ]
[15:34:08] [Server thread/INFO] [minecraft/GameTestServer]: [+X++++++++++++++++++++++++++++++X++++++++++++_++         ]
[15:34:08] [Server thread/INFO] [minecraft/GameTestRunner]: Running test environment 'dndturn:environment_tnt' batch 0 (1 tests)...
[15:34:09] [Server thread/INFO] [minecraft/PlayerList]: test-mock-player[embedded] logged in with entity id 233 at (0.0, 0.0, 0.0)
[15:34:09] [Server thread/INFO] [minecraft/MinecraftServer]: test-mock-player joined the game
[15:34:09] [Server thread/INFO] [minecraft/GameTestServer]: [+X++++++++++++++++++++++++++++++X+++++++++++++++_        ]
[15:34:09] [Server thread/INFO] [minecraft/GameTestServer]: [+X++++++++++++++++++++++++++++++X+++++++++++++++_        ]
[15:34:09] [Server thread/INFO] [minecraft/GameTestServer]: [+X++++++++++++++++++++++++++++++X+++++++++++++++_        ]
[15:34:09] [Server thread/INFO] [minecraft/GameTestServer]: [+X++++++++++++++++++++++++++++++X+++++++++++++++_        ]
[15:34:09] [Server thread/INFO] [minecraft/GameTestServer]: [+X++++++++++++++++++++++++++++++X+++++++++++++++_        ]
[15:34:09] [Server thread/INFO] [minecraft/GameTestServer]: [+X++++++++++++++++++++++++++++++X+++++++++++++++_        ]
[15:34:09] [Server thread/INFO] [minecraft/GameTestServer]: [+X++++++++++++++++++++++++++++++X+++++++++++++++_        ]
[15:34:09] [Server thread/INFO] [minecraft/GameTestServer]: [+X++++++++++++++++++++++++++++++X+++++++++++++++_        ]
[15:34:09] [Server thread/INFO] [minecraft/GameTestServer]: [+X++++++++++++++++++++++++++++++X+++++++++++++++_        ]
[15:34:09] [Server thread/INFO] [minecraft/GameTestRunner]: Running test environment 'dndturn:tactical_plan' batch 0 (1 tests)...
[15:34:09] [Server thread/INFO] [minecraft/PlayerList]: test-mock-player[embedded] logged in with entity id 241 at (0.0, 0.0, 0.0)
[15:34:09] [Server thread/INFO] [minecraft/MinecraftServer]: test-mock-player joined the game
[15:34:09] [Server thread/INFO] [minecraft/GameTestServer]: [+X++++++++++++++++++++++++++++++X++++++++++++++++_       ]
[15:34:09] [Server thread/INFO] [minecraft/MinecraftServer]: test-mock-player has made the advancement [Isn't It Iron Pick]
[15:34:09] [Server thread/INFO] [minecraft/GameTestServer]: [+X++++++++++++++++++++++++++++++X++++++++++++++++_       ]
[15:34:09] [Server thread/INFO] [minecraft/GameTestRunner]: Running test environment 'dndturn:scheduled_tick_hold' batch 0 (1 tests)...
[15:34:09] [Server thread/INFO] [minecraft/GameTestServer]: [+X++++++++++++++++++++++++++++++X+++++++++++++++++_      ]
[15:34:09] [Server thread/INFO] [minecraft/GameTestServer]: [+X++++++++++++++++++++++++++++++X+++++++++++++++++_      ]
[15:34:09] [Server thread/INFO] [minecraft/PlayerList]: test-mock-player[embedded] logged in with entity id 248 at (0.0, 0.0, 0.0)
[15:34:09] [Server thread/INFO] [minecraft/MinecraftServer]: test-mock-player joined the game
[15:34:09] [Server thread/INFO] [minecraft/GameTestRunner]: Running test environment 'dndturn:merge_discovery_expansion' batch 0 (1 tests)...
[15:34:09] [Server thread/INFO] [minecraft/PlayerList]: test-mock-player[embedded] logged in with entity id 253 at (0.0, 0.0, 0.0)
[15:34:09] [Server thread/INFO] [minecraft/MinecraftServer]: test-mock-player joined the game
[15:34:09] [Server thread/INFO] [minecraft/PlayerList]: test-mock-player[embedded] logged in with entity id 255 at (0.0, 0.0, 0.0)
[15:34:09] [Server thread/INFO] [minecraft/MinecraftServer]: test-mock-player joined the game
[15:34:09] [Server thread/INFO] [minecraft/PlayerList]: test-mock-player[embedded] logged in with entity id 257 at (0.0, 0.0, 0.0)
[15:34:09] [Server thread/INFO] [minecraft/MinecraftServer]: test-mock-player joined the game
[15:34:09] [Server thread/INFO] [minecraft/GameTestServer]: [+X++++++++++++++++++++++++++++++X++++++++++++++++++_     ]
[15:34:09] [Server thread/INFO] [minecraft/GameTestRunner]: Running test environment 'dndturn:movement_lease_exit' batch 0 (1 tests)...
[15:34:09] [Server thread/INFO] [minecraft/GameTestServer]: [+X++++++++++++++++++++++++++++++X+++++++++++++++++++_    ]
[15:34:09] [Server thread/INFO] [minecraft/GameTestServer]: [+X++++++++++++++++++++++++++++++X+++++++++++++++++++_    ]
[15:34:09] [Server thread/INFO] [minecraft/PlayerList]: test-mock-player[embedded] logged in with entity id 261 at (0.0, 0.0, 0.0)
[15:34:09] [Server thread/INFO] [minecraft/MinecraftServer]: test-mock-player joined the game
[15:34:09] [Server thread/INFO] [minecraft/GameTestRunner]: Running test environment 'dndturn:tactical_crossbow' batch 0 (1 tests)...
[15:34:09] [Server thread/INFO] [minecraft/GameTestServer]: [+X++++++++++++++++++++++++++++++X++++++++++++++++++++_   ]
[15:34:09] [Server thread/INFO] [minecraft/GameTestServer]: [+X++++++++++++++++++++++++++++++X++++++++++++++++++++_   ]
[15:34:09] [Server thread/INFO] [minecraft/GameTestServer]: [+X++++++++++++++++++++++++++++++X++++++++++++++++++++_   ]
[15:34:09] [Server thread/INFO] [minecraft/PlayerList]: test-mock-player[embedded] logged in with entity id 263 at (0.0, 0.0, 0.0)
[15:34:09] [Server thread/INFO] [minecraft/MinecraftServer]: test-mock-player joined the game
[15:34:09] [Server thread/INFO] [minecraft/GameTestServer]: [+X++++++++++++++++++++++++++++++X++++++++++++++++++++_   ]
[15:34:09] [Server thread/INFO] [minecraft/GameTestServer]: [+X++++++++++++++++++++++++++++++X++++++++++++++++++++_   ]
[15:34:09] [Server thread/INFO] [minecraft/MinecraftServer]: test-mock-player has made the advancement [Ol' Betsy]
[15:34:09] [Server thread/INFO] [minecraft/GameTestRunner]: Running test environment 'dndturn:consent_regressions' batch 0 (1 tests)...
[15:34:09] [Server thread/INFO] [minecraft/GameTestServer]: [+X++++++++++++++++++++++++++++++X+++++++++++++++++++++_  ]
[15:34:10] [Server thread/INFO] [minecraft/PlayerList]: exit-test-player[embedded] logged in with entity id 266 at (0.0, 0.0, 0.0)
[15:34:10] [Server thread/INFO] [minecraft/MinecraftServer]: exit-test-player joined the game
[15:34:10] [Server thread/INFO] [minecraft/PlayerList]: exit-test-player[embedded] logged in with entity id 267 at (0.0, 0.0, 0.0)
[15:34:10] [Server thread/INFO] [minecraft/MinecraftServer]: exit-test-player joined the game
[15:34:10] [Server thread/INFO] [minecraft/PlayerList]: exit-test-player[embedded] logged in with entity id 268 at (0.0, 0.0, 0.0)
[15:34:10] [Server thread/INFO] [minecraft/MinecraftServer]: exit-test-player joined the game
[15:34:10] [Server thread/INFO] [minecraft/GameTestServer]: [+X++++++++++++++++++++++++++++++X+++++++++++++++++++++_  ]
[15:34:10] [Server thread/INFO] [minecraft/GameTestServer]: [+X++++++++++++++++++++++++++++++X+++++++++++++++++++++_  ]
[15:34:10] [Server thread/INFO] [minecraft/GameTestServer]: [+X++++++++++++++++++++++++++++++X+++++++++++++++++++++_  ]
[15:34:10] [Server thread/INFO] [minecraft/GameTestServer]: [+X++++++++++++++++++++++++++++++X+++++++++++++++++++++_  ]
[15:34:10] [Server thread/INFO] [minecraft/GameTestServer]: [+X++++++++++++++++++++++++++++++X+++++++++++++++++++++_  ]
[15:34:10] [Server thread/INFO] [minecraft/GameTestServer]: [+X++++++++++++++++++++++++++++++X+++++++++++++++++++++_  ]
[15:34:10] [Server thread/INFO] [minecraft/GameTestServer]: [+X++++++++++++++++++++++++++++++X+++++++++++++++++++++_  ]
[15:34:10] [Server thread/INFO] [minecraft/GameTestServer]: [+X++++++++++++++++++++++++++++++X+++++++++++++++++++++_  ]
[15:34:10] [Server thread/INFO] [minecraft/GameTestServer]: [+X++++++++++++++++++++++++++++++X+++++++++++++++++++++_  ]
[15:34:10] [Server thread/INFO] [minecraft/GameTestServer]: [+X++++++++++++++++++++++++++++++X+++++++++++++++++++++_  ]
[15:34:10] [Server thread/INFO] [minecraft/GameTestServer]: [+X++++++++++++++++++++++++++++++X+++++++++++++++++++++_  ]
[15:34:10] [Server thread/INFO] [minecraft/GameTestServer]: [+X++++++++++++++++++++++++++++++X+++++++++++++++++++++_  ]
[15:34:10] [Server thread/INFO] [minecraft/GameTestServer]: [+X++++++++++++++++++++++++++++++X+++++++++++++++++++++_  ]
[15:34:10] [Server thread/INFO] [minecraft/GameTestServer]: [+X++++++++++++++++++++++++++++++X+++++++++++++++++++++_  ]
[15:34:10] [Server thread/INFO] [minecraft/GameTestServer]: [+X++++++++++++++++++++++++++++++X+++++++++++++++++++++_  ]
[15:34:10] [Server thread/INFO] [minecraft/GameTestServer]: [+X++++++++++++++++++++++++++++++X+++++++++++++++++++++_  ]
[15:34:10] [Server thread/INFO] [minecraft/GameTestServer]: [+X++++++++++++++++++++++++++++++X+++++++++++++++++++++_  ]
[15:34:10] [Server thread/INFO] [minecraft/GameTestServer]: [+X++++++++++++++++++++++++++++++X+++++++++++++++++++++_  ]
[15:34:10] [Server thread/INFO] [minecraft/GameTestServer]: [+X++++++++++++++++++++++++++++++X+++++++++++++++++++++_  ]
[15:34:10] [Server thread/INFO] [minecraft/GameTestServer]: [+X++++++++++++++++++++++++++++++X+++++++++++++++++++++_  ]
[15:34:10] [Server thread/INFO] [minecraft/GameTestRunner]: Running test environment 'dndturn:merge_world_boundary' batch 0 (1 tests)...
[15:34:10] [Server thread/INFO] [minecraft/PlayerList]: test-mock-player[embedded] logged in with entity id 271 at (0.0, 0.0, 0.0)
[15:34:10] [Server thread/INFO] [minecraft/MinecraftServer]: test-mock-player joined the game
[15:34:10] [Server thread/INFO] [minecraft/PlayerList]: test-mock-player[embedded] logged in with entity id 272 at (0.0, 0.0, 0.0)
[15:34:10] [Server thread/INFO] [minecraft/MinecraftServer]: test-mock-player joined the game
[15:34:10] [Server thread/INFO] [minecraft/GameTestServer]: [+X++++++++++++++++++++++++++++++X++++++++++++++++++++++_ ]
[15:34:10] [Server thread/INFO] [minecraft/GameTestRunner]: Running test environment 'dndturn:tactical_ranged' batch 0 (1 tests)...
[15:34:10] [Server thread/INFO] [minecraft/GameTestServer]: [+X++++++++++++++++++++++++++++++X+++++++++++++++++++++++_]
[15:34:10] [Server thread/INFO] [minecraft/GameTestServer]: [+X++++++++++++++++++++++++++++++X+++++++++++++++++++++++_]
[15:34:10] [Server thread/INFO] [minecraft/PlayerList]: test-mock-player[embedded] logged in with entity id 277 at (0.0, 0.0, 0.0)
[15:34:10] [Server thread/INFO] [minecraft/MinecraftServer]: test-mock-player joined the game
[15:34:10] [Server thread/INFO] [minecraft/GameTestServer]: [+X++++++++++++++++++++++++++++++X+++++++++++++++++++++++_]
[15:34:10] [Server thread/INFO] [minecraft/GameTestServer]: [+X++++++++++++++++++++++++++++++X+++++++++++++++++++++++_]
[15:34:10] [Server thread/INFO] [minecraft/GameTestServer]: [+X++++++++++++++++++++++++++++++X++++++++++++++++++++++++]
[15:34:10] [Server thread/INFO] [minecraft/GameTestServer]: ========= 57 GAME TESTS COMPLETE IN 13.05 s ======================
[15:34:10] [Server thread/ERROR] [minecraft/GameTestServer]: 2 required tests failed :(
[15:34:10] [Server thread/ERROR] [minecraft/GameTestServer]:    - dndturn:prototype_zombie_navigation: Unknown internal error: attacker or target not authorized
[15:34:10] [Server thread/ERROR] [minecraft/GameTestServer]:    - dndturn:environment_boundary_time: outside hopper mutated paused destination on tick 54
[15:34:10] [Server thread/INFO] [minecraft/GameTestServer]: ====================================================
[15:34:10] [Server thread/INFO] [minecraft/MinecraftServer]: Stopping server
[15:34:10] [Server thread/INFO] [minecraft/MinecraftServer]: Saving players
[15:34:10] [Server thread/INFO] [minecraft/ServerGamePacketListenerImpl]: test-mock-player lost connection: Server closed
[15:34:10] [Server thread/INFO] [minecraft/MinecraftServer]: test-mock-player left the game
[15:34:10] [Server thread/INFO] [minecraft/ServerGamePacketListenerImpl]: tactical-test lost connection: Server closed
[15:34:10] [Server thread/INFO] [minecraft/MinecraftServer]: tactical-test left the game
[15:34:10] [Server thread/INFO] [minecraft/ServerGamePacketListenerImpl]: test-mock-player lost connection: Server closed
[15:34:10] [Server thread/INFO] [minecraft/MinecraftServer]: test-mock-player left the game
[15:34:10] [Server thread/INFO] [minecraft/ServerGamePacketListenerImpl]: test-mock-player lost connection: Server closed
[15:34:10] [Server thread/INFO] [minecraft/MinecraftServer]: test-mock-player left the game
[15:34:10] [Server thread/INFO] [minecraft/ServerGamePacketListenerImpl]: test-mock-player lost connection: Server closed
[15:34:10] [Server thread/INFO] [minecraft/MinecraftServer]: test-mock-player left the game
[15:34:10] [Server thread/INFO] [minecraft/ServerGamePacketListenerImpl]: test-mock-player lost connection: Server closed
[15:34:10] [Server thread/INFO] [minecraft/MinecraftServer]: test-mock-player left the game
[15:34:10] [Server thread/INFO] [minecraft/ServerGamePacketListenerImpl]: test-mock-player lost connection: Server closed
[15:34:10] [Server thread/INFO] [minecraft/MinecraftServer]: test-mock-player left the game
[15:34:10] [Server thread/INFO] [minecraft/ServerGamePacketListenerImpl]: test-mock-player lost connection: Server closed
[15:34:10] [Server thread/INFO] [minecraft/MinecraftServer]: test-mock-player left the game
[15:34:10] [Server thread/INFO] [minecraft/ServerGamePacketListenerImpl]: test-mock-player lost connection: Server closed
[15:34:10] [Server thread/INFO] [minecraft/MinecraftServer]: test-mock-player left the game
[15:34:10] [Server thread/INFO] [minecraft/ServerGamePacketListenerImpl]: test-mock-player lost connection: Server closed
[15:34:10] [Server thread/INFO] [minecraft/MinecraftServer]: test-mock-player left the game
[15:34:10] [Server thread/INFO] [minecraft/ServerGamePacketListenerImpl]: test-mock-player lost connection: Server closed
[15:34:10] [Server thread/INFO] [minecraft/MinecraftServer]: test-mock-player left the game
[15:34:10] [Server thread/INFO] [minecraft/ServerGamePacketListenerImpl]: test-mock-player lost connection: Server closed
[15:34:10] [Server thread/INFO] [minecraft/MinecraftServer]: test-mock-player left the game
[15:34:10] [Server thread/INFO] [minecraft/ServerGamePacketListenerImpl]: test-mock-player lost connection: Server closed
[15:34:10] [Server thread/INFO] [minecraft/MinecraftServer]: test-mock-player left the game
[15:34:10] [Server thread/INFO] [minecraft/ServerGamePacketListenerImpl]: candidate-review-player lost connection: Server closed
[15:34:10] [Server thread/INFO] [minecraft/MinecraftServer]: candidate-review-player left the game
[15:34:10] [Server thread/INFO] [minecraft/ServerGamePacketListenerImpl]: test-mock-player lost connection: Server closed
[15:34:10] [Server thread/INFO] [minecraft/MinecraftServer]: test-mock-player left the game
[15:34:10] [Server thread/INFO] [minecraft/ServerGamePacketListenerImpl]: exit-test-player lost connection: Server closed
[15:34:10] [Server thread/INFO] [minecraft/MinecraftServer]: exit-test-player left the game
[15:34:10] [Server thread/INFO] [minecraft/ServerGamePacketListenerImpl]: tactical-test lost connection: Server closed
[15:34:10] [Server thread/INFO] [minecraft/MinecraftServer]: tactical-test left the game
[15:34:10] [Server thread/INFO] [minecraft/ServerGamePacketListenerImpl]: test-mock-player lost connection: Server closed
[15:34:10] [Server thread/INFO] [minecraft/MinecraftServer]: test-mock-player left the game
[15:34:10] [Server thread/INFO] [minecraft/ServerGamePacketListenerImpl]: test-mock-player lost connection: Server closed
[15:34:10] [Server thread/INFO] [minecraft/MinecraftServer]: test-mock-player left the game
[15:34:10] [Server thread/INFO] [minecraft/ServerGamePacketListenerImpl]: test-mock-player lost connection: Server closed
[15:34:10] [Server thread/INFO] [minecraft/MinecraftServer]: test-mock-player left the game
[15:34:10] [Server thread/INFO] [minecraft/ServerGamePacketListenerImpl]: test-mock-player lost connection: Server closed
[15:34:10] [Server thread/INFO] [minecraft/MinecraftServer]: test-mock-player left the game
[15:34:10] [Server thread/INFO] [minecraft/ServerGamePacketListenerImpl]: test-mock-player lost connection: Server closed
[15:34:10] [Server thread/INFO] [minecraft/MinecraftServer]: test-mock-player left the game
[15:34:10] [Server thread/INFO] [minecraft/ServerGamePacketListenerImpl]: test-mock-player lost connection: Server closed
[15:34:10] [Server thread/INFO] [minecraft/MinecraftServer]: test-mock-player left the game
[15:34:10] [Server thread/INFO] [minecraft/ServerGamePacketListenerImpl]: test-mock-player lost connection: Server closed
[15:34:10] [Server thread/INFO] [minecraft/MinecraftServer]: test-mock-player left the game
[15:34:10] [Server thread/INFO] [minecraft/ServerGamePacketListenerImpl]: test-mock-player lost connection: Server closed
[15:34:10] [Server thread/INFO] [minecraft/MinecraftServer]: test-mock-player left the game
[15:34:10] [Server thread/INFO] [minecraft/ServerGamePacketListenerImpl]: test-mock-player lost connection: Server closed
[15:34:10] [Server thread/INFO] [minecraft/MinecraftServer]: test-mock-player left the game
[15:34:10] [Server thread/INFO] [minecraft/ServerGamePacketListenerImpl]: test-mock-player lost connection: Server closed
[15:34:10] [Server thread/INFO] [minecraft/MinecraftServer]: test-mock-player left the game
[15:34:10] [Server thread/INFO] [minecraft/ServerGamePacketListenerImpl]: test-mock-player lost connection: Server closed
[15:34:10] [Server thread/INFO] [minecraft/MinecraftServer]: test-mock-player left the game
[15:34:10] [Server thread/INFO] [minecraft/ServerGamePacketListenerImpl]: exit-test-player lost connection: Server closed
[15:34:10] [Server thread/INFO] [minecraft/MinecraftServer]: exit-test-player left the game
[15:34:10] [Server thread/INFO] [minecraft/ServerGamePacketListenerImpl]: exit-test-player lost connection: Server closed
[15:34:10] [Server thread/INFO] [minecraft/MinecraftServer]: exit-test-player left the game
[15:34:10] [Server thread/INFO] [minecraft/ServerGamePacketListenerImpl]: test-mock-player lost connection: Server closed
[15:34:10] [Server thread/INFO] [minecraft/MinecraftServer]: test-mock-player left the game
[15:34:10] [Server thread/INFO] [minecraft/MinecraftServer]: Saving worlds
[15:34:11] [Server thread/INFO] [minecraft/MinecraftServer]: Saving chunks for level 'ServerLevel[Test Level]'/minecraft:overworld
[15:34:11] [Server thread/INFO] [minecraft/MinecraftServer]: Saving chunks for level 'ServerLevel[Test Level]'/minecraft:the_nether
[15:34:11] [Server thread/INFO] [minecraft/MinecraftServer]: Saving chunks for level 'ServerLevel[Test Level]'/minecraft:the_end
[15:34:11] [Server thread/INFO] [minecraft/MinecraftServer]: ThreadedAnvilChunkStorage (world): All chunks are saved
[15:34:11] [Server thread/INFO] [minecraft/MinecraftServer]: ThreadedAnvilChunkStorage (DIM-1): All chunks are saved
[15:34:11] [Server thread/INFO] [minecraft/MinecraftServer]: ThreadedAnvilChunkStorage (DIM1): All chunks are saved
[15:34:11] [Server thread/INFO] [minecraft/MinecraftServer]: ThreadedAnvilChunkStorage: All dimensions are saved
[15:34:11] [Server thread/INFO] [minecraft/GameTestServer]: Game test server shutting down

> Task :runGameTestServer FAILED

[Incubating] Problems report is available at: file:///D:/javaProjects/dndturn26.1/targets/neoforge-26.1/build/reports/problems/problems-report.html

FAILURE: Build failed with an exception.

* What went wrong:
Execution failed for task ':runGameTestServer' (registered in build file 'build.gradle').
> Process 'command 'C:\Program Files\Java\jdk-25.0.3\bin\java.exe'' finished with non-zero exit value 2

* Try:
> Run with --stacktrace option to get the stack trace.
> Run with --info or --debug option to get more log output.
> Run with --scan to get full insights from a Build Scan (powered by Develocity).
10 actionable tasks: 2 executed, 8 up-to-date
> Get more help at https://help.gradle.org.

BUILD FAILED in 24s
