WARNING: A restricted method in java.lang.System has been called
WARNING: java.lang.System::load has been called by net.rubygrapefruit.platform.internal.NativeLibraryLoader in an unnamed module (file:/C:/Users/RNaim/.gradle/wrapper/dists/gradle-9.7.1-bin/1w1c7tv4s851m17nbqdsro2tv/gradle-9.7.1/lib/native-platform-0.22-milestone-29.jar)
WARNING: Use --enable-native-access=ALL-UNNAMED to avoid a warning for callers in this module
WARNING: Restricted methods will be blocked in a future release unless native access is enabled

To honour the JVM settings for this build a single-use Daemon process will be forked. For more on this, please refer to https://docs.gradle.org/9.7.1/userguide/gradle_daemon.html#sec:disabling_the_daemon in the Gradle documentation.
Daemon will be stopped at the end of the build 
> Task :createMinecraftArtifacts UP-TO-DATE
> Task :common:compileJava UP-TO-DATE
> Task :compileJava UP-TO-DATE
> Task :processResources UP-TO-DATE
> Task :common:processResources NO-SOURCE
> Task :common:classes UP-TO-DATE
> Task :classes UP-TO-DATE
> Task :compileCompatTestJava UP-TO-DATE
> Task :processCompatTestResources NO-SOURCE
> Task :compatTestClasses UP-TO-DATE

> Task :compileGameTestJava
D:\javaProjects\dndturn26.1\targets\neoforge-26.1\src\gameTest\java\cc\sighs\dndturn\gametest\LocalTimeGameTests.java:414: 警告: [removal] GameTestHelper 中的 makeMockServerPlayerInLevel() 已过时, 且标记为待删除
            ServerPlayer player = helper.makeMockServerPlayerInLevel();
                                        ^
D:\javaProjects\dndturn26.1\targets\neoforge-26.1\src\gameTest\java\cc\sighs\dndturn\gametest\LocalTimeGameTests.java:552: 警告: [removal] GameTestHelper 中的 makeMockServerPlayerInLevel() 已过时, 且标记为待删除
        ServerPlayer first = helper.makeMockServerPlayerInLevel();
                                   ^
D:\javaProjects\dndturn26.1\targets\neoforge-26.1\src\gameTest\java\cc\sighs\dndturn\gametest\LocalTimeGameTests.java:553: 警告: [removal] GameTestHelper 中的 makeMockServerPlayerInLevel() 已过时, 且标记为待删除
        ServerPlayer second = helper.makeMockServerPlayerInLevel();
                                    ^
D:\javaProjects\dndturn26.1\targets\neoforge-26.1\src\gameTest\java\cc\sighs\dndturn\gametest\LocalTimeGameTests.java:739: 警告: [removal] GameTestHelper 中的 makeMockServerPlayerInLevel() 已过时, 且标记为待删除
            ServerPlayer player = helper.makeMockServerPlayerInLevel();
                                        ^
D:\javaProjects\dndturn26.1\targets\neoforge-26.1\src\gameTest\java\cc\sighs\dndturn\gametest\LocalTimeGameTests.java:844: 警告: [removal] GameTestHelper 中的 makeMockServerPlayerInLevel() 已过时, 且标记为待删除
            ServerPlayer player = helper.makeMockServerPlayerInLevel();
                                        ^
D:\javaProjects\dndturn26.1\targets\neoforge-26.1\src\gameTest\java\cc\sighs\dndturn\gametest\LocalTimeGameTests.java:905: 警告: [removal] GameTestHelper 中的 makeMockServerPlayerInLevel() 已过时, 且标记为待删除
        ServerPlayer player = helper.makeMockServerPlayerInLevel();
                                    ^
D:\javaProjects\dndturn26.1\targets\neoforge-26.1\src\gameTest\java\cc\sighs\dndturn\gametest\LocalTimeGameTests.java:991: 警告: [removal] GameTestHelper 中的 makeMockServerPlayerInLevel() 已过时, 且标记为待删除
                players[i] = helper.makeMockServerPlayerInLevel();
                                   ^
D:\javaProjects\dndturn26.1\targets\neoforge-26.1\src\gameTest\java\cc\sighs\dndturn\gametest\LocalTimeGameTests.java:1062: 警告: [removal] GameTestHelper 中的 makeMockServerPlayerInLevel() 已过时, 且标记为待删除
            ServerPlayer firstPlayer = helper.makeMockServerPlayerInLevel();
                                             ^
D:\javaProjects\dndturn26.1\targets\neoforge-26.1\src\gameTest\java\cc\sighs\dndturn\gametest\LocalTimeGameTests.java:1063: 警告: [removal] GameTestHelper 中的 makeMockServerPlayerInLevel() 已过时, 且标记为待删除
            ServerPlayer secondPlayer = helper.makeMockServerPlayerInLevel();
                                              ^
D:\javaProjects\dndturn26.1\targets\neoforge-26.1\src\gameTest\java\cc\sighs\dndturn\gametest\LocalTimeGameTests.java:1240: 警告: [removal] GameTestHelper 中的 makeMockServerPlayerInLevel() 已过时, 且标记为待删除
        ServerPlayer player = helper.makeMockServerPlayerInLevel();
                                    ^
D:\javaProjects\dndturn26.1\targets\neoforge-26.1\src\gameTest\java\cc\sighs\dndturn\gametest\LocalTimeGameTests.java:1352: 警告: [removal] GameTestHelper 中的 makeMockServerPlayerInLevel() 已过时, 且标记为待删除
        ServerPlayer player = helper.makeMockServerPlayerInLevel();
                                    ^
D:\javaProjects\dndturn26.1\targets\neoforge-26.1\src\gameTest\java\cc\sighs\dndturn\gametest\LocalTimeGameTests.java:1363: 警告: [removal] GameTestHelper 中的 makeMockServerPlayerInLevel() 已过时, 且标记为待删除
        ServerPlayer other = helper.makeMockServerPlayerInLevel();
                                   ^
D:\javaProjects\dndturn26.1\targets\neoforge-26.1\src\gameTest\java\cc\sighs\dndturn\gametest\LocalTimeGameTests.java:1579: 警告: [removal] GameTestHelper 中的 makeMockServerPlayerInLevel() 已过时, 且标记为待删除
        ServerPlayer player = helper.makeMockServerPlayerInLevel();
                                    ^
D:\javaProjects\dndturn26.1\targets\neoforge-26.1\src\gameTest\java\cc\sighs\dndturn\gametest\LocalTimeGameTests.java:1621: 警告: [removal] GameTestHelper 中的 makeMockServerPlayerInLevel() 已过时, 且标记为待删除
            ServerPlayer player = helper.makeMockServerPlayerInLevel();
                                        ^
D:\javaProjects\dndturn26.1\targets\neoforge-26.1\src\gameTest\java\cc\sighs\dndturn\gametest\LocalTimeGameTests.java:1990: 警告: [removal] GameTestHelper 中的 makeMockServerPlayerInLevel() 已过时, 且标记为待删除
            ServerPlayer player = helper.makeMockServerPlayerInLevel();
                                        ^
D:\javaProjects\dndturn26.1\targets\neoforge-26.1\src\gameTest\java\cc\sighs\dndturn\gametest\LocalTimeGameTests.java:2055: 警告: [removal] GameTestHelper 中的 makeMockServerPlayerInLevel() 已过时, 且标记为待删除
            ServerPlayer player = helper.makeMockServerPlayerInLevel();
                                        ^
D:\javaProjects\dndturn26.1\targets\neoforge-26.1\src\gameTest\java\cc\sighs\dndturn\gametest\LocalTimeGameTests.java:2200: 警告: [removal] GameTestHelper 中的 makeMockServerPlayerInLevel() 已过时, 且标记为待删除
        ServerPlayer player = helper.makeMockServerPlayerInLevel();
                                    ^
D:\javaProjects\dndturn26.1\targets\neoforge-26.1\src\gameTest\java\cc\sighs\dndturn\gametest\LocalTimeGameTests.java:2260: 警告: [removal] GameTestHelper 中的 makeMockServerPlayerInLevel() 已过时, 且标记为待删除
        ServerPlayer player = helper.makeMockServerPlayerInLevel();
                                    ^
D:\javaProjects\dndturn26.1\targets\neoforge-26.1\src\gameTest\java\cc\sighs\dndturn\gametest\LocalTimeGameTests.java:2392: 警告: [removal] GameTestHelper 中的 makeMockServerPlayerInLevel() 已过时, 且标记为待删除
        ServerPlayer player = helper.makeMockServerPlayerInLevel();
                                    ^
注: D:\javaProjects\dndturn26.1\targets\neoforge-26.1\src\gameTest\java\cc\sighs\dndturn\gametest\LocalTimeGameTests.java使用或覆盖了已过时的 API。
注: 有关详细信息, 请使用 -Xlint:deprecation 重新编译。
19 个警告

> Task :processGameTestResources UP-TO-DATE
> Task :gameTestClasses
> Task :downloadAssets UP-TO-DATE
> Task :prepareGameTestServerRun UP-TO-DATE
> Task :common:jar UP-TO-DATE

2026-09-28T08:59:55.000057600Z main WARN Advanced terminal features are not available in this environment
> Task :runGameTestServer
[16:59:55] [main/INFO] [ne.ne.fm.st.Entrypoint/]: JVM Uptime at startup: 110ms
[16:59:55] [main/INFO] [ne.ne.fm.lo.FMLLoader/]: Starting FancyModLoader version 11.0.15 (DEDICATED_SERVER in DEV)
[16:59:55] [main/INFO] [ne.ne.fm.lo.FMLLoader/]: Game directory: D:\javaProjects\dndturn26.1\targets\neoforge-26.1\build\gametest-run
[16:59:55] [main/INFO] [ne.ne.fm.lo.EarlyServiceDiscovery/]: Found 2 early service jars (out of 109) in 15ms
[16:59:55] [main/INFO] [ne.ne.fm.lo.FMLLoader/]: Loading FML Early Services:
[16:59:55] [main/INFO] [ne.ne.fm.lo.FMLLoader/]:  - C:/Users/RNaim/.gradle/caches/modules-2/files-2.1/net.neoforged.fancymodloader/loader/11.0.15/69ddd98736a6b095783523404d1af8992842722/loader-11.0.15.jar
[16:59:55] [main/INFO] [ne.ne.fm.lo.FMLLoader/]:  - C:/Users/RNaim/.gradle/caches/modules-2/files-2.1/net.neoforged.fancymodloader/earlydisplay/11.0.15/b254aa4ec40828f8ce65411dcb7fb9f6ce008064/earlydisplay-11.0.15.jar
[16:59:55] [main/INFO] [ne.ne.fm.lo.ImmediateWindowHandler/]: Not loading early display in headless mode.
[16:59:55] [main/INFO] [ne.ne.fm.lo.mo.lo.GameLocator/]: Detected a joined NeoForge and Minecraft configuration. Applying filtering...
[16:59:55] [main/INFO] [ne.ne.fm.lo.mo.lo.InDevFolderLocator/CORE]: Got mod coordinates dndturnTests%%D:\javaProjects\dndturn26.1\targets\neoforge-26.1\build\classes\java\main;dndturnTests%%D:\javaProjects\dndturn26.1\targets\neoforge-26.1\build\resources\main;dndturnTests%%D:\javaProjects\dndturn26.1\common\build\classes\java\main;dndturnTests%%D:\javaProjects\dndturn26.1\targets\neoforge-26.1\build\classes\java\compatTest;dndturnTests%%D:\javaProjects\dndturn26.1\targets\neoforge-26.1\build\resources\compatTest;dndturnTests%%D:\javaProjects\dndturn26.1\targets\neoforge-26.1\build\classes\java\gameTest;dndturnTests%%D:\javaProjects\dndturn26.1\targets\neoforge-26.1\build\resources\gameTest from env
[16:59:55] [main/INFO] [ne.ne.fm.lo.mo.lo.JarInJarDependencyLocator/]: Found 2 dependencies adding them to mods collection
[16:59:55] [main/INFO] [ne.ne.fm.lo.mo.ModDiscoverer/]: 
     Mod List:
		Name Version (Mod Id)

		ApricityUI 1.2.5 (apricityui)
		DNDTurn 1.0.0-SNAPSHOT (dndturn)
		Minecraft 26.1.2 (minecraft)
		NeoForge 26.1.2.84 (neoforge)
[16:59:55] [main/INFO] [mixin/]: SpongePowered MIXIN Subsystem Version=0.8.7 Source=file:/C:/Users/RNaim/.gradle/caches/modules-2/files-2.1/net.fabricmc/sponge-mixin/0.17.3+mixin.0.8.7/41c4a3984a80f4679e759fb9f495587acc5cdac7/sponge-mixin-0.17.3+mixin.0.8.7.jar Service=FML Env=SERVER
[16:59:55] [main/INFO] [ne.ne.fm.lo.FMLLoader/]: Loading FML Plugins:
[16:59:55] [main/INFO] [ne.ne.fm.lo.FMLLoader/]:  - C:/Users/RNaim/.gradle/caches/modules-2/files-2.1/net.neoforged/neoforge/26.1.2.84/b725526a2fab2163b9a0a8ce89d435d7cd5d8a88/neoforge-26.1.2.84-universal.jar > net.neoforged.neoforge-coremods-26.1.2.84.jar
[16:59:55] [main/INFO] [ne.ne.fm.lo.FMLLoader/]: Building game content classloader:
 - apricityui (jar(C:/Users/RNaim/.gradle/caches/modules-2/files-2.1/maven.modrinth/apricityui/wwrdhxiM/d4311449e5b1cdc9a59e33a7f2b02435d7441546/apricityui-wwrdhxiM.jar))
 - dndturn (composite(folder(D:/javaProjects/dndturn26.1/targets/neoforge-26.1/build/classes/java/main), folder(D:/javaProjects/dndturn26.1/targets/neoforge-26.1/build/resources/main), folder(D:/javaProjects/dndturn26.1/common/build/classes/java/main), folder(D:/javaProjects/dndturn26.1/targets/neoforge-26.1/build/classes/java/compatTest), folder(D:/javaProjects/dndturn26.1/targets/neoforge-26.1/build/classes/java/gameTest), folder(D:/javaProjects/dndturn26.1/targets/neoforge-26.1/build/resources/gameTest)))
 - minecraft (composite(filtered(jar(D:/javaProjects/dndturn26.1/targets/neoforge-26.1/build/moddev/artifacts/minecraft-patched-26.1.2.84.jar)), filtered(jar(D:/javaProjects/dndturn26.1/targets/neoforge-26.1/build/moddev/artifacts/minecraft-patched-26.1.2.84.jar))))
 - mixinextras.neoforge (jar(C:/Users/RNaim/.gradle/caches/modules-2/files-2.1/net.neoforged/neoforge/26.1.2.84/b725526a2fab2163b9a0a8ce89d435d7cd5d8a88/neoforge-26.1.2.84-universal.jar > mixinextras-neoforge-0.5.4.jar))
 - neoforge (composite(filtered(jar(C:/Users/RNaim/.gradle/caches/modules-2/files-2.1/net.neoforged/neoforge/26.1.2.84/b725526a2fab2163b9a0a8ce89d435d7cd5d8a88/neoforge-26.1.2.84-universal.jar))))
 - net.neoforged.fml.generated (empty(VirtualJar/net.neoforged.fml.generated))
[16:59:55] [main/INFO] [ne.ne.fm.lo.FMLLoader/]: Built game content classloader in 14ms
[16:59:55] [main/INFO] [mixin/]: Compatibility level set to JAVA_25
[16:59:55] [main/WARN] [mixin/]: Reference map 'apricityui.refmap.json' for apricityui.mixins.json could not be read. If this is a development environment you can ignore this message
[16:59:55] [main/INFO] [minecraft/GameTestMainUtil]: Running GameTestMain with cwd 'D:\javaProjects\dndturn26.1\targets\neoforge-26.1\build\gametest-run', universe path 'gametestserver'
[16:59:55] [main/INFO] [MixinExtras|Service/]: Initializing MixinExtras via com.llamalad7.mixinextras.service.MixinExtrasServiceImpl(version=0.5.4).
[16:59:58] [modloading-worker-0/INFO] [ne.ne.ne.co.NeoForgeMod/NEOFORGE-MOD]: NeoForge mod loading, version 26.1.2.84, for MC 26.1.2
[16:59:58] [modloading-sync-worker/INFO] [co.si.ap.ne.ap.NetworkAutoRegistration/]: [NetworkAutoReg] Metadata scan found: 4 | added: 4 | skipped: 0
[16:59:59] [main/INFO] [minecraft/RecipeManager]: Loaded 1515 recipes
[16:59:59] [main/INFO] [minecraft/AdvancementTree]: Loaded 1617 advancements
[16:59:59] [main/INFO] [ne.ne.ne.co.cr.RecipePriorityManager/]: Loaded 0 recipe priority overrides
[16:59:59] [Server thread/INFO] [minecraft/LoggingLevelLoadListener]: Selecting global world spawn...
[16:59:59] [Server thread/INFO] [minecraft/LoggingLevelLoadListener]: Loading 0 persistent chunks...
[16:59:59] [Server thread/INFO] [minecraft/LoggingLevelLoadListener]: Preparing spawn area: 100%
[16:59:59] [Server thread/INFO] [minecraft/LoggingLevelLoadListener]: Time elapsed: 212 ms
[16:59:59] [Server thread/INFO] [minecraft/GameTestServer]: Started game test server
[16:59:59] [Server thread/INFO] [ne.ne.ne.se.pe.PermissionAPI/]: Successfully initialized permission handler neoforge:default_handler
[16:59:59] [Server thread/INFO] [minecraft/GameTestServer]: 61 tests are now running at position -9632865, -59, -4647201!
[17:00:00] [Server thread/INFO] [minecraft/GameTestRunner]: Running test environment 'dndturn:arrow_regressions' batch 0 (9 tests)...
[17:00:00] [Server thread/INFO] [minecraft/PlayerList]: test-mock-player[embedded] logged in with entity id 1 at (0.0, 0.0, 0.0)
[17:00:00] [Server thread/INFO] [minecraft/MinecraftServer]: test-mock-player joined the game
[17:00:00] [Server thread/INFO] [minecraft/PlayerList]: test-mock-player[embedded] logged in with entity id 2 at (0.0, 0.0, 0.0)
[17:00:00] [Server thread/INFO] [minecraft/MinecraftServer]: test-mock-player joined the game
[17:00:00] [Server thread/INFO] [minecraft/PlayerList]: test-mock-player[embedded] logged in with entity id 5 at (0.0, 0.0, 0.0)
[17:00:00] [Server thread/INFO] [minecraft/MinecraftServer]: test-mock-player joined the game
[17:00:00] [Server thread/INFO] [minecraft/PlayerList]: test-mock-player[embedded] logged in with entity id 6 at (0.0, 0.0, 0.0)
[17:00:00] [Server thread/INFO] [minecraft/MinecraftServer]: test-mock-player joined the game
[17:00:01] [Server thread/INFO] [minecraft/PlayerList]: test-mock-player[embedded] logged in with entity id 10 at (0.0, 0.0, 0.0)
[17:00:01] [Server thread/INFO] [minecraft/MinecraftServer]: test-mock-player joined the game
[17:00:01] [Server thread/INFO] [minecraft/PlayerList]: test-mock-player[embedded] logged in with entity id 11 at (0.0, 0.0, 0.0)
[17:00:01] [Server thread/INFO] [minecraft/MinecraftServer]: test-mock-player joined the game
[17:00:01] [Server thread/INFO] [minecraft/PlayerList]: test-mock-player[embedded] logged in with entity id 14 at (0.0, 0.0, 0.0)
[17:00:01] [Server thread/INFO] [minecraft/MinecraftServer]: test-mock-player joined the game
[17:00:01] [Server thread/INFO] [minecraft/PlayerList]: test-mock-player[embedded] logged in with entity id 15 at (0.0, 0.0, 0.0)
[17:00:01] [Server thread/INFO] [minecraft/MinecraftServer]: test-mock-player joined the game
[17:00:01] [Server thread/INFO] [minecraft/PlayerList]: test-mock-player[embedded] logged in with entity id 18 at (0.0, 0.0, 0.0)
[17:00:01] [Server thread/INFO] [minecraft/MinecraftServer]: test-mock-player joined the game
[17:00:01] [Server thread/INFO] [minecraft/PlayerList]: test-mock-player[embedded] logged in with entity id 19 at (0.0, 0.0, 0.0)
[17:00:01] [Server thread/INFO] [minecraft/MinecraftServer]: test-mock-player joined the game
[17:00:01] [Server thread/INFO] [minecraft/PlayerList]: test-mock-player[embedded] logged in with entity id 26 at (0.0, 0.0, 0.0)
[17:00:01] [Server thread/INFO] [minecraft/MinecraftServer]: test-mock-player joined the game
[17:00:01] [Server thread/INFO] [minecraft/PlayerList]: test-mock-player[embedded] logged in with entity id 27 at (0.0, 0.0, 0.0)
[17:00:01] [Server thread/INFO] [minecraft/MinecraftServer]: test-mock-player joined the game
[17:00:01] [Server thread/INFO] [minecraft/PlayerList]: test-mock-player[embedded] logged in with entity id 28 at (0.0, 0.0, 0.0)
[17:00:01] [Server thread/INFO] [minecraft/MinecraftServer]: test-mock-player joined the game
[17:00:01] [Server thread/INFO] [minecraft/PlayerList]: test-mock-player[embedded] logged in with entity id 29 at (0.0, 0.0, 0.0)
[17:00:01] [Server thread/INFO] [minecraft/MinecraftServer]: test-mock-player joined the game
[17:00:01] [Server thread/INFO] [minecraft/GameTestServer]: [_++__+_++                                                    ]
[17:00:02] [Server thread/INFO] [minecraft/GameTestServer]: [_++_+++++                                                    ]
[17:00:02] [Server thread/INFO] [minecraft/GameTestServer]: [_++_+++++                                                    ]
[17:00:02] [Server thread/INFO] [minecraft/GameTestServer]: [_++_+++++                                                    ]
[17:00:02] [Server thread/INFO] [minecraft/GameTestServer]: [_++_+++++                                                    ]
[17:00:02] [Server thread/INFO] [minecraft/GameTestServer]: [_++_+++++                                                    ]
[17:00:02] [Server thread/INFO] [minecraft/GameTestRunner]: Running test environment 'dndturn:navigation_regressions' batch 0 (1 tests)...
[17:00:02] [Server thread/INFO] [minecraft/GameTestServer]: [+++++++++_                                                   ]
[17:00:02] [Server thread/INFO] [minecraft/GameTestServer]: [+++++++++_                                                   ]
[17:00:02] [Server thread/INFO] [minecraft/PlayerList]: tactical-test[embedded] logged in with entity id 38 at (0.0, 0.0, 0.0)
[17:00:02] [Server thread/INFO] [minecraft/MinecraftServer]: tactical-test joined the game
[17:00:02] [Server thread/INFO] [minecraft/GameTestRunner]: Running test environment 'dndturn:tactical_plan' batch 0 (1 tests)...
[17:00:02] [Server thread/INFO] [minecraft/GameTestServer]: [++++++++++                                                   ]
[17:00:02] [Server thread/INFO] [minecraft/PlayerList]: test-mock-player[embedded] logged in with entity id 40 at (0.0, 0.0, 0.0)
[17:00:02] [Server thread/INFO] [minecraft/MinecraftServer]: test-mock-player joined the game
[17:00:03] [Server thread/INFO] [minecraft/GameTestServer]: [++++++++++_                                                  ]
[17:00:03] [Server thread/INFO] [minecraft/MinecraftServer]: test-mock-player has made the advancement [Isn't It Iron Pick]
[17:00:03] [Server thread/INFO] [minecraft/GameTestServer]: [++++++++++_                                                  ]
[17:00:03] [Server thread/INFO] [minecraft/GameTestRunner]: Running test environment 'dndturn:external_melee' batch 0 (1 tests)...
[17:00:03] [Server thread/INFO] [minecraft/PlayerList]: tactical-test[embedded] logged in with entity id 47 at (0.0, 0.0, 0.0)
[17:00:03] [Server thread/INFO] [minecraft/MinecraftServer]: tactical-test joined the game
[17:00:03] [Server thread/INFO] [minecraft/GameTestServer]: [+++++++++++_                                                 ]
[17:00:03] [Server thread/INFO] [minecraft/GameTestServer]: [+++++++++++_                                                 ]
[17:00:03] [Server thread/INFO] [minecraft/GameTestRunner]: Running test environment 'dndturn:restart_history' batch 0 (1 tests)...
[17:00:03] [Server thread/INFO] [minecraft/PlayerList]: tactical-test[embedded] logged in with entity id 49 at (0.0, 0.0, 0.0)
[17:00:03] [Server thread/INFO] [minecraft/MinecraftServer]: tactical-test joined the game
[17:00:03] [Server thread/INFO] [minecraft/GameTestServer]: [++++++++++++_                                                ]
[17:00:03] [Server thread/INFO] [minecraft/GameTestServer]: [++++++++++++_                                                ]
DNDTURN_RESTART_WRITE_READY encounter=2032eea4-0a32-4886-a40d-a5b3bb6100a4 operation=aec53d5b-3a8b-420f-8136-2397db4e7aa3
[17:00:03] [Server thread/INFO] [minecraft/GameTestRunner]: Running test environment 'dndturn:consent_regressions' batch 0 (1 tests)...
[17:00:03] [Server thread/INFO] [minecraft/GameTestServer]: [+++++++++++++                                                ]
[17:00:03] [Server thread/INFO] [minecraft/PlayerList]: exit-test-player[embedded] logged in with entity id 50 at (0.0, 0.0, 0.0)
[17:00:03] [Server thread/INFO] [minecraft/MinecraftServer]: exit-test-player joined the game
[17:00:03] [Server thread/INFO] [minecraft/PlayerList]: exit-test-player[embedded] logged in with entity id 51 at (0.0, 0.0, 0.0)
[17:00:03] [Server thread/INFO] [minecraft/MinecraftServer]: exit-test-player joined the game
[17:00:03] [Server thread/INFO] [minecraft/PlayerList]: exit-test-player[embedded] logged in with entity id 52 at (0.0, 0.0, 0.0)
[17:00:03] [Server thread/INFO] [minecraft/MinecraftServer]: exit-test-player joined the game
[17:00:03] [Server thread/INFO] [minecraft/GameTestServer]: [+++++++++++++_                                               ]
[17:00:03] [Server thread/INFO] [minecraft/GameTestServer]: [+++++++++++++_                                               ]
[17:00:03] [Server thread/INFO] [minecraft/GameTestServer]: [+++++++++++++_                                               ]
[17:00:03] [Server thread/INFO] [minecraft/GameTestServer]: [+++++++++++++_                                               ]
[17:00:03] [Server thread/INFO] [minecraft/GameTestServer]: [+++++++++++++_                                               ]
[17:00:03] [Server thread/INFO] [minecraft/GameTestServer]: [+++++++++++++_                                               ]
[17:00:03] [Server thread/INFO] [minecraft/GameTestServer]: [+++++++++++++_                                               ]
[17:00:03] [Server thread/INFO] [minecraft/GameTestServer]: [+++++++++++++_                                               ]
[17:00:03] [Server thread/INFO] [minecraft/GameTestServer]: [+++++++++++++_                                               ]
[17:00:03] [Server thread/INFO] [minecraft/GameTestServer]: [+++++++++++++_                                               ]
[17:00:03] [Server thread/INFO] [minecraft/GameTestServer]: [+++++++++++++_                                               ]
[17:00:03] [Server thread/INFO] [minecraft/GameTestServer]: [+++++++++++++_                                               ]
[17:00:03] [Server thread/INFO] [minecraft/GameTestServer]: [+++++++++++++_                                               ]
[17:00:03] [Server thread/INFO] [minecraft/GameTestServer]: [+++++++++++++_                                               ]
[17:00:03] [Server thread/INFO] [minecraft/GameTestServer]: [+++++++++++++_                                               ]
[17:00:03] [Server thread/INFO] [minecraft/GameTestServer]: [+++++++++++++_                                               ]
[17:00:03] [Server thread/INFO] [minecraft/GameTestServer]: [+++++++++++++_                                               ]
[17:00:03] [Server thread/INFO] [minecraft/GameTestServer]: [+++++++++++++_                                               ]
[17:00:03] [Server thread/INFO] [minecraft/GameTestServer]: [+++++++++++++_                                               ]
[17:00:03] [Server thread/INFO] [minecraft/GameTestServer]: [+++++++++++++_                                               ]
[17:00:03] [Server thread/INFO] [minecraft/GameTestRunner]: Running test environment 'dndturn:participant_effects' batch 0 (1 tests)...
[17:00:03] [Server thread/INFO] [minecraft/PlayerList]: tactical-test[embedded] logged in with entity id 54 at (0.0, 0.0, 0.0)
[17:00:03] [Server thread/INFO] [minecraft/MinecraftServer]: tactical-test joined the game
[17:00:03] [Server thread/INFO] [minecraft/GameTestServer]: [++++++++++++++_                                              ]
[17:00:03] [Server thread/INFO] [minecraft/GameTestServer]: [++++++++++++++_                                              ]
[17:00:03] [Server thread/INFO] [minecraft/GameTestServer]: [++++++++++++++_                                              ]
[17:00:03] [Server thread/INFO] [minecraft/GameTestServer]: [++++++++++++++_                                              ]
[17:00:03] [Server thread/INFO] [minecraft/GameTestServer]: [++++++++++++++_                                              ]
[17:00:03] [Server thread/INFO] [minecraft/GameTestServer]: [++++++++++++++_                                              ]
[17:00:03] [Server thread/INFO] [minecraft/GameTestServer]: [++++++++++++++_                                              ]
[17:00:03] [Server thread/INFO] [minecraft/GameTestServer]: [++++++++++++++_                                              ]
[17:00:03] [Server thread/INFO] [minecraft/GameTestServer]: [++++++++++++++_                                              ]
[17:00:03] [Server thread/INFO] [minecraft/GameTestServer]: [++++++++++++++_                                              ]
[17:00:04] [Server thread/INFO] [minecraft/GameTestServer]: [++++++++++++++_                                              ]
[17:00:04] [Server thread/INFO] [minecraft/MinecraftServer]: tactical-test withered away
[17:00:04] [Server thread/INFO] [minecraft/GameTestRunner]: Running test environment 'dndturn:environment_boundary_time' batch 0 (1 tests)...
[17:00:04] [Server thread/INFO] [minecraft/GameTestServer]: [+++++++++++++++                                              ]
[17:00:04] [Server thread/INFO] [minecraft/PlayerList]: test-mock-player[embedded] logged in with entity id 55 at (0.0, 0.0, 0.0)
[17:00:04] [Server thread/INFO] [minecraft/MinecraftServer]: test-mock-player joined the game
[17:00:04] [Server thread/INFO] [minecraft/GameTestServer]: [+++++++++++++++_                                             ]
[17:00:04] [Server thread/INFO] [minecraft/GameTestServer]: [+++++++++++++++_                                             ]
[17:00:04] [Server thread/INFO] [minecraft/GameTestServer]: [+++++++++++++++_                                             ]
[17:00:04] [Server thread/INFO] [minecraft/GameTestServer]: [+++++++++++++++_                                             ]
[17:00:04] [Server thread/INFO] [minecraft/GameTestRunner]: Running test environment 'dndturn:action_preview' batch 0 (1 tests)...
[17:00:04] [Server thread/INFO] [minecraft/PlayerList]: tactical-test[embedded] logged in with entity id 56 at (0.0, 0.0, 0.0)
[17:00:04] [Server thread/INFO] [minecraft/MinecraftServer]: tactical-test joined the game
[17:00:04] [Server thread/INFO] [minecraft/GameTestServer]: [++++++++++++++++_                                            ]
action_preview flat A*: slices=4, charged probes=73
[17:00:04] [Server thread/INFO] [minecraft/MinecraftServer]: tactical-test has made the advancement [Take Aim]
[17:00:04] [Server thread/INFO] [minecraft/GameTestRunner]: Running test environment 'dndturn:scheduled_tick_hold' batch 0 (1 tests)...
[17:00:04] [Server thread/INFO] [minecraft/GameTestServer]: [+++++++++++++++++_                                           ]
[17:00:04] [Server thread/INFO] [minecraft/PlayerList]: test-mock-player[embedded] logged in with entity id 60 at (0.0, 0.0, 0.0)
[17:00:04] [Server thread/INFO] [minecraft/MinecraftServer]: test-mock-player joined the game
[17:00:04] [Server thread/INFO] [minecraft/GameTestServer]: [+++++++++++++++++_                                           ]
[17:00:04] [Server thread/INFO] [minecraft/GameTestRunner]: Running test environment 'dndturn:movement_regressions' batch 0 (1 tests)...
[17:00:04] [Server thread/INFO] [minecraft/GameTestServer]: [++++++++++++++++++_                                          ]
[17:00:04] [Server thread/INFO] [minecraft/GameTestServer]: [++++++++++++++++++_                                          ]
[17:00:04] [Server thread/INFO] [minecraft/PlayerList]: tactical-test[embedded] logged in with entity id 62 at (0.0, 0.0, 0.0)
[17:00:04] [Server thread/INFO] [minecraft/MinecraftServer]: tactical-test joined the game
[17:00:04] [Server thread/INFO] [minecraft/GameTestServer]: [++++++++++++++++++_                                          ]
[17:00:04] [Server thread/INFO] [minecraft/GameTestRunner]: Running test environment 'dndturn:tactical_crossbow' batch 0 (1 tests)...
[17:00:04] [Server thread/INFO] [minecraft/GameTestServer]: [+++++++++++++++++++_                                         ]
[17:00:04] [Server thread/INFO] [minecraft/GameTestServer]: [+++++++++++++++++++_                                         ]
[17:00:04] [Server thread/INFO] [minecraft/PlayerList]: test-mock-player[embedded] logged in with entity id 64 at (0.0, 0.0, 0.0)
[17:00:04] [Server thread/INFO] [minecraft/MinecraftServer]: test-mock-player joined the game
[17:00:04] [Server thread/INFO] [minecraft/GameTestServer]: [+++++++++++++++++++_                                         ]
[17:00:04] [Server thread/INFO] [minecraft/GameTestServer]: [+++++++++++++++++++_                                         ]
[17:00:04] [Server thread/INFO] [minecraft/GameTestServer]: [+++++++++++++++++++_                                         ]
[17:00:04] [Server thread/INFO] [minecraft/MinecraftServer]: test-mock-player has made the advancement [Ol' Betsy]
[17:00:04] [Server thread/INFO] [minecraft/GameTestRunner]: Running test environment 'dndturn:prototype_environment_loop' batch 0 (1 tests)...
[17:00:04] [Server thread/INFO] [minecraft/GameTestServer]: [++++++++++++++++++++_                                        ]
[17:00:04] [Server thread/INFO] [minecraft/PlayerList]: test-mock-player[embedded] logged in with entity id 67 at (0.0, 0.0, 0.0)
[17:00:04] [Server thread/INFO] [minecraft/MinecraftServer]: test-mock-player joined the game
[17:00:04] [Server thread/INFO] [minecraft/GameTestRunner]: Running test environment 'dndturn:environment_tnt' batch 0 (1 tests)...
[17:00:05] [Server thread/INFO] [minecraft/PlayerList]: test-mock-player[embedded] logged in with entity id 69 at (0.0, 0.0, 0.0)
[17:00:05] [Server thread/INFO] [minecraft/MinecraftServer]: test-mock-player joined the game
[17:00:05] [Server thread/INFO] [minecraft/GameTestServer]: [+++++++++++++++++++++_                                       ]
[17:00:05] [Server thread/INFO] [minecraft/GameTestServer]: [+++++++++++++++++++++_                                       ]
[17:00:05] [Server thread/INFO] [minecraft/GameTestServer]: [+++++++++++++++++++++_                                       ]
[17:00:05] [Server thread/INFO] [minecraft/GameTestServer]: [+++++++++++++++++++++_                                       ]
[17:00:05] [Server thread/INFO] [minecraft/GameTestServer]: [+++++++++++++++++++++_                                       ]
[17:00:05] [Server thread/INFO] [minecraft/GameTestServer]: [+++++++++++++++++++++_                                       ]
[17:00:05] [Server thread/INFO] [minecraft/GameTestServer]: [+++++++++++++++++++++_                                       ]
[17:00:05] [Server thread/INFO] [minecraft/GameTestServer]: [+++++++++++++++++++++_                                       ]
[17:00:05] [Server thread/INFO] [minecraft/GameTestServer]: [+++++++++++++++++++++_                                       ]
[17:00:05] [Server thread/INFO] [minecraft/GameTestRunner]: Running test environment 'dndturn:player_only_start' batch 0 (1 tests)...
[17:00:05] [Server thread/INFO] [minecraft/PlayerList]: test-mock-player[embedded] logged in with entity id 75 at (0.0, 0.0, 0.0)
[17:00:05] [Server thread/INFO] [minecraft/MinecraftServer]: test-mock-player joined the game
[17:00:05] [Server thread/INFO] [minecraft/GameTestServer]: [++++++++++++++++++++++_                                      ]
[17:00:05] [Server thread/INFO] [minecraft/GameTestServer]: [++++++++++++++++++++++_                                      ]
[17:00:05] [Server thread/INFO] [minecraft/GameTestServer]: [++++++++++++++++++++++_                                      ]
[17:00:05] [Server thread/INFO] [minecraft/GameTestRunner]: Running test environment 'dndturn:merge_world_boundary' batch 0 (1 tests)...
[17:00:05] [Server thread/INFO] [minecraft/PlayerList]: test-mock-player[embedded] logged in with entity id 76 at (0.0, 0.0, 0.0)
[17:00:05] [Server thread/INFO] [minecraft/MinecraftServer]: test-mock-player joined the game
[17:00:05] [Server thread/INFO] [minecraft/PlayerList]: test-mock-player[embedded] logged in with entity id 77 at (0.0, 0.0, 0.0)
[17:00:05] [Server thread/INFO] [minecraft/MinecraftServer]: test-mock-player joined the game
[17:00:05] [Server thread/INFO] [minecraft/GameTestServer]: [+++++++++++++++++++++++_                                     ]
[17:00:05] [Server thread/INFO] [minecraft/GameTestRunner]: Running test environment 'dndturn:body_control' batch 0 (1 tests)...
[17:00:05] [Server thread/INFO] [minecraft/PlayerList]: tactical-test[embedded] logged in with entity id 81 at (0.0, 0.0, 0.0)
[17:00:05] [Server thread/INFO] [minecraft/MinecraftServer]: tactical-test joined the game
[17:00:05] [Server thread/INFO] [minecraft/GameTestServer]: [++++++++++++++++++++++++_                                    ]
[17:00:05] [Server thread/INFO] [minecraft/GameTestServer]: [++++++++++++++++++++++++_                                    ]
[17:00:05] [Server thread/INFO] [minecraft/GameTestRunner]: Running test environment 'dndturn:merge_discovery_expansion' batch 0 (1 tests)...
[17:00:05] [Server thread/INFO] [minecraft/GameTestServer]: [+++++++++++++++++++++++++_                                   ]
[17:00:05] [Server thread/INFO] [minecraft/PlayerList]: test-mock-player[embedded] logged in with entity id 86 at (0.0, 0.0, 0.0)
[17:00:05] [Server thread/INFO] [minecraft/MinecraftServer]: test-mock-player joined the game
[17:00:05] [Server thread/INFO] [minecraft/PlayerList]: test-mock-player[embedded] logged in with entity id 88 at (0.0, 0.0, 0.0)
[17:00:05] [Server thread/INFO] [minecraft/MinecraftServer]: test-mock-player joined the game
[17:00:05] [Server thread/INFO] [minecraft/PlayerList]: test-mock-player[embedded] logged in with entity id 90 at (0.0, 0.0, 0.0)
[17:00:05] [Server thread/INFO] [minecraft/MinecraftServer]: test-mock-player joined the game
[17:00:05] [Server thread/INFO] [minecraft/GameTestServer]: [+++++++++++++++++++++++++_                                   ]
[17:00:05] [Server thread/INFO] [minecraft/GameTestServer]: [+++++++++++++++++++++++++_                                   ]
[17:00:05] [Server thread/INFO] [minecraft/GameTestServer]: [+++++++++++++++++++++++++_                                   ]
[17:00:05] [Server thread/INFO] [minecraft/MinecraftServer]: tactical-test was slain by Zombie
[17:00:05] [Server thread/INFO] [minecraft/GameTestServer]: [+++++++++++++++++++++++++_                                   ]
[17:00:05] [Server thread/INFO] [minecraft/GameTestRunner]: Running test environment 'dndturn:environment_processes' batch 0 (1 tests)...
[17:00:06] [Server thread/INFO] [minecraft/PlayerList]: test-mock-player[embedded] logged in with entity id 95 at (0.0, 0.0, 0.0)
[17:00:06] [Server thread/INFO] [minecraft/MinecraftServer]: test-mock-player joined the game
[17:00:06] [Server thread/INFO] [minecraft/GameTestServer]: [++++++++++++++++++++++++++_                                  ]
[17:00:06] [Server thread/INFO] [minecraft/GameTestServer]: [++++++++++++++++++++++++++_                                  ]
[17:00:06] [Server thread/INFO] [minecraft/GameTestServer]: [++++++++++++++++++++++++++_                                  ]
[17:00:06] [Server thread/INFO] [minecraft/GameTestRunner]: Running test environment 'dndturn:environment_circuits' batch 0 (1 tests)...
[17:00:06] [Server thread/INFO] [minecraft/PlayerList]: test-mock-player[embedded] logged in with entity id 101 at (0.0, 0.0, 0.0)
[17:00:06] [Server thread/INFO] [minecraft/MinecraftServer]: test-mock-player joined the game
[17:00:06] [Server thread/INFO] [minecraft/GameTestServer]: [+++++++++++++++++++++++++++_                                 ]
[17:00:06] [Server thread/INFO] [minecraft/GameTestServer]: [+++++++++++++++++++++++++++_                                 ]
[17:00:06] [Server thread/INFO] [minecraft/GameTestServer]: [+++++++++++++++++++++++++++_                                 ]
[17:00:06] [Server thread/INFO] [minecraft/GameTestServer]: [+++++++++++++++++++++++++++_                                 ]
[17:00:06] [Server thread/INFO] [minecraft/GameTestServer]: [+++++++++++++++++++++++++++_                                 ]
[17:00:06] [Server thread/INFO] [minecraft/GameTestServer]: [+++++++++++++++++++++++++++_                                 ]
[17:00:06] [Server thread/INFO] [minecraft/GameTestServer]: [+++++++++++++++++++++++++++_                                 ]
[17:00:06] [Server thread/INFO] [minecraft/GameTestServer]: [+++++++++++++++++++++++++++_                                 ]
[17:00:06] [Server thread/INFO] [minecraft/GameTestRunner]: Running test environment 'dndturn:discovery_cursor' batch 0 (1 tests)...
[17:00:06] [Server thread/INFO] [minecraft/GameTestServer]: [++++++++++++++++++++++++++++_                                ]
[17:00:06] [Server thread/INFO] [minecraft/GameTestServer]: [++++++++++++++++++++++++++++_                                ]
[17:00:06] [Server thread/INFO] [minecraft/GameTestRunner]: Running test environment 'dndturn:tactical_behaviors' batch 0 (3 tests)...
[17:00:06] [Server thread/INFO] [minecraft/PlayerList]: test-mock-player[embedded] logged in with entity id 184 at (0.0, 0.0, 0.0)
[17:00:06] [Server thread/INFO] [minecraft/MinecraftServer]: test-mock-player joined the game
[17:00:07] [Server thread/INFO] [minecraft/PlayerList]: test-mock-player[embedded] logged in with entity id 186 at (0.0, 0.0, 0.0)
[17:00:07] [Server thread/INFO] [minecraft/MinecraftServer]: test-mock-player joined the game
[17:00:07] [Server thread/INFO] [minecraft/PlayerList]: test-mock-player[embedded] logged in with entity id 188 at (0.0, 0.0, 0.0)
[17:00:07] [Server thread/INFO] [minecraft/MinecraftServer]: test-mock-player joined the game
[17:00:07] [Server thread/INFO] [minecraft/MinecraftServer]: test-mock-player has made the advancement [Monster Hunter]
[17:00:07] [Server thread/INFO] [minecraft/LivingEntity]: Named entity Zombie['Behavior target'/189, l='ServerLevel[Test Level]', x=-9571792.50, y=93.00, z=-4647162.50] died: death.attack.dndturn.tactical
[17:00:07] [Server thread/INFO] [minecraft/GameTestServer]: [+++++++++++++++++++++++++++++__+                             ]
[17:00:07] [Server thread/INFO] [minecraft/GameTestServer]: [+++++++++++++++++++++++++++++__+                             ]
[17:00:07] [Server thread/INFO] [minecraft/GameTestServer]: [+++++++++++++++++++++++++++++_++                             ]
[17:00:07] [Server thread/INFO] [minecraft/GameTestRunner]: Running test environment 'dndturn:movement_lease_exit' batch 0 (1 tests)...
[17:00:07] [Server thread/INFO] [minecraft/GameTestServer]: [++++++++++++++++++++++++++++++++_                            ]
[17:00:07] [Server thread/INFO] [minecraft/GameTestServer]: [++++++++++++++++++++++++++++++++_                            ]
[17:00:07] [Server thread/INFO] [minecraft/GameTestServer]: [++++++++++++++++++++++++++++++++_                            ]
[17:00:07] [Server thread/INFO] [minecraft/PlayerList]: test-mock-player[embedded] logged in with entity id 194 at (0.0, 0.0, 0.0)
[17:00:07] [Server thread/INFO] [minecraft/MinecraftServer]: test-mock-player joined the game
[17:00:07] [Server thread/INFO] [minecraft/GameTestRunner]: Running test environment 'minecraft:default' batch 0 (21 tests)...
[17:00:07] [Server thread/INFO] [minecraft/PlayerList]: test-mock-player[embedded] logged in with entity id 199 at (0.0, 0.0, 0.0)
[17:00:07] [Server thread/INFO] [minecraft/MinecraftServer]: test-mock-player joined the game
[17:00:07] [Server thread/INFO] [minecraft/PlayerList]: test-mock-player[embedded] logged in with entity id 201 at (0.0, 0.0, 0.0)
[17:00:07] [Server thread/INFO] [minecraft/MinecraftServer]: test-mock-player joined the game
[17:00:07] [Server thread/INFO] [minecraft/MinecraftServer]: test-mock-player has made the advancement [Monster Hunter]
[17:00:07] [Server thread/INFO] [minecraft/PlayerList]: test-mock-player[embedded] logged in with entity id 207 at (0.0, 0.0, 0.0)
[17:00:07] [Server thread/INFO] [minecraft/MinecraftServer]: test-mock-player joined the game
[17:00:07] [Server thread/INFO] [minecraft/PlayerList]: candidate-review-player[embedded] logged in with entity id 209 at (0.0, 0.0, 0.0)
[17:00:07] [Server thread/INFO] [minecraft/MinecraftServer]: candidate-review-player joined the game
[17:00:08] [Server thread/INFO] [minecraft/PlayerList]: test-mock-player[embedded] logged in with entity id 212 at (0.0, 0.0, 0.0)
[17:00:08] [Server thread/INFO] [minecraft/MinecraftServer]: test-mock-player joined the game
[17:00:08] [Server thread/INFO] [minecraft/PlayerList]: test-mock-player[embedded] logged in with entity id 214 at (0.0, 0.0, 0.0)
[17:00:08] [Server thread/INFO] [minecraft/MinecraftServer]: test-mock-player joined the game
[17:00:08] [Server thread/INFO] [minecraft/PlayerList]: test-mock-player[embedded] logged in with entity id 215 at (0.0, 0.0, 0.0)
[17:00:08] [Server thread/INFO] [minecraft/MinecraftServer]: test-mock-player joined the game
[17:00:08] [Server thread/INFO] [minecraft/PlayerList]: exit-test-player[embedded] logged in with entity id 219 at (0.0, 0.0, 0.0)
[17:00:08] [Server thread/INFO] [minecraft/MinecraftServer]: exit-test-player joined the game
[17:00:08] [Server thread/INFO] [minecraft/PlayerList]: exit-test-player[embedded] logged in with entity id 221 at (0.0, 0.0, 0.0)
[17:00:08] [Server thread/INFO] [minecraft/MinecraftServer]: exit-test-player joined the game
[17:00:08] [Server thread/INFO] [minecraft/PlayerList]: tactical-test[embedded] logged in with entity id 222 at (0.0, 0.0, 0.0)
[17:00:08] [Server thread/INFO] [minecraft/MinecraftServer]: tactical-test joined the game
[17:00:08] [Server thread/INFO] [minecraft/PlayerList]: test-mock-player[embedded] logged in with entity id 226 at (0.0, 0.0, 0.0)
[17:00:08] [Server thread/INFO] [minecraft/MinecraftServer]: test-mock-player joined the game
[17:00:08] [Server thread/ERROR] [cc.si.dn.co.ServerCombatService/]: Combat save cannot be safely restored; preserving it and disabling new encounters
java.lang.IllegalArgumentException: active encounter lacks captured settings or session sequence
	at TRANSFORMER/dndturn@1.0.0-SNAPSHOT/cc.sighs.dndturn.combat.CombatRecoveryCandidate.validate(CombatRecoveryCandidate.java:13) ~[main/:?] {}
	at TRANSFORMER/dndturn@1.0.0-SNAPSHOT/cc.sighs.dndturn.combat.ServerCombatService.<init>(ServerCombatService.java:298) [main/:?] {}
	at TRANSFORMER/dndturn@1.0.0-SNAPSHOT/cc.sighs.dndturn.combat.ServerCombatService.restoreForGameTest(ServerCombatService.java:384) [main/:?] {}
	at TRANSFORMER/dndturn@1.0.0-SNAPSHOT/cc.sighs.dndturn.gametest.RepairGameTests.values(RepairGameTests.java:124) [main/:?] {}
	at TRANSFORMER/minecraft@26.1.2/net.minecraft.gametest.framework.FunctionGameTestInstance.run(FunctionGameTestInstance.java:34) [minecraft-patched-26.1.2.84.jar:?] {}
	at TRANSFORMER/minecraft@26.1.2/net.minecraft.gametest.framework.GameTestInfo.startTest(GameTestInfo.java:163) [minecraft-patched-26.1.2.84.jar:?] {neoforge:access_transformer}
	at TRANSFORMER/minecraft@26.1.2/net.minecraft.gametest.framework.GameTestInfo.tickInternal(GameTestInfo.java:119) [minecraft-patched-26.1.2.84.jar:?] {neoforge:access_transformer}
	at TRANSFORMER/minecraft@26.1.2/net.minecraft.gametest.framework.GameTestInfo.tick(GameTestInfo.java:104) [minecraft-patched-26.1.2.84.jar:?] {neoforge:access_transformer}
	at TRANSFORMER/minecraft@26.1.2/net.minecraft.gametest.framework.GameTestTicker.lambda$tick$0(GameTestTicker.java:47) [minecraft-patched-26.1.2.84.jar:?] {}
	at java.base/java.util.concurrent.CopyOnWriteArrayList.forEach(CopyOnWriteArrayList.java:905) [?:?] {}
	at TRANSFORMER/minecraft@26.1.2/net.minecraft.gametest.framework.GameTestTicker.tick(GameTestTicker.java:47) [minecraft-patched-26.1.2.84.jar:?] {}
	at TRANSFORMER/minecraft@26.1.2/net.minecraft.server.MinecraftServer.tickChildren(MinecraftServer.java:1171) [minecraft-patched-26.1.2.84.jar:?] {neoforge:access_transformer,neoforge:access_transformer,neoforge:mixin[APP:dndturn.mixins.json:MinecraftServerWorldTickBoundaryMixin from mod dndturn]}
	at TRANSFORMER/minecraft@26.1.2/net.minecraft.server.MinecraftServer.tickServer(MinecraftServer.java:1003) [minecraft-patched-26.1.2.84.jar:?] {neoforge:access_transformer,neoforge:access_transformer,neoforge:mixin[APP:dndturn.mixins.json:MinecraftServerWorldTickBoundaryMixin from mod dndturn]}
	at TRANSFORMER/minecraft@26.1.2/net.minecraft.gametest.framework.GameTestServer.tickServer(GameTestServer.java:255) [minecraft-patched-26.1.2.84.jar:?] {}
	at TRANSFORMER/minecraft@26.1.2/net.minecraft.server.MinecraftServer.processPacketsAndTick(MinecraftServer.java:1035) [minecraft-patched-26.1.2.84.jar:?] {neoforge:access_transformer,neoforge:access_transformer,neoforge:mixin[APP:dndturn.mixins.json:MinecraftServerWorldTickBoundaryMixin from mod dndturn]}
	at TRANSFORMER/minecraft@26.1.2/net.minecraft.server.MinecraftServer.runServer(MinecraftServer.java:776) [minecraft-patched-26.1.2.84.jar:?] {neoforge:access_transformer,neoforge:access_transformer,neoforge:mixin[APP:dndturn.mixins.json:MinecraftServerWorldTickBoundaryMixin from mod dndturn]}
	at TRANSFORMER/minecraft@26.1.2/net.minecraft.server.MinecraftServer.lambda$spin$0(MinecraftServer.java:300) [minecraft-patched-26.1.2.84.jar:?] {neoforge:access_transformer,neoforge:access_transformer,neoforge:mixin[APP:dndturn.mixins.json:MinecraftServerWorldTickBoundaryMixin from mod dndturn]}
	at java.base/java.lang.Thread.run(Thread.java:1474) [?:?] {}
[17:00:08] [Server thread/INFO] [minecraft/PlayerList]: test-mock-player[embedded] logged in with entity id 234 at (0.0, 0.0, 0.0)
[17:00:08] [Server thread/INFO] [minecraft/MinecraftServer]: test-mock-player joined the game
[17:00:08] [Server thread/WARN] [cc.si.dn.co.ServerCombatService/]: Restored encounter da2df554-2271-42be-bbac-497b34192f2e released: membersPresent=false unknownOperations=1
[17:00:08] [Server thread/INFO] [minecraft/PlayerList]: test-mock-player[embedded] logged in with entity id 236 at (0.0, 0.0, 0.0)
[17:00:08] [Server thread/INFO] [minecraft/MinecraftServer]: test-mock-player joined the game
[17:00:08] [Server thread/INFO] [minecraft/PlayerList]: test-mock-player[embedded] logged in with entity id 240 at (0.0, 0.0, 0.0)
[17:00:08] [Server thread/INFO] [minecraft/MinecraftServer]: test-mock-player joined the game
[17:00:08] [Server thread/INFO] [minecraft/PlayerList]: test-mock-player[embedded] logged in with entity id 242 at (0.0, 0.0, 0.0)
[17:00:08] [Server thread/INFO] [minecraft/MinecraftServer]: test-mock-player joined the game
[17:00:09] [Server thread/INFO] [minecraft/GameTestServer]: [++++++++++++++++++++++++++++++++++__+++++++++_++_+_+++       ]
[17:00:09] [Server thread/INFO] [minecraft/GameTestServer]: [+++++++++++++++++++++++++++++++++++++++++++++_++_+++++       ]
[17:00:09] [Server thread/INFO] [minecraft/PlayerList]: test-mock-player[embedded] logged in with entity id 250 at (0.0, 0.0, 0.0)
[17:00:09] [Server thread/INFO] [minecraft/MinecraftServer]: test-mock-player joined the game
[17:00:09] [Server thread/INFO] [minecraft/GameTestServer]: [+++++++++++++++++++++++++++++++++++++++++++++_++_+++++       ]
[17:00:09] [Server thread/INFO] [minecraft/GameTestServer]: [++++++++++++++++++++++++++++++++++++++++++++++++_+++++       ]
[17:00:09] [Server thread/INFO] [minecraft/GameTestServer]: [++++++++++++++++++++++++++++++++++++++++++++++++_+++++       ]
[17:00:09] [Server thread/INFO] [minecraft/GameTestServer]: [++++++++++++++++++++++++++++++++++++++++++++++++_+++++       ]
[17:00:09] [Server thread/INFO] [minecraft/GameTestServer]: [++++++++++++++++++++++++++++++++++++++++++++++++_+++++       ]
[17:00:09] [Server thread/INFO] [minecraft/GameTestServer]: [++++++++++++++++++++++++++++++++++++++++++++++++_+++++       ]
[17:00:09] [Server thread/INFO] [minecraft/GameTestRunner]: Running test environment 'dndturn:participant_fire' batch 0 (1 tests)...
[17:00:09] [Server thread/INFO] [minecraft/PlayerList]: tactical-test[embedded] logged in with entity id 254 at (0.0, 0.0, 0.0)
[17:00:09] [Server thread/INFO] [minecraft/MinecraftServer]: tactical-test joined the game
[17:00:09] [Server thread/INFO] [minecraft/GameTestServer]: [++++++++++++++++++++++++++++++++++++++++++++++++++++++_      ]
[17:00:09] [Server thread/INFO] [minecraft/GameTestServer]: [++++++++++++++++++++++++++++++++++++++++++++++++++++++_      ]
[17:00:09] [Server thread/INFO] [minecraft/GameTestServer]: [++++++++++++++++++++++++++++++++++++++++++++++++++++++_      ]
[17:00:09] [Server thread/INFO] [minecraft/GameTestRunner]: Running test environment 'dndturn:environment_classification' batch 0 (1 tests)...
[17:00:09] [Server thread/INFO] [minecraft/PlayerList]: test-mock-player[embedded] logged in with entity id 256 at (0.0, 0.0, 0.0)
[17:00:09] [Server thread/INFO] [minecraft/MinecraftServer]: test-mock-player joined the game
[17:00:09] [Server thread/INFO] [minecraft/GameTestServer]: [+++++++++++++++++++++++++++++++++++++++++++++++++++++++_     ]
[17:00:10] [Server thread/INFO] [minecraft/GameTestServer]: [+++++++++++++++++++++++++++++++++++++++++++++++++++++++_     ]
[17:00:10] [Server thread/INFO] [minecraft/GameTestRunner]: Running test environment 'dndturn:environment_domains' batch 0 (1 tests)...
[17:00:10] [Server thread/INFO] [minecraft/PlayerList]: test-mock-player[embedded] logged in with entity id 264 at (0.0, 0.0, 0.0)
[17:00:10] [Server thread/INFO] [minecraft/MinecraftServer]: test-mock-player joined the game
[17:00:10] [Server thread/INFO] [minecraft/PlayerList]: test-mock-player[embedded] logged in with entity id 265 at (0.0, 0.0, 0.0)
[17:00:10] [Server thread/INFO] [minecraft/MinecraftServer]: test-mock-player joined the game
[17:00:10] [Server thread/INFO] [minecraft/GameTestServer]: [++++++++++++++++++++++++++++++++++++++++++++++++++++++++_    ]
[17:00:10] [Server thread/WARN] [cc.si.dn.co.EnvironmentExplosion/]: ENVIRONMENT_DOMAIN_MISMATCH step=5e397b71-84a1-483c-83bb-dbb314843a15 source=d704c33d-c598-4061-a591-21b5a1eaacbe rejectedEntities=1 rejectedBlocks=15
[17:00:10] [Server thread/INFO] [minecraft/GameTestServer]: [++++++++++++++++++++++++++++++++++++++++++++++++++++++++_    ]
[17:00:10] [Server thread/INFO] [minecraft/GameTestRunner]: Running test environment 'dndturn:environment_clock' batch 0 (1 tests)...
[17:00:10] [Server thread/INFO] [minecraft/PlayerList]: test-mock-player[embedded] logged in with entity id 271 at (0.0, 0.0, 0.0)
[17:00:10] [Server thread/INFO] [minecraft/MinecraftServer]: test-mock-player joined the game
[17:00:10] [Server thread/INFO] [minecraft/GameTestServer]: [+++++++++++++++++++++++++++++++++++++++++++++++++++++++++_   ]
[17:00:10] [Server thread/INFO] [minecraft/GameTestServer]: [+++++++++++++++++++++++++++++++++++++++++++++++++++++++++_   ]
[17:00:10] [Server thread/INFO] [minecraft/GameTestServer]: [+++++++++++++++++++++++++++++++++++++++++++++++++++++++++_   ]
[17:00:10] [Server thread/INFO] [minecraft/GameTestServer]: [+++++++++++++++++++++++++++++++++++++++++++++++++++++++++_   ]
[17:00:10] [Server thread/INFO] [minecraft/GameTestServer]: [+++++++++++++++++++++++++++++++++++++++++++++++++++++++++_   ]
[17:00:10] [Server thread/INFO] [minecraft/GameTestServer]: [+++++++++++++++++++++++++++++++++++++++++++++++++++++++++_   ]
[17:00:10] [Server thread/INFO] [minecraft/GameTestRunner]: Running test environment 'dndturn:tactical_ranged' batch 0 (1 tests)...
[17:00:10] [Server thread/INFO] [minecraft/GameTestServer]: [++++++++++++++++++++++++++++++++++++++++++++++++++++++++++_  ]
[17:00:10] [Server thread/INFO] [minecraft/GameTestServer]: [++++++++++++++++++++++++++++++++++++++++++++++++++++++++++_  ]
[17:00:10] [Server thread/INFO] [minecraft/PlayerList]: test-mock-player[embedded] logged in with entity id 273 at (0.0, 0.0, 0.0)
[17:00:10] [Server thread/INFO] [minecraft/MinecraftServer]: test-mock-player joined the game
[17:00:10] [Server thread/INFO] [minecraft/GameTestServer]: [++++++++++++++++++++++++++++++++++++++++++++++++++++++++++_  ]
[17:00:10] [Server thread/INFO] [minecraft/GameTestServer]: [++++++++++++++++++++++++++++++++++++++++++++++++++++++++++_  ]
[17:00:10] [Server thread/INFO] [minecraft/GameTestRunner]: Running test environment 'dndturn:native_melee' batch 0 (1 tests)...
[17:00:11] [Server thread/INFO] [minecraft/PlayerList]: tactical-test[embedded] logged in with entity id 276 at (0.0, 0.0, 0.0)
[17:00:11] [Server thread/INFO] [minecraft/MinecraftServer]: tactical-test joined the game
[17:00:11] [Server thread/INFO] [minecraft/GameTestServer]: [+++++++++++++++++++++++++++++++++++++++++++++++++++++++++++_ ]
[17:00:11] [Server thread/INFO] [minecraft/GameTestServer]: [+++++++++++++++++++++++++++++++++++++++++++++++++++++++++++_ ]
[17:00:11] [Server thread/INFO] [minecraft/GameTestRunner]: Running test environment 'dndturn:tactical_snowball' batch 0 (1 tests)...
[17:00:11] [Server thread/INFO] [minecraft/GameTestServer]: [++++++++++++++++++++++++++++++++++++++++++++++++++++++++++++_]
[17:00:11] [Server thread/INFO] [minecraft/GameTestServer]: [++++++++++++++++++++++++++++++++++++++++++++++++++++++++++++_]
[17:00:11] [Server thread/INFO] [minecraft/PlayerList]: test-mock-player[embedded] logged in with entity id 278 at (0.0, 0.0, 0.0)
[17:00:11] [Server thread/INFO] [minecraft/MinecraftServer]: test-mock-player joined the game
[17:00:11] [Server thread/INFO] [minecraft/GameTestServer]: [++++++++++++++++++++++++++++++++++++++++++++++++++++++++++++_]
[17:00:11] [Server thread/INFO] [minecraft/GameTestServer]: [++++++++++++++++++++++++++++++++++++++++++++++++++++++++++++_]
[17:00:11] [Server thread/INFO] [minecraft/GameTestServer]: [+++++++++++++++++++++++++++++++++++++++++++++++++++++++++++++]
[17:00:11] [Server thread/INFO] [minecraft/GameTestServer]: ========= 61 GAME TESTS COMPLETE IN 11.74 s ======================
[17:00:11] [Server thread/INFO] [minecraft/GameTestServer]: All 61 required tests passed :)
[17:00:11] [Server thread/INFO] [minecraft/GameTestServer]: ====================================================
[17:00:11] [Server thread/INFO] [minecraft/MinecraftServer]: Stopping server
[17:00:11] [Server thread/INFO] [minecraft/MinecraftServer]: Saving players
[17:00:11] [Server thread/INFO] [minecraft/ServerGamePacketListenerImpl]: test-mock-player lost connection: Server closed
[17:00:11] [Server thread/INFO] [minecraft/MinecraftServer]: test-mock-player left the game
[17:00:11] [Server thread/INFO] [minecraft/ServerGamePacketListenerImpl]: test-mock-player lost connection: Server closed
[17:00:11] [Server thread/INFO] [minecraft/MinecraftServer]: test-mock-player left the game
[17:00:11] [Server thread/INFO] [minecraft/ServerGamePacketListenerImpl]: test-mock-player lost connection: Server closed
[17:00:11] [Server thread/INFO] [minecraft/MinecraftServer]: test-mock-player left the game
[17:00:11] [Server thread/INFO] [minecraft/ServerGamePacketListenerImpl]: test-mock-player lost connection: Server closed
[17:00:11] [Server thread/INFO] [minecraft/MinecraftServer]: test-mock-player left the game
[17:00:11] [Server thread/INFO] [minecraft/ServerGamePacketListenerImpl]: test-mock-player lost connection: Server closed
[17:00:11] [Server thread/INFO] [minecraft/MinecraftServer]: test-mock-player left the game
[17:00:11] [Server thread/INFO] [minecraft/ServerGamePacketListenerImpl]: test-mock-player lost connection: Server closed
[17:00:11] [Server thread/INFO] [minecraft/MinecraftServer]: test-mock-player left the game
[17:00:11] [Server thread/INFO] [minecraft/ServerGamePacketListenerImpl]: test-mock-player lost connection: Server closed
[17:00:11] [Server thread/INFO] [minecraft/MinecraftServer]: test-mock-player left the game
[17:00:11] [Server thread/INFO] [minecraft/ServerGamePacketListenerImpl]: tactical-test lost connection: Server closed
[17:00:11] [Server thread/INFO] [minecraft/MinecraftServer]: tactical-test left the game
[17:00:11] [Server thread/INFO] [minecraft/ServerGamePacketListenerImpl]: tactical-test lost connection: Server closed
[17:00:11] [Server thread/INFO] [minecraft/MinecraftServer]: tactical-test left the game
[17:00:11] [Server thread/INFO] [minecraft/ServerGamePacketListenerImpl]: exit-test-player lost connection: Server closed
[17:00:11] [Server thread/INFO] [minecraft/MinecraftServer]: exit-test-player left the game
[17:00:11] [Server thread/INFO] [minecraft/ServerGamePacketListenerImpl]: exit-test-player lost connection: Server closed
[17:00:11] [Server thread/INFO] [minecraft/MinecraftServer]: exit-test-player left the game
[17:00:11] [Server thread/INFO] [minecraft/ServerGamePacketListenerImpl]: test-mock-player lost connection: Server closed
[17:00:11] [Server thread/INFO] [minecraft/MinecraftServer]: test-mock-player left the game
[17:00:11] [Server thread/INFO] [minecraft/ServerGamePacketListenerImpl]: test-mock-player lost connection: Server closed
[17:00:11] [Server thread/INFO] [minecraft/MinecraftServer]: test-mock-player left the game
[17:00:11] [Server thread/INFO] [minecraft/ServerGamePacketListenerImpl]: test-mock-player lost connection: Server closed
[17:00:11] [Server thread/INFO] [minecraft/MinecraftServer]: test-mock-player left the game
[17:00:11] [Server thread/INFO] [minecraft/ServerGamePacketListenerImpl]: test-mock-player lost connection: Server closed
[17:00:11] [Server thread/INFO] [minecraft/MinecraftServer]: test-mock-player left the game
[17:00:11] [Server thread/INFO] [minecraft/ServerGamePacketListenerImpl]: test-mock-player lost connection: Server closed
[17:00:11] [Server thread/INFO] [minecraft/MinecraftServer]: test-mock-player left the game
[17:00:11] [Server thread/INFO] [minecraft/ServerGamePacketListenerImpl]: tactical-test lost connection: Server closed
[17:00:11] [Server thread/INFO] [minecraft/MinecraftServer]: tactical-test left the game
[17:00:11] [Server thread/INFO] [minecraft/ServerGamePacketListenerImpl]: test-mock-player lost connection: Server closed
[17:00:11] [Server thread/INFO] [minecraft/MinecraftServer]: test-mock-player left the game
[17:00:11] [Server thread/INFO] [minecraft/ServerGamePacketListenerImpl]: test-mock-player lost connection: Server closed
[17:00:12] [Server thread/INFO] [minecraft/MinecraftServer]: test-mock-player left the game
[17:00:12] [Server thread/INFO] [minecraft/ServerGamePacketListenerImpl]: test-mock-player lost connection: Server closed
[17:00:12] [Server thread/INFO] [minecraft/MinecraftServer]: test-mock-player left the game
[17:00:12] [Server thread/INFO] [minecraft/ServerGamePacketListenerImpl]: test-mock-player lost connection: Server closed
[17:00:12] [Server thread/INFO] [minecraft/MinecraftServer]: test-mock-player left the game
[17:00:12] [Server thread/INFO] [minecraft/ServerGamePacketListenerImpl]: test-mock-player lost connection: Server closed
[17:00:12] [Server thread/INFO] [minecraft/MinecraftServer]: test-mock-player left the game
[17:00:12] [Server thread/INFO] [minecraft/ServerGamePacketListenerImpl]: test-mock-player lost connection: Server closed
[17:00:12] [Server thread/INFO] [minecraft/MinecraftServer]: test-mock-player left the game
[17:00:12] [Server thread/INFO] [minecraft/ServerGamePacketListenerImpl]: test-mock-player lost connection: Server closed
[17:00:12] [Server thread/INFO] [minecraft/MinecraftServer]: test-mock-player left the game
[17:00:12] [Server thread/INFO] [minecraft/ServerGamePacketListenerImpl]: test-mock-player lost connection: Server closed
[17:00:12] [Server thread/INFO] [minecraft/MinecraftServer]: test-mock-player left the game
[17:00:12] [Server thread/INFO] [minecraft/ServerGamePacketListenerImpl]: exit-test-player lost connection: Server closed
[17:00:12] [Server thread/INFO] [minecraft/MinecraftServer]: exit-test-player left the game
[17:00:12] [Server thread/INFO] [minecraft/ServerGamePacketListenerImpl]: test-mock-player lost connection: Server closed
[17:00:12] [Server thread/INFO] [minecraft/MinecraftServer]: test-mock-player left the game
[17:00:12] [Server thread/INFO] [minecraft/ServerGamePacketListenerImpl]: test-mock-player lost connection: Server closed
[17:00:12] [Server thread/INFO] [minecraft/MinecraftServer]: test-mock-player left the game
[17:00:12] [Server thread/INFO] [minecraft/ServerGamePacketListenerImpl]: test-mock-player lost connection: Server closed
[17:00:12] [Server thread/INFO] [minecraft/MinecraftServer]: test-mock-player left the game
[17:00:12] [Server thread/INFO] [minecraft/ServerGamePacketListenerImpl]: tactical-test lost connection: Server closed
[17:00:12] [Server thread/INFO] [minecraft/MinecraftServer]: tactical-test left the game
[17:00:12] [Server thread/INFO] [minecraft/ServerGamePacketListenerImpl]: test-mock-player lost connection: Server closed
[17:00:12] [Server thread/INFO] [minecraft/MinecraftServer]: test-mock-player left the game
[17:00:12] [Server thread/INFO] [minecraft/ServerGamePacketListenerImpl]: test-mock-player lost connection: Server closed
[17:00:12] [Server thread/INFO] [minecraft/MinecraftServer]: test-mock-player left the game
[17:00:12] [Server thread/INFO] [minecraft/ServerGamePacketListenerImpl]: tactical-test lost connection: Server closed
[17:00:12] [Server thread/INFO] [minecraft/MinecraftServer]: tactical-test left the game
[17:00:12] [Server thread/INFO] [minecraft/MinecraftServer]: Saving worlds
[17:00:12] [Server thread/INFO] [minecraft/MinecraftServer]: Saving chunks for level 'ServerLevel[Test Level]'/minecraft:overworld
[17:00:17] [Server thread/INFO] [minecraft/MinecraftServer]: Saving chunks for level 'ServerLevel[Test Level]'/minecraft:the_nether
[17:00:17] [Server thread/INFO] [minecraft/MinecraftServer]: Saving chunks for level 'ServerLevel[Test Level]'/minecraft:the_end
[17:00:17] [Server thread/INFO] [minecraft/MinecraftServer]: ThreadedAnvilChunkStorage (world): All chunks are saved
[17:00:17] [Server thread/INFO] [minecraft/MinecraftServer]: ThreadedAnvilChunkStorage (DIM-1): All chunks are saved
[17:00:17] [Server thread/INFO] [minecraft/MinecraftServer]: ThreadedAnvilChunkStorage (DIM1): All chunks are saved
[17:00:17] [Server thread/INFO] [minecraft/MinecraftServer]: ThreadedAnvilChunkStorage: All dimensions are saved
[17:00:18] [Server thread/INFO] [minecraft/GameTestServer]: Game test server shutting down

[Incubating] Problems report is available at: file:///D:/javaProjects/dndturn26.1/targets/neoforge-26.1/build/reports/problems/problems-report.html

BUILD SUCCESSFUL in 29s
11 actionable tasks: 2 executed, 9 up-to-date
Consider enabling configuration cache to speed up this build: https://docs.gradle.org/9.7.1/userguide/configuration_cache_enabling.html
