WARNING: A restricted method in java.lang.System has been called
WARNING: java.lang.System::load has been called by net.rubygrapefruit.platform.internal.NativeLibraryLoader in an unnamed module (file:/C:/Users/RNaim/.gradle/wrapper/dists/gradle-9.7.1-bin/1w1c7tv4s851m17nbqdsro2tv/gradle-9.7.1/lib/native-platform-0.22-milestone-29.jar)
WARNING: Use --enable-native-access=ALL-UNNAMED to avoid a warning for callers in this module
WARNING: Restricted methods will be blocked in a future release unless native access is enabled

To honour the JVM settings for this build a single-use Daemon process will be forked. For more on this, please refer to https://docs.gradle.org/9.7.1/userguide/gradle_daemon.html#sec:disabling_the_daemon in the Gradle documentation.
Daemon will be stopped at the end of the build 
> Task :createMinecraftArtifacts UP-TO-DATE
> Task :common:compileJava UP-TO-DATE
> Task :compileJava UP-TO-DATE
> Task :processResources UP-TO-DATE
> Task :common:processResources NO-SOURCE
> Task :common:classes UP-TO-DATE
> Task :classes UP-TO-DATE
> Task :compileGameTestJava UP-TO-DATE
> Task :processGameTestResources UP-TO-DATE
> Task :gameTestClasses UP-TO-DATE
> Task :downloadAssets UP-TO-DATE
> Task :prepareGameTestServerRun
> Task :common:jar UP-TO-DATE

2026-09-30T08:38:19.711703Z main WARN Advanced terminal features are not available in this environment
> Task :runGameTestServer
[16:38:19] [main/INFO] [ne.ne.fm.st.Entrypoint/]: JVM Uptime at startup: 117ms
[16:38:19] [main/INFO] [ne.ne.fm.lo.FMLLoader/]: Starting FancyModLoader version 11.0.15 (DEDICATED_SERVER in DEV)
[16:38:19] [main/INFO] [ne.ne.fm.lo.FMLLoader/]: Game directory: D:\javaProjects\dndturn26.1\targets\neoforge-26.1\build\gametest-run
[16:38:19] [main/INFO] [ne.ne.fm.lo.EarlyServiceDiscovery/]: Found 2 early service jars (out of 109) in 16ms
[16:38:19] [main/INFO] [ne.ne.fm.lo.FMLLoader/]: Loading FML Early Services:
[16:38:19] [main/INFO] [ne.ne.fm.lo.FMLLoader/]:  - C:/Users/RNaim/.gradle/caches/modules-2/files-2.1/net.neoforged.fancymodloader/loader/11.0.15/69ddd98736a6b095783523404d1af8992842722/loader-11.0.15.jar
[16:38:19] [main/INFO] [ne.ne.fm.lo.FMLLoader/]:  - C:/Users/RNaim/.gradle/caches/modules-2/files-2.1/net.neoforged.fancymodloader/earlydisplay/11.0.15/b254aa4ec40828f8ce65411dcb7fb9f6ce008064/earlydisplay-11.0.15.jar
[16:38:19] [main/INFO] [ne.ne.fm.lo.ImmediateWindowHandler/]: Not loading early display in headless mode.
[16:38:19] [main/INFO] [ne.ne.fm.lo.mo.lo.GameLocator/]: Detected a joined NeoForge and Minecraft configuration. Applying filtering...
[16:38:19] [main/INFO] [ne.ne.fm.lo.mo.lo.InDevFolderLocator/CORE]: Got mod coordinates dndturnTests%%D:\javaProjects\dndturn26.1\targets\neoforge-26.1\build\classes\java\main;dndturnTests%%D:\javaProjects\dndturn26.1\targets\neoforge-26.1\build\resources\main;dndturnTests%%D:\javaProjects\dndturn26.1\common\build\classes\java\main;dndturnTests%%D:\javaProjects\dndturn26.1\targets\neoforge-26.1\build\classes\java\gameTest;dndturnTests%%D:\javaProjects\dndturn26.1\targets\neoforge-26.1\build\resources\gameTest from env
[16:38:20] [main/INFO] [ne.ne.fm.lo.mo.lo.JarInJarDependencyLocator/]: Found 2 dependencies adding them to mods collection
[16:38:20] [main/INFO] [ne.ne.fm.lo.mo.ModDiscoverer/]: 
     Mod List:
		Name Version (Mod Id)

		ApricityUI 1.2.5 (apricityui)
		DNDTurn 1.0.0-SNAPSHOT (dndturn)
		Minecraft 26.1.2 (minecraft)
		NeoForge 26.1.2.84 (neoforge)
[16:38:20] [main/INFO] [mixin/]: SpongePowered MIXIN Subsystem Version=0.8.7 Source=file:/C:/Users/RNaim/.gradle/caches/modules-2/files-2.1/net.fabricmc/sponge-mixin/0.17.3+mixin.0.8.7/41c4a3984a80f4679e759fb9f495587acc5cdac7/sponge-mixin-0.17.3+mixin.0.8.7.jar Service=FML Env=SERVER
[16:38:20] [main/INFO] [ne.ne.fm.lo.FMLLoader/]: Loading FML Plugins:
[16:38:20] [main/INFO] [ne.ne.fm.lo.FMLLoader/]:  - C:/Users/RNaim/.gradle/caches/modules-2/files-2.1/net.neoforged/neoforge/26.1.2.84/b725526a2fab2163b9a0a8ce89d435d7cd5d8a88/neoforge-26.1.2.84-universal.jar > net.neoforged.neoforge-coremods-26.1.2.84.jar
[16:38:20] [main/INFO] [ne.ne.fm.lo.FMLLoader/]: Building game content classloader:
 - apricityui (jar(C:/Users/RNaim/.gradle/caches/modules-2/files-2.1/maven.modrinth/apricityui/wwrdhxiM/d4311449e5b1cdc9a59e33a7f2b02435d7441546/apricityui-wwrdhxiM.jar))
 - dndturn (composite(folder(D:/javaProjects/dndturn26.1/targets/neoforge-26.1/build/classes/java/main), folder(D:/javaProjects/dndturn26.1/targets/neoforge-26.1/build/resources/main), folder(D:/javaProjects/dndturn26.1/common/build/classes/java/main), folder(D:/javaProjects/dndturn26.1/targets/neoforge-26.1/build/classes/java/gameTest), folder(D:/javaProjects/dndturn26.1/targets/neoforge-26.1/build/resources/gameTest)))
 - minecraft (composite(filtered(jar(D:/javaProjects/dndturn26.1/targets/neoforge-26.1/build/moddev/artifacts/minecraft-patched-26.1.2.84.jar)), filtered(jar(D:/javaProjects/dndturn26.1/targets/neoforge-26.1/build/moddev/artifacts/minecraft-patched-26.1.2.84.jar))))
 - mixinextras.neoforge (jar(C:/Users/RNaim/.gradle/caches/modules-2/files-2.1/net.neoforged/neoforge/26.1.2.84/b725526a2fab2163b9a0a8ce89d435d7cd5d8a88/neoforge-26.1.2.84-universal.jar > mixinextras-neoforge-0.5.4.jar))
 - neoforge (composite(filtered(jar(C:/Users/RNaim/.gradle/caches/modules-2/files-2.1/net.neoforged/neoforge/26.1.2.84/b725526a2fab2163b9a0a8ce89d435d7cd5d8a88/neoforge-26.1.2.84-universal.jar))))
 - net.neoforged.fml.generated (empty(VirtualJar/net.neoforged.fml.generated))
[16:38:20] [main/INFO] [ne.ne.fm.lo.FMLLoader/]: Built game content classloader in 15ms
[16:38:20] [main/INFO] [mixin/]: Compatibility level set to JAVA_25
[16:38:20] [main/WARN] [mixin/]: Reference map 'apricityui.refmap.json' for apricityui.mixins.json could not be read. If this is a development environment you can ignore this message
[16:38:20] [main/INFO] [minecraft/GameTestMainUtil]: Running GameTestMain with cwd 'D:\javaProjects\dndturn26.1\targets\neoforge-26.1\build\gametest-run', universe path 'gametestserver'
[16:38:20] [main/INFO] [MixinExtras|Service/]: Initializing MixinExtras via com.llamalad7.mixinextras.service.MixinExtrasServiceImpl(version=0.5.4).
[16:38:22] [modloading-worker-0/INFO] [ne.ne.ne.co.NeoForgeMod/NEOFORGE-MOD]: NeoForge mod loading, version 26.1.2.84, for MC 26.1.2
[16:38:23] [modloading-sync-worker/INFO] [co.si.ap.ne.ap.NetworkAutoRegistration/]: [NetworkAutoReg] Metadata scan found: 4 | added: 4 | skipped: 0
[16:38:24] [main/INFO] [minecraft/RecipeManager]: Loaded 1515 recipes
[16:38:24] [main/INFO] [minecraft/AdvancementTree]: Loaded 1617 advancements
[16:38:24] [main/INFO] [ne.ne.ne.co.cr.RecipePriorityManager/]: Loaded 0 recipe priority overrides
[16:38:24] [Server thread/INFO] [minecraft/LoggingLevelLoadListener]: Selecting global world spawn...
[16:38:24] [Server thread/INFO] [minecraft/LoggingLevelLoadListener]: Loading 0 persistent chunks...
[16:38:24] [Server thread/INFO] [minecraft/LoggingLevelLoadListener]: Preparing spawn area: 100%
[16:38:24] [Server thread/INFO] [minecraft/LoggingLevelLoadListener]: Time elapsed: 234 ms
[16:38:24] [Server thread/INFO] [minecraft/GameTestServer]: Started game test server
[16:38:24] [Server thread/INFO] [ne.ne.ne.se.pe.PermissionAPI/]: Successfully initialized permission handler neoforge:default_handler
DNDTURN_TEST_SEED=260930 (world, initiative, attack, living entity RNGs; UUIDs remain unique)
[16:38:24] [Server thread/INFO] [minecraft/GameTestServer]: 57 tests are now running at position -10936319, -59, 8660023!
[16:38:25] [Server thread/INFO] [minecraft/GameTestRunner]: Running test environment 'dndturn:environment_boundary_time' batch 0 (1 tests)...
[16:38:25] [Server thread/INFO] [minecraft/PlayerList]: tactical-test[embedded] logged in with entity id 1 at (0.0, 0.0, 0.0)
[16:38:25] [Server thread/INFO] [minecraft/MinecraftServer]: tactical-test joined the game
[16:38:25] [Server thread/INFO] [minecraft/GameTestServer]: [_                                                        ]
[16:38:25] [Server thread/INFO] [minecraft/GameTestServer]: [_                                                        ]
[16:38:25] [Server thread/INFO] [minecraft/GameTestServer]: [_                                                        ]
[16:38:25] [Server thread/INFO] [minecraft/GameTestRunner]: Running test environment 'dndturn:environment_clock' batch 0 (1 tests)...
[16:38:26] [Server thread/INFO] [minecraft/PlayerList]: test-mock-player[embedded] logged in with entity id 2 at (0.0, 0.0, 0.0)
[16:38:26] [Server thread/INFO] [minecraft/MinecraftServer]: test-mock-player joined the game
[16:38:26] [Server thread/INFO] [minecraft/GameTestServer]: [+_                                                       ]
[16:38:26] [Server thread/INFO] [minecraft/GameTestServer]: [+_                                                       ]
[16:38:26] [Server thread/INFO] [minecraft/GameTestServer]: [+_                                                       ]
[16:38:26] [Server thread/INFO] [minecraft/GameTestServer]: [+_                                                       ]
[16:38:26] [Server thread/INFO] [minecraft/GameTestServer]: [+_                                                       ]
[16:38:26] [Server thread/INFO] [minecraft/GameTestServer]: [+_                                                       ]
[16:38:26] [Server thread/INFO] [minecraft/GameTestRunner]: Running test environment 'dndturn:navigation_regressions' batch 0 (1 tests)...
[16:38:26] [Server thread/INFO] [minecraft/GameTestServer]: [++_                                                      ]
[16:38:26] [Server thread/INFO] [minecraft/PlayerList]: tactical-test[embedded] logged in with entity id 3 at (0.0, 0.0, 0.0)
[16:38:26] [Server thread/INFO] [minecraft/MinecraftServer]: tactical-test joined the game
[16:38:26] [Server thread/INFO] [minecraft/GameTestServer]: [++_                                                      ]
[16:38:26] [Server thread/INFO] [minecraft/GameTestRunner]: Running test environment 'dndturn:participant_effects' batch 0 (1 tests)...
[16:38:26] [Server thread/INFO] [minecraft/PlayerList]: tactical-test[embedded] logged in with entity id 5 at (0.0, 0.0, 0.0)
[16:38:26] [Server thread/INFO] [minecraft/MinecraftServer]: tactical-test joined the game
[16:38:26] [Server thread/INFO] [minecraft/GameTestServer]: [+++_                                                     ]
[16:38:26] [Server thread/INFO] [minecraft/GameTestServer]: [+++_                                                     ]
[16:38:26] [Server thread/INFO] [minecraft/GameTestServer]: [+++_                                                     ]
[16:38:26] [Server thread/INFO] [minecraft/GameTestServer]: [+++_                                                     ]
[16:38:26] [Server thread/INFO] [minecraft/GameTestServer]: [+++_                                                     ]
[16:38:27] [Server thread/INFO] [minecraft/GameTestServer]: [+++_                                                     ]
[16:38:27] [Server thread/INFO] [minecraft/GameTestServer]: [+++_                                                     ]
[16:38:27] [Server thread/INFO] [minecraft/GameTestServer]: [+++_                                                     ]
[16:38:27] [Server thread/INFO] [minecraft/GameTestServer]: [+++_                                                     ]
[16:38:27] [Server thread/INFO] [minecraft/GameTestServer]: [+++_                                                     ]
[16:38:27] [Server thread/INFO] [minecraft/GameTestServer]: [+++_                                                     ]
[16:38:27] [Server thread/INFO] [minecraft/GameTestServer]: [+++_                                                     ]
[16:38:27] [Server thread/INFO] [minecraft/GameTestServer]: [+++_                                                     ]
[16:38:27] [Server thread/INFO] [minecraft/GameTestServer]: [+++_                                                     ]
[16:38:27] [Server thread/INFO] [minecraft/MinecraftServer]: tactical-test withered away
[16:38:27] [Server thread/INFO] [minecraft/GameTestRunner]: Running test environment 'dndturn:merge_world_boundary' batch 0 (1 tests)...
[16:38:27] [Server thread/INFO] [minecraft/PlayerList]: test-mock-player[embedded] logged in with entity id 6 at (0.0, 0.0, 0.0)
[16:38:27] [Server thread/INFO] [minecraft/MinecraftServer]: test-mock-player joined the game
[16:38:27] [Server thread/INFO] [minecraft/PlayerList]: test-mock-player[embedded] logged in with entity id 7 at (0.0, 0.0, 0.0)
[16:38:27] [Server thread/INFO] [minecraft/MinecraftServer]: test-mock-player joined the game
[16:38:27] [Server thread/INFO] [minecraft/GameTestServer]: [++++_                                                    ]
[16:38:27] [Server thread/INFO] [minecraft/GameTestRunner]: Running test environment 'dndturn:arrow_regressions' batch 0 (9 tests)...
[16:38:27] [Server thread/INFO] [minecraft/PlayerList]: test-mock-player[embedded] logged in with entity id 10 at (0.0, 0.0, 0.0)
[16:38:27] [Server thread/INFO] [minecraft/MinecraftServer]: test-mock-player joined the game
[16:38:27] [Server thread/INFO] [minecraft/PlayerList]: test-mock-player[embedded] logged in with entity id 11 at (0.0, 0.0, 0.0)
[16:38:27] [Server thread/INFO] [minecraft/MinecraftServer]: test-mock-player joined the game
[16:38:27] [Server thread/INFO] [minecraft/PlayerList]: test-mock-player[embedded] logged in with entity id 14 at (0.0, 0.0, 0.0)
[16:38:27] [Server thread/INFO] [minecraft/MinecraftServer]: test-mock-player joined the game
[16:38:27] [Server thread/INFO] [minecraft/PlayerList]: test-mock-player[embedded] logged in with entity id 15 at (0.0, 0.0, 0.0)
[16:38:27] [Server thread/INFO] [minecraft/MinecraftServer]: test-mock-player joined the game
[16:38:27] [Server thread/INFO] [minecraft/PlayerList]: test-mock-player[embedded] logged in with entity id 18 at (0.0, 0.0, 0.0)
[16:38:27] [Server thread/INFO] [minecraft/MinecraftServer]: test-mock-player joined the game
[16:38:27] [Server thread/INFO] [minecraft/PlayerList]: test-mock-player[embedded] logged in with entity id 19 at (0.0, 0.0, 0.0)
[16:38:27] [Server thread/INFO] [minecraft/MinecraftServer]: test-mock-player joined the game
[16:38:28] [Server thread/INFO] [minecraft/PlayerList]: test-mock-player[embedded] logged in with entity id 24 at (0.0, 0.0, 0.0)
[16:38:28] [Server thread/INFO] [minecraft/MinecraftServer]: test-mock-player joined the game
[16:38:28] [Server thread/INFO] [minecraft/PlayerList]: test-mock-player[embedded] logged in with entity id 25 at (0.0, 0.0, 0.0)
[16:38:28] [Server thread/INFO] [minecraft/MinecraftServer]: test-mock-player joined the game
[16:38:28] [Server thread/INFO] [minecraft/PlayerList]: test-mock-player[embedded] logged in with entity id 28 at (0.0, 0.0, 0.0)
[16:38:28] [Server thread/INFO] [minecraft/MinecraftServer]: test-mock-player joined the game
[16:38:28] [Server thread/INFO] [minecraft/PlayerList]: test-mock-player[embedded] logged in with entity id 29 at (0.0, 0.0, 0.0)
[16:38:28] [Server thread/INFO] [minecraft/MinecraftServer]: test-mock-player joined the game
[16:38:28] [Server thread/INFO] [minecraft/PlayerList]: test-mock-player[embedded] logged in with entity id 34 at (0.0, 0.0, 0.0)
[16:38:28] [Server thread/INFO] [minecraft/MinecraftServer]: test-mock-player joined the game
[16:38:28] [Server thread/INFO] [minecraft/PlayerList]: test-mock-player[embedded] logged in with entity id 35 at (0.0, 0.0, 0.0)
[16:38:28] [Server thread/INFO] [minecraft/MinecraftServer]: test-mock-player joined the game
[16:38:28] [Server thread/INFO] [minecraft/PlayerList]: test-mock-player[embedded] logged in with entity id 36 at (0.0, 0.0, 0.0)
[16:38:28] [Server thread/INFO] [minecraft/MinecraftServer]: test-mock-player joined the game
[16:38:28] [Server thread/INFO] [minecraft/PlayerList]: test-mock-player[embedded] logged in with entity id 37 at (0.0, 0.0, 0.0)
[16:38:28] [Server thread/INFO] [minecraft/MinecraftServer]: test-mock-player joined the game
[16:38:29] [Server thread/INFO] [minecraft/GameTestServer]: [+++++_________                                           ]
[16:38:29] [Server thread/INFO] [minecraft/GameTestServer]: [+++++__+_+++++                                           ]
[16:38:29] [Server thread/INFO] [minecraft/GameTestServer]: [+++++__+_+++++                                           ]
[16:38:29] [Server thread/INFO] [minecraft/GameTestServer]: [+++++__+_+++++                                           ]
[16:38:29] [Server thread/INFO] [minecraft/GameTestServer]: [+++++__+_+++++                                           ]
[16:38:29] [Server thread/INFO] [minecraft/GameTestServer]: [+++++__+_+++++                                           ]
[16:38:29] [Server thread/INFO] [minecraft/GameTestServer]: [+++++__+_+++++                                           ]
[16:38:29] [Server thread/INFO] [minecraft/GameTestServer]: [+++++__+_+++++                                           ]
[16:38:29] [Server thread/INFO] [minecraft/GameTestServer]: [+++++__+_+++++                                           ]
[16:38:29] [Server thread/INFO] [minecraft/GameTestServer]: [++++++_+_+++++                                           ]
[16:38:29] [Server thread/INFO] [minecraft/GameTestRunner]: Running test environment 'dndturn:player_only_start' batch 0 (1 tests)...
[16:38:29] [Server thread/INFO] [minecraft/PlayerList]: test-mock-player[embedded] logged in with entity id 47 at (0.0, 0.0, 0.0)
[16:38:29] [Server thread/INFO] [minecraft/MinecraftServer]: test-mock-player joined the game
[16:38:29] [Server thread/INFO] [minecraft/GameTestServer]: [++++++++++++++_                                          ]
[16:38:30] [Server thread/INFO] [minecraft/GameTestServer]: [++++++++++++++_                                          ]
[16:38:30] [Server thread/INFO] [minecraft/GameTestServer]: [++++++++++++++_                                          ]
[16:38:30] [Server thread/INFO] [minecraft/GameTestServer]: [++++++++++++++_                                          ]
[16:38:30] [Server thread/INFO] [minecraft/GameTestRunner]: Running test environment 'dndturn:scheduled_tick_hold' batch 0 (1 tests)...
[16:38:30] [Server thread/INFO] [minecraft/GameTestServer]: [+++++++++++++++_                                         ]
[16:38:30] [Server thread/INFO] [minecraft/PlayerList]: test-mock-player[embedded] logged in with entity id 48 at (0.0, 0.0, 0.0)
[16:38:30] [Server thread/INFO] [minecraft/MinecraftServer]: test-mock-player joined the game
[16:38:30] [Server thread/INFO] [minecraft/GameTestRunner]: Running test environment 'dndturn:restart_history' batch 0 (1 tests)...
[16:38:30] [Server thread/INFO] [minecraft/GameTestServer]: [++++++++++++++++                                         ]
[16:38:30] [Server thread/INFO] [minecraft/PlayerList]: tactical-test[embedded] logged in with entity id 50 at (0.0, 0.0, 0.0)
[16:38:30] [Server thread/INFO] [minecraft/MinecraftServer]: tactical-test joined the game
[16:38:30] [Server thread/INFO] [minecraft/GameTestServer]: [++++++++++++++++_                                        ]
DNDTURN_RESTART_WRITE_READY encounter=d8f95603-5030-4f71-a272-e88f288881eb operation=f01888ef-cbe1-438d-8384-aa79bd9c124f
[16:38:30] [Server thread/INFO] [minecraft/GameTestRunner]: Running test environment 'dndturn:environment_domains' batch 0 (1 tests)...
[16:38:30] [Server thread/INFO] [minecraft/PlayerList]: test-mock-player[embedded] logged in with entity id 51 at (0.0, 0.0, 0.0)
[16:38:30] [Server thread/INFO] [minecraft/MinecraftServer]: test-mock-player joined the game
[16:38:30] [Server thread/INFO] [minecraft/PlayerList]: test-mock-player[embedded] logged in with entity id 52 at (0.0, 0.0, 0.0)
[16:38:30] [Server thread/INFO] [minecraft/MinecraftServer]: test-mock-player joined the game
[16:38:30] [Server thread/INFO] [minecraft/GameTestServer]: [+++++++++++++++++_                                       ]
[16:38:30] [Server thread/INFO] [minecraft/GameTestServer]: [+++++++++++++++++_                                       ]
[16:38:30] [Server thread/WARN] [cc.si.dn.co.EnvironmentExplosion/]: ENVIRONMENT_DOMAIN_MISMATCH step=1128a025-e5cb-4c63-a77e-d80bcb3f84d4 source=50b08005-eb8b-4df4-9b4b-e6163fe2d604 rejectedEntities=1 rejectedBlocks=15
[16:38:30] [Server thread/INFO] [minecraft/GameTestRunner]: Running test environment 'dndturn:movement_lease_exit' batch 0 (1 tests)...
[16:38:30] [Server thread/INFO] [minecraft/GameTestServer]: [++++++++++++++++++_                                      ]
[16:38:30] [Server thread/INFO] [minecraft/GameTestServer]: [++++++++++++++++++_                                      ]
[16:38:30] [Server thread/INFO] [minecraft/GameTestServer]: [++++++++++++++++++_                                      ]
[16:38:30] [Server thread/INFO] [minecraft/PlayerList]: test-mock-player[embedded] logged in with entity id 59 at (0.0, 0.0, 0.0)
[16:38:30] [Server thread/INFO] [minecraft/MinecraftServer]: test-mock-player joined the game
[16:38:31] [Server thread/INFO] [minecraft/GameTestRunner]: Running test environment 'dndturn:merge_discovery_expansion' batch 0 (1 tests)...
[16:38:31] [Server thread/INFO] [minecraft/PlayerList]: test-mock-player[embedded] logged in with entity id 61 at (0.0, 0.0, 0.0)
[16:38:31] [Server thread/INFO] [minecraft/MinecraftServer]: test-mock-player joined the game
[16:38:31] [Server thread/INFO] [minecraft/PlayerList]: test-mock-player[embedded] logged in with entity id 63 at (0.0, 0.0, 0.0)
[16:38:31] [Server thread/INFO] [minecraft/MinecraftServer]: test-mock-player joined the game
[16:38:31] [Server thread/INFO] [minecraft/PlayerList]: test-mock-player[embedded] logged in with entity id 65 at (0.0, 0.0, 0.0)
[16:38:31] [Server thread/INFO] [minecraft/MinecraftServer]: test-mock-player joined the game
[16:38:31] [Server thread/INFO] [minecraft/GameTestServer]: [+++++++++++++++++++_                                     ]
[16:38:32] [Server thread/INFO] [minecraft/GameTestServer]: [+++++++++++++++++++_                                     ]
[16:38:32] [Server thread/INFO] [minecraft/GameTestServer]: [+++++++++++++++++++_                                     ]
[16:38:32] [Server thread/INFO] [minecraft/GameTestServer]: [+++++++++++++++++++_                                     ]
[16:38:32] [Server thread/INFO] [minecraft/GameTestRunner]: Running test environment 'dndturn:movement_regressions' batch 0 (1 tests)...
[16:38:32] [Server thread/INFO] [minecraft/GameTestServer]: [++++++++++++++++++++                                     ]
[16:38:32] [Server thread/INFO] [minecraft/GameTestServer]: [++++++++++++++++++++_                                    ]
[16:38:32] [Server thread/INFO] [minecraft/GameTestServer]: [++++++++++++++++++++_                                    ]
[16:38:32] [Server thread/INFO] [minecraft/PlayerList]: tactical-test[embedded] logged in with entity id 68 at (0.0, 0.0, 0.0)
[16:38:32] [Server thread/INFO] [minecraft/MinecraftServer]: tactical-test joined the game
[16:38:32] [Server thread/INFO] [minecraft/GameTestRunner]: Running test environment 'dndturn:prototype_environment_loop' batch 0 (1 tests)...
[16:38:32] [Server thread/INFO] [minecraft/GameTestServer]: [+++++++++++++++++++++                                    ]
[16:38:32] [Server thread/INFO] [minecraft/GameTestServer]: [+++++++++++++++++++++_                                   ]
[16:38:32] [Server thread/INFO] [minecraft/PlayerList]: test-mock-player[embedded] logged in with entity id 70 at (0.0, 0.0, 0.0)
[16:38:32] [Server thread/INFO] [minecraft/MinecraftServer]: test-mock-player joined the game
[16:38:32] [Server thread/INFO] [minecraft/GameTestRunner]: Running test environment 'dndturn:environment_processes' batch 0 (1 tests)...
[16:38:32] [Server thread/INFO] [minecraft/PlayerList]: test-mock-player[embedded] logged in with entity id 72 at (0.0, 0.0, 0.0)
[16:38:32] [Server thread/INFO] [minecraft/MinecraftServer]: test-mock-player joined the game
[16:38:32] [Server thread/INFO] [minecraft/GameTestServer]: [++++++++++++++++++++++_                                  ]
[16:38:32] [Server thread/INFO] [minecraft/GameTestServer]: [++++++++++++++++++++++_                                  ]
[16:38:32] [Server thread/INFO] [minecraft/GameTestServer]: [++++++++++++++++++++++_                                  ]
[16:38:32] [Server thread/INFO] [minecraft/GameTestRunner]: Running test environment 'dndturn:environment_tnt' batch 0 (1 tests)...
[16:38:33] [Server thread/INFO] [minecraft/PlayerList]: test-mock-player[embedded] logged in with entity id 76 at (0.0, 0.0, 0.0)
[16:38:33] [Server thread/INFO] [minecraft/MinecraftServer]: test-mock-player joined the game
[16:38:33] [Server thread/INFO] [minecraft/GameTestServer]: [+++++++++++++++++++++++_                                 ]
[16:38:33] [Server thread/INFO] [minecraft/GameTestServer]: [+++++++++++++++++++++++_                                 ]
[16:38:33] [Server thread/INFO] [minecraft/GameTestServer]: [+++++++++++++++++++++++_                                 ]
[16:38:33] [Server thread/INFO] [minecraft/GameTestServer]: [+++++++++++++++++++++++_                                 ]
[16:38:33] [Server thread/INFO] [minecraft/GameTestServer]: [+++++++++++++++++++++++_                                 ]
[16:38:33] [Server thread/INFO] [minecraft/GameTestServer]: [+++++++++++++++++++++++_                                 ]
[16:38:33] [Server thread/INFO] [minecraft/GameTestServer]: [+++++++++++++++++++++++_                                 ]
[16:38:33] [Server thread/INFO] [minecraft/GameTestServer]: [+++++++++++++++++++++++_                                 ]
[16:38:33] [Server thread/INFO] [minecraft/GameTestRunner]: Running test environment 'dndturn:participant_fire' batch 0 (1 tests)...
[16:38:33] [Server thread/INFO] [minecraft/PlayerList]: tactical-test[embedded] logged in with entity id 82 at (0.0, 0.0, 0.0)
[16:38:33] [Server thread/INFO] [minecraft/MinecraftServer]: tactical-test joined the game
[16:38:33] [Server thread/INFO] [minecraft/GameTestServer]: [++++++++++++++++++++++++_                                ]
[16:38:33] [Server thread/INFO] [minecraft/GameTestServer]: [++++++++++++++++++++++++_                                ]
[16:38:33] [Server thread/INFO] [minecraft/GameTestServer]: [++++++++++++++++++++++++_                                ]
[16:38:33] [Server thread/INFO] [minecraft/GameTestRunner]: Running test environment 'dndturn:environment_circuits' batch 0 (1 tests)...
[16:38:33] [Server thread/INFO] [minecraft/PlayerList]: test-mock-player[embedded] logged in with entity id 84 at (0.0, 0.0, 0.0)
[16:38:33] [Server thread/INFO] [minecraft/MinecraftServer]: test-mock-player joined the game
[16:38:33] [Server thread/INFO] [minecraft/GameTestServer]: [+++++++++++++++++++++++++_                               ]
[16:38:33] [Server thread/INFO] [minecraft/GameTestServer]: [+++++++++++++++++++++++++_                               ]
[16:38:33] [Server thread/INFO] [minecraft/GameTestServer]: [+++++++++++++++++++++++++_                               ]
[16:38:34] [Server thread/INFO] [minecraft/GameTestServer]: [+++++++++++++++++++++++++_                               ]
[16:38:34] [Server thread/INFO] [minecraft/GameTestServer]: [+++++++++++++++++++++++++_                               ]
[16:38:34] [Server thread/INFO] [minecraft/GameTestServer]: [+++++++++++++++++++++++++_                               ]
[16:38:34] [Server thread/INFO] [minecraft/GameTestServer]: [+++++++++++++++++++++++++_                               ]
[16:38:34] [Server thread/INFO] [minecraft/GameTestServer]: [+++++++++++++++++++++++++_                               ]
[16:38:34] [Server thread/INFO] [minecraft/GameTestRunner]: Running test environment 'dndturn:discovery_cursor' batch 0 (1 tests)...
[16:38:34] [Server thread/INFO] [minecraft/GameTestServer]: [++++++++++++++++++++++++++_                              ]
[16:38:34] [Server thread/INFO] [minecraft/GameTestServer]: [++++++++++++++++++++++++++_                              ]
[16:38:34] [Server thread/INFO] [minecraft/GameTestRunner]: Running test environment 'dndturn:environment_classification' batch 0 (1 tests)...
[16:38:34] [Server thread/INFO] [minecraft/PlayerList]: test-mock-player[embedded] logged in with entity id 171 at (0.0, 0.0, 0.0)
[16:38:34] [Server thread/INFO] [minecraft/MinecraftServer]: test-mock-player joined the game
[16:38:34] [Server thread/INFO] [minecraft/GameTestServer]: [+++++++++++++++++++++++++++_                             ]
[16:38:34] [Server thread/INFO] [minecraft/GameTestServer]: [+++++++++++++++++++++++++++_                             ]
[16:38:34] [Server thread/INFO] [minecraft/GameTestRunner]: Running test environment 'dndturn:body_control' batch 0 (3 tests)...
[16:38:35] [Server thread/INFO] [minecraft/PlayerList]: tactical-test[embedded] logged in with entity id 175 at (0.0, 0.0, 0.0)
[16:38:35] [Server thread/INFO] [minecraft/MinecraftServer]: tactical-test joined the game
[16:38:35] [Server thread/INFO] [minecraft/PlayerList]: tactical-test[embedded] logged in with entity id 180 at (0.0, 0.0, 0.0)
[16:38:35] [Server thread/INFO] [minecraft/MinecraftServer]: tactical-test joined the game
[16:38:35] [Server thread/INFO] [minecraft/PlayerList]: tactical-test[embedded] logged in with entity id 182 at (0.0, 0.0, 0.0)
[16:38:35] [Server thread/INFO] [minecraft/MinecraftServer]: tactical-test joined the game
[16:38:35] [Server thread/INFO] [minecraft/GameTestServer]: [++++++++++++++++++++++++++++___                          ]
[16:38:35] [Server thread/INFO] [minecraft/GameTestServer]: [++++++++++++++++++++++++++++___                          ]
GATE_MELEE item=minecraft:iron_axe hit=true healthLoss=8.0
GATE_MELEE item=minecraft:iron_sword hit=true healthLoss=5.0
GATE_MELEE item=minecraft:stone hit=true healthLoss=0.0
[16:38:35] [Server thread/INFO] [minecraft/GameTestServer]: [++++++++++++++++++++++++++++_+_                          ]
[16:38:35] [Server thread/INFO] [minecraft/GameTestServer]: [++++++++++++++++++++++++++++++_                          ]
[16:38:35] [Server thread/INFO] [minecraft/GameTestRunner]: Running test environment 'dndturn:consent_regressions' batch 0 (1 tests)...
[16:38:35] [Server thread/INFO] [minecraft/GameTestServer]: [+++++++++++++++++++++++++++++++_                         ]
[16:38:35] [Server thread/INFO] [minecraft/PlayerList]: exit-test-player[embedded] logged in with entity id 184 at (0.0, 0.0, 0.0)
[16:38:35] [Server thread/INFO] [minecraft/MinecraftServer]: exit-test-player joined the game
[16:38:35] [Server thread/INFO] [minecraft/PlayerList]: exit-test-player[embedded] logged in with entity id 185 at (0.0, 0.0, 0.0)
[16:38:35] [Server thread/INFO] [minecraft/MinecraftServer]: exit-test-player joined the game
[16:38:35] [Server thread/INFO] [minecraft/PlayerList]: exit-test-player[embedded] logged in with entity id 186 at (0.0, 0.0, 0.0)
[16:38:35] [Server thread/INFO] [minecraft/MinecraftServer]: exit-test-player joined the game
[16:38:36] [Server thread/INFO] [minecraft/GameTestServer]: [+++++++++++++++++++++++++++++++_                         ]
[16:38:36] [Server thread/INFO] [minecraft/GameTestServer]: [+++++++++++++++++++++++++++++++_                         ]
[16:38:36] [Server thread/INFO] [minecraft/GameTestServer]: [+++++++++++++++++++++++++++++++_                         ]
[16:38:36] [Server thread/INFO] [minecraft/GameTestServer]: [+++++++++++++++++++++++++++++++_                         ]
[16:38:36] [Server thread/INFO] [minecraft/GameTestServer]: [+++++++++++++++++++++++++++++++_                         ]
[16:38:36] [Server thread/INFO] [minecraft/GameTestServer]: [+++++++++++++++++++++++++++++++_                         ]
[16:38:36] [Server thread/INFO] [minecraft/GameTestServer]: [+++++++++++++++++++++++++++++++_                         ]
[16:38:36] [Server thread/INFO] [minecraft/GameTestServer]: [+++++++++++++++++++++++++++++++_                         ]
[16:38:36] [Server thread/INFO] [minecraft/GameTestServer]: [+++++++++++++++++++++++++++++++_                         ]
[16:38:36] [Server thread/INFO] [minecraft/GameTestServer]: [+++++++++++++++++++++++++++++++_                         ]
[16:38:36] [Server thread/INFO] [minecraft/GameTestServer]: [+++++++++++++++++++++++++++++++_                         ]
[16:38:36] [Server thread/INFO] [minecraft/GameTestServer]: [+++++++++++++++++++++++++++++++_                         ]
[16:38:36] [Server thread/INFO] [minecraft/GameTestServer]: [+++++++++++++++++++++++++++++++_                         ]
[16:38:36] [Server thread/INFO] [minecraft/GameTestServer]: [+++++++++++++++++++++++++++++++_                         ]
[16:38:36] [Server thread/INFO] [minecraft/GameTestServer]: [+++++++++++++++++++++++++++++++_                         ]
[16:38:36] [Server thread/INFO] [minecraft/GameTestServer]: [+++++++++++++++++++++++++++++++_                         ]
[16:38:36] [Server thread/INFO] [minecraft/GameTestServer]: [+++++++++++++++++++++++++++++++_                         ]
[16:38:36] [Server thread/INFO] [minecraft/GameTestServer]: [+++++++++++++++++++++++++++++++_                         ]
[16:38:36] [Server thread/INFO] [minecraft/GameTestServer]: [+++++++++++++++++++++++++++++++_                         ]
[16:38:36] [Server thread/INFO] [minecraft/GameTestServer]: [+++++++++++++++++++++++++++++++_                         ]
[16:38:36] [Server thread/INFO] [minecraft/GameTestRunner]: Running test environment 'minecraft:default' batch 0 (25 tests)...
[16:38:36] [Server thread/INFO] [minecraft/PlayerList]: test-mock-player[embedded] logged in with entity id 189 at (0.0, 0.0, 0.0)
[16:38:36] [Server thread/INFO] [minecraft/MinecraftServer]: test-mock-player joined the game
[16:38:36] [Server thread/INFO] [minecraft/PlayerList]: test-mock-player[embedded] logged in with entity id 191 at (0.0, 0.0, 0.0)
[16:38:36] [Server thread/INFO] [minecraft/MinecraftServer]: test-mock-player joined the game
[16:38:36] [Server thread/INFO] [minecraft/MinecraftServer]: test-mock-player has made the advancement [Monster Hunter]
[16:38:36] [Server thread/INFO] [minecraft/PlayerList]: test-mock-player[embedded] logged in with entity id 196 at (0.0, 0.0, 0.0)
[16:38:36] [Server thread/INFO] [minecraft/MinecraftServer]: test-mock-player joined the game
[16:38:36] [Server thread/INFO] [minecraft/PlayerList]: candidate-review-player[embedded] logged in with entity id 198 at (0.0, 0.0, 0.0)
[16:38:36] [Server thread/INFO] [minecraft/MinecraftServer]: candidate-review-player joined the game
[16:38:37] [Server thread/INFO] [minecraft/PlayerList]: test-mock-player[embedded] logged in with entity id 201 at (0.0, 0.0, 0.0)
[16:38:37] [Server thread/INFO] [minecraft/MinecraftServer]: test-mock-player joined the game
[16:38:37] [Server thread/INFO] [minecraft/PlayerList]: test-mock-player[embedded] logged in with entity id 203 at (0.0, 0.0, 0.0)
[16:38:37] [Server thread/INFO] [minecraft/MinecraftServer]: test-mock-player joined the game
[16:38:37] [Server thread/INFO] [minecraft/PlayerList]: tactical-test[embedded] logged in with entity id 206 at (0.0, 0.0, 0.0)
[16:38:37] [Server thread/INFO] [minecraft/MinecraftServer]: tactical-test joined the game
[16:38:37] [Server thread/INFO] [minecraft/PlayerList]: test-mock-player[embedded] logged in with entity id 209 at (0.0, 0.0, 0.0)
[16:38:37] [Server thread/INFO] [minecraft/MinecraftServer]: test-mock-player joined the game
[16:38:38] [Server thread/INFO] [minecraft/PlayerList]: exit-test-player[embedded] logged in with entity id 213 at (0.0, 0.0, 0.0)
[16:38:38] [Server thread/INFO] [minecraft/MinecraftServer]: exit-test-player joined the game
[16:38:38] [Server thread/INFO] [minecraft/PlayerList]: exit-test-player[embedded] logged in with entity id 215 at (0.0, 0.0, 0.0)
[16:38:38] [Server thread/INFO] [minecraft/MinecraftServer]: exit-test-player joined the game
[16:38:38] [Server thread/INFO] [minecraft/PlayerList]: tactical-test[embedded] logged in with entity id 216 at (0.0, 0.0, 0.0)
[16:38:38] [Server thread/INFO] [minecraft/MinecraftServer]: tactical-test joined the game
[16:38:39] [Server thread/INFO] [minecraft/PlayerList]: test-mock-player[embedded] logged in with entity id 220 at (0.0, 0.0, 0.0)
[16:38:39] [Server thread/INFO] [minecraft/MinecraftServer]: test-mock-player joined the game
[16:38:39] [Server thread/ERROR] [cc.si.dn.co.ServerCombatService/]: Combat save cannot be safely restored; preserving it and disabling new encounters
java.lang.IllegalArgumentException: active encounter lacks captured settings or session sequence
	at TRANSFORMER/dndturn@1.0.0-SNAPSHOT/cc.sighs.dndturn.combat.CombatRecoveryCandidate.validate(CombatRecoveryCandidate.java:13) ~[main/:?] {}
	at TRANSFORMER/dndturn@1.0.0-SNAPSHOT/cc.sighs.dndturn.combat.ServerCombatService.<init>(ServerCombatService.java:327) [main/:?] {}
	at TRANSFORMER/dndturn@1.0.0-SNAPSHOT/cc.sighs.dndturn.combat.ServerCombatService.restoreForGameTest(ServerCombatService.java:415) [main/:?] {}
	at TRANSFORMER/dndturn@1.0.0-SNAPSHOT/cc.sighs.dndturn.gametest.RepairGameTests.values(RepairGameTests.java:124) [main/:?] {}
	at TRANSFORMER/minecraft@26.1.2/net.minecraft.gametest.framework.FunctionGameTestInstance.run(FunctionGameTestInstance.java:34) [minecraft-patched-26.1.2.84.jar:?] {}
	at TRANSFORMER/minecraft@26.1.2/net.minecraft.gametest.framework.GameTestInfo.startTest(GameTestInfo.java:163) [minecraft-patched-26.1.2.84.jar:?] {neoforge:access_transformer}
	at TRANSFORMER/minecraft@26.1.2/net.minecraft.gametest.framework.GameTestInfo.tickInternal(GameTestInfo.java:119) [minecraft-patched-26.1.2.84.jar:?] {neoforge:access_transformer}
	at TRANSFORMER/minecraft@26.1.2/net.minecraft.gametest.framework.GameTestInfo.tick(GameTestInfo.java:104) [minecraft-patched-26.1.2.84.jar:?] {neoforge:access_transformer}
	at TRANSFORMER/minecraft@26.1.2/net.minecraft.gametest.framework.GameTestTicker.lambda$tick$0(GameTestTicker.java:47) [minecraft-patched-26.1.2.84.jar:?] {}
	at java.base/java.util.concurrent.CopyOnWriteArrayList.forEach(CopyOnWriteArrayList.java:905) [?:?] {}
	at TRANSFORMER/minecraft@26.1.2/net.minecraft.gametest.framework.GameTestTicker.tick(GameTestTicker.java:47) [minecraft-patched-26.1.2.84.jar:?] {}
	at TRANSFORMER/minecraft@26.1.2/net.minecraft.server.MinecraftServer.tickChildren(MinecraftServer.java:1171) [minecraft-patched-26.1.2.84.jar:?] {neoforge:access_transformer,neoforge:access_transformer,neoforge:mixin[APP:dndturn.mixins.json:MinecraftServerWorldTickBoundaryMixin from mod dndturn]}
	at TRANSFORMER/minecraft@26.1.2/net.minecraft.server.MinecraftServer.tickServer(MinecraftServer.java:1003) [minecraft-patched-26.1.2.84.jar:?] {neoforge:access_transformer,neoforge:access_transformer,neoforge:mixin[APP:dndturn.mixins.json:MinecraftServerWorldTickBoundaryMixin from mod dndturn]}
	at TRANSFORMER/minecraft@26.1.2/net.minecraft.gametest.framework.GameTestServer.tickServer(GameTestServer.java:255) [minecraft-patched-26.1.2.84.jar:?] {}
	at TRANSFORMER/minecraft@26.1.2/net.minecraft.server.MinecraftServer.processPacketsAndTick(MinecraftServer.java:1035) [minecraft-patched-26.1.2.84.jar:?] {neoforge:access_transformer,neoforge:access_transformer,neoforge:mixin[APP:dndturn.mixins.json:MinecraftServerWorldTickBoundaryMixin from mod dndturn]}
	at TRANSFORMER/minecraft@26.1.2/net.minecraft.server.MinecraftServer.runServer(MinecraftServer.java:776) [minecraft-patched-26.1.2.84.jar:?] {neoforge:access_transformer,neoforge:access_transformer,neoforge:mixin[APP:dndturn.mixins.json:MinecraftServerWorldTickBoundaryMixin from mod dndturn]}
	at TRANSFORMER/minecraft@26.1.2/net.minecraft.server.MinecraftServer.lambda$spin$0(MinecraftServer.java:300) [minecraft-patched-26.1.2.84.jar:?] {neoforge:access_transformer,neoforge:access_transformer,neoforge:mixin[APP:dndturn.mixins.json:MinecraftServerWorldTickBoundaryMixin from mod dndturn]}
	at java.base/java.lang.Thread.run(Thread.java:1474) [?:?] {}
[16:38:39] [Server thread/INFO] [minecraft/PlayerList]: test-mock-player[embedded] logged in with entity id 234 at (0.0, 0.0, 0.0)
[16:38:39] [Server thread/INFO] [minecraft/MinecraftServer]: test-mock-player joined the game
[16:38:39] [Server thread/WARN] [cc.si.dn.co.ServerCombatService/]: Restored encounter c7dd2de2-7767-4cfc-b83b-f11958f88fae released: membersPresent=false unknownOperations=1
[16:38:39] [Server thread/ERROR] [cc.si.dn.co.ActorStateService/]: Actor activation quarantined: actor=2c885277-c53a-4ddb-8c62-6553e01a09bb, event=9780ff94-bcd5-4397-8db0-3c913e178d21
cc.sighs.dndturn.rules.EffectWave$Fault: EFFECT_WRITE_CONFLICT
	at TRANSFORMER/dndturn@1.0.0-SNAPSHOT/cc.sighs.dndturn.rules.EffectWave.prepare(EffectWave.java:58) ~[main/:?] {}
	at TRANSFORMER/dndturn@1.0.0-SNAPSHOT/cc.sighs.dndturn.combat.ActorStateService.drain(ActorStateService.java:311) ~[main/:?] {}
	at TRANSFORMER/dndturn@1.0.0-SNAPSHOT/cc.sighs.dndturn.combat.ActorStateService.dispatch(ActorStateService.java:196) [main/:?] {}
	at TRANSFORMER/dndturn@1.0.0-SNAPSHOT/cc.sighs.dndturn.combat.EffectReactionChecks.fault(EffectReactionChecks.java:140) [main/:?] {}
	at TRANSFORMER/dndturn@1.0.0-SNAPSHOT/cc.sighs.dndturn.combat.EffectReactionChecks.run(EffectReactionChecks.java:110) [main/:?] {}
	at TRANSFORMER/minecraft@26.1.2/net.minecraft.gametest.framework.FunctionGameTestInstance.run(FunctionGameTestInstance.java:34) [minecraft-patched-26.1.2.84.jar:?] {}
	at TRANSFORMER/minecraft@26.1.2/net.minecraft.gametest.framework.GameTestInfo.startTest(GameTestInfo.java:163) [minecraft-patched-26.1.2.84.jar:?] {neoforge:access_transformer}
	at TRANSFORMER/minecraft@26.1.2/net.minecraft.gametest.framework.GameTestInfo.tickInternal(GameTestInfo.java:119) [minecraft-patched-26.1.2.84.jar:?] {neoforge:access_transformer}
	at TRANSFORMER/minecraft@26.1.2/net.minecraft.gametest.framework.GameTestInfo.tick(GameTestInfo.java:104) [minecraft-patched-26.1.2.84.jar:?] {neoforge:access_transformer}
	at TRANSFORMER/minecraft@26.1.2/net.minecraft.gametest.framework.GameTestTicker.lambda$tick$0(GameTestTicker.java:47) [minecraft-patched-26.1.2.84.jar:?] {}
	at java.base/java.util.concurrent.CopyOnWriteArrayList.forEach(CopyOnWriteArrayList.java:905) [?:?] {}
	at TRANSFORMER/minecraft@26.1.2/net.minecraft.gametest.framework.GameTestTicker.tick(GameTestTicker.java:47) [minecraft-patched-26.1.2.84.jar:?] {}
	at TRANSFORMER/minecraft@26.1.2/net.minecraft.server.MinecraftServer.tickChildren(MinecraftServer.java:1171) [minecraft-patched-26.1.2.84.jar:?] {neoforge:access_transformer,neoforge:access_transformer,neoforge:mixin[APP:dndturn.mixins.json:MinecraftServerWorldTickBoundaryMixin from mod dndturn]}
	at TRANSFORMER/minecraft@26.1.2/net.minecraft.server.MinecraftServer.tickServer(MinecraftServer.java:1003) [minecraft-patched-26.1.2.84.jar:?] {neoforge:access_transformer,neoforge:access_transformer,neoforge:mixin[APP:dndturn.mixins.json:MinecraftServerWorldTickBoundaryMixin from mod dndturn]}
	at TRANSFORMER/minecraft@26.1.2/net.minecraft.gametest.framework.GameTestServer.tickServer(GameTestServer.java:255) [minecraft-patched-26.1.2.84.jar:?] {}
	at TRANSFORMER/minecraft@26.1.2/net.minecraft.server.MinecraftServer.processPacketsAndTick(MinecraftServer.java:1035) [minecraft-patched-26.1.2.84.jar:?] {neoforge:access_transformer,neoforge:access_transformer,neoforge:mixin[APP:dndturn.mixins.json:MinecraftServerWorldTickBoundaryMixin from mod dndturn]}
	at TRANSFORMER/minecraft@26.1.2/net.minecraft.server.MinecraftServer.runServer(MinecraftServer.java:776) [minecraft-patched-26.1.2.84.jar:?] {neoforge:access_transformer,neoforge:access_transformer,neoforge:mixin[APP:dndturn.mixins.json:MinecraftServerWorldTickBoundaryMixin from mod dndturn]}
	at TRANSFORMER/minecraft@26.1.2/net.minecraft.server.MinecraftServer.lambda$spin$0(MinecraftServer.java:300) [minecraft-patched-26.1.2.84.jar:?] {neoforge:access_transformer,neoforge:access_transformer,neoforge:mixin[APP:dndturn.mixins.json:MinecraftServerWorldTickBoundaryMixin from mod dndturn]}
	at java.base/java.lang.Thread.run(Thread.java:1474) [?:?] {}
[16:38:39] [Server thread/INFO] [minecraft/PlayerList]: test-mock-player[embedded] logged in with entity id 243 at (0.0, 0.0, 0.0)
[16:38:39] [Server thread/INFO] [minecraft/MinecraftServer]: test-mock-player joined the game
[16:38:39] [Server thread/INFO] [minecraft/PlayerList]: test-mock-player[embedded] logged in with entity id 247 at (0.0, 0.0, 0.0)
[16:38:39] [Server thread/INFO] [minecraft/MinecraftServer]: test-mock-player joined the game
[16:38:39] [Server thread/INFO] [minecraft/PlayerList]: test-mock-player[embedded] logged in with entity id 249 at (0.0, 0.0, 0.0)
[16:38:39] [Server thread/INFO] [minecraft/MinecraftServer]: test-mock-player joined the game
[16:38:39] [Server thread/INFO] [minecraft/GameTestServer]: [+++++++++++++++++++++++++++++++++__++++++++_++_++_+_++++_]
[16:38:39] [Server thread/INFO] [cc.si.dn.co.CreeperExplosion/]: CREEPER_EFFECT_SCOPE operation=bb9487cf-32bf-32e5-a8e0-16036ebd7b6c rejectedEntities=1 rejectedBlocks=0
[16:38:40] [Server thread/INFO] [minecraft/GameTestServer]: [++++++++++++++++++++++++++++++++++++++++++++++_++_+++++++]
[16:38:40] [Server thread/INFO] [minecraft/PlayerList]: test-mock-player[embedded] logged in with entity id 260 at (0.0, 0.0, 0.0)
[16:38:40] [Server thread/INFO] [minecraft/MinecraftServer]: test-mock-player joined the game
[16:38:40] [Server thread/INFO] [minecraft/GameTestServer]: [++++++++++++++++++++++++++++++++++++++++++++++_++_+++++++]
[16:38:40] [Server thread/INFO] [minecraft/GameTestServer]: [+++++++++++++++++++++++++++++++++++++++++++++++++_+++++++]
[16:38:40] [Server thread/INFO] [minecraft/GameTestServer]: [+++++++++++++++++++++++++++++++++++++++++++++++++_+++++++]
[16:38:40] [Server thread/INFO] [minecraft/GameTestServer]: [+++++++++++++++++++++++++++++++++++++++++++++++++_+++++++]
[16:38:40] [Server thread/INFO] [minecraft/GameTestServer]: [+++++++++++++++++++++++++++++++++++++++++++++++++_+++++++]
[16:38:40] [Server thread/INFO] [minecraft/GameTestServer]: [+++++++++++++++++++++++++++++++++++++++++++++++++_+++++++]
[16:38:40] [Server thread/INFO] [minecraft/GameTestServer]: [+++++++++++++++++++++++++++++++++++++++++++++++++++++++++]
[16:38:40] [Server thread/INFO] [minecraft/GameTestServer]: ========= 57 GAME TESTS COMPLETE IN 15.89 s ======================
[16:38:40] [Server thread/INFO] [minecraft/GameTestServer]: All 57 required tests passed :)
[16:38:40] [Server thread/INFO] [minecraft/GameTestServer]: ====================================================
[16:38:40] [Server thread/INFO] [minecraft/MinecraftServer]: Stopping server
[16:38:40] [Server thread/INFO] [minecraft/MinecraftServer]: Saving players
[16:38:40] [Server thread/INFO] [minecraft/ServerGamePacketListenerImpl]: tactical-test lost connection: Server closed
[16:38:40] [Server thread/INFO] [minecraft/MinecraftServer]: tactical-test left the game
[16:38:40] [Server thread/INFO] [minecraft/ServerGamePacketListenerImpl]: tactical-test lost connection: Server closed
[16:38:40] [Server thread/INFO] [minecraft/MinecraftServer]: tactical-test left the game
[16:38:40] [Server thread/INFO] [minecraft/ServerGamePacketListenerImpl]: test-mock-player lost connection: Server closed
[16:38:40] [Server thread/INFO] [minecraft/MinecraftServer]: test-mock-player left the game
[16:38:40] [Server thread/INFO] [minecraft/ServerGamePacketListenerImpl]: test-mock-player lost connection: Server closed
[16:38:40] [Server thread/INFO] [minecraft/MinecraftServer]: test-mock-player left the game
[16:38:40] [Server thread/INFO] [minecraft/ServerGamePacketListenerImpl]: test-mock-player lost connection: Server closed
[16:38:40] [Server thread/INFO] [minecraft/MinecraftServer]: test-mock-player left the game
[16:38:40] [Server thread/INFO] [minecraft/ServerGamePacketListenerImpl]: test-mock-player lost connection: Server closed
[16:38:40] [Server thread/INFO] [minecraft/MinecraftServer]: test-mock-player left the game
[16:38:40] [Server thread/INFO] [minecraft/ServerGamePacketListenerImpl]: test-mock-player lost connection: Server closed
[16:38:40] [Server thread/INFO] [minecraft/MinecraftServer]: test-mock-player left the game
[16:38:40] [Server thread/INFO] [minecraft/ServerGamePacketListenerImpl]: test-mock-player lost connection: Server closed
[16:38:40] [Server thread/INFO] [minecraft/MinecraftServer]: test-mock-player left the game
[16:38:40] [Server thread/INFO] [minecraft/ServerGamePacketListenerImpl]: test-mock-player lost connection: Server closed
[16:38:40] [Server thread/INFO] [minecraft/MinecraftServer]: test-mock-player left the game
[16:38:40] [Server thread/INFO] [minecraft/ServerGamePacketListenerImpl]: test-mock-player lost connection: Server closed
[16:38:40] [Server thread/INFO] [minecraft/MinecraftServer]: test-mock-player left the game
[16:38:40] [Server thread/INFO] [minecraft/ServerGamePacketListenerImpl]: test-mock-player lost connection: Server closed
[16:38:40] [Server thread/INFO] [minecraft/MinecraftServer]: test-mock-player left the game
[16:38:40] [Server thread/INFO] [minecraft/ServerGamePacketListenerImpl]: tactical-test lost connection: Server closed
[16:38:40] [Server thread/INFO] [minecraft/MinecraftServer]: tactical-test left the game
[16:38:40] [Server thread/INFO] [minecraft/ServerGamePacketListenerImpl]: test-mock-player lost connection: Server closed
[16:38:40] [Server thread/INFO] [minecraft/MinecraftServer]: test-mock-player left the game
[16:38:40] [Server thread/INFO] [minecraft/ServerGamePacketListenerImpl]: test-mock-player lost connection: Server closed
[16:38:40] [Server thread/INFO] [minecraft/MinecraftServer]: test-mock-player left the game
[16:38:40] [Server thread/INFO] [minecraft/ServerGamePacketListenerImpl]: test-mock-player lost connection: Server closed
[16:38:40] [Server thread/INFO] [minecraft/MinecraftServer]: test-mock-player left the game
[16:38:40] [Server thread/INFO] [minecraft/ServerGamePacketListenerImpl]: test-mock-player lost connection: Server closed
[16:38:40] [Server thread/INFO] [minecraft/MinecraftServer]: test-mock-player left the game
[16:38:40] [Server thread/INFO] [minecraft/ServerGamePacketListenerImpl]: test-mock-player lost connection: Server closed
[16:38:40] [Server thread/INFO] [minecraft/MinecraftServer]: test-mock-player left the game
[16:38:40] [Server thread/INFO] [minecraft/ServerGamePacketListenerImpl]: test-mock-player lost connection: Server closed
[16:38:40] [Server thread/INFO] [minecraft/MinecraftServer]: test-mock-player left the game
[16:38:40] [Server thread/INFO] [minecraft/ServerGamePacketListenerImpl]: tactical-test lost connection: Server closed
[16:38:40] [Server thread/INFO] [minecraft/MinecraftServer]: tactical-test left the game
[16:38:40] [Server thread/INFO] [minecraft/ServerGamePacketListenerImpl]: tactical-test lost connection: Server closed
[16:38:40] [Server thread/INFO] [minecraft/MinecraftServer]: tactical-test left the game
[16:38:40] [Server thread/INFO] [minecraft/ServerGamePacketListenerImpl]: exit-test-player lost connection: Server closed
[16:38:40] [Server thread/INFO] [minecraft/MinecraftServer]: exit-test-player left the game
[16:38:40] [Server thread/INFO] [minecraft/ServerGamePacketListenerImpl]: test-mock-player lost connection: Server closed
[16:38:40] [Server thread/INFO] [minecraft/MinecraftServer]: test-mock-player left the game
[16:38:40] [Server thread/INFO] [minecraft/ServerGamePacketListenerImpl]: test-mock-player lost connection: Server closed
[16:38:40] [Server thread/INFO] [minecraft/MinecraftServer]: test-mock-player left the game
[16:38:40] [Server thread/INFO] [minecraft/ServerGamePacketListenerImpl]: test-mock-player lost connection: Server closed
[16:38:40] [Server thread/INFO] [minecraft/MinecraftServer]: test-mock-player left the game
[16:38:40] [Server thread/INFO] [minecraft/ServerGamePacketListenerImpl]: tactical-test lost connection: Server closed
[16:38:40] [Server thread/INFO] [minecraft/MinecraftServer]: tactical-test left the game
[16:38:40] [Server thread/INFO] [minecraft/ServerGamePacketListenerImpl]: exit-test-player lost connection: Server closed
[16:38:40] [Server thread/INFO] [minecraft/MinecraftServer]: exit-test-player left the game
[16:38:40] [Server thread/INFO] [minecraft/ServerGamePacketListenerImpl]: tactical-test lost connection: Server closed
[16:38:40] [Server thread/INFO] [minecraft/MinecraftServer]: tactical-test left the game
[16:38:40] [Server thread/INFO] [minecraft/ServerGamePacketListenerImpl]: test-mock-player lost connection: Server closed
[16:38:40] [Server thread/INFO] [minecraft/MinecraftServer]: test-mock-player left the game
[16:38:40] [Server thread/INFO] [minecraft/ServerGamePacketListenerImpl]: test-mock-player lost connection: Server closed
[16:38:40] [Server thread/INFO] [minecraft/MinecraftServer]: test-mock-player left the game
[16:38:40] [Server thread/INFO] [minecraft/ServerGamePacketListenerImpl]: test-mock-player lost connection: Server closed
[16:38:40] [Server thread/INFO] [minecraft/MinecraftServer]: test-mock-player left the game
[16:38:40] [Server thread/INFO] [minecraft/MinecraftServer]: Saving worlds
[16:38:41] [Server thread/INFO] [minecraft/MinecraftServer]: Saving chunks for level 'ServerLevel[Test Level]'/minecraft:overworld
[16:38:42] [Server thread/INFO] [minecraft/MinecraftServer]: Saving chunks for level 'ServerLevel[Test Level]'/minecraft:the_end
[16:38:42] [Server thread/INFO] [minecraft/MinecraftServer]: Saving chunks for level 'ServerLevel[Test Level]'/minecraft:the_nether
[16:38:42] [Server thread/INFO] [minecraft/MinecraftServer]: ThreadedAnvilChunkStorage (world): All chunks are saved
[16:38:42] [Server thread/INFO] [minecraft/MinecraftServer]: ThreadedAnvilChunkStorage (DIM1): All chunks are saved
[16:38:42] [Server thread/INFO] [minecraft/MinecraftServer]: ThreadedAnvilChunkStorage (DIM-1): All chunks are saved
[16:38:42] [Server thread/INFO] [minecraft/MinecraftServer]: ThreadedAnvilChunkStorage: All dimensions are saved
[16:38:42] [Server thread/INFO] [minecraft/GameTestServer]: Game test server shutting down

BUILD SUCCESSFUL in 27s
10 actionable tasks: 2 executed, 8 up-to-date
Consider enabling configuration cache to speed up this build: https://docs.gradle.org/9.7.1/userguide/configuration_cache_enabling.html
