WARNING: A restricted method in java.lang.System has been called
WARNING: java.lang.System::load has been called by net.rubygrapefruit.platform.internal.NativeLibraryLoader in an unnamed module (file:/C:/Users/RNaim/.gradle/wrapper/dists/gradle-9.7.1-bin/1w1c7tv4s851m17nbqdsro2tv/gradle-9.7.1/lib/native-platform-0.22-milestone-29.jar)
WARNING: Use --enable-native-access=ALL-UNNAMED to avoid a warning for callers in this module
WARNING: Restricted methods will be blocked in a future release unless native access is enabled

To honour the JVM settings for this build a single-use Daemon process will be forked. For more on this, please refer to https://docs.gradle.org/9.7.1/userguide/gradle_daemon.html#sec:disabling_the_daemon in the Gradle documentation.
Daemon will be stopped at the end of the build 
> Task :common:compileJava UP-TO-DATE
> Task :common:processResources NO-SOURCE
> Task :common:classes UP-TO-DATE
> Task :common:jar UP-TO-DATE
> Task :common:compileTestJava UP-TO-DATE
> Task :common:processTestResources NO-SOURCE
> Task :common:testClasses UP-TO-DATE
> Task :common:test UP-TO-DATE
> Task :createMinecraftArtifacts UP-TO-DATE
> Task :compileJava UP-TO-DATE
> Task :processResources UP-TO-DATE
> Task :classes UP-TO-DATE
> Task :compileCompatTestJava UP-TO-DATE
> Task :processCompatTestResources NO-SOURCE
> Task :compatTestClasses UP-TO-DATE
> Task :compileGameTestJava UP-TO-DATE
> Task :processGameTestResources UP-TO-DATE
> Task :gameTestClasses UP-TO-DATE

> Task :downloadAssets
Loaded 141 artifacts from D:\javaProjects\dndturn26.1\targets\neoforge-26.1\build\tmp\downloadAssets\nfrt_artifact_manifest.properties
Downloading asset index 30
Using Minecraft asset root: C:\Users\RNaim\.gradle\caches\neoformruntime\assets
  DL    https://piston-meta.mojang.com/v1/packages/52a9d8a61327baf0ec20ffa80208c020a14a4ff6/30.json

> Task :prepareGameTestServerRun

2026-09-28T09:03:31.898374200Z main WARN Advanced terminal features are not available in this environment
> Task :runGameTestServer
[17:03:31] [main/INFO] [ne.ne.fm.st.Entrypoint/]: JVM Uptime at startup: 113ms
[17:03:31] [main/INFO] [ne.ne.fm.lo.FMLLoader/]: Starting FancyModLoader version 11.0.15 (DEDICATED_SERVER in DEV)
[17:03:31] [main/INFO] [ne.ne.fm.lo.FMLLoader/]: Game directory: D:\javaProjects\dndturn26.1\targets\neoforge-26.1\build\gametest-run
[17:03:32] [main/INFO] [ne.ne.fm.lo.EarlyServiceDiscovery/]: Found 2 early service jars (out of 109) in 16ms
[17:03:32] [main/INFO] [ne.ne.fm.lo.FMLLoader/]: Loading FML Early Services:
[17:03:32] [main/INFO] [ne.ne.fm.lo.FMLLoader/]:  - C:/Users/RNaim/.gradle/caches/modules-2/files-2.1/net.neoforged.fancymodloader/loader/11.0.15/69ddd98736a6b095783523404d1af8992842722/loader-11.0.15.jar
[17:03:32] [main/INFO] [ne.ne.fm.lo.FMLLoader/]:  - C:/Users/RNaim/.gradle/caches/modules-2/files-2.1/net.neoforged.fancymodloader/earlydisplay/11.0.15/b254aa4ec40828f8ce65411dcb7fb9f6ce008064/earlydisplay-11.0.15.jar
[17:03:32] [main/INFO] [ne.ne.fm.lo.ImmediateWindowHandler/]: Not loading early display in headless mode.
[17:03:32] [main/INFO] [ne.ne.fm.lo.mo.lo.GameLocator/]: Detected a joined NeoForge and Minecraft configuration. Applying filtering...
[17:03:32] [main/INFO] [ne.ne.fm.lo.mo.lo.InDevFolderLocator/CORE]: Got mod coordinates dndturnTests%%D:\javaProjects\dndturn26.1\targets\neoforge-26.1\build\classes\java\main;dndturnTests%%D:\javaProjects\dndturn26.1\targets\neoforge-26.1\build\resources\main;dndturnTests%%D:\javaProjects\dndturn26.1\common\build\classes\java\main;dndturnTests%%D:\javaProjects\dndturn26.1\targets\neoforge-26.1\build\classes\java\compatTest;dndturnTests%%D:\javaProjects\dndturn26.1\targets\neoforge-26.1\build\resources\compatTest;dndturnTests%%D:\javaProjects\dndturn26.1\targets\neoforge-26.1\build\classes\java\gameTest;dndturnTests%%D:\javaProjects\dndturn26.1\targets\neoforge-26.1\build\resources\gameTest from env
[17:03:32] [main/INFO] [ne.ne.fm.lo.mo.lo.JarInJarDependencyLocator/]: Found 2 dependencies adding them to mods collection
[17:03:32] [main/INFO] [ne.ne.fm.lo.mo.ModDiscoverer/]: 
     Mod List:
		Name Version (Mod Id)

		ApricityUI 1.2.5 (apricityui)
		DNDTurn 1.0.0-SNAPSHOT (dndturn)
		Minecraft 26.1.2 (minecraft)
		NeoForge 26.1.2.84 (neoforge)
[17:03:32] [main/INFO] [mixin/]: SpongePowered MIXIN Subsystem Version=0.8.7 Source=file:/C:/Users/RNaim/.gradle/caches/modules-2/files-2.1/net.fabricmc/sponge-mixin/0.17.3+mixin.0.8.7/41c4a3984a80f4679e759fb9f495587acc5cdac7/sponge-mixin-0.17.3+mixin.0.8.7.jar Service=FML Env=SERVER
[17:03:32] [main/INFO] [ne.ne.fm.lo.FMLLoader/]: Loading FML Plugins:
[17:03:32] [main/INFO] [ne.ne.fm.lo.FMLLoader/]:  - C:/Users/RNaim/.gradle/caches/modules-2/files-2.1/net.neoforged/neoforge/26.1.2.84/b725526a2fab2163b9a0a8ce89d435d7cd5d8a88/neoforge-26.1.2.84-universal.jar > net.neoforged.neoforge-coremods-26.1.2.84.jar
[17:03:32] [main/INFO] [ne.ne.fm.lo.FMLLoader/]: Building game content classloader:
 - apricityui (jar(C:/Users/RNaim/.gradle/caches/modules-2/files-2.1/maven.modrinth/apricityui/wwrdhxiM/d4311449e5b1cdc9a59e33a7f2b02435d7441546/apricityui-wwrdhxiM.jar))
 - dndturn (composite(folder(D:/javaProjects/dndturn26.1/targets/neoforge-26.1/build/classes/java/main), folder(D:/javaProjects/dndturn26.1/targets/neoforge-26.1/build/resources/main), folder(D:/javaProjects/dndturn26.1/common/build/classes/java/main), folder(D:/javaProjects/dndturn26.1/targets/neoforge-26.1/build/classes/java/compatTest), folder(D:/javaProjects/dndturn26.1/targets/neoforge-26.1/build/classes/java/gameTest), folder(D:/javaProjects/dndturn26.1/targets/neoforge-26.1/build/resources/gameTest)))
 - minecraft (composite(filtered(jar(D:/javaProjects/dndturn26.1/targets/neoforge-26.1/build/moddev/artifacts/minecraft-patched-26.1.2.84.jar)), filtered(jar(D:/javaProjects/dndturn26.1/targets/neoforge-26.1/build/moddev/artifacts/minecraft-patched-26.1.2.84.jar))))
 - mixinextras.neoforge (jar(C:/Users/RNaim/.gradle/caches/modules-2/files-2.1/net.neoforged/neoforge/26.1.2.84/b725526a2fab2163b9a0a8ce89d435d7cd5d8a88/neoforge-26.1.2.84-universal.jar > mixinextras-neoforge-0.5.4.jar))
 - neoforge (composite(filtered(jar(C:/Users/RNaim/.gradle/caches/modules-2/files-2.1/net.neoforged/neoforge/26.1.2.84/b725526a2fab2163b9a0a8ce89d435d7cd5d8a88/neoforge-26.1.2.84-universal.jar))))
 - net.neoforged.fml.generated (empty(VirtualJar/net.neoforged.fml.generated))
[17:03:32] [main/INFO] [ne.ne.fm.lo.FMLLoader/]: Built game content classloader in 14ms
[17:03:32] [main/INFO] [mixin/]: Compatibility level set to JAVA_25
[17:03:32] [main/WARN] [mixin/]: Reference map 'apricityui.refmap.json' for apricityui.mixins.json could not be read. If this is a development environment you can ignore this message
[17:03:32] [main/INFO] [minecraft/GameTestMainUtil]: Running GameTestMain with cwd 'D:\javaProjects\dndturn26.1\targets\neoforge-26.1\build\gametest-run', universe path 'gametestserver'
[17:03:32] [main/INFO] [MixinExtras|Service/]: Initializing MixinExtras via com.llamalad7.mixinextras.service.MixinExtrasServiceImpl(version=0.5.4).
[17:03:34] [modloading-worker-0/INFO] [ne.ne.ne.co.NeoForgeMod/NEOFORGE-MOD]: NeoForge mod loading, version 26.1.2.84, for MC 26.1.2
[17:03:34] [modloading-sync-worker/INFO] [co.si.ap.ne.ap.NetworkAutoRegistration/]: [NetworkAutoReg] Metadata scan found: 4 | added: 4 | skipped: 0
[17:03:35] [main/INFO] [minecraft/RecipeManager]: Loaded 1515 recipes
[17:03:35] [main/INFO] [minecraft/AdvancementTree]: Loaded 1617 advancements
[17:03:35] [main/INFO] [ne.ne.ne.co.cr.RecipePriorityManager/]: Loaded 0 recipe priority overrides
[17:03:35] [Server thread/INFO] [minecraft/LoggingLevelLoadListener]: Selecting global world spawn...
[17:03:35] [Server thread/INFO] [minecraft/LoggingLevelLoadListener]: Loading 0 persistent chunks...
[17:03:35] [Server thread/INFO] [minecraft/LoggingLevelLoadListener]: Preparing spawn area: 100%
[17:03:35] [Server thread/INFO] [minecraft/LoggingLevelLoadListener]: Time elapsed: 167 ms
[17:03:35] [Server thread/INFO] [minecraft/GameTestServer]: Started game test server
[17:03:35] [Server thread/INFO] [ne.ne.ne.se.pe.PermissionAPI/]: Successfully initialized permission handler neoforge:default_handler
[17:03:36] [Server thread/INFO] [minecraft/GameTestServer]: 61 tests are now running at position -11113277, -59, -10127109!
[17:03:36] [Server thread/INFO] [minecraft/GameTestRunner]: Running test environment 'dndturn:tactical_ranged' batch 0 (1 tests)...
[17:03:36] [Server thread/INFO] [minecraft/GameTestServer]: [                                                             ]
[17:03:36] [Server thread/INFO] [minecraft/GameTestServer]: [                                                             ]
[17:03:36] [Server thread/INFO] [minecraft/GameTestServer]: [                                                             ]
[17:03:36] [Server thread/INFO] [minecraft/GameTestServer]: [                                                             ]
[17:03:36] [Server thread/INFO] [minecraft/GameTestServer]: [                                                             ]
[17:03:36] [Server thread/INFO] [minecraft/GameTestServer]: [                                                             ]
[17:03:36] [Server thread/INFO] [minecraft/GameTestServer]: [                                                             ]
[17:03:36] [Server thread/INFO] [minecraft/GameTestServer]: [                                                             ]
[17:03:36] [Server thread/INFO] [minecraft/GameTestServer]: [_                                                            ]
[17:03:36] [Server thread/INFO] [minecraft/GameTestServer]: [_                                                            ]
[17:03:36] [Server thread/INFO] [minecraft/PlayerList]: test-mock-player[embedded] logged in with entity id 1 at (0.0, 0.0, 0.0)
[17:03:36] [Server thread/INFO] [minecraft/MinecraftServer]: test-mock-player joined the game
[17:03:37] [Server thread/INFO] [minecraft/GameTestServer]: [_                                                            ]
[17:03:37] [Server thread/INFO] [minecraft/GameTestServer]: [_                                                            ]
[17:03:37] [Server thread/INFO] [minecraft/GameTestRunner]: Running test environment 'dndturn:navigation_regressions' batch 0 (1 tests)...
[17:03:37] [Server thread/INFO] [minecraft/GameTestServer]: [+_                                                           ]
[17:03:37] [Server thread/INFO] [minecraft/GameTestServer]: [+_                                                           ]
[17:03:37] [Server thread/INFO] [minecraft/PlayerList]: tactical-test[embedded] logged in with entity id 4 at (0.0, 0.0, 0.0)
[17:03:37] [Server thread/INFO] [minecraft/MinecraftServer]: tactical-test joined the game
[17:03:37] [Server thread/ERROR] [minecraft/LogTestReporter]: dndturn:prototype_zombie_navigation failed at -11113267, -59, -10127109! attacker or target not authorized
[17:03:37] [Server thread/INFO] [minecraft/GameTestRunner]: Running test environment 'dndturn:environment_processes' batch 0 (1 tests)...
[17:03:37] [Server thread/INFO] [minecraft/PlayerList]: test-mock-player[embedded] logged in with entity id 6 at (0.0, 0.0, 0.0)
[17:03:37] [Server thread/INFO] [minecraft/MinecraftServer]: test-mock-player joined the game
[17:03:37] [Server thread/INFO] [minecraft/GameTestServer]: [+X_                                                          ]
[17:03:37] [Server thread/INFO] [minecraft/GameTestServer]: [+X_                                                          ]
[17:03:37] [Server thread/INFO] [minecraft/GameTestServer]: [+X_                                                          ]
[17:03:37] [Server thread/INFO] [minecraft/GameTestRunner]: Running test environment 'dndturn:environment_domains' batch 0 (1 tests)...
[17:03:37] [Server thread/INFO] [minecraft/PlayerList]: test-mock-player[embedded] logged in with entity id 10 at (0.0, 0.0, 0.0)
[17:03:37] [Server thread/INFO] [minecraft/MinecraftServer]: test-mock-player joined the game
[17:03:37] [Server thread/INFO] [minecraft/PlayerList]: test-mock-player[embedded] logged in with entity id 11 at (0.0, 0.0, 0.0)
[17:03:37] [Server thread/INFO] [minecraft/MinecraftServer]: test-mock-player joined the game
[17:03:37] [Server thread/INFO] [minecraft/GameTestServer]: [+X+_                                                         ]
[17:03:37] [Server thread/INFO] [minecraft/GameTestServer]: [+X+_                                                         ]
[17:03:38] [Server thread/WARN] [cc.si.dn.co.EnvironmentExplosion/]: ENVIRONMENT_DOMAIN_MISMATCH step=21da3480-0c59-4d2e-904e-5f75c08eb48a source=e7bf63b9-78db-42c0-b327-d130dbc0e787 rejectedEntities=1 rejectedBlocks=13
[17:03:38] [Server thread/INFO] [minecraft/GameTestRunner]: Running test environment 'dndturn:native_melee' batch 0 (1 tests)...
[17:03:38] [Server thread/INFO] [minecraft/PlayerList]: tactical-test[embedded] logged in with entity id 17 at (0.0, 0.0, 0.0)
[17:03:38] [Server thread/INFO] [minecraft/MinecraftServer]: tactical-test joined the game
[17:03:38] [Server thread/INFO] [minecraft/GameTestServer]: [+X++_                                                        ]
[17:03:38] [Server thread/INFO] [minecraft/GameTestRunner]: Running test environment 'dndturn:tactical_snowball' batch 0 (1 tests)...
[17:03:38] [Server thread/INFO] [minecraft/GameTestServer]: [+X+++                                                        ]
[17:03:38] [Server thread/INFO] [minecraft/GameTestServer]: [+X+++_                                                       ]
[17:03:38] [Server thread/INFO] [minecraft/GameTestServer]: [+X+++_                                                       ]
[17:03:38] [Server thread/INFO] [minecraft/PlayerList]: test-mock-player[embedded] logged in with entity id 19 at (0.0, 0.0, 0.0)
[17:03:38] [Server thread/INFO] [minecraft/MinecraftServer]: test-mock-player joined the game
[17:03:38] [Server thread/INFO] [minecraft/GameTestServer]: [+X+++_                                                       ]
[17:03:38] [Server thread/INFO] [minecraft/GameTestRunner]: Running test environment 'dndturn:environment_circuits' batch 0 (1 tests)...
[17:03:38] [Server thread/INFO] [minecraft/GameTestServer]: [+X++++                                                       ]
[17:03:38] [Server thread/INFO] [minecraft/GameTestServer]: [+X++++                                                       ]
[17:03:38] [Server thread/INFO] [minecraft/GameTestServer]: [+X++++                                                       ]
[17:03:38] [Server thread/INFO] [minecraft/GameTestServer]: [+X++++                                                       ]
[17:03:39] [Server thread/INFO] [minecraft/PlayerList]: test-mock-player[embedded] logged in with entity id 22 at (0.0, 0.0, 0.0)
[17:03:39] [Server thread/INFO] [minecraft/MinecraftServer]: test-mock-player joined the game
[17:03:39] [Server thread/INFO] [minecraft/GameTestServer]: [+X++++_                                                      ]
[17:03:39] [Server thread/INFO] [minecraft/GameTestServer]: [+X++++_                                                      ]
[17:03:39] [Server thread/INFO] [minecraft/GameTestServer]: [+X++++_                                                      ]
[17:03:39] [Server thread/INFO] [minecraft/GameTestServer]: [+X++++_                                                      ]
[17:03:39] [Server thread/INFO] [minecraft/GameTestServer]: [+X++++_                                                      ]
[17:03:39] [Server thread/INFO] [minecraft/GameTestServer]: [+X++++_                                                      ]
[17:03:39] [Server thread/INFO] [minecraft/GameTestServer]: [+X++++_                                                      ]
[17:03:39] [Server thread/INFO] [minecraft/GameTestServer]: [+X++++_                                                      ]
[17:03:39] [Server thread/INFO] [minecraft/GameTestServer]: [+X++++_                                                      ]
[17:03:39] [Server thread/INFO] [minecraft/GameTestRunner]: Running test environment 'dndturn:participant_fire' batch 0 (1 tests)...
[17:03:39] [Server thread/INFO] [minecraft/PlayerList]: tactical-test[embedded] logged in with entity id 24 at (0.0, 0.0, 0.0)
[17:03:39] [Server thread/INFO] [minecraft/MinecraftServer]: tactical-test joined the game
[17:03:39] [Server thread/INFO] [minecraft/GameTestServer]: [+X+++++_                                                     ]
[17:03:39] [Server thread/INFO] [minecraft/GameTestServer]: [+X+++++_                                                     ]
[17:03:39] [Server thread/INFO] [minecraft/GameTestRunner]: Running test environment 'dndturn:body_control' batch 0 (1 tests)...
[17:03:39] [Server thread/INFO] [minecraft/PlayerList]: tactical-test[embedded] logged in with entity id 26 at (0.0, 0.0, 0.0)
[17:03:39] [Server thread/INFO] [minecraft/MinecraftServer]: tactical-test joined the game
[17:03:39] [Server thread/INFO] [minecraft/GameTestServer]: [+X++++++_                                                    ]
[17:03:39] [Server thread/INFO] [minecraft/GameTestServer]: [+X++++++_                                                    ]
[17:03:39] [Server thread/INFO] [minecraft/GameTestRunner]: Running test environment 'dndturn:environment_boundary_time' batch 0 (1 tests)...
[17:03:39] [Server thread/INFO] [minecraft/PlayerList]: test-mock-player[embedded] logged in with entity id 31 at (0.0, 0.0, 0.0)
[17:03:39] [Server thread/INFO] [minecraft/MinecraftServer]: test-mock-player joined the game
[17:03:39] [Server thread/INFO] [minecraft/GameTestServer]: [+X+++++++_                                                   ]
[17:03:39] [Server thread/INFO] [minecraft/GameTestServer]: [+X+++++++_                                                   ]
[17:03:39] [Server thread/INFO] [minecraft/GameTestServer]: [+X+++++++_                                                   ]
[17:03:39] [Server thread/INFO] [minecraft/GameTestServer]: [+X+++++++_                                                   ]
[17:03:39] [Server thread/INFO] [minecraft/GameTestServer]: [+X+++++++_                                                   ]
[17:03:39] [Server thread/INFO] [minecraft/GameTestRunner]: Running test environment 'dndturn:tactical_crossbow' batch 0 (1 tests)...
[17:03:39] [Server thread/INFO] [minecraft/GameTestServer]: [+X++++++++_                                                  ]
[17:03:39] [Server thread/INFO] [minecraft/GameTestServer]: [+X++++++++_                                                  ]
[17:03:39] [Server thread/INFO] [minecraft/PlayerList]: test-mock-player[embedded] logged in with entity id 32 at (0.0, 0.0, 0.0)
[17:03:39] [Server thread/INFO] [minecraft/MinecraftServer]: test-mock-player joined the game
[17:03:40] [Server thread/INFO] [minecraft/GameTestServer]: [+X++++++++_                                                  ]
[17:03:40] [Server thread/INFO] [minecraft/GameTestServer]: [+X++++++++_                                                  ]
[17:03:40] [Server thread/INFO] [minecraft/GameTestServer]: [+X++++++++_                                                  ]
[17:03:40] [Server thread/INFO] [minecraft/MinecraftServer]: test-mock-player has made the advancement [Ol' Betsy]
[17:03:40] [Server thread/INFO] [minecraft/GameTestRunner]: Running test environment 'dndturn:consent_regressions' batch 0 (1 tests)...
[17:03:40] [Server thread/INFO] [minecraft/PlayerList]: exit-test-player[embedded] logged in with entity id 35 at (0.0, 0.0, 0.0)
[17:03:40] [Server thread/INFO] [minecraft/MinecraftServer]: exit-test-player joined the game
[17:03:40] [Server thread/INFO] [minecraft/PlayerList]: exit-test-player[embedded] logged in with entity id 36 at (0.0, 0.0, 0.0)
[17:03:40] [Server thread/INFO] [minecraft/MinecraftServer]: exit-test-player joined the game
[17:03:40] [Server thread/INFO] [minecraft/PlayerList]: exit-test-player[embedded] logged in with entity id 37 at (0.0, 0.0, 0.0)
[17:03:40] [Server thread/INFO] [minecraft/MinecraftServer]: exit-test-player joined the game
[17:03:40] [Server thread/INFO] [minecraft/GameTestServer]: [+X+++++++++_                                                 ]
[17:03:40] [Server thread/INFO] [minecraft/GameTestServer]: [+X+++++++++_                                                 ]
[17:03:40] [Server thread/INFO] [minecraft/GameTestServer]: [+X+++++++++_                                                 ]
[17:03:40] [Server thread/INFO] [minecraft/GameTestServer]: [+X+++++++++_                                                 ]
[17:03:40] [Server thread/INFO] [minecraft/GameTestServer]: [+X+++++++++_                                                 ]
[17:03:40] [Server thread/INFO] [minecraft/GameTestServer]: [+X+++++++++_                                                 ]
[17:03:40] [Server thread/INFO] [minecraft/GameTestServer]: [+X+++++++++_                                                 ]
[17:03:40] [Server thread/INFO] [minecraft/GameTestServer]: [+X+++++++++_                                                 ]
[17:03:40] [Server thread/INFO] [minecraft/GameTestServer]: [+X+++++++++_                                                 ]
[17:03:40] [Server thread/INFO] [minecraft/GameTestServer]: [+X+++++++++_                                                 ]
[17:03:40] [Server thread/INFO] [minecraft/GameTestServer]: [+X+++++++++_                                                 ]
[17:03:40] [Server thread/INFO] [minecraft/GameTestServer]: [+X+++++++++_                                                 ]
[17:03:40] [Server thread/INFO] [minecraft/GameTestServer]: [+X+++++++++_                                                 ]
[17:03:40] [Server thread/INFO] [minecraft/GameTestServer]: [+X+++++++++_                                                 ]
[17:03:40] [Server thread/INFO] [minecraft/GameTestServer]: [+X+++++++++_                                                 ]
[17:03:40] [Server thread/INFO] [minecraft/GameTestServer]: [+X+++++++++_                                                 ]
[17:03:40] [Server thread/INFO] [minecraft/GameTestServer]: [+X+++++++++_                                                 ]
[17:03:40] [Server thread/INFO] [minecraft/GameTestServer]: [+X+++++++++_                                                 ]
[17:03:40] [Server thread/INFO] [minecraft/GameTestServer]: [+X+++++++++_                                                 ]
[17:03:40] [Server thread/INFO] [minecraft/GameTestServer]: [+X+++++++++_                                                 ]
[17:03:40] [Server thread/INFO] [minecraft/GameTestRunner]: Running test environment 'dndturn:arrow_regressions' batch 0 (9 tests)...
[17:03:40] [Server thread/INFO] [minecraft/PlayerList]: test-mock-player[embedded] logged in with entity id 39 at (0.0, 0.0, 0.0)
[17:03:40] [Server thread/INFO] [minecraft/MinecraftServer]: test-mock-player joined the game
[17:03:40] [Server thread/INFO] [minecraft/PlayerList]: test-mock-player[embedded] logged in with entity id 40 at (0.0, 0.0, 0.0)
[17:03:40] [Server thread/INFO] [minecraft/MinecraftServer]: test-mock-player joined the game
[17:03:40] [Server thread/INFO] [minecraft/PlayerList]: test-mock-player[embedded] logged in with entity id 43 at (0.0, 0.0, 0.0)
[17:03:40] [Server thread/INFO] [minecraft/MinecraftServer]: test-mock-player joined the game
[17:03:40] [Server thread/INFO] [minecraft/PlayerList]: test-mock-player[embedded] logged in with entity id 44 at (0.0, 0.0, 0.0)
[17:03:40] [Server thread/INFO] [minecraft/MinecraftServer]: test-mock-player joined the game
[17:03:40] [Server thread/INFO] [minecraft/PlayerList]: test-mock-player[embedded] logged in with entity id 47 at (0.0, 0.0, 0.0)
[17:03:40] [Server thread/INFO] [minecraft/MinecraftServer]: test-mock-player joined the game
[17:03:40] [Server thread/INFO] [minecraft/PlayerList]: test-mock-player[embedded] logged in with entity id 48 at (0.0, 0.0, 0.0)
[17:03:40] [Server thread/INFO] [minecraft/MinecraftServer]: test-mock-player joined the game
[17:03:40] [Server thread/INFO] [minecraft/PlayerList]: test-mock-player[embedded] logged in with entity id 51 at (0.0, 0.0, 0.0)
[17:03:40] [Server thread/INFO] [minecraft/MinecraftServer]: test-mock-player joined the game
[17:03:40] [Server thread/INFO] [minecraft/PlayerList]: test-mock-player[embedded] logged in with entity id 52 at (0.0, 0.0, 0.0)
[17:03:40] [Server thread/INFO] [minecraft/MinecraftServer]: test-mock-player joined the game
[17:03:40] [Server thread/INFO] [minecraft/PlayerList]: test-mock-player[embedded] logged in with entity id 58 at (0.0, 0.0, 0.0)
[17:03:40] [Server thread/INFO] [minecraft/MinecraftServer]: test-mock-player joined the game
[17:03:40] [Server thread/INFO] [minecraft/PlayerList]: test-mock-player[embedded] logged in with entity id 59 at (0.0, 0.0, 0.0)
[17:03:40] [Server thread/INFO] [minecraft/MinecraftServer]: test-mock-player joined the game
[17:03:40] [Server thread/INFO] [minecraft/GameTestServer]: [+X++++++++++_________                                        ]
[17:03:40] [Server thread/INFO] [minecraft/PlayerList]: test-mock-player[embedded] logged in with entity id 64 at (0.0, 0.0, 0.0)
[17:03:40] [Server thread/INFO] [minecraft/MinecraftServer]: test-mock-player joined the game
[17:03:41] [Server thread/INFO] [minecraft/PlayerList]: test-mock-player[embedded] logged in with entity id 65 at (0.0, 0.0, 0.0)
[17:03:41] [Server thread/INFO] [minecraft/MinecraftServer]: test-mock-player joined the game
[17:03:41] [Server thread/INFO] [minecraft/PlayerList]: test-mock-player[embedded] logged in with entity id 66 at (0.0, 0.0, 0.0)
[17:03:41] [Server thread/INFO] [minecraft/MinecraftServer]: test-mock-player joined the game
[17:03:41] [Server thread/INFO] [minecraft/PlayerList]: test-mock-player[embedded] logged in with entity id 67 at (0.0, 0.0, 0.0)
[17:03:41] [Server thread/INFO] [minecraft/MinecraftServer]: test-mock-player joined the game
[17:03:41] [Server thread/INFO] [minecraft/GameTestServer]: [+X++++++++++__+_+++++                                        ]
[17:03:41] [Server thread/INFO] [minecraft/GameTestServer]: [+X++++++++++__+_+++++                                        ]
[17:03:41] [Server thread/INFO] [minecraft/GameTestServer]: [+X++++++++++__+_+++++                                        ]
[17:03:41] [Server thread/INFO] [minecraft/GameTestServer]: [+X++++++++++__+_+++++                                        ]
[17:03:41] [Server thread/INFO] [minecraft/GameTestServer]: [+X++++++++++__+_+++++                                        ]
[17:03:41] [Server thread/INFO] [minecraft/GameTestServer]: [+X++++++++++__+_+++++                                        ]
[17:03:41] [Server thread/INFO] [minecraft/GameTestServer]: [+X++++++++++__+_+++++                                        ]
[17:03:41] [Server thread/INFO] [minecraft/GameTestServer]: [+X++++++++++__+_+++++                                        ]
[17:03:41] [Server thread/INFO] [minecraft/GameTestServer]: [+X+++++++++++_+_+++++                                        ]
[17:03:41] [Server thread/INFO] [minecraft/GameTestRunner]: Running test environment 'dndturn:movement_lease_exit' batch 0 (1 tests)...
[17:03:41] [Server thread/INFO] [minecraft/GameTestServer]: [+X+++++++++++++++++++_                                       ]
[17:03:41] [Server thread/INFO] [minecraft/GameTestServer]: [+X+++++++++++++++++++_                                       ]
[17:03:41] [Server thread/INFO] [minecraft/GameTestServer]: [+X+++++++++++++++++++_                                       ]
[17:03:41] [Server thread/INFO] [minecraft/PlayerList]: test-mock-player[embedded] logged in with entity id 76 at (0.0, 0.0, 0.0)
[17:03:41] [Server thread/INFO] [minecraft/MinecraftServer]: test-mock-player joined the game
[17:03:41] [Server thread/INFO] [minecraft/GameTestRunner]: Running test environment 'dndturn:tactical_plan' batch 0 (1 tests)...
[17:03:41] [Server thread/INFO] [minecraft/GameTestServer]: [+X++++++++++++++++++++                                       ]
[17:03:41] [Server thread/INFO] [minecraft/PlayerList]: test-mock-player[embedded] logged in with entity id 78 at (0.0, 0.0, 0.0)
[17:03:41] [Server thread/INFO] [minecraft/MinecraftServer]: test-mock-player joined the game
[17:03:42] [Server thread/INFO] [minecraft/GameTestServer]: [+X++++++++++++++++++++_                                      ]
[17:03:42] [Server thread/INFO] [minecraft/MinecraftServer]: test-mock-player has made the advancement [Isn't It Iron Pick]
[17:03:42] [Server thread/INFO] [minecraft/GameTestServer]: [+X++++++++++++++++++++_                                      ]
[17:03:42] [Server thread/INFO] [minecraft/GameTestRunner]: Running test environment 'dndturn:restart_history' batch 0 (1 tests)...
[17:03:42] [Server thread/INFO] [minecraft/PlayerList]: tactical-test[embedded] logged in with entity id 85 at (0.0, 0.0, 0.0)
[17:03:42] [Server thread/INFO] [minecraft/MinecraftServer]: tactical-test joined the game
[17:03:42] [Server thread/INFO] [minecraft/GameTestServer]: [+X+++++++++++++++++++++_                                     ]
[17:03:42] [Server thread/INFO] [minecraft/GameTestServer]: [+X+++++++++++++++++++++_                                     ]
DNDTURN_RESTART_WRITE_READY encounter=809f3b08-e415-48b8-9060-c1300fe628f1 operation=d906ef95-955f-45e2-bf17-7a1ef51826fe
[17:03:42] [Server thread/INFO] [minecraft/GameTestRunner]: Running test environment 'dndturn:action_preview' batch 0 (1 tests)...
[17:03:42] [Server thread/INFO] [minecraft/PlayerList]: tactical-test[embedded] logged in with entity id 86 at (0.0, 0.0, 0.0)
[17:03:42] [Server thread/INFO] [minecraft/MinecraftServer]: tactical-test joined the game
action_preview flat A*: slices=4, charged probes=73
[17:03:42] [Server thread/INFO] [minecraft/MinecraftServer]: tactical-test has made the advancement [Take Aim]
[17:03:42] [Server thread/INFO] [minecraft/GameTestRunner]: Running test environment 'dndturn:discovery_cursor' batch 0 (1 tests)...
[17:03:42] [Server thread/INFO] [minecraft/GameTestServer]: [+X+++++++++++++++++++++++                                    ]
[17:03:43] [Server thread/INFO] [minecraft/GameTestServer]: [+X+++++++++++++++++++++++_                                   ]
[17:03:43] [Server thread/INFO] [minecraft/GameTestRunner]: Running test environment 'dndturn:participant_effects' batch 0 (1 tests)...
[17:03:43] [Server thread/INFO] [minecraft/PlayerList]: tactical-test[embedded] logged in with entity id 171 at (0.0, 0.0, 0.0)
[17:03:43] [Server thread/INFO] [minecraft/MinecraftServer]: tactical-test joined the game
[17:03:43] [Server thread/INFO] [minecraft/GameTestServer]: [+X++++++++++++++++++++++++_                                  ]
[17:03:43] [Server thread/INFO] [minecraft/GameTestServer]: [+X++++++++++++++++++++++++_                                  ]
[17:03:43] [Server thread/INFO] [minecraft/GameTestServer]: [+X++++++++++++++++++++++++_                                  ]
[17:03:43] [Server thread/INFO] [minecraft/GameTestServer]: [+X++++++++++++++++++++++++_                                  ]
[17:03:43] [Server thread/INFO] [minecraft/GameTestServer]: [+X++++++++++++++++++++++++_                                  ]
[17:03:43] [Server thread/INFO] [minecraft/GameTestServer]: [+X++++++++++++++++++++++++_                                  ]
[17:03:43] [Server thread/INFO] [minecraft/GameTestServer]: [+X++++++++++++++++++++++++_                                  ]
[17:03:43] [Server thread/INFO] [minecraft/GameTestServer]: [+X++++++++++++++++++++++++_                                  ]
[17:03:43] [Server thread/INFO] [minecraft/GameTestServer]: [+X++++++++++++++++++++++++_                                  ]
[17:03:43] [Server thread/INFO] [minecraft/GameTestServer]: [+X++++++++++++++++++++++++_                                  ]
[17:03:43] [Server thread/INFO] [minecraft/GameTestServer]: [+X++++++++++++++++++++++++_                                  ]
[17:03:43] [Server thread/INFO] [minecraft/GameTestServer]: [+X++++++++++++++++++++++++_                                  ]
[17:03:43] [Server thread/INFO] [minecraft/GameTestServer]: [+X++++++++++++++++++++++++_                                  ]
[17:03:43] [Server thread/INFO] [minecraft/GameTestServer]: [+X++++++++++++++++++++++++_                                  ]
[17:03:43] [Server thread/INFO] [minecraft/GameTestServer]: [+X++++++++++++++++++++++++_                                  ]
[17:03:43] [Server thread/INFO] [minecraft/MinecraftServer]: tactical-test withered away
[17:03:43] [Server thread/INFO] [minecraft/GameTestRunner]: Running test environment 'dndturn:environment_tnt' batch 0 (1 tests)...
[17:03:43] [Server thread/INFO] [minecraft/PlayerList]: test-mock-player[embedded] logged in with entity id 173 at (0.0, 0.0, 0.0)
[17:03:43] [Server thread/INFO] [minecraft/MinecraftServer]: test-mock-player joined the game
[17:03:43] [Server thread/INFO] [minecraft/GameTestServer]: [+X+++++++++++++++++++++++++_                                 ]
[17:03:43] [Server thread/INFO] [minecraft/GameTestServer]: [+X+++++++++++++++++++++++++_                                 ]
[17:03:43] [Server thread/INFO] [minecraft/GameTestServer]: [+X+++++++++++++++++++++++++_                                 ]
[17:03:43] [Server thread/INFO] [minecraft/GameTestServer]: [+X+++++++++++++++++++++++++_                                 ]
[17:03:43] [Server thread/INFO] [minecraft/GameTestServer]: [+X+++++++++++++++++++++++++_                                 ]
[17:03:43] [Server thread/INFO] [minecraft/GameTestServer]: [+X+++++++++++++++++++++++++_                                 ]
[17:03:43] [Server thread/INFO] [minecraft/GameTestServer]: [+X+++++++++++++++++++++++++_                                 ]
[17:03:43] [Server thread/INFO] [minecraft/GameTestServer]: [+X+++++++++++++++++++++++++_                                 ]
[17:03:43] [Server thread/INFO] [minecraft/GameTestRunner]: Running test environment 'dndturn:merge_discovery_expansion' batch 0 (1 tests)...
[17:03:43] [Server thread/INFO] [minecraft/GameTestServer]: [+X++++++++++++++++++++++++++                                 ]
[17:03:43] [Server thread/INFO] [minecraft/PlayerList]: test-mock-player[embedded] logged in with entity id 179 at (0.0, 0.0, 0.0)
[17:03:43] [Server thread/INFO] [minecraft/MinecraftServer]: test-mock-player joined the game
[17:03:43] [Server thread/INFO] [minecraft/PlayerList]: test-mock-player[embedded] logged in with entity id 181 at (0.0, 0.0, 0.0)
[17:03:43] [Server thread/INFO] [minecraft/MinecraftServer]: test-mock-player joined the game
[17:03:43] [Server thread/INFO] [minecraft/PlayerList]: test-mock-player[embedded] logged in with entity id 183 at (0.0, 0.0, 0.0)
[17:03:43] [Server thread/INFO] [minecraft/MinecraftServer]: test-mock-player joined the game
[17:03:43] [Server thread/INFO] [minecraft/GameTestServer]: [+X++++++++++++++++++++++++++_                                ]
[17:03:43] [Server thread/INFO] [minecraft/GameTestServer]: [+X++++++++++++++++++++++++++_                                ]
[17:03:43] [Server thread/INFO] [minecraft/GameTestServer]: [+X++++++++++++++++++++++++++_                                ]
[17:03:43] [Server thread/INFO] [minecraft/GameTestServer]: [+X++++++++++++++++++++++++++_                                ]
[17:03:43] [Server thread/INFO] [minecraft/GameTestRunner]: Running test environment 'dndturn:environment_clock' batch 0 (1 tests)...
[17:03:44] [Server thread/INFO] [minecraft/PlayerList]: test-mock-player[embedded] logged in with entity id 186 at (0.0, 0.0, 0.0)
[17:03:44] [Server thread/INFO] [minecraft/MinecraftServer]: test-mock-player joined the game
[17:03:44] [Server thread/INFO] [minecraft/GameTestServer]: [+X+++++++++++++++++++++++++++_                               ]
[17:03:44] [Server thread/INFO] [minecraft/GameTestServer]: [+X+++++++++++++++++++++++++++_                               ]
[17:03:44] [Server thread/INFO] [minecraft/GameTestServer]: [+X+++++++++++++++++++++++++++_                               ]
[17:03:44] [Server thread/INFO] [minecraft/GameTestServer]: [+X+++++++++++++++++++++++++++_                               ]
[17:03:44] [Server thread/INFO] [minecraft/GameTestServer]: [+X+++++++++++++++++++++++++++_                               ]
[17:03:44] [Server thread/INFO] [minecraft/GameTestServer]: [+X+++++++++++++++++++++++++++_                               ]
[17:03:44] [Server thread/INFO] [minecraft/GameTestRunner]: Running test environment 'dndturn:tactical_behaviors' batch 0 (3 tests)...
[17:03:44] [Server thread/INFO] [minecraft/PlayerList]: test-mock-player[embedded] logged in with entity id 187 at (0.0, 0.0, 0.0)
[17:03:44] [Server thread/INFO] [minecraft/MinecraftServer]: test-mock-player joined the game
[17:03:44] [Server thread/INFO] [minecraft/PlayerList]: test-mock-player[embedded] logged in with entity id 189 at (0.0, 0.0, 0.0)
[17:03:44] [Server thread/INFO] [minecraft/MinecraftServer]: test-mock-player joined the game
[17:03:44] [Server thread/INFO] [minecraft/PlayerList]: test-mock-player[embedded] logged in with entity id 191 at (0.0, 0.0, 0.0)
[17:03:44] [Server thread/INFO] [minecraft/MinecraftServer]: test-mock-player joined the game
[17:03:44] [Server thread/INFO] [minecraft/GameTestServer]: [+X++++++++++++++++++++++++++++___                            ]
[17:03:44] [Server thread/INFO] [minecraft/MinecraftServer]: test-mock-player has made the advancement [Monster Hunter]
[17:03:44] [Server thread/INFO] [minecraft/LivingEntity]: Named entity Zombie['Behavior target'/192, l='ServerLevel[Test Level]', x=-11052274.50, y=93.00, z=-10127058.50] died: death.attack.dndturn.tactical
[17:03:44] [Server thread/INFO] [minecraft/GameTestServer]: [+X++++++++++++++++++++++++++++__+                            ]
[17:03:44] [Server thread/INFO] [minecraft/GameTestServer]: [+X++++++++++++++++++++++++++++__+                            ]
[17:03:44] [Server thread/INFO] [minecraft/GameTestServer]: [+X++++++++++++++++++++++++++++_++                            ]
[17:03:44] [Server thread/INFO] [minecraft/GameTestRunner]: Running test environment 'dndturn:environment_classification' batch 0 (1 tests)...
[17:03:44] [Server thread/INFO] [minecraft/PlayerList]: test-mock-player[embedded] logged in with entity id 195 at (0.0, 0.0, 0.0)
[17:03:44] [Server thread/INFO] [minecraft/MinecraftServer]: test-mock-player joined the game
[17:03:44] [Server thread/INFO] [minecraft/GameTestServer]: [+X+++++++++++++++++++++++++++++++_                           ]
[17:03:44] [Server thread/INFO] [minecraft/GameTestServer]: [+X+++++++++++++++++++++++++++++++_                           ]
[17:03:44] [Server thread/INFO] [minecraft/GameTestRunner]: Running test environment 'minecraft:default' batch 0 (21 tests)...
[17:03:44] [Server thread/INFO] [minecraft/PlayerList]: test-mock-player[embedded] logged in with entity id 202 at (0.0, 0.0, 0.0)
[17:03:44] [Server thread/INFO] [minecraft/MinecraftServer]: test-mock-player joined the game
[17:03:44] [Server thread/INFO] [minecraft/PlayerList]: test-mock-player[embedded] logged in with entity id 204 at (0.0, 0.0, 0.0)
[17:03:44] [Server thread/INFO] [minecraft/MinecraftServer]: test-mock-player joined the game
[17:03:44] [Server thread/INFO] [minecraft/MinecraftServer]: test-mock-player has made the advancement [Monster Hunter]
[17:03:44] [Server thread/INFO] [minecraft/PlayerList]: candidate-review-player[embedded] logged in with entity id 210 at (0.0, 0.0, 0.0)
[17:03:44] [Server thread/INFO] [minecraft/MinecraftServer]: candidate-review-player joined the game
[17:03:45] [Server thread/INFO] [minecraft/PlayerList]: test-mock-player[embedded] logged in with entity id 213 at (0.0, 0.0, 0.0)
[17:03:45] [Server thread/INFO] [minecraft/MinecraftServer]: test-mock-player joined the game
[17:03:45] [Server thread/INFO] [minecraft/PlayerList]: test-mock-player[embedded] logged in with entity id 215 at (0.0, 0.0, 0.0)
[17:03:45] [Server thread/INFO] [minecraft/MinecraftServer]: test-mock-player joined the game
[17:03:45] [Server thread/INFO] [minecraft/PlayerList]: test-mock-player[embedded] logged in with entity id 216 at (0.0, 0.0, 0.0)
[17:03:45] [Server thread/INFO] [minecraft/MinecraftServer]: test-mock-player joined the game
[17:03:45] [Server thread/INFO] [minecraft/PlayerList]: test-mock-player[embedded] logged in with entity id 220 at (0.0, 0.0, 0.0)
[17:03:45] [Server thread/INFO] [minecraft/MinecraftServer]: test-mock-player joined the game
[17:03:45] [Server thread/INFO] [minecraft/PlayerList]: exit-test-player[embedded] logged in with entity id 222 at (0.0, 0.0, 0.0)
[17:03:45] [Server thread/INFO] [minecraft/MinecraftServer]: exit-test-player joined the game
[17:03:45] [Server thread/INFO] [minecraft/PlayerList]: exit-test-player[embedded] logged in with entity id 224 at (0.0, 0.0, 0.0)
[17:03:45] [Server thread/INFO] [minecraft/MinecraftServer]: exit-test-player joined the game
[17:03:45] [Server thread/INFO] [minecraft/PlayerList]: tactical-test[embedded] logged in with entity id 225 at (0.0, 0.0, 0.0)
[17:03:45] [Server thread/INFO] [minecraft/MinecraftServer]: tactical-test joined the game
[17:03:45] [Server thread/INFO] [minecraft/PlayerList]: test-mock-player[embedded] logged in with entity id 229 at (0.0, 0.0, 0.0)
[17:03:45] [Server thread/INFO] [minecraft/MinecraftServer]: test-mock-player joined the game
[17:03:46] [Server thread/ERROR] [cc.si.dn.co.ServerCombatService/]: Combat save cannot be safely restored; preserving it and disabling new encounters
java.lang.IllegalArgumentException: active encounter lacks captured settings or session sequence
	at TRANSFORMER/dndturn@1.0.0-SNAPSHOT/cc.sighs.dndturn.combat.CombatRecoveryCandidate.validate(CombatRecoveryCandidate.java:13) ~[main/:?] {}
	at TRANSFORMER/dndturn@1.0.0-SNAPSHOT/cc.sighs.dndturn.combat.ServerCombatService.<init>(ServerCombatService.java:298) [main/:?] {}
	at TRANSFORMER/dndturn@1.0.0-SNAPSHOT/cc.sighs.dndturn.combat.ServerCombatService.restoreForGameTest(ServerCombatService.java:384) [main/:?] {}
	at TRANSFORMER/dndturn@1.0.0-SNAPSHOT/cc.sighs.dndturn.gametest.RepairGameTests.values(RepairGameTests.java:124) [main/:?] {}
	at TRANSFORMER/minecraft@26.1.2/net.minecraft.gametest.framework.FunctionGameTestInstance.run(FunctionGameTestInstance.java:34) [minecraft-patched-26.1.2.84.jar:?] {}
	at TRANSFORMER/minecraft@26.1.2/net.minecraft.gametest.framework.GameTestInfo.startTest(GameTestInfo.java:163) [minecraft-patched-26.1.2.84.jar:?] {neoforge:access_transformer}
	at TRANSFORMER/minecraft@26.1.2/net.minecraft.gametest.framework.GameTestInfo.tickInternal(GameTestInfo.java:119) [minecraft-patched-26.1.2.84.jar:?] {neoforge:access_transformer}
	at TRANSFORMER/minecraft@26.1.2/net.minecraft.gametest.framework.GameTestInfo.tick(GameTestInfo.java:104) [minecraft-patched-26.1.2.84.jar:?] {neoforge:access_transformer}
	at TRANSFORMER/minecraft@26.1.2/net.minecraft.gametest.framework.GameTestTicker.lambda$tick$0(GameTestTicker.java:47) [minecraft-patched-26.1.2.84.jar:?] {}
	at java.base/java.util.concurrent.CopyOnWriteArrayList.forEach(CopyOnWriteArrayList.java:905) [?:?] {}
	at TRANSFORMER/minecraft@26.1.2/net.minecraft.gametest.framework.GameTestTicker.tick(GameTestTicker.java:47) [minecraft-patched-26.1.2.84.jar:?] {}
	at TRANSFORMER/minecraft@26.1.2/net.minecraft.server.MinecraftServer.tickChildren(MinecraftServer.java:1171) [minecraft-patched-26.1.2.84.jar:?] {neoforge:access_transformer,neoforge:access_transformer,neoforge:mixin[APP:dndturn.mixins.json:MinecraftServerWorldTickBoundaryMixin from mod dndturn]}
	at TRANSFORMER/minecraft@26.1.2/net.minecraft.server.MinecraftServer.tickServer(MinecraftServer.java:1003) [minecraft-patched-26.1.2.84.jar:?] {neoforge:access_transformer,neoforge:access_transformer,neoforge:mixin[APP:dndturn.mixins.json:MinecraftServerWorldTickBoundaryMixin from mod dndturn]}
	at TRANSFORMER/minecraft@26.1.2/net.minecraft.gametest.framework.GameTestServer.tickServer(GameTestServer.java:255) [minecraft-patched-26.1.2.84.jar:?] {}
	at TRANSFORMER/minecraft@26.1.2/net.minecraft.server.MinecraftServer.processPacketsAndTick(MinecraftServer.java:1035) [minecraft-patched-26.1.2.84.jar:?] {neoforge:access_transformer,neoforge:access_transformer,neoforge:mixin[APP:dndturn.mixins.json:MinecraftServerWorldTickBoundaryMixin from mod dndturn]}
	at TRANSFORMER/minecraft@26.1.2/net.minecraft.server.MinecraftServer.runServer(MinecraftServer.java:776) [minecraft-patched-26.1.2.84.jar:?] {neoforge:access_transformer,neoforge:access_transformer,neoforge:mixin[APP:dndturn.mixins.json:MinecraftServerWorldTickBoundaryMixin from mod dndturn]}
	at TRANSFORMER/minecraft@26.1.2/net.minecraft.server.MinecraftServer.lambda$spin$0(MinecraftServer.java:300) [minecraft-patched-26.1.2.84.jar:?] {neoforge:access_transformer,neoforge:access_transformer,neoforge:mixin[APP:dndturn.mixins.json:MinecraftServerWorldTickBoundaryMixin from mod dndturn]}
	at java.base/java.lang.Thread.run(Thread.java:1474) [?:?] {}
[17:03:46] [Server thread/INFO] [minecraft/PlayerList]: test-mock-player[embedded] logged in with entity id 237 at (0.0, 0.0, 0.0)
[17:03:46] [Server thread/INFO] [minecraft/MinecraftServer]: test-mock-player joined the game
[17:03:46] [Server thread/WARN] [cc.si.dn.co.ServerCombatService/]: Restored encounter 1960c81a-065b-448c-ab39-89335c2de9d1 released: membersPresent=false unknownOperations=1
[17:03:46] [Server thread/INFO] [minecraft/PlayerList]: test-mock-player[embedded] logged in with entity id 239 at (0.0, 0.0, 0.0)
[17:03:46] [Server thread/INFO] [minecraft/MinecraftServer]: test-mock-player joined the game
[17:03:46] [Server thread/INFO] [minecraft/PlayerList]: test-mock-player[embedded] logged in with entity id 243 at (0.0, 0.0, 0.0)
[17:03:46] [Server thread/INFO] [minecraft/MinecraftServer]: test-mock-player joined the game
[17:03:46] [Server thread/INFO] [minecraft/PlayerList]: test-mock-player[embedded] logged in with entity id 245 at (0.0, 0.0, 0.0)
[17:03:46] [Server thread/INFO] [minecraft/MinecraftServer]: test-mock-player joined the game
[17:03:47] [Server thread/INFO] [minecraft/GameTestServer]: [+X+++++++++++++++++++++++++++++++++__+++++++++_++_+_++_      ]
[17:03:47] [Server thread/INFO] [minecraft/GameTestServer]: [+X++++++++++++++++++++++++++++++++++++++++++++_++_+++++      ]
[17:03:47] [Server thread/INFO] [minecraft/PlayerList]: test-mock-player[embedded] logged in with entity id 253 at (0.0, 0.0, 0.0)
[17:03:47] [Server thread/INFO] [minecraft/MinecraftServer]: test-mock-player joined the game
[17:03:47] [Server thread/INFO] [minecraft/GameTestServer]: [+X++++++++++++++++++++++++++++++++++++++++++++_++_+++++      ]
[17:03:47] [Server thread/INFO] [minecraft/GameTestServer]: [+X+++++++++++++++++++++++++++++++++++++++++++++++_+++++      ]
[17:03:47] [Server thread/INFO] [minecraft/GameTestServer]: [+X+++++++++++++++++++++++++++++++++++++++++++++++_+++++      ]
[17:03:47] [Server thread/INFO] [minecraft/GameTestServer]: [+X+++++++++++++++++++++++++++++++++++++++++++++++_+++++      ]
[17:03:47] [Server thread/INFO] [minecraft/GameTestServer]: [+X+++++++++++++++++++++++++++++++++++++++++++++++_+++++      ]
[17:03:47] [Server thread/INFO] [minecraft/GameTestServer]: [+X+++++++++++++++++++++++++++++++++++++++++++++++_+++++      ]
[17:03:47] [Server thread/INFO] [minecraft/GameTestRunner]: Running test environment 'dndturn:movement_regressions' batch 0 (1 tests)...
[17:03:47] [Server thread/INFO] [minecraft/GameTestServer]: [+X+++++++++++++++++++++++++++++++++++++++++++++++++++++      ]
[17:03:47] [Server thread/INFO] [minecraft/GameTestServer]: [+X+++++++++++++++++++++++++++++++++++++++++++++++++++++_     ]
[17:03:47] [Server thread/INFO] [minecraft/GameTestServer]: [+X+++++++++++++++++++++++++++++++++++++++++++++++++++++_     ]
[17:03:47] [Server thread/INFO] [minecraft/PlayerList]: tactical-test[embedded] logged in with entity id 265 at (0.0, 0.0, 0.0)
[17:03:47] [Server thread/INFO] [minecraft/MinecraftServer]: tactical-test joined the game
[17:03:47] [Server thread/INFO] [minecraft/GameTestRunner]: Running test environment 'dndturn:merge_world_boundary' batch 0 (1 tests)...
[17:03:47] [Server thread/INFO] [minecraft/GameTestServer]: [+X++++++++++++++++++++++++++++++++++++++++++++++++++++++     ]
[17:03:47] [Server thread/INFO] [minecraft/PlayerList]: test-mock-player[embedded] logged in with entity id 268 at (0.0, 0.0, 0.0)
[17:03:47] [Server thread/INFO] [minecraft/MinecraftServer]: test-mock-player joined the game
[17:03:47] [Server thread/INFO] [minecraft/PlayerList]: test-mock-player[embedded] logged in with entity id 269 at (0.0, 0.0, 0.0)
[17:03:47] [Server thread/INFO] [minecraft/MinecraftServer]: test-mock-player joined the game
[17:03:47] [Server thread/INFO] [minecraft/GameTestServer]: [+X++++++++++++++++++++++++++++++++++++++++++++++++++++++_    ]
[17:03:47] [Server thread/INFO] [minecraft/GameTestRunner]: Running test environment 'dndturn:prototype_environment_loop' batch 0 (1 tests)...
[17:03:47] [Server thread/INFO] [minecraft/GameTestServer]: [+X+++++++++++++++++++++++++++++++++++++++++++++++++++++++_   ]
[17:03:47] [Server thread/INFO] [minecraft/PlayerList]: test-mock-player[embedded] logged in with entity id 283 at (0.0, 0.0, 0.0)
[17:03:47] [Server thread/INFO] [minecraft/MinecraftServer]: test-mock-player joined the game
[17:03:47] [Server thread/INFO] [minecraft/GameTestRunner]: Running test environment 'dndturn:external_melee' batch 0 (1 tests)...
[17:03:47] [Server thread/INFO] [minecraft/PlayerList]: tactical-test[embedded] logged in with entity id 296 at (0.0, 0.0, 0.0)
[17:03:47] [Server thread/INFO] [minecraft/MinecraftServer]: tactical-test joined the game
[17:03:47] [Server thread/INFO] [minecraft/GameTestServer]: [+X++++++++++++++++++++++++++++++++++++++++++++++++++++++++_  ]
[17:03:47] [Server thread/INFO] [minecraft/GameTestServer]: [+X++++++++++++++++++++++++++++++++++++++++++++++++++++++++_  ]
[17:03:47] [Server thread/INFO] [minecraft/GameTestRunner]: Running test environment 'dndturn:scheduled_tick_hold' batch 0 (1 tests)...
[17:03:47] [Server thread/INFO] [minecraft/GameTestServer]: [+X+++++++++++++++++++++++++++++++++++++++++++++++++++++++++_ ]
[17:03:47] [Server thread/INFO] [minecraft/PlayerList]: test-mock-player[embedded] logged in with entity id 299 at (0.0, 0.0, 0.0)
[17:03:47] [Server thread/INFO] [minecraft/MinecraftServer]: test-mock-player joined the game
[17:03:47] [Server thread/INFO] [minecraft/GameTestServer]: [+X+++++++++++++++++++++++++++++++++++++++++++++++++++++++++_ ]
[17:03:47] [Server thread/INFO] [minecraft/GameTestRunner]: Running test environment 'dndturn:player_only_start' batch 0 (1 tests)...
[17:03:48] [Server thread/INFO] [minecraft/PlayerList]: test-mock-player[embedded] logged in with entity id 312 at (0.0, 0.0, 0.0)
[17:03:48] [Server thread/INFO] [minecraft/MinecraftServer]: test-mock-player joined the game
[17:03:48] [Server thread/INFO] [minecraft/GameTestServer]: [+X++++++++++++++++++++++++++++++++++++++++++++++++++++++++++_]
[17:03:48] [Server thread/INFO] [minecraft/GameTestServer]: [+X++++++++++++++++++++++++++++++++++++++++++++++++++++++++++_]
[17:03:48] [Server thread/INFO] [minecraft/GameTestServer]: [+X++++++++++++++++++++++++++++++++++++++++++++++++++++++++++_]
[17:03:48] [Server thread/INFO] [minecraft/GameTestServer]: [+X+++++++++++++++++++++++++++++++++++++++++++++++++++++++++++]
[17:03:48] [Server thread/INFO] [minecraft/GameTestServer]: ========= 61 GAME TESTS COMPLETE IN 12.26 s ======================
[17:03:48] [Server thread/ERROR] [minecraft/GameTestServer]: 1 required tests failed :(
[17:03:48] [Server thread/ERROR] [minecraft/GameTestServer]:    - dndturn:prototype_zombie_navigation: Unknown internal error: attacker or target not authorized
[17:03:48] [Server thread/INFO] [minecraft/GameTestServer]: ====================================================
[17:03:48] [Server thread/INFO] [minecraft/MinecraftServer]: Stopping server
[17:03:48] [Server thread/INFO] [minecraft/MinecraftServer]: Saving players
[17:03:48] [Server thread/INFO] [minecraft/ServerGamePacketListenerImpl]: test-mock-player lost connection: Server closed
[17:03:48] [Server thread/INFO] [minecraft/MinecraftServer]: test-mock-player left the game
[17:03:48] [Server thread/INFO] [minecraft/ServerGamePacketListenerImpl]: test-mock-player lost connection: Server closed
[17:03:48] [Server thread/INFO] [minecraft/MinecraftServer]: test-mock-player left the game
[17:03:48] [Server thread/INFO] [minecraft/ServerGamePacketListenerImpl]: test-mock-player lost connection: Server closed
[17:03:48] [Server thread/INFO] [minecraft/MinecraftServer]: test-mock-player left the game
[17:03:48] [Server thread/INFO] [minecraft/ServerGamePacketListenerImpl]: test-mock-player lost connection: Server closed
[17:03:48] [Server thread/INFO] [minecraft/MinecraftServer]: test-mock-player left the game
[17:03:48] [Server thread/INFO] [minecraft/ServerGamePacketListenerImpl]: tactical-test lost connection: Server closed
[17:03:48] [Server thread/INFO] [minecraft/MinecraftServer]: tactical-test left the game
[17:03:48] [Server thread/INFO] [minecraft/ServerGamePacketListenerImpl]: test-mock-player lost connection: Server closed
[17:03:48] [Server thread/INFO] [minecraft/MinecraftServer]: test-mock-player left the game
[17:03:48] [Server thread/INFO] [minecraft/ServerGamePacketListenerImpl]: exit-test-player lost connection: Server closed
[17:03:48] [Server thread/INFO] [minecraft/MinecraftServer]: exit-test-player left the game
[17:03:48] [Server thread/INFO] [minecraft/ServerGamePacketListenerImpl]: exit-test-player lost connection: Server closed
[17:03:48] [Server thread/INFO] [minecraft/MinecraftServer]: exit-test-player left the game
[17:03:48] [Server thread/INFO] [minecraft/ServerGamePacketListenerImpl]: test-mock-player lost connection: Server closed
[17:03:48] [Server thread/INFO] [minecraft/MinecraftServer]: test-mock-player left the game
[17:03:48] [Server thread/INFO] [minecraft/ServerGamePacketListenerImpl]: test-mock-player lost connection: Server closed
[17:03:48] [Server thread/INFO] [minecraft/MinecraftServer]: test-mock-player left the game
[17:03:48] [Server thread/INFO] [minecraft/ServerGamePacketListenerImpl]: test-mock-player lost connection: Server closed
[17:03:48] [Server thread/INFO] [minecraft/MinecraftServer]: test-mock-player left the game
[17:03:48] [Server thread/INFO] [minecraft/ServerGamePacketListenerImpl]: test-mock-player lost connection: Server closed
[17:03:48] [Server thread/INFO] [minecraft/MinecraftServer]: test-mock-player left the game
[17:03:48] [Server thread/INFO] [minecraft/ServerGamePacketListenerImpl]: test-mock-player lost connection: Server closed
[17:03:48] [Server thread/INFO] [minecraft/MinecraftServer]: test-mock-player left the game
[17:03:48] [Server thread/INFO] [minecraft/ServerGamePacketListenerImpl]: test-mock-player lost connection: Server closed
[17:03:48] [Server thread/INFO] [minecraft/MinecraftServer]: test-mock-player left the game
[17:03:48] [Server thread/INFO] [minecraft/ServerGamePacketListenerImpl]: test-mock-player lost connection: Server closed
[17:03:48] [Server thread/INFO] [minecraft/MinecraftServer]: test-mock-player left the game
[17:03:48] [Server thread/INFO] [minecraft/ServerGamePacketListenerImpl]: test-mock-player lost connection: Server closed
[17:03:48] [Server thread/INFO] [minecraft/MinecraftServer]: test-mock-player left the game
[17:03:48] [Server thread/INFO] [minecraft/ServerGamePacketListenerImpl]: tactical-test lost connection: Server closed
[17:03:48] [Server thread/INFO] [minecraft/MinecraftServer]: tactical-test left the game
[17:03:48] [Server thread/INFO] [minecraft/ServerGamePacketListenerImpl]: test-mock-player lost connection: Server closed
[17:03:48] [Server thread/INFO] [minecraft/MinecraftServer]: test-mock-player left the game
[17:03:48] [Server thread/INFO] [minecraft/ServerGamePacketListenerImpl]: test-mock-player lost connection: Server closed
[17:03:48] [Server thread/INFO] [minecraft/MinecraftServer]: test-mock-player left the game
[17:03:48] [Server thread/INFO] [minecraft/ServerGamePacketListenerImpl]: test-mock-player lost connection: Server closed
[17:03:48] [Server thread/INFO] [minecraft/MinecraftServer]: test-mock-player left the game
[17:03:48] [Server thread/INFO] [minecraft/ServerGamePacketListenerImpl]: test-mock-player lost connection: Server closed
[17:03:48] [Server thread/INFO] [minecraft/MinecraftServer]: test-mock-player left the game
[17:03:48] [Server thread/INFO] [minecraft/ServerGamePacketListenerImpl]: test-mock-player lost connection: Server closed
[17:03:48] [Server thread/INFO] [minecraft/MinecraftServer]: test-mock-player left the game
[17:03:48] [Server thread/INFO] [minecraft/ServerGamePacketListenerImpl]: test-mock-player lost connection: Server closed
[17:03:48] [Server thread/INFO] [minecraft/MinecraftServer]: test-mock-player left the game
[17:03:48] [Server thread/INFO] [minecraft/ServerGamePacketListenerImpl]: test-mock-player lost connection: Server closed
[17:03:48] [Server thread/INFO] [minecraft/MinecraftServer]: test-mock-player left the game
[17:03:48] [Server thread/INFO] [minecraft/ServerGamePacketListenerImpl]: test-mock-player lost connection: Server closed
[17:03:48] [Server thread/INFO] [minecraft/MinecraftServer]: test-mock-player left the game
[17:03:48] [Server thread/INFO] [minecraft/ServerGamePacketListenerImpl]: exit-test-player lost connection: Server closed
[17:03:48] [Server thread/INFO] [minecraft/MinecraftServer]: exit-test-player left the game
[17:03:48] [Server thread/INFO] [minecraft/ServerGamePacketListenerImpl]: tactical-test lost connection: Server closed
[17:03:48] [Server thread/INFO] [minecraft/MinecraftServer]: tactical-test left the game
[17:03:48] [Server thread/INFO] [minecraft/ServerGamePacketListenerImpl]: test-mock-player lost connection: Server closed
[17:03:48] [Server thread/INFO] [minecraft/MinecraftServer]: test-mock-player left the game
[17:03:48] [Server thread/INFO] [minecraft/ServerGamePacketListenerImpl]: test-mock-player lost connection: Server closed
[17:03:48] [Server thread/INFO] [minecraft/MinecraftServer]: test-mock-player left the game
[17:03:48] [Server thread/INFO] [minecraft/ServerGamePacketListenerImpl]: test-mock-player lost connection: Server closed
[17:03:48] [Server thread/INFO] [minecraft/MinecraftServer]: test-mock-player left the game
[17:03:48] [Server thread/INFO] [minecraft/ServerGamePacketListenerImpl]: test-mock-player lost connection: Server closed
[17:03:48] [Server thread/INFO] [minecraft/MinecraftServer]: test-mock-player left the game
[17:03:48] [Server thread/INFO] [minecraft/ServerGamePacketListenerImpl]: test-mock-player lost connection: Server closed
[17:03:48] [Server thread/INFO] [minecraft/MinecraftServer]: test-mock-player left the game
[17:03:48] [Server thread/INFO] [minecraft/ServerGamePacketListenerImpl]: test-mock-player lost connection: Server closed
[17:03:48] [Server thread/INFO] [minecraft/MinecraftServer]: test-mock-player left the game
[17:03:48] [Server thread/INFO] [minecraft/MinecraftServer]: Saving worlds
[17:03:48] [Server thread/INFO] [minecraft/MinecraftServer]: Saving chunks for level 'ServerLevel[Test Level]'/minecraft:overworld
[17:03:49] [Server thread/INFO] [minecraft/MinecraftServer]: Saving chunks for level 'ServerLevel[Test Level]'/minecraft:the_nether
[17:03:49] [Server thread/INFO] [minecraft/MinecraftServer]: Saving chunks for level 'ServerLevel[Test Level]'/minecraft:the_end
[17:03:49] [Server thread/INFO] [minecraft/MinecraftServer]: ThreadedAnvilChunkStorage (world): All chunks are saved
[17:03:49] [Server thread/INFO] [minecraft/MinecraftServer]: ThreadedAnvilChunkStorage (DIM-1): All chunks are saved
[17:03:49] [Server thread/INFO] [minecraft/MinecraftServer]: ThreadedAnvilChunkStorage (DIM1): All chunks are saved
[17:03:49] [Server thread/INFO] [minecraft/MinecraftServer]: ThreadedAnvilChunkStorage: All dimensions are saved
[17:03:50] [Server thread/INFO] [minecraft/GameTestServer]: Game test server shutting down

> Task :runGameTestServer FAILED

FAILURE: Build failed with an exception.

* What went wrong:
Execution failed for task ':runGameTestServer' (registered in build file 'build.gradle').
> Process 'command 'C:\Program Files\Java\jdk-25.0.3\bin\java.exe'' finished with non-zero exit value 1

* Try:
> Run with --stacktrace option to get the stack trace.
> Run with --info or --debug option to get more log output.
> Run with --scan to get full insights from a Build Scan (powered by Develocity).
> Get more help at https://help.gradle.org.

BUILD FAILED in 23s
13 actionable tasks: 3 executed, 10 up-to-date
