WARNING: A restricted method in java.lang.System has been called
WARNING: java.lang.System::load has been called by net.rubygrapefruit.platform.internal.NativeLibraryLoader in an unnamed module (file:/C:/Users/RNaim/.gradle/wrapper/dists/gradle-9.7.1-bin/1w1c7tv4s851m17nbqdsro2tv/gradle-9.7.1/lib/native-platform-0.22-milestone-29.jar)
WARNING: Use --enable-native-access=ALL-UNNAMED to avoid a warning for callers in this module
WARNING: Restricted methods will be blocked in a future release unless native access is enabled

To honour the JVM settings for this build a single-use Daemon process will be forked. For more on this, please refer to https://docs.gradle.org/9.7.1/userguide/gradle_daemon.html#sec:disabling_the_daemon in the Gradle documentation.
Daemon will be stopped at the end of the build 
> Task :createMinecraftArtifacts UP-TO-DATE
> Task :common:compileJava

> Task :compileJava
注: 某些输入文件使用或覆盖了已过时的 API。
注: 有关详细信息, 请使用 -Xlint:deprecation 重新编译。

> Task :processResources
> Task :common:processResources NO-SOURCE
> Task :common:classes
> Task :classes
> Task :jarJar NO-SOURCE
> Task :jar
> Task :assemble
> Task :compileCompatTestJava
> Task :processCompatTestResources NO-SOURCE
> Task :compatTestClasses

> Task :compileGameTestJava
D:\javaProjects\dndturn26.1\targets\neoforge-26.1\src\gameTest\java\cc\sighs\dndturn\combat\EnvironmentBoundaryTimeChecks.java:27: 警告: [removal] GameTestHelper 中的 makeMockServerPlayerInLevel() 已过时, 且标记为待删除
        var player = h.makeMockServerPlayerInLevel();
                      ^
D:\javaProjects\dndturn26.1\targets\neoforge-26.1\src\gameTest\java\cc\sighs\dndturn\combat\EnvironmentCircuitChecks.java:21: 警告: [removal] GameTestHelper 中的 makeMockServerPlayerInLevel() 已过时, 且标记为待删除
        var player=helper.makeMockServerPlayerInLevel();player.setPos(base.getX()+.5,base.getY(),base.getZ()+.5);
                         ^
D:\javaProjects\dndturn26.1\targets\neoforge-26.1\src\gameTest\java\cc\sighs\dndturn\combat\EnvironmentClassificationChecks.java:19: 警告: [removal] GameTestHelper 中的 makeMockServerPlayerInLevel() 已过时, 且标记为待删除
        var player = helper.makeMockServerPlayerInLevel();
                           ^
D:\javaProjects\dndturn26.1\targets\neoforge-26.1\src\gameTest\java\cc\sighs\dndturn\combat\EnvironmentClockChecks.java:18: 警告: [removal] GameTestHelper 中的 makeMockServerPlayerInLevel() 已过时, 且标记为待删除
        var player=helper.makeMockServerPlayerInLevel();player.setPos(base.getX()+.5,base.getY(),base.getZ()+.5);
                         ^
D:\javaProjects\dndturn26.1\targets\neoforge-26.1\src\gameTest\java\cc\sighs\dndturn\combat\EnvironmentDomainChecks.java:21: 警告: [removal] GameTestHelper 中的 makeMockServerPlayerInLevel() 已过时, 且标记为待删除
        var first=helper.makeMockServerPlayerInLevel();first.setPos(base.getX()+.5,base.getY(),base.getZ()+.5);
                        ^
D:\javaProjects\dndturn26.1\targets\neoforge-26.1\src\gameTest\java\cc\sighs\dndturn\combat\EnvironmentDomainChecks.java:22: 警告: [removal] GameTestHelper 中的 makeMockServerPlayerInLevel() 已过时, 且标记为待删除
        var second=helper.makeMockServerPlayerInLevel();second.setPos(base.getX()+20.5,base.getY(),base.getZ()+.5);
                         ^
D:\javaProjects\dndturn26.1\targets\neoforge-26.1\src\gameTest\java\cc\sighs\dndturn\combat\EnvironmentProcessChecks.java:33: 警告: [removal] GameTestHelper 中的 makeMockServerPlayerInLevel() 已过时, 且标记为待删除
        var player=helper.makeMockServerPlayerInLevel(); player.setPos(base.getX()+.5,base.getY(),base.getZ()+.5);
                         ^
D:\javaProjects\dndturn26.1\targets\neoforge-26.1\src\gameTest\java\cc\sighs\dndturn\combat\EnvironmentTntChecks.java:22: 警告: [removal] GameTestHelper 中的 makeMockServerPlayerInLevel() 已过时, 且标记为待删除
        var player=helper.makeMockServerPlayerInLevel(); player.setPos(base.getX()+.5,base.getY(),base.getZ()+.5);
                         ^
D:\javaProjects\dndturn26.1\targets\neoforge-26.1\src\gameTest\java\cc\sighs\dndturn\combat\MobAbilityLoopChecks.java:71: 警告: [removal] GameTestHelper 中的 makeMockServerPlayerInLevel() 已过时, 且标记为待删除
        var player = helper.makeMockServerPlayerInLevel();
                           ^
D:\javaProjects\dndturn26.1\targets\neoforge-26.1\src\gameTest\java\cc\sighs\dndturn\combat\MobPlanMovementChecks.java:23: 警告: [removal] GameTestHelper 中的 makeMockServerPlayerInLevel() 已过时, 且标记为待删除
        var player=helper.makeMockServerPlayerInLevel();
                         ^
D:\javaProjects\dndturn26.1\targets\neoforge-26.1\src\gameTest\java\cc\sighs\dndturn\gametest\LocalTimeGameTests.java:418: 警告: [removal] GameTestHelper 中的 makeMockServerPlayerInLevel() 已过时, 且标记为待删除
            ServerPlayer player = helper.makeMockServerPlayerInLevel();
                                        ^
D:\javaProjects\dndturn26.1\targets\neoforge-26.1\src\gameTest\java\cc\sighs\dndturn\gametest\LocalTimeGameTests.java:556: 警告: [removal] GameTestHelper 中的 makeMockServerPlayerInLevel() 已过时, 且标记为待删除
        ServerPlayer first = helper.makeMockServerPlayerInLevel();
                                   ^
D:\javaProjects\dndturn26.1\targets\neoforge-26.1\src\gameTest\java\cc\sighs\dndturn\gametest\LocalTimeGameTests.java:557: 警告: [removal] GameTestHelper 中的 makeMockServerPlayerInLevel() 已过时, 且标记为待删除
        ServerPlayer second = helper.makeMockServerPlayerInLevel();
                                    ^
D:\javaProjects\dndturn26.1\targets\neoforge-26.1\src\gameTest\java\cc\sighs\dndturn\gametest\LocalTimeGameTests.java:743: 警告: [removal] GameTestHelper 中的 makeMockServerPlayerInLevel() 已过时, 且标记为待删除
            ServerPlayer player = helper.makeMockServerPlayerInLevel();
                                        ^
D:\javaProjects\dndturn26.1\targets\neoforge-26.1\src\gameTest\java\cc\sighs\dndturn\gametest\LocalTimeGameTests.java:848: 警告: [removal] GameTestHelper 中的 makeMockServerPlayerInLevel() 已过时, 且标记为待删除
            ServerPlayer player = helper.makeMockServerPlayerInLevel();
                                        ^
D:\javaProjects\dndturn26.1\targets\neoforge-26.1\src\gameTest\java\cc\sighs\dndturn\gametest\LocalTimeGameTests.java:909: 警告: [removal] GameTestHelper 中的 makeMockServerPlayerInLevel() 已过时, 且标记为待删除
        ServerPlayer player = helper.makeMockServerPlayerInLevel();
                                    ^
D:\javaProjects\dndturn26.1\targets\neoforge-26.1\src\gameTest\java\cc\sighs\dndturn\gametest\LocalTimeGameTests.java:995: 警告: [removal] GameTestHelper 中的 makeMockServerPlayerInLevel() 已过时, 且标记为待删除
                players[i] = helper.makeMockServerPlayerInLevel();
                                   ^
D:\javaProjects\dndturn26.1\targets\neoforge-26.1\src\gameTest\java\cc\sighs\dndturn\gametest\LocalTimeGameTests.java:1066: 警告: [removal] GameTestHelper 中的 makeMockServerPlayerInLevel() 已过时, 且标记为待删除
            ServerPlayer firstPlayer = helper.makeMockServerPlayerInLevel();
                                             ^
D:\javaProjects\dndturn26.1\targets\neoforge-26.1\src\gameTest\java\cc\sighs\dndturn\gametest\LocalTimeGameTests.java:1067: 警告: [removal] GameTestHelper 中的 makeMockServerPlayerInLevel() 已过时, 且标记为待删除
            ServerPlayer secondPlayer = helper.makeMockServerPlayerInLevel();
                                              ^
D:\javaProjects\dndturn26.1\targets\neoforge-26.1\src\gameTest\java\cc\sighs\dndturn\gametest\LocalTimeGameTests.java:1244: 警告: [removal] GameTestHelper 中的 makeMockServerPlayerInLevel() 已过时, 且标记为待删除
        ServerPlayer player = helper.makeMockServerPlayerInLevel();
                                    ^
D:\javaProjects\dndturn26.1\targets\neoforge-26.1\src\gameTest\java\cc\sighs\dndturn\gametest\LocalTimeGameTests.java:1356: 警告: [removal] GameTestHelper 中的 makeMockServerPlayerInLevel() 已过时, 且标记为待删除
        ServerPlayer player = helper.makeMockServerPlayerInLevel();
                                    ^
D:\javaProjects\dndturn26.1\targets\neoforge-26.1\src\gameTest\java\cc\sighs\dndturn\gametest\LocalTimeGameTests.java:1367: 警告: [removal] GameTestHelper 中的 makeMockServerPlayerInLevel() 已过时, 且标记为待删除
        ServerPlayer other = helper.makeMockServerPlayerInLevel();
                                   ^
D:\javaProjects\dndturn26.1\targets\neoforge-26.1\src\gameTest\java\cc\sighs\dndturn\gametest\LocalTimeGameTests.java:1583: 警告: [removal] GameTestHelper 中的 makeMockServerPlayerInLevel() 已过时, 且标记为待删除
        ServerPlayer player = helper.makeMockServerPlayerInLevel();
                                    ^
D:\javaProjects\dndturn26.1\targets\neoforge-26.1\src\gameTest\java\cc\sighs\dndturn\gametest\LocalTimeGameTests.java:1625: 警告: [removal] GameTestHelper 中的 makeMockServerPlayerInLevel() 已过时, 且标记为待删除
            ServerPlayer player = helper.makeMockServerPlayerInLevel();
                                        ^
D:\javaProjects\dndturn26.1\targets\neoforge-26.1\src\gameTest\java\cc\sighs\dndturn\gametest\LocalTimeGameTests.java:2001: 警告: [removal] GameTestHelper 中的 makeMockServerPlayerInLevel() 已过时, 且标记为待删除
            ServerPlayer player = helper.makeMockServerPlayerInLevel();
                                        ^
D:\javaProjects\dndturn26.1\targets\neoforge-26.1\src\gameTest\java\cc\sighs\dndturn\gametest\LocalTimeGameTests.java:2066: 警告: [removal] GameTestHelper 中的 makeMockServerPlayerInLevel() 已过时, 且标记为待删除
            ServerPlayer player = helper.makeMockServerPlayerInLevel();
                                        ^
D:\javaProjects\dndturn26.1\targets\neoforge-26.1\src\gameTest\java\cc\sighs\dndturn\gametest\LocalTimeGameTests.java:2211: 警告: [removal] GameTestHelper 中的 makeMockServerPlayerInLevel() 已过时, 且标记为待删除
        ServerPlayer player = helper.makeMockServerPlayerInLevel();
                                    ^
D:\javaProjects\dndturn26.1\targets\neoforge-26.1\src\gameTest\java\cc\sighs\dndturn\gametest\LocalTimeGameTests.java:2271: 警告: [removal] GameTestHelper 中的 makeMockServerPlayerInLevel() 已过时, 且标记为待删除
        ServerPlayer player = helper.makeMockServerPlayerInLevel();
                                    ^
D:\javaProjects\dndturn26.1\targets\neoforge-26.1\src\gameTest\java\cc\sighs\dndturn\gametest\LocalTimeGameTests.java:2403: 警告: [removal] GameTestHelper 中的 makeMockServerPlayerInLevel() 已过时, 且标记为待删除
        ServerPlayer player = helper.makeMockServerPlayerInLevel();
                                    ^
D:\javaProjects\dndturn26.1\targets\neoforge-26.1\src\gameTest\java\cc\sighs\dndturn\gametest\RepairGameTests.java:127: 警告: [removal] GameTestHelper 中的 makeMockServerPlayerInLevel() 已过时, 且标记为待删除
        try { rejected.requestStart(helper.makeMockServerPlayerInLevel(), UUID.randomUUID()); }
                                          ^
D:\javaProjects\dndturn26.1\targets\neoforge-26.1\src\gameTest\java\cc\sighs\dndturn\gametest\RepairGameTests.java:228: 警告: [removal] GameTestHelper 中的 makeMockServerPlayerInLevel() 已过时, 且标记为待删除
        var player = helper.makeMockServerPlayerInLevel();
                           ^
D:\javaProjects\dndturn26.1\targets\neoforge-26.1\src\gameTest\java\cc\sighs\dndturn\gametest\TacticalPlanGameTests.java:15: 警告: [removal] GameTestHelper 中的 makeMockServerPlayerInLevel() 已过时, 且标记为待删除
        ServerPlayer player = helper.makeMockServerPlayerInLevel();
                                    ^
D:\javaProjects\dndturn26.1\targets\neoforge-26.1\src\gameTest\java\cc\sighs\dndturn\gametest\TacticalPlanGameTests.java:207: 警告: [removal] GameTestHelper 中的 makeMockServerPlayerInLevel() 已过时, 且标记为待删除
        var player = helper.makeMockServerPlayerInLevel(); var level = helper.getLevel();
                           ^
D:\javaProjects\dndturn26.1\targets\neoforge-26.1\src\gameTest\java\cc\sighs\dndturn\gametest\TacticalPlanGameTests.java:518: 警告: [removal] GameTestHelper 中的 makeMockServerPlayerInLevel() 已过时, 且标记为待删除
        var player = helper.makeMockServerPlayerInLevel();
                           ^
注: D:\javaProjects\dndturn26.1\targets\neoforge-26.1\src\gameTest\java\cc\sighs\dndturn\gametest\LocalTimeGameTests.java使用或覆盖了已过时的 API。
注: 有关详细信息, 请使用 -Xlint:deprecation 重新编译。
34 个警告

> Task :processGameTestResources UP-TO-DATE
> Task :gameTestClasses
> Task :compileTestJava NO-SOURCE
> Task :processTestResources NO-SOURCE
> Task :testClasses UP-TO-DATE
> Task :common:jar
> Task :test NO-SOURCE
> Task :compileUiTestJava UP-TO-DATE
> Task :processUiTestResources NO-SOURCE
> Task :uiTestClasses UP-TO-DATE

> Task :verifyUiProjection
UI checks passed: stylesheet readiness, retained text updates, ring redraw/empty/surplus.

> Task :check
> Task :build
> Task :common:assemble
> Task :common:compileTestJava
> Task :common:processTestResources NO-SOURCE
> Task :common:testClasses
> Task :common:test
> Task :common:check
> Task :common:build
> Task :downloadAssets UP-TO-DATE
> Task :prepareGameTestServerRun UP-TO-DATE

> Task :runGameTestServer
[18:17:02] [main/INFO] [ne.ne.fm.st.Entrypoint/]: JVM Uptime at startup: 106ms
[18:17:02] [main/INFO] [ne.ne.fm.lo.FMLLoader/]: Starting FancyModLoader version 11.0.15 (DEDICATED_SERVER in DEV)
[18:17:02] [main/INFO] [ne.ne.fm.lo.FMLLoader/]: Game directory: D:\javaProjects\dndturn26.1\targets\neoforge-26.1\build\gametest-run
[18:17:02] [main/INFO] [ne.ne.fm.lo.EarlyServiceDiscovery/]: Found 2 early service jars (out of 109) in 15ms
[18:17:02] [main/INFO] [ne.ne.fm.lo.FMLLoader/]: Loading FML Early Services:
[18:17:02] [main/INFO] [ne.ne.fm.lo.FMLLoader/]:  - C:/Users/RNaim/.gradle/caches/modules-2/files-2.1/net.neoforged.fancymodloader/loader/11.0.15/69ddd98736a6b095783523404d1af8992842722/loader-11.0.15.jar
2026-09-28T10:17:01.938711900Z main WARN Advanced terminal features are not available in this environment
[18:17:02] [main/INFO] [ne.ne.fm.lo.FMLLoader/]:  - C:/Users/RNaim/.gradle/caches/modules-2/files-2.1/net.neoforged.fancymodloader/earlydisplay/11.0.15/b254aa4ec40828f8ce65411dcb7fb9f6ce008064/earlydisplay-11.0.15.jar
[18:17:02] [main/INFO] [ne.ne.fm.lo.ImmediateWindowHandler/]: Not loading early display in headless mode.
[18:17:02] [main/INFO] [ne.ne.fm.lo.mo.lo.GameLocator/]: Detected a joined NeoForge and Minecraft configuration. Applying filtering...
[18:17:02] [main/INFO] [ne.ne.fm.lo.mo.lo.InDevFolderLocator/CORE]: Got mod coordinates dndturnTests%%D:\javaProjects\dndturn26.1\targets\neoforge-26.1\build\classes\java\main;dndturnTests%%D:\javaProjects\dndturn26.1\targets\neoforge-26.1\build\resources\main;dndturnTests%%D:\javaProjects\dndturn26.1\common\build\classes\java\main;dndturnTests%%D:\javaProjects\dndturn26.1\targets\neoforge-26.1\build\classes\java\compatTest;dndturnTests%%D:\javaProjects\dndturn26.1\targets\neoforge-26.1\build\resources\compatTest;dndturnTests%%D:\javaProjects\dndturn26.1\targets\neoforge-26.1\build\classes\java\gameTest;dndturnTests%%D:\javaProjects\dndturn26.1\targets\neoforge-26.1\build\resources\gameTest from env
[18:17:02] [main/INFO] [ne.ne.fm.lo.mo.lo.JarInJarDependencyLocator/]: Found 2 dependencies adding them to mods collection
[18:17:02] [main/INFO] [ne.ne.fm.lo.mo.ModDiscoverer/]: 
     Mod List:
		Name Version (Mod Id)

		ApricityUI 1.2.5 (apricityui)
		DNDTurn 1.0.0-SNAPSHOT (dndturn)
		Minecraft 26.1.2 (minecraft)
		NeoForge 26.1.2.84 (neoforge)
[18:17:02] [main/INFO] [mixin/]: SpongePowered MIXIN Subsystem Version=0.8.7 Source=file:/C:/Users/RNaim/.gradle/caches/modules-2/files-2.1/net.fabricmc/sponge-mixin/0.17.3+mixin.0.8.7/41c4a3984a80f4679e759fb9f495587acc5cdac7/sponge-mixin-0.17.3+mixin.0.8.7.jar Service=FML Env=SERVER
[18:17:02] [main/INFO] [ne.ne.fm.lo.FMLLoader/]: Loading FML Plugins:
[18:17:02] [main/INFO] [ne.ne.fm.lo.FMLLoader/]:  - C:/Users/RNaim/.gradle/caches/modules-2/files-2.1/net.neoforged/neoforge/26.1.2.84/b725526a2fab2163b9a0a8ce89d435d7cd5d8a88/neoforge-26.1.2.84-universal.jar > net.neoforged.neoforge-coremods-26.1.2.84.jar
[18:17:02] [main/INFO] [ne.ne.fm.lo.FMLLoader/]: Building game content classloader:
 - apricityui (jar(C:/Users/RNaim/.gradle/caches/modules-2/files-2.1/maven.modrinth/apricityui/wwrdhxiM/d4311449e5b1cdc9a59e33a7f2b02435d7441546/apricityui-wwrdhxiM.jar))
 - dndturn (composite(folder(D:/javaProjects/dndturn26.1/targets/neoforge-26.1/build/classes/java/main), folder(D:/javaProjects/dndturn26.1/targets/neoforge-26.1/build/resources/main), folder(D:/javaProjects/dndturn26.1/common/build/classes/java/main), folder(D:/javaProjects/dndturn26.1/targets/neoforge-26.1/build/classes/java/compatTest), folder(D:/javaProjects/dndturn26.1/targets/neoforge-26.1/build/classes/java/gameTest), folder(D:/javaProjects/dndturn26.1/targets/neoforge-26.1/build/resources/gameTest)))
 - minecraft (composite(filtered(jar(D:/javaProjects/dndturn26.1/targets/neoforge-26.1/build/moddev/artifacts/minecraft-patched-26.1.2.84.jar)), filtered(jar(D:/javaProjects/dndturn26.1/targets/neoforge-26.1/build/moddev/artifacts/minecraft-patched-26.1.2.84.jar))))
 - mixinextras.neoforge (jar(C:/Users/RNaim/.gradle/caches/modules-2/files-2.1/net.neoforged/neoforge/26.1.2.84/b725526a2fab2163b9a0a8ce89d435d7cd5d8a88/neoforge-26.1.2.84-universal.jar > mixinextras-neoforge-0.5.4.jar))
 - neoforge (composite(filtered(jar(C:/Users/RNaim/.gradle/caches/modules-2/files-2.1/net.neoforged/neoforge/26.1.2.84/b725526a2fab2163b9a0a8ce89d435d7cd5d8a88/neoforge-26.1.2.84-universal.jar))))
 - net.neoforged.fml.generated (empty(VirtualJar/net.neoforged.fml.generated))
[18:17:02] [main/INFO] [ne.ne.fm.lo.FMLLoader/]: Built game content classloader in 15ms
[18:17:02] [main/INFO] [mixin/]: Compatibility level set to JAVA_25
[18:17:02] [main/WARN] [mixin/]: Reference map 'apricityui.refmap.json' for apricityui.mixins.json could not be read. If this is a development environment you can ignore this message
[18:17:02] [main/INFO] [minecraft/GameTestMainUtil]: Running GameTestMain with cwd 'D:\javaProjects\dndturn26.1\targets\neoforge-26.1\build\gametest-run', universe path 'gametestserver'
[18:17:02] [main/INFO] [MixinExtras|Service/]: Initializing MixinExtras via com.llamalad7.mixinextras.service.MixinExtrasServiceImpl(version=0.5.4).
[18:17:04] [modloading-worker-0/INFO] [ne.ne.ne.co.NeoForgeMod/NEOFORGE-MOD]: NeoForge mod loading, version 26.1.2.84, for MC 26.1.2
[18:17:04] [modloading-sync-worker/INFO] [co.si.ap.ne.ap.NetworkAutoRegistration/]: [NetworkAutoReg] Metadata scan found: 4 | added: 4 | skipped: 0
[18:17:05] [main/INFO] [minecraft/RecipeManager]: Loaded 1515 recipes
[18:17:05] [main/INFO] [minecraft/AdvancementTree]: Loaded 1617 advancements
[18:17:05] [main/INFO] [ne.ne.ne.co.cr.RecipePriorityManager/]: Loaded 0 recipe priority overrides
[18:17:06] [Server thread/INFO] [minecraft/LoggingLevelLoadListener]: Selecting global world spawn...
[18:17:06] [Server thread/INFO] [minecraft/LoggingLevelLoadListener]: Loading 0 persistent chunks...
[18:17:06] [Server thread/INFO] [minecraft/LoggingLevelLoadListener]: Preparing spawn area: 100%
[18:17:06] [Server thread/INFO] [minecraft/LoggingLevelLoadListener]: Time elapsed: 166 ms
[18:17:06] [Server thread/INFO] [minecraft/GameTestServer]: Started game test server
[18:17:06] [Server thread/INFO] [ne.ne.ne.se.pe.PermissionAPI/]: Successfully initialized permission handler neoforge:default_handler
[18:17:06] [Server thread/INFO] [minecraft/GameTestServer]: 63 tests are now running at position -9993688, -59, 2344004!
[18:17:06] [Server thread/INFO] [minecraft/GameTestRunner]: Running test environment 'dndturn:environment_tnt' batch 0 (1 tests)...
[18:17:06] [Server thread/INFO] [minecraft/GameTestServer]: [                                                               ]
[18:17:06] [Server thread/INFO] [minecraft/GameTestServer]: [                                                               ]
[18:17:06] [Server thread/INFO] [minecraft/GameTestServer]: [                                                               ]
[18:17:06] [Server thread/INFO] [minecraft/GameTestServer]: [                                                               ]
[18:17:06] [Server thread/INFO] [minecraft/GameTestServer]: [                                                               ]
[18:17:06] [Server thread/INFO] [minecraft/GameTestServer]: [                                                               ]
[18:17:06] [Server thread/INFO] [minecraft/GameTestServer]: [                                                               ]
[18:17:06] [Server thread/INFO] [minecraft/GameTestServer]: [                                                               ]
[18:17:06] [Server thread/INFO] [minecraft/GameTestServer]: [                                                               ]
[18:17:06] [Server thread/INFO] [minecraft/GameTestServer]: [                                                               ]
[18:17:06] [Server thread/INFO] [minecraft/GameTestServer]: [                                                               ]
[18:17:06] [Server thread/INFO] [minecraft/GameTestServer]: [                                                               ]
[18:17:06] [Server thread/INFO] [minecraft/GameTestServer]: [                                                               ]
[18:17:06] [Server thread/INFO] [minecraft/GameTestServer]: [                                                               ]
[18:17:06] [Server thread/INFO] [minecraft/GameTestServer]: [                                                               ]
[18:17:06] [Server thread/INFO] [minecraft/GameTestServer]: [                                                               ]
[18:17:06] [Server thread/INFO] [minecraft/GameTestServer]: [                                                               ]
[18:17:06] [Server thread/INFO] [minecraft/GameTestServer]: [                                                               ]
[18:17:06] [Server thread/INFO] [minecraft/GameTestServer]: [                                                               ]
[18:17:06] [Server thread/INFO] [minecraft/GameTestServer]: [                                                               ]
[18:17:06] [Server thread/INFO] [minecraft/GameTestServer]: [                                                               ]
[18:17:07] [Server thread/INFO] [minecraft/PlayerList]: test-mock-player[embedded] logged in with entity id 1 at (0.0, 0.0, 0.0)
[18:17:07] [Server thread/INFO] [minecraft/MinecraftServer]: test-mock-player joined the game
[18:17:07] [Server thread/INFO] [minecraft/GameTestServer]: [_                                                              ]
[18:17:07] [Server thread/INFO] [minecraft/GameTestServer]: [_                                                              ]
[18:17:07] [Server thread/INFO] [minecraft/GameTestServer]: [_                                                              ]
[18:17:07] [Server thread/INFO] [minecraft/GameTestServer]: [_                                                              ]
[18:17:07] [Server thread/INFO] [minecraft/GameTestServer]: [_                                                              ]
[18:17:07] [Server thread/INFO] [minecraft/GameTestServer]: [_                                                              ]
[18:17:07] [Server thread/INFO] [minecraft/GameTestServer]: [_                                                              ]
[18:17:07] [Server thread/INFO] [minecraft/GameTestServer]: [_                                                              ]
[18:17:07] [Server thread/INFO] [minecraft/GameTestServer]: [_                                                              ]
[18:17:07] [Server thread/INFO] [minecraft/GameTestRunner]: Running test environment 'dndturn:prototype_environment_loop' batch 0 (1 tests)...
[18:17:07] [Server thread/INFO] [minecraft/GameTestServer]: [+_                                                             ]
[18:17:07] [Server thread/INFO] [minecraft/PlayerList]: test-mock-player[embedded] logged in with entity id 7 at (0.0, 0.0, 0.0)
[18:17:07] [Server thread/INFO] [minecraft/MinecraftServer]: test-mock-player joined the game
[18:17:07] [Server thread/INFO] [minecraft/GameTestRunner]: Running test environment 'dndturn:merge_discovery_expansion' batch 0 (1 tests)...
[18:17:07] [Server thread/INFO] [minecraft/GameTestServer]: [++                                                             ]
[18:17:07] [Server thread/INFO] [minecraft/PlayerList]: test-mock-player[embedded] logged in with entity id 9 at (0.0, 0.0, 0.0)
[18:17:07] [Server thread/INFO] [minecraft/MinecraftServer]: test-mock-player joined the game
[18:17:07] [Server thread/INFO] [minecraft/PlayerList]: test-mock-player[embedded] logged in with entity id 11 at (0.0, 0.0, 0.0)
[18:17:07] [Server thread/INFO] [minecraft/MinecraftServer]: test-mock-player joined the game
[18:17:07] [Server thread/INFO] [minecraft/PlayerList]: test-mock-player[embedded] logged in with entity id 13 at (0.0, 0.0, 0.0)
[18:17:07] [Server thread/INFO] [minecraft/MinecraftServer]: test-mock-player joined the game
[18:17:07] [Server thread/INFO] [minecraft/GameTestServer]: [++_                                                            ]
[18:17:07] [Server thread/INFO] [minecraft/GameTestServer]: [++_                                                            ]
[18:17:07] [Server thread/INFO] [minecraft/GameTestServer]: [++_                                                            ]
[18:17:07] [Server thread/INFO] [minecraft/GameTestServer]: [++_                                                            ]
[18:17:07] [Server thread/INFO] [minecraft/GameTestRunner]: Running test environment 'dndturn:player_items' batch 0 (1 tests)...
[18:17:07] [Server thread/INFO] [minecraft/PlayerList]: tactical-test[embedded] logged in with entity id 16 at (0.0, 0.0, 0.0)
[18:17:07] [Server thread/INFO] [minecraft/MinecraftServer]: tactical-test joined the game
[18:17:07] [Server thread/INFO] [minecraft/GameTestServer]: [+++_                                                           ]
[18:17:07] [Server thread/INFO] [minecraft/MinecraftServer]: tactical-test has made the advancement [Wax On]
[18:17:07] [Server thread/INFO] [minecraft/GameTestServer]: [+++_                                                           ]
[18:17:07] [Server thread/INFO] [minecraft/GameTestServer]: [+++_                                                           ]
[18:17:07] [Server thread/INFO] [minecraft/GameTestServer]: [+++_                                                           ]
[18:17:07] [Server thread/INFO] [minecraft/GameTestServer]: [+++_                                                           ]
[18:17:07] [Server thread/INFO] [minecraft/GameTestServer]: [+++_                                                           ]
[18:17:07] [Server thread/INFO] [minecraft/GameTestRunner]: Running test environment 'dndturn:environment_processes' batch 0 (1 tests)...
[18:17:08] [Server thread/INFO] [minecraft/PlayerList]: test-mock-player[embedded] logged in with entity id 18 at (0.0, 0.0, 0.0)
[18:17:08] [Server thread/INFO] [minecraft/MinecraftServer]: test-mock-player joined the game
[18:17:08] [Server thread/INFO] [minecraft/GameTestServer]: [++++_                                                          ]
[18:17:08] [Server thread/INFO] [minecraft/GameTestServer]: [++++_                                                          ]
[18:17:08] [Server thread/INFO] [minecraft/GameTestRunner]: Running test environment 'dndturn:environment_circuits' batch 0 (1 tests)...
[18:17:08] [Server thread/INFO] [minecraft/PlayerList]: test-mock-player[embedded] logged in with entity id 22 at (0.0, 0.0, 0.0)
[18:17:08] [Server thread/INFO] [minecraft/MinecraftServer]: test-mock-player joined the game
[18:17:08] [Server thread/INFO] [minecraft/GameTestServer]: [+++++_                                                         ]
[18:17:08] [Server thread/INFO] [minecraft/GameTestServer]: [+++++_                                                         ]
[18:17:08] [Server thread/INFO] [minecraft/GameTestServer]: [+++++_                                                         ]
[18:17:08] [Server thread/INFO] [minecraft/GameTestServer]: [+++++_                                                         ]
[18:17:08] [Server thread/INFO] [minecraft/GameTestServer]: [+++++_                                                         ]
[18:17:08] [Server thread/INFO] [minecraft/GameTestServer]: [+++++_                                                         ]
[18:17:08] [Server thread/INFO] [minecraft/GameTestServer]: [+++++_                                                         ]
[18:17:08] [Server thread/INFO] [minecraft/GameTestServer]: [+++++_                                                         ]
[18:17:08] [Server thread/INFO] [minecraft/GameTestServer]: [+++++_                                                         ]
[18:17:08] [Server thread/INFO] [minecraft/GameTestRunner]: Running test environment 'dndturn:consent_regressions' batch 0 (1 tests)...
[18:17:08] [Server thread/INFO] [minecraft/PlayerList]: exit-test-player[embedded] logged in with entity id 24 at (0.0, 0.0, 0.0)
[18:17:08] [Server thread/INFO] [minecraft/MinecraftServer]: exit-test-player joined the game
[18:17:08] [Server thread/INFO] [minecraft/PlayerList]: exit-test-player[embedded] logged in with entity id 25 at (0.0, 0.0, 0.0)
[18:17:08] [Server thread/INFO] [minecraft/MinecraftServer]: exit-test-player joined the game
[18:17:08] [Server thread/INFO] [minecraft/PlayerList]: exit-test-player[embedded] logged in with entity id 26 at (0.0, 0.0, 0.0)
[18:17:08] [Server thread/INFO] [minecraft/MinecraftServer]: exit-test-player joined the game
[18:17:08] [Server thread/INFO] [minecraft/GameTestServer]: [++++++_                                                        ]
[18:17:08] [Server thread/INFO] [minecraft/GameTestServer]: [++++++_                                                        ]
[18:17:08] [Server thread/INFO] [minecraft/GameTestServer]: [++++++_                                                        ]
[18:17:08] [Server thread/INFO] [minecraft/GameTestServer]: [++++++_                                                        ]
[18:17:08] [Server thread/INFO] [minecraft/GameTestServer]: [++++++_                                                        ]
[18:17:08] [Server thread/INFO] [minecraft/GameTestServer]: [++++++_                                                        ]
[18:17:08] [Server thread/INFO] [minecraft/GameTestServer]: [++++++_                                                        ]
[18:17:08] [Server thread/INFO] [minecraft/GameTestServer]: [++++++_                                                        ]
[18:17:08] [Server thread/INFO] [minecraft/GameTestServer]: [++++++_                                                        ]
[18:17:08] [Server thread/INFO] [minecraft/GameTestServer]: [++++++_                                                        ]
[18:17:08] [Server thread/INFO] [minecraft/GameTestServer]: [++++++_                                                        ]
[18:17:08] [Server thread/INFO] [minecraft/GameTestServer]: [++++++_                                                        ]
[18:17:08] [Server thread/INFO] [minecraft/GameTestServer]: [++++++_                                                        ]
[18:17:08] [Server thread/INFO] [minecraft/GameTestServer]: [++++++_                                                        ]
[18:17:08] [Server thread/INFO] [minecraft/GameTestServer]: [++++++_                                                        ]
[18:17:08] [Server thread/INFO] [minecraft/GameTestServer]: [++++++_                                                        ]
[18:17:08] [Server thread/INFO] [minecraft/GameTestServer]: [++++++_                                                        ]
[18:17:08] [Server thread/INFO] [minecraft/GameTestServer]: [++++++_                                                        ]
[18:17:08] [Server thread/INFO] [minecraft/GameTestServer]: [++++++_                                                        ]
[18:17:08] [Server thread/INFO] [minecraft/GameTestServer]: [++++++_                                                        ]
[18:17:08] [Server thread/INFO] [minecraft/GameTestServer]: [++++++_                                                        ]
[18:17:08] [Server thread/INFO] [minecraft/GameTestRunner]: Running test environment 'dndturn:tactical_ranged' batch 0 (1 tests)...
[18:17:08] [Server thread/INFO] [minecraft/GameTestServer]: [+++++++_                                                       ]
[18:17:08] [Server thread/INFO] [minecraft/GameTestServer]: [+++++++_                                                       ]
[18:17:08] [Server thread/INFO] [minecraft/PlayerList]: test-mock-player[embedded] logged in with entity id 28 at (0.0, 0.0, 0.0)
[18:17:08] [Server thread/INFO] [minecraft/MinecraftServer]: test-mock-player joined the game
[18:17:09] [Server thread/INFO] [minecraft/GameTestServer]: [+++++++_                                                       ]
[18:17:09] [Server thread/INFO] [minecraft/GameTestServer]: [+++++++_                                                       ]
[18:17:09] [Server thread/INFO] [minecraft/GameTestRunner]: Running test environment 'dndturn:restart_history' batch 0 (1 tests)...
[18:17:09] [Server thread/INFO] [minecraft/PlayerList]: tactical-test[embedded] logged in with entity id 31 at (0.0, 0.0, 0.0)
[18:17:09] [Server thread/INFO] [minecraft/MinecraftServer]: tactical-test joined the game
[18:17:09] [Server thread/INFO] [minecraft/GameTestServer]: [++++++++_                                                      ]
[18:17:09] [Server thread/INFO] [minecraft/GameTestServer]: [++++++++_                                                      ]
DNDTURN_RESTART_WRITE_READY encounter=c49618cb-8de1-45df-bd41-84b365eb2f83 operation=93124f1f-dae7-4e5b-bd1a-203d6bac85ea
[18:17:09] [Server thread/INFO] [minecraft/GameTestRunner]: Running test environment 'dndturn:movement_lease_exit' batch 0 (1 tests)...
[18:17:09] [Server thread/INFO] [minecraft/GameTestServer]: [+++++++++_                                                     ]
[18:17:09] [Server thread/INFO] [minecraft/GameTestServer]: [+++++++++_                                                     ]
[18:17:09] [Server thread/INFO] [minecraft/PlayerList]: test-mock-player[embedded] logged in with entity id 34 at (0.0, 0.0, 0.0)
[18:17:09] [Server thread/INFO] [minecraft/MinecraftServer]: test-mock-player joined the game
[18:17:09] [Server thread/INFO] [minecraft/GameTestRunner]: Running test environment 'dndturn:environment_domains' batch 0 (1 tests)...
[18:17:09] [Server thread/INFO] [minecraft/GameTestServer]: [++++++++++                                                     ]
[18:17:09] [Server thread/INFO] [minecraft/PlayerList]: test-mock-player[embedded] logged in with entity id 37 at (0.0, 0.0, 0.0)
[18:17:09] [Server thread/INFO] [minecraft/MinecraftServer]: test-mock-player joined the game
[18:17:09] [Server thread/INFO] [minecraft/PlayerList]: test-mock-player[embedded] logged in with entity id 38 at (0.0, 0.0, 0.0)
[18:17:09] [Server thread/INFO] [minecraft/MinecraftServer]: test-mock-player joined the game
[18:17:09] [Server thread/INFO] [minecraft/GameTestServer]: [++++++++++_                                                    ]
[18:17:09] [Server thread/WARN] [cc.si.dn.co.EnvironmentExplosion/]: ENVIRONMENT_DOMAIN_MISMATCH step=373b697b-d900-4dfd-823f-3f9db85dc54f source=b00bda88-e6a7-4ba6-a9dc-c26aba1537f4 rejectedEntities=1 rejectedBlocks=12
[18:17:09] [Server thread/INFO] [minecraft/GameTestRunner]: Running test environment 'dndturn:environment_boundary_time' batch 0 (1 tests)...
[18:17:09] [Server thread/INFO] [minecraft/PlayerList]: test-mock-player[embedded] logged in with entity id 44 at (0.0, 0.0, 0.0)
[18:17:09] [Server thread/INFO] [minecraft/MinecraftServer]: test-mock-player joined the game
[18:17:09] [Server thread/INFO] [minecraft/GameTestServer]: [+++++++++++_                                                   ]
[18:17:09] [Server thread/INFO] [minecraft/GameTestServer]: [+++++++++++_                                                   ]
[18:17:09] [Server thread/INFO] [minecraft/GameTestServer]: [+++++++++++_                                                   ]
[18:17:09] [Server thread/INFO] [minecraft/GameTestServer]: [+++++++++++_                                                   ]
[18:17:10] [Server thread/INFO] [minecraft/GameTestServer]: [+++++++++++_                                                   ]
[18:17:10] [Server thread/ERROR] [minecraft/LogTestReporter]: dndturn:environment_boundary_time failed at -9993658, -59, 2344016! authorized destination never accepted native hopper transfer: hopper=1 minecraft:diamond chest=0 minecraft:air block=Block{minecraft:hopper}[enabled=true,facing=west] sourceTicking=true currentHopper=true currentChest=true chestAbove=Block{minecraft:air} on tick 85
[18:17:10] [Server thread/INFO] [minecraft/GameTestRunner]: Running test environment 'dndturn:player_only_start' batch 0 (1 tests)...
[18:17:10] [Server thread/INFO] [minecraft/PlayerList]: test-mock-player[embedded] logged in with entity id 45 at (0.0, 0.0, 0.0)
[18:17:10] [Server thread/INFO] [minecraft/MinecraftServer]: test-mock-player joined the game
[18:17:10] [Server thread/INFO] [minecraft/GameTestServer]: [+++++++++++X_                                                  ]
[18:17:10] [Server thread/INFO] [minecraft/GameTestServer]: [+++++++++++X_                                                  ]
[18:17:10] [Server thread/INFO] [minecraft/GameTestServer]: [+++++++++++X_                                                  ]
[18:17:10] [Server thread/INFO] [minecraft/GameTestRunner]: Running test environment 'minecraft:default' batch 0 (21 tests)...
[18:17:10] [Server thread/INFO] [minecraft/PlayerList]: test-mock-player[embedded] logged in with entity id 46 at (0.0, 0.0, 0.0)
[18:17:10] [Server thread/INFO] [minecraft/MinecraftServer]: test-mock-player joined the game
[18:17:10] [Server thread/INFO] [minecraft/PlayerList]: test-mock-player[embedded] logged in with entity id 48 at (0.0, 0.0, 0.0)
[18:17:10] [Server thread/INFO] [minecraft/MinecraftServer]: test-mock-player joined the game
[18:17:10] [Server thread/INFO] [minecraft/MinecraftServer]: test-mock-player has made the advancement [Monster Hunter]
[18:17:10] [Server thread/INFO] [minecraft/PlayerList]: test-mock-player[embedded] logged in with entity id 54 at (0.0, 0.0, 0.0)
[18:17:10] [Server thread/INFO] [minecraft/MinecraftServer]: test-mock-player joined the game
[18:17:10] [Server thread/INFO] [minecraft/PlayerList]: candidate-review-player[embedded] logged in with entity id 56 at (0.0, 0.0, 0.0)
[18:17:10] [Server thread/INFO] [minecraft/MinecraftServer]: candidate-review-player joined the game
[18:17:10] [Server thread/INFO] [minecraft/PlayerList]: test-mock-player[embedded] logged in with entity id 59 at (0.0, 0.0, 0.0)
[18:17:10] [Server thread/INFO] [minecraft/MinecraftServer]: test-mock-player joined the game
[18:17:11] [Server thread/INFO] [minecraft/PlayerList]: test-mock-player[embedded] logged in with entity id 61 at (0.0, 0.0, 0.0)
[18:17:11] [Server thread/INFO] [minecraft/MinecraftServer]: test-mock-player joined the game
[18:17:11] [Server thread/INFO] [minecraft/PlayerList]: test-mock-player[embedded] logged in with entity id 62 at (0.0, 0.0, 0.0)
[18:17:11] [Server thread/INFO] [minecraft/MinecraftServer]: test-mock-player joined the game
[18:17:11] [Server thread/INFO] [minecraft/PlayerList]: exit-test-player[embedded] logged in with entity id 66 at (0.0, 0.0, 0.0)
[18:17:11] [Server thread/INFO] [minecraft/MinecraftServer]: exit-test-player joined the game
[18:17:11] [Server thread/INFO] [minecraft/PlayerList]: exit-test-player[embedded] logged in with entity id 68 at (0.0, 0.0, 0.0)
[18:17:11] [Server thread/INFO] [minecraft/MinecraftServer]: exit-test-player joined the game
[18:17:11] [Server thread/INFO] [minecraft/PlayerList]: tactical-test[embedded] logged in with entity id 69 at (0.0, 0.0, 0.0)
[18:17:11] [Server thread/INFO] [minecraft/MinecraftServer]: tactical-test joined the game
[18:17:11] [Server thread/INFO] [minecraft/PlayerList]: test-mock-player[embedded] logged in with entity id 73 at (0.0, 0.0, 0.0)
[18:17:11] [Server thread/INFO] [minecraft/MinecraftServer]: test-mock-player joined the game
[18:17:11] [Server thread/ERROR] [cc.si.dn.co.ServerCombatService/]: Combat save cannot be safely restored; preserving it and disabling new encounters
java.lang.IllegalArgumentException: active encounter lacks captured settings or session sequence
	at TRANSFORMER/dndturn@1.0.0-SNAPSHOT/cc.sighs.dndturn.combat.CombatRecoveryCandidate.validate(CombatRecoveryCandidate.java:13) ~[main/:?] {}
	at TRANSFORMER/dndturn@1.0.0-SNAPSHOT/cc.sighs.dndturn.combat.ServerCombatService.<init>(ServerCombatService.java:298) [main/:?] {}
	at TRANSFORMER/dndturn@1.0.0-SNAPSHOT/cc.sighs.dndturn.combat.ServerCombatService.restoreForGameTest(ServerCombatService.java:384) [main/:?] {}
	at TRANSFORMER/dndturn@1.0.0-SNAPSHOT/cc.sighs.dndturn.gametest.RepairGameTests.values(RepairGameTests.java:124) [main/:?] {}
	at TRANSFORMER/minecraft@26.1.2/net.minecraft.gametest.framework.FunctionGameTestInstance.run(FunctionGameTestInstance.java:34) [minecraft-patched-26.1.2.84.jar:?] {}
	at TRANSFORMER/minecraft@26.1.2/net.minecraft.gametest.framework.GameTestInfo.startTest(GameTestInfo.java:163) [minecraft-patched-26.1.2.84.jar:?] {neoforge:access_transformer}
	at TRANSFORMER/minecraft@26.1.2/net.minecraft.gametest.framework.GameTestInfo.tickInternal(GameTestInfo.java:119) [minecraft-patched-26.1.2.84.jar:?] {neoforge:access_transformer}
	at TRANSFORMER/minecraft@26.1.2/net.minecraft.gametest.framework.GameTestInfo.tick(GameTestInfo.java:104) [minecraft-patched-26.1.2.84.jar:?] {neoforge:access_transformer}
	at TRANSFORMER/minecraft@26.1.2/net.minecraft.gametest.framework.GameTestTicker.lambda$tick$0(GameTestTicker.java:47) [minecraft-patched-26.1.2.84.jar:?] {}
	at java.base/java.util.concurrent.CopyOnWriteArrayList.forEach(CopyOnWriteArrayList.java:905) [?:?] {}
	at TRANSFORMER/minecraft@26.1.2/net.minecraft.gametest.framework.GameTestTicker.tick(GameTestTicker.java:47) [minecraft-patched-26.1.2.84.jar:?] {}
	at TRANSFORMER/minecraft@26.1.2/net.minecraft.server.MinecraftServer.tickChildren(MinecraftServer.java:1171) [minecraft-patched-26.1.2.84.jar:?] {neoforge:access_transformer,neoforge:access_transformer,neoforge:mixin[APP:dndturn.mixins.json:MinecraftServerWorldTickBoundaryMixin from mod dndturn]}
	at TRANSFORMER/minecraft@26.1.2/net.minecraft.server.MinecraftServer.tickServer(MinecraftServer.java:1003) [minecraft-patched-26.1.2.84.jar:?] {neoforge:access_transformer,neoforge:access_transformer,neoforge:mixin[APP:dndturn.mixins.json:MinecraftServerWorldTickBoundaryMixin from mod dndturn]}
	at TRANSFORMER/minecraft@26.1.2/net.minecraft.gametest.framework.GameTestServer.tickServer(GameTestServer.java:255) [minecraft-patched-26.1.2.84.jar:?] {}
	at TRANSFORMER/minecraft@26.1.2/net.minecraft.server.MinecraftServer.processPacketsAndTick(MinecraftServer.java:1035) [minecraft-patched-26.1.2.84.jar:?] {neoforge:access_transformer,neoforge:access_transformer,neoforge:mixin[APP:dndturn.mixins.json:MinecraftServerWorldTickBoundaryMixin from mod dndturn]}
	at TRANSFORMER/minecraft@26.1.2/net.minecraft.server.MinecraftServer.runServer(MinecraftServer.java:776) [minecraft-patched-26.1.2.84.jar:?] {neoforge:access_transformer,neoforge:access_transformer,neoforge:mixin[APP:dndturn.mixins.json:MinecraftServerWorldTickBoundaryMixin from mod dndturn]}
	at TRANSFORMER/minecraft@26.1.2/net.minecraft.server.MinecraftServer.lambda$spin$0(MinecraftServer.java:300) [minecraft-patched-26.1.2.84.jar:?] {neoforge:access_transformer,neoforge:access_transformer,neoforge:mixin[APP:dndturn.mixins.json:MinecraftServerWorldTickBoundaryMixin from mod dndturn]}
	at java.base/java.lang.Thread.run(Thread.java:1474) [?:?] {}
[18:17:11] [Server thread/INFO] [minecraft/PlayerList]: test-mock-player[embedded] logged in with entity id 81 at (0.0, 0.0, 0.0)
[18:17:11] [Server thread/INFO] [minecraft/MinecraftServer]: test-mock-player joined the game
[18:17:11] [Server thread/WARN] [cc.si.dn.co.ServerCombatService/]: Restored encounter 35cbfd29-0a13-45f7-b988-5a735590acc5 released: membersPresent=false unknownOperations=1
[18:17:11] [Server thread/INFO] [minecraft/PlayerList]: test-mock-player[embedded] logged in with entity id 83 at (0.0, 0.0, 0.0)
[18:17:11] [Server thread/INFO] [minecraft/MinecraftServer]: test-mock-player joined the game
[18:17:11] [Server thread/INFO] [minecraft/PlayerList]: test-mock-player[embedded] logged in with entity id 87 at (0.0, 0.0, 0.0)
[18:17:11] [Server thread/INFO] [minecraft/MinecraftServer]: test-mock-player joined the game
[18:17:11] [Server thread/INFO] [minecraft/PlayerList]: test-mock-player[embedded] logged in with entity id 89 at (0.0, 0.0, 0.0)
[18:17:11] [Server thread/INFO] [minecraft/MinecraftServer]: test-mock-player joined the game
[18:17:11] [Server thread/INFO] [minecraft/GameTestServer]: [+++++++++++X+++++++++++++_++_+_+++                             ]
[18:17:12] [Server thread/INFO] [minecraft/GameTestServer]: [+++++++++++X+++++++++++++_++_+++++                             ]
[18:17:12] [Server thread/INFO] [minecraft/PlayerList]: test-mock-player[embedded] logged in with entity id 96 at (0.0, 0.0, 0.0)
[18:17:12] [Server thread/INFO] [minecraft/MinecraftServer]: test-mock-player joined the game
[18:17:12] [Server thread/INFO] [minecraft/GameTestServer]: [+++++++++++X+++++++++++++_++_+++++                             ]
[18:17:12] [Server thread/INFO] [minecraft/GameTestServer]: [+++++++++++X++++++++++++++++_+++++                             ]
[18:17:12] [Server thread/INFO] [minecraft/GameTestServer]: [+++++++++++X++++++++++++++++_+++++                             ]
[18:17:12] [Server thread/INFO] [minecraft/GameTestServer]: [+++++++++++X++++++++++++++++_+++++                             ]
[18:17:12] [Server thread/INFO] [minecraft/GameTestServer]: [+++++++++++X++++++++++++++++_+++++                             ]
[18:17:12] [Server thread/INFO] [minecraft/GameTestServer]: [+++++++++++X++++++++++++++++_+++++                             ]
[18:17:12] [Server thread/INFO] [minecraft/GameTestRunner]: Running test environment 'dndturn:player_item_projectiles' batch 0 (1 tests)...
[18:17:12] [Server thread/INFO] [minecraft/PlayerList]: tactical-test[embedded] logged in with entity id 100 at (0.0, 0.0, 0.0)
[18:17:12] [Server thread/INFO] [minecraft/MinecraftServer]: tactical-test joined the game
[18:17:12] [Server thread/INFO] [minecraft/GameTestServer]: [+++++++++++X++++++++++++++++++++++_                            ]
[18:17:12] [Server thread/INFO] [minecraft/GameTestRunner]: Running test environment 'dndturn:tactical_behaviors' batch 0 (3 tests)...
[18:17:12] [Server thread/INFO] [minecraft/PlayerList]: test-mock-player[embedded] logged in with entity id 105 at (0.0, 0.0, 0.0)
[18:17:12] [Server thread/INFO] [minecraft/MinecraftServer]: test-mock-player joined the game
[18:17:13] [Server thread/INFO] [minecraft/PlayerList]: test-mock-player[embedded] logged in with entity id 107 at (0.0, 0.0, 0.0)
[18:17:13] [Server thread/INFO] [minecraft/MinecraftServer]: test-mock-player joined the game
[18:17:13] [Server thread/INFO] [minecraft/PlayerList]: test-mock-player[embedded] logged in with entity id 109 at (0.0, 0.0, 0.0)
[18:17:13] [Server thread/INFO] [minecraft/MinecraftServer]: test-mock-player joined the game
[18:17:13] [Server thread/INFO] [minecraft/MinecraftServer]: test-mock-player has made the advancement [Monster Hunter]
[18:17:13] [Server thread/INFO] [minecraft/LivingEntity]: Named entity Zombie['Behavior target'/110, l='ServerLevel[Test Level]', x=-9932635.50, y=93.00, z=2344054.50] died: death.attack.dndturn.tactical
[18:17:13] [Server thread/INFO] [minecraft/GameTestServer]: [+++++++++++X+++++++++++++++++++++++__+                         ]
[18:17:13] [Server thread/INFO] [minecraft/GameTestServer]: [+++++++++++X+++++++++++++++++++++++__+                         ]
[18:17:13] [Server thread/INFO] [minecraft/GameTestServer]: [+++++++++++X+++++++++++++++++++++++_++                         ]
[18:17:13] [Server thread/INFO] [minecraft/GameTestRunner]: Running test environment 'dndturn:body_control' batch 0 (1 tests)...
[18:17:14] [Server thread/INFO] [minecraft/PlayerList]: tactical-test[embedded] logged in with entity id 114 at (0.0, 0.0, 0.0)
[18:17:14] [Server thread/INFO] [minecraft/MinecraftServer]: tactical-test joined the game
[18:17:14] [Server thread/INFO] [minecraft/GameTestServer]: [+++++++++++X++++++++++++++++++++++++++_                        ]
[18:17:14] [Server thread/INFO] [minecraft/GameTestServer]: [+++++++++++X++++++++++++++++++++++++++_                        ]
[18:17:14] [Server thread/INFO] [minecraft/GameTestRunner]: Running test environment 'dndturn:arrow_regressions' batch 0 (9 tests)...
[18:17:14] [Server thread/INFO] [minecraft/GameTestServer]: [+++++++++++X+++++++++++++++++++++++++++                        ]
[18:17:14] [Server thread/INFO] [minecraft/PlayerList]: test-mock-player[embedded] logged in with entity id 120 at (0.0, 0.0, 0.0)
[18:17:14] [Server thread/INFO] [minecraft/MinecraftServer]: test-mock-player joined the game
[18:17:14] [Server thread/INFO] [minecraft/PlayerList]: test-mock-player[embedded] logged in with entity id 121 at (0.0, 0.0, 0.0)
[18:17:14] [Server thread/INFO] [minecraft/MinecraftServer]: test-mock-player joined the game
[18:17:14] [Server thread/INFO] [minecraft/PlayerList]: test-mock-player[embedded] logged in with entity id 125 at (0.0, 0.0, 0.0)
[18:17:14] [Server thread/INFO] [minecraft/MinecraftServer]: test-mock-player joined the game
[18:17:14] [Server thread/INFO] [minecraft/PlayerList]: test-mock-player[embedded] logged in with entity id 126 at (0.0, 0.0, 0.0)
[18:17:14] [Server thread/INFO] [minecraft/MinecraftServer]: test-mock-player joined the game
[18:17:14] [Server thread/INFO] [minecraft/PlayerList]: test-mock-player[embedded] logged in with entity id 129 at (0.0, 0.0, 0.0)
[18:17:14] [Server thread/INFO] [minecraft/MinecraftServer]: test-mock-player joined the game
[18:17:14] [Server thread/INFO] [minecraft/PlayerList]: test-mock-player[embedded] logged in with entity id 130 at (0.0, 0.0, 0.0)
[18:17:14] [Server thread/INFO] [minecraft/MinecraftServer]: test-mock-player joined the game
[18:17:14] [Server thread/INFO] [minecraft/PlayerList]: test-mock-player[embedded] logged in with entity id 133 at (0.0, 0.0, 0.0)
[18:17:14] [Server thread/INFO] [minecraft/MinecraftServer]: test-mock-player joined the game
[18:17:14] [Server thread/INFO] [minecraft/PlayerList]: test-mock-player[embedded] logged in with entity id 134 at (0.0, 0.0, 0.0)
[18:17:14] [Server thread/INFO] [minecraft/MinecraftServer]: test-mock-player joined the game
[18:17:15] [Server thread/INFO] [minecraft/PlayerList]: test-mock-player[embedded] logged in with entity id 137 at (0.0, 0.0, 0.0)
[18:17:15] [Server thread/INFO] [minecraft/MinecraftServer]: test-mock-player joined the game
[18:17:15] [Server thread/INFO] [minecraft/PlayerList]: test-mock-player[embedded] logged in with entity id 138 at (0.0, 0.0, 0.0)
[18:17:15] [Server thread/INFO] [minecraft/MinecraftServer]: test-mock-player joined the game
[18:17:15] [Server thread/INFO] [minecraft/PlayerList]: test-mock-player[embedded] logged in with entity id 151 at (0.0, 0.0, 0.0)
[18:17:15] [Server thread/INFO] [minecraft/MinecraftServer]: test-mock-player joined the game
[18:17:15] [Server thread/INFO] [minecraft/PlayerList]: test-mock-player[embedded] logged in with entity id 152 at (0.0, 0.0, 0.0)
[18:17:15] [Server thread/INFO] [minecraft/MinecraftServer]: test-mock-player joined the game
[18:17:15] [Server thread/INFO] [minecraft/PlayerList]: test-mock-player[embedded] logged in with entity id 153 at (0.0, 0.0, 0.0)
[18:17:15] [Server thread/INFO] [minecraft/MinecraftServer]: test-mock-player joined the game
[18:17:15] [Server thread/INFO] [minecraft/PlayerList]: test-mock-player[embedded] logged in with entity id 154 at (0.0, 0.0, 0.0)
[18:17:15] [Server thread/INFO] [minecraft/MinecraftServer]: test-mock-player joined the game
[18:17:15] [Server thread/INFO] [minecraft/GameTestServer]: [+++++++++++X+++++++++++++++++++++++++++__+_+++_+               ]
[18:17:15] [Server thread/INFO] [minecraft/GameTestServer]: [+++++++++++X+++++++++++++++++++++++++++__+_+++++               ]
[18:17:15] [Server thread/INFO] [minecraft/GameTestServer]: [+++++++++++X+++++++++++++++++++++++++++__+_+++++               ]
[18:17:15] [Server thread/INFO] [minecraft/GameTestServer]: [+++++++++++X+++++++++++++++++++++++++++__+_+++++               ]
[18:17:15] [Server thread/INFO] [minecraft/GameTestServer]: [+++++++++++X+++++++++++++++++++++++++++__+_+++++               ]
[18:17:15] [Server thread/INFO] [minecraft/GameTestServer]: [+++++++++++X+++++++++++++++++++++++++++__+_+++++               ]
[18:17:15] [Server thread/INFO] [minecraft/GameTestServer]: [+++++++++++X+++++++++++++++++++++++++++__+_+++++               ]
[18:17:15] [Server thread/INFO] [minecraft/GameTestServer]: [+++++++++++X+++++++++++++++++++++++++++__+_+++++               ]
[18:17:15] [Server thread/INFO] [minecraft/GameTestServer]: [+++++++++++X+++++++++++++++++++++++++++__+_+++++               ]
[18:17:15] [Server thread/INFO] [minecraft/GameTestRunner]: Running test environment 'dndturn:participant_fire' batch 0 (1 tests)...
[18:17:16] [Server thread/INFO] [minecraft/PlayerList]: tactical-test[embedded] logged in with entity id 163 at (0.0, 0.0, 0.0)
[18:17:16] [Server thread/INFO] [minecraft/MinecraftServer]: tactical-test joined the game
[18:17:16] [Server thread/INFO] [minecraft/GameTestServer]: [+++++++++++X++++++++++++++++++++++++++++++++++++_              ]
[18:17:16] [Server thread/INFO] [minecraft/GameTestServer]: [+++++++++++X++++++++++++++++++++++++++++++++++++_              ]
[18:17:16] [Server thread/INFO] [minecraft/GameTestServer]: [+++++++++++X++++++++++++++++++++++++++++++++++++_              ]
[18:17:16] [Server thread/INFO] [minecraft/GameTestRunner]: Running test environment 'dndturn:tactical_plan' batch 0 (1 tests)...
[18:17:16] [Server thread/INFO] [minecraft/PlayerList]: test-mock-player[embedded] logged in with entity id 165 at (0.0, 0.0, 0.0)
[18:17:16] [Server thread/INFO] [minecraft/MinecraftServer]: test-mock-player joined the game
[18:17:16] [Server thread/INFO] [minecraft/GameTestServer]: [+++++++++++X+++++++++++++++++++++++++++++++++++++_             ]
[18:17:16] [Server thread/INFO] [minecraft/GameTestServer]: [+++++++++++X+++++++++++++++++++++++++++++++++++++_             ]
[18:17:16] [Server thread/INFO] [minecraft/MinecraftServer]: test-mock-player has made the advancement [Isn't It Iron Pick]
[18:17:16] [Server thread/INFO] [minecraft/GameTestServer]: [+++++++++++X+++++++++++++++++++++++++++++++++++++_             ]
[18:17:16] [Server thread/INFO] [minecraft/GameTestRunner]: Running test environment 'dndturn:scheduled_tick_hold' batch 0 (1 tests)...
[18:17:16] [Server thread/INFO] [minecraft/GameTestServer]: [+++++++++++X++++++++++++++++++++++++++++++++++++++_            ]
[18:17:16] [Server thread/INFO] [minecraft/PlayerList]: test-mock-player[embedded] logged in with entity id 173 at (0.0, 0.0, 0.0)
[18:17:16] [Server thread/INFO] [minecraft/MinecraftServer]: test-mock-player joined the game
[18:17:16] [Server thread/INFO] [minecraft/GameTestRunner]: Running test environment 'dndturn:external_melee' batch 0 (1 tests)...
[18:17:16] [Server thread/INFO] [minecraft/GameTestServer]: [+++++++++++X+++++++++++++++++++++++++++++++++++++++            ]
[18:17:16] [Server thread/INFO] [minecraft/PlayerList]: tactical-test[embedded] logged in with entity id 184 at (0.0, 0.0, 0.0)
[18:17:16] [Server thread/INFO] [minecraft/MinecraftServer]: tactical-test joined the game
[18:17:17] [Server thread/INFO] [minecraft/GameTestServer]: [+++++++++++X+++++++++++++++++++++++++++++++++++++++_           ]
[18:17:17] [Server thread/INFO] [minecraft/GameTestRunner]: Running test environment 'dndturn:navigation_regressions' batch 0 (1 tests)...
[18:17:17] [Server thread/INFO] [minecraft/GameTestServer]: [+++++++++++X++++++++++++++++++++++++++++++++++++++++_          ]
[18:17:17] [Server thread/INFO] [minecraft/GameTestServer]: [+++++++++++X++++++++++++++++++++++++++++++++++++++++_          ]
[18:17:17] [Server thread/INFO] [minecraft/PlayerList]: tactical-test[embedded] logged in with entity id 186 at (0.0, 0.0, 0.0)
[18:17:17] [Server thread/INFO] [minecraft/MinecraftServer]: tactical-test joined the game
[18:17:17] [Server thread/ERROR] [minecraft/MinecraftServer]: Encountered an unexpected exception
java.lang.IllegalStateException: attacker or target not authorized
	at TRANSFORMER/dndturn@1.0.0-SNAPSHOT/cc.sighs.dndturn.combat.ServerCombatService.attack(ServerCombatService.java:1985) ~[main/:?] {}
	at TRANSFORMER/dndturn@1.0.0-SNAPSHOT/cc.sighs.dndturn.combat.ServerCombatService.attack(ServerCombatService.java:1942) ~[main/:?] {}
	at TRANSFORMER/dndturn@1.0.0-SNAPSHOT/cc.sighs.dndturn.gametest.LocalTimeGameTests.lambda$prototypeZombieNavigation$2(LocalTimeGameTests.java:1817) ~[main/:?] {}
	at TRANSFORMER/minecraft@26.1.2/net.minecraft.gametest.framework.GameTestSequence.executeWithoutFail(GameTestSequence.java:96) ~[minecraft-patched-26.1.2.84.jar:?] {neoforge:access_transformer}
	at TRANSFORMER/minecraft@26.1.2/net.minecraft.gametest.framework.GameTestSequence.lambda$thenExecute$0(GameTestSequence.java:40) ~[minecraft-patched-26.1.2.84.jar:?] {neoforge:access_transformer}
	at TRANSFORMER/minecraft@26.1.2/net.minecraft.gametest.framework.GameTestSequence.tick(GameTestSequence.java:107) ~[minecraft-patched-26.1.2.84.jar:?] {neoforge:access_transformer}
	at TRANSFORMER/minecraft@26.1.2/net.minecraft.gametest.framework.GameTestSequence.tickAndContinue(GameTestSequence.java:81) ~[minecraft-patched-26.1.2.84.jar:?] {neoforge:access_transformer}
	at TRANSFORMER/minecraft@26.1.2/net.minecraft.gametest.framework.GameTestInfo.lambda$tickInternal$1(GameTestInfo.java:151) ~[minecraft-patched-26.1.2.84.jar:?] {neoforge:access_transformer}
	at java.base/java.util.concurrent.CopyOnWriteArrayList.forEach(CopyOnWriteArrayList.java:905) ~[?:?] {}
	at TRANSFORMER/minecraft@26.1.2/net.minecraft.gametest.framework.GameTestInfo.tickInternal(GameTestInfo.java:151) ~[minecraft-patched-26.1.2.84.jar:?] {neoforge:access_transformer}
	at TRANSFORMER/minecraft@26.1.2/net.minecraft.gametest.framework.GameTestInfo.tick(GameTestInfo.java:104) ~[minecraft-patched-26.1.2.84.jar:?] {neoforge:access_transformer}
	at TRANSFORMER/minecraft@26.1.2/net.minecraft.gametest.framework.GameTestTicker.lambda$tick$0(GameTestTicker.java:47) ~[minecraft-patched-26.1.2.84.jar:?] {}
	at java.base/java.util.concurrent.CopyOnWriteArrayList.forEach(CopyOnWriteArrayList.java:905) ~[?:?] {}
	at TRANSFORMER/minecraft@26.1.2/net.minecraft.gametest.framework.GameTestTicker.tick(GameTestTicker.java:47) ~[minecraft-patched-26.1.2.84.jar:?] {}
	at TRANSFORMER/minecraft@26.1.2/net.minecraft.server.MinecraftServer.tickChildren(MinecraftServer.java:1171) ~[minecraft-patched-26.1.2.84.jar:?] {neoforge:access_transformer,neoforge:access_transformer,neoforge:mixin[APP:dndturn.mixins.json:MinecraftServerWorldTickBoundaryMixin from mod dndturn]}
	at TRANSFORMER/minecraft@26.1.2/net.minecraft.server.MinecraftServer.tickServer(MinecraftServer.java:1003) ~[minecraft-patched-26.1.2.84.jar:?] {neoforge:access_transformer,neoforge:access_transformer,neoforge:mixin[APP:dndturn.mixins.json:MinecraftServerWorldTickBoundaryMixin from mod dndturn]}
	at TRANSFORMER/minecraft@26.1.2/net.minecraft.gametest.framework.GameTestServer.tickServer(GameTestServer.java:255) ~[minecraft-patched-26.1.2.84.jar:?] {}
	at TRANSFORMER/minecraft@26.1.2/net.minecraft.server.MinecraftServer.processPacketsAndTick(MinecraftServer.java:1035) ~[minecraft-patched-26.1.2.84.jar:?] {neoforge:access_transformer,neoforge:access_transformer,neoforge:mixin[APP:dndturn.mixins.json:MinecraftServerWorldTickBoundaryMixin from mod dndturn]}
	at TRANSFORMER/minecraft@26.1.2/net.minecraft.server.MinecraftServer.runServer(MinecraftServer.java:776) [minecraft-patched-26.1.2.84.jar:?] {neoforge:access_transformer,neoforge:access_transformer,neoforge:mixin[APP:dndturn.mixins.json:MinecraftServerWorldTickBoundaryMixin from mod dndturn]}
	at TRANSFORMER/minecraft@26.1.2/net.minecraft.server.MinecraftServer.lambda$spin$0(MinecraftServer.java:300) [minecraft-patched-26.1.2.84.jar:?] {neoforge:access_transformer,neoforge:access_transformer,neoforge:mixin[APP:dndturn.mixins.json:MinecraftServerWorldTickBoundaryMixin from mod dndturn]}
	at java.base/java.lang.Thread.run(Thread.java:1474) [?:?] {}
[18:17:17] [Server thread/FATAL] [ne.ne.ne.co.NeoForgeMod/]: Preparing crash report with UUID 889388d2-8f97-43c9-a10d-21d19f6a1144
[18:17:17] [Server thread/ERROR] [minecraft/MinecraftServer]: This crash report has been saved to: D:\javaProjects\dndturn26.1\targets\neoforge-26.1\build\gametest-run\crash-reports\crash-2026-09-28_18.17.17-server.txt
[18:17:17] [Server thread/FATAL] [ne.ne.ne.co.NeoForgeMod/]: Preparing crash report with UUID b4515d12-eaf5-4f59-baca-3b16bc55d20e
[18:17:17] [Server thread/ERROR] [minecraft/GameTestServer]: Game test server crashed
---- Minecraft Crash Report ----
// Why did you do that?

Time: 2026-09-28 18:17:17
Description: Exception in server tick loop

java.lang.IllegalStateException: attacker or target not authorized
	at TRANSFORMER/dndturn@1.0.0-SNAPSHOT/cc.sighs.dndturn.combat.ServerCombatService.attack(ServerCombatService.java:1985) ~[main/:?] {}
	at TRANSFORMER/dndturn@1.0.0-SNAPSHOT/cc.sighs.dndturn.combat.ServerCombatService.attack(ServerCombatService.java:1942) ~[main/:?] {}
	at TRANSFORMER/dndturn@1.0.0-SNAPSHOT/cc.sighs.dndturn.gametest.LocalTimeGameTests.lambda$prototypeZombieNavigation$2(LocalTimeGameTests.java:1817) ~[main/:?] {}
	at TRANSFORMER/minecraft@26.1.2/net.minecraft.gametest.framework.GameTestSequence.executeWithoutFail(GameTestSequence.java:96) ~[minecraft-patched-26.1.2.84.jar:?] {neoforge:access_transformer}
	at TRANSFORMER/minecraft@26.1.2/net.minecraft.gametest.framework.GameTestSequence.lambda$thenExecute$0(GameTestSequence.java:40) ~[minecraft-patched-26.1.2.84.jar:?] {neoforge:access_transformer}
	at TRANSFORMER/minecraft@26.1.2/net.minecraft.gametest.framework.GameTestSequence.tick(GameTestSequence.java:107) ~[minecraft-patched-26.1.2.84.jar:?] {neoforge:access_transformer}
	at TRANSFORMER/minecraft@26.1.2/net.minecraft.gametest.framework.GameTestSequence.tickAndContinue(GameTestSequence.java:81) ~[minecraft-patched-26.1.2.84.jar:?] {neoforge:access_transformer}
	at TRANSFORMER/minecraft@26.1.2/net.minecraft.gametest.framework.GameTestInfo.lambda$tickInternal$1(GameTestInfo.java:151) ~[minecraft-patched-26.1.2.84.jar:?] {neoforge:access_transformer}
	at java.base/java.util.concurrent.CopyOnWriteArrayList.forEach(CopyOnWriteArrayList.java:905) ~[?:?] {}
	at TRANSFORMER/minecraft@26.1.2/net.minecraft.gametest.framework.GameTestInfo.tickInternal(GameTestInfo.java:151) ~[minecraft-patched-26.1.2.84.jar:?] {neoforge:access_transformer}
	at TRANSFORMER/minecraft@26.1.2/net.minecraft.gametest.framework.GameTestInfo.tick(GameTestInfo.java:104) ~[minecraft-patched-26.1.2.84.jar:?] {neoforge:access_transformer}
	at TRANSFORMER/minecraft@26.1.2/net.minecraft.gametest.framework.GameTestTicker.lambda$tick$0(GameTestTicker.java:47) ~[minecraft-patched-26.1.2.84.jar:?] {}
	at java.base/java.util.concurrent.CopyOnWriteArrayList.forEach(CopyOnWriteArrayList.java:905) ~[?:?] {}
	at TRANSFORMER/minecraft@26.1.2/net.minecraft.gametest.framework.GameTestTicker.tick(GameTestTicker.java:47) ~[minecraft-patched-26.1.2.84.jar:?] {}
	at TRANSFORMER/minecraft@26.1.2/net.minecraft.server.MinecraftServer.tickChildren(MinecraftServer.java:1171) ~[minecraft-patched-26.1.2.84.jar:?] {neoforge:access_transformer,neoforge:access_transformer,neoforge:mixin[APP:dndturn.mixins.json:MinecraftServerWorldTickBoundaryMixin from mod dndturn]}
	at TRANSFORMER/minecraft@26.1.2/net.minecraft.server.MinecraftServer.tickServer(MinecraftServer.java:1003) ~[minecraft-patched-26.1.2.84.jar:?] {neoforge:access_transformer,neoforge:access_transformer,neoforge:mixin[APP:dndturn.mixins.json:MinecraftServerWorldTickBoundaryMixin from mod dndturn]}
	at TRANSFORMER/minecraft@26.1.2/net.minecraft.gametest.framework.GameTestServer.tickServer(GameTestServer.java:255) [minecraft-patched-26.1.2.84.jar:?] {}
	at TRANSFORMER/minecraft@26.1.2/net.minecraft.server.MinecraftServer.processPacketsAndTick(MinecraftServer.java:1035) ~[minecraft-patched-26.1.2.84.jar:?] {neoforge:access_transformer,neoforge:access_transformer,neoforge:mixin[APP:dndturn.mixins.json:MinecraftServerWorldTickBoundaryMixin from mod dndturn]}
	at TRANSFORMER/minecraft@26.1.2/net.minecraft.server.MinecraftServer.runServer(MinecraftServer.java:776) [minecraft-patched-26.1.2.84.jar:?] {neoforge:access_transformer,neoforge:access_transformer,neoforge:mixin[APP:dndturn.mixins.json:MinecraftServerWorldTickBoundaryMixin from mod dndturn]}
	at TRANSFORMER/minecraft@26.1.2/net.minecraft.server.MinecraftServer.lambda$spin$0(MinecraftServer.java:300) [minecraft-patched-26.1.2.84.jar:?] {neoforge:access_transformer,neoforge:access_transformer,neoforge:mixin[APP:dndturn.mixins.json:MinecraftServerWorldTickBoundaryMixin from mod dndturn]}
	at java.base/java.lang.Thread.run(Thread.java:1474) [?:?] {}


A detailed walkthrough of the error, its code path and all known details is as follows:
---------------------------------------------------------------------------------------

-- System Details --
Details:
	Minecraft Version: 26.1.2
	Minecraft Version ID: 26.1.2
	Operating System: Windows 11 (amd64) version 10.0
	Java Version: 25.0.3, Oracle Corporation
	Java VM Version: Java HotSpot(TM) 64-Bit Server VM (mixed mode, sharing), Oracle Corporation
	Memory: 2853207904 bytes (2721 MiB) / 3858759680 bytes (3680 MiB) up to 16525557760 bytes (15760 MiB)
	Memory (heap): init: 992MiB, used: 958MiB, committed: 3680MiB, max: 15760MiB
	Memory (non-head): init: 007MiB, used: 173MiB, committed: 178MiB, max: 000MiB
	CPUs: 32
	Processor Vendor: AuthenticAMD
	Processor Name: AMD Ryzen 9 9950X 16-Core Processor            
	Identifier: AuthenticAMD Family 26 Model 68 Stepping 0
	Microarchitecture: unknown
	Frequency (GHz): 4.30
	Number of physical packages: 1
	Number of physical CPUs: 16
	Number of logical CPUs: 32
	Graphics card #0 name: NVIDIA GeForce RTX 2080 Ti
	Graphics card #0 vendor: NVIDIA
	Graphics card #0 VRAM (MiB): 11264.00
	Graphics card #0 deviceId: VideoController1
	Graphics card #0 versionInfo: 32.0.15.9186
	Graphics card #1 name: AMD Radeon(TM) Graphics
	Graphics card #1 vendor: Advanced Micro Devices, Inc.
	Graphics card #1 VRAM (MiB): 2048.00
	Graphics card #1 deviceId: VideoController2
	Graphics card #1 versionInfo: 32.0.21030.2001
	Graphics card #2 name: NVIDIA GeForce RTX 2080 Ti
	Graphics card #2 vendor: NVIDIA
	Graphics card #2 VRAM (MiB): 11264.00
	Graphics card #2 deviceId: VideoController3
	Graphics card #2 versionInfo: 32.0.15.9186
	Memory slot #0 capacity (MiB): 32768.00
	Memory slot #0 clockSpeed (GHz): 6.00
	Memory slot #0 type: DDR5
	Memory slot #1 capacity (MiB): 32768.00
	Memory slot #1 clockSpeed (GHz): 6.00
	Memory slot #1 type: DDR5
	Virtual memory max (MiB): 67000.36
	Virtual memory used (MiB): 44791.98
	Swap memory total (MiB): 3968.00
	Swap memory used (MiB): 76.04
	Space in storage for jna.tmpdir (MiB): <path not set>
	Space in storage for org.lwjgl.system.SharedLibraryExtractPath (MiB): <path not set>
	Space in storage for io.netty.native.workdir (MiB): <path not set>
	Space in storage for java.io.tmpdir (MiB): available: 303253.72, total: 1049592.50
	Space in storage for workdir (MiB): available: 45549.80, total: 857917.56
	JVM Flags: 0 total; 
	Debug Flags: 0 total; 
	Server Running: true
	Player Count: 58 / 1; [['test-mock-player'/1, l='ServerLevel[Test Level]', x=83001.50, y=151.00, z=1.50], ['test-mock-player'/7, l='ServerLevel[Test Level]', x=-9993676.50, y=-57.00, z=2344006.50], ['test-mock-player'/9, l='ServerLevel[Test Level]', x=-9993663.50, y=243.00, z=2344016.50], ['test-mock-player'/11, l='ServerLevel[Test Level]', x=-9993648.50, y=243.00, z=2344016.50], ['test-mock-player'/13, l='ServerLevel[Test Level]', x=-9993629.50, y=243.00, z=2344016.50], ServerPlayer['tactical-test'/16, l='ServerLevel[Test Level]', x=-9837656.50, y=93.00, z=2344006.50], ['test-mock-player'/18, l='ServerLevel[Test Level]', x=77001.50, y=151.00, z=1.50], ['test-mock-player'/22, l='ServerLevel[Test Level]', x=91001.50, y=151.00, z=1.50], ServerPlayer['exit-test-player'/24, l='ServerLevel[Test Level]', x=-9977243.50, y=143.00, z=2344005.50], ServerPlayer['exit-test-player'/25, l='ServerLevel[Test Level]', x=-9977243.50, y=143.00, z=2344005.50], ServerPlayer['exit-test-player'/26, l='ServerLevel[Test Level]', x=-9977243.50, y=143.00, z=2344005.50], ['test-mock-player'/28, l='ServerLevel[Test Level]', x=49001.50, y=151.00, z=1.50], ServerPlayer['tactical-test'/31, l='ServerLevel[Test Level]', x=88999.50, y=151.00, z=1.50], ['test-mock-player'/34, l='ServerLevel[Test Level]', x=-9971675.80, y=63.00, z=2344018.50], ['test-mock-player'/37, l='ServerLevel[Test Level]', x=87001.50, y=151.00, z=1.50], ['test-mock-player'/38, l='ServerLevel[Test Level]', x=87021.50, y=151.00, z=1.50], ['test-mock-player'/44, l='ServerLevel[Test Level]', x=-9896656.50, y=152.00, z=2344018.50], ['test-mock-player'/45, l='ServerLevel[Test Level]', x=-9952646.50, y=63.00, z=2344018.50], ['test-mock-player'/46, l='ServerLevel[Test Level]', x=-9993621.50, y=-17.00, z=2344018.50], ['test-mock-player'/48, l='ServerLevel[Test Level]', x=-9993676.50, y=23.00, z=2344030.50], ['test-mock-player'/54, l='ServerLevel[Test Level]', x=-9992642.50, y=203.00, z=2344030.50], ServerPlayer['candidate-review-player'/56, l='ServerLevel[Test Level]', x=-9991608.50, y=203.00, z=2344030.50], ['test-mock-player'/59, l='ServerLevel[Test Level]', x=-9989520.50, y=143.00, z=2344030.50], ['test-mock-player'/61, l='ServerLevel[Test Level]', x=0.00, y=0.00, z=0.00], ['test-mock-player'/62, l='ServerLevel[Test Level]', x=-9992150.50, y=243.00, z=2344042.50], ServerPlayer['exit-test-player'/66, l='ServerLevel[Test Level]', x=-9990584.50, y=283.00, z=2344042.50], ServerPlayer['exit-test-player'/68, l='ServerLevel[Test Level]', x=0.00, y=0.00, z=0.00], ServerPlayer['tactical-test'/69, l='ServerLevel[Test Level]', x=-9993134.50, y=63.00, z=2344042.50], ['test-mock-player'/73, l='ServerLevel[Test Level]', x=-9981338.50, y=-57.00, z=2344042.50], ['test-mock-player'/81, l='ServerLevel[Test Level]', x=0.00, y=0.00, z=0.00], ['test-mock-player'/83, l='ServerLevel[Test Level]', x=0.00, y=0.00, z=0.00], ['test-mock-player'/87, l='ServerLevel[Test Level]', x=-9993374.50, y=63.00, z=2344018.50], ['test-mock-player'/89, l='ServerLevel[Test Level]', x=-9993558.50, y=63.00, z=2344030.50], ['test-mock-player'/96, l='ServerLevel[Test Level]', x=-9963677.50, y=63.00, z=2344041.50], ServerPlayer['tactical-test'/100, l='ServerLevel[Test Level]', x=-9835666.50, y=93.00, z=2344054.50], ['test-mock-player'/105, l='ServerLevel[Test Level]', x=73003.50, y=151.00, z=1.50], ['test-mock-player'/107, l='ServerLevel[Test Level]', x=69001.50, y=151.00, z=4.50], ['test-mock-player'/109, l='ServerLevel[Test Level]', x=-9932636.50, y=93.00, z=2344054.50], ServerPlayer['tactical-test'/114, l='ServerLevel[Test Level]', x=81001.50, y=151.00, z=1.50], ['test-mock-player'/120, l='ServerLevel[Test Level]', x=-9990545.50, y=83.00, z=2344056.50], ['test-mock-player'/121, l='ServerLevel[Test Level]', x=-9990521.50, y=83.00, z=2344056.50], ['test-mock-player'/125, l='ServerLevel[Test Level]', x=-9985495.50, y=83.00, z=2344068.50], ['test-mock-player'/126, l='ServerLevel[Test Level]', x=-9985471.50, y=83.00, z=2344068.50], ['test-mock-player'/129, l='ServerLevel[Test Level]', x=-9981389.50, y=83.00, z=2344068.50], ['test-mock-player'/130, l='ServerLevel[Test Level]', x=-9981365.50, y=83.00, z=2344068.50], ['test-mock-player'/133, l='ServerLevel[Test Level]', x=-9987499.50, y=83.00, z=2344068.50], ['test-mock-player'/134, l='ServerLevel[Test Level]', x=-9987523.50, y=83.00, z=2344068.50], ['test-mock-player'/137, l='ServerLevel[Test Level]', x=-9983417.50, y=83.00, z=2344068.50], ['test-mock-player'/138, l='ServerLevel[Test Level]', x=-9983393.50, y=83.00, z=2344068.50], ['test-mock-player'/151, l='ServerLevel[Test Level]', x=-9989038.50, y=63.00, z=2344066.50], ['test-mock-player'/152, l='ServerLevel[Test Level]', x=-9989412.50, y=63.00, z=2344066.50], ['test-mock-player'/153, l='ServerLevel[Test Level]', x=-9989146.50, y=63.00, z=2344066.50], ['test-mock-player'/154, l='ServerLevel[Test Level]', x=-9989264.50, y=63.00, z=2344066.50], ServerPlayer['tactical-test'/163, l='ServerLevel[Test Level]', x=-9866686.50, y=132.00, z=2344078.50], ['test-mock-player'/165, l='ServerLevel[Test Level]', x=-9948676.50, y=63.00, z=2344078.50], ['test-mock-player'/173, l='ServerLevel[Test Level]', x=-9993666.50, y=-57.00, z=2344078.50], ServerPlayer['tactical-test'/184, l='ServerLevel[Test Level]', x=-9880656.50, y=123.00, z=2344078.50], ServerPlayer['tactical-test'/186, l='ServerLevel[Test Level]', x=-9981646.50, y=83.00, z=2344078.50]]
	Active Data Packs: vanilla, minecart_improvements, redstone_experiments, trade_rebalance, mod_data, mod/apricityui (incompatible), mod/dndturn, mod/neoforge
	Available Data Packs: minecart_improvements, redstone_experiments, trade_rebalance, vanilla, mod/apricityui (incompatible), mod/dndturn, mod/neoforge, mod_data
	Enabled Feature Flags: minecraft:vanilla, minecraft:trade_rebalance
	World Generation: Stable
	World Seed: 0
	Suppressed Exceptions: ~~NONE~~
	Type: Game test server
	Class Processors: 
		00.00%: neoforge:computing_frames (marker)
		00.00%: neoforge:runtime_enum_extender
		03.93%: neoforge:access_transformer
		00.66%: neoforge:mixin
		00.00%: neoforge:simple_processors_default (marker)
		00.02%: neoforge.coremods:field_to_getter.net.minecraft.world.level.biome.biome
		00.02%: neoforge.coremods:field_to_getter.net.minecraft.world.level.block.flowerpotblock
		00.02%: neoforge.coremods:field_to_getter.net.minecraft.world.level.levelgen.structure.structure
		00.40%: neoforge.coremods:method_redirector
	Mod List: 
		apricityui-wwrdhxiM.jar                           |ApricityUI                    |apricityui                    |1.2.5               |Manifest: ab53030cbd7608a4ac38f114fc6ceb549837ab15a3a97397824ba8dcebf1affc
		main                                              |DNDTurn                       |dndturn                       |1.0.0-SNAPSHOT      |Manifest: NOSIGNATURE
		minecraft-patched-26.1.2.84.jar                   |Minecraft                     |minecraft                     |26.1.2              |Manifest: NOSIGNATURE
		neoforge-26.1.2.84-universal.jar                  |NeoForge                      |neoforge                      |26.1.2.84           |Manifest: NOSIGNATURE
	Crash Report UUID: b4515d12-eaf5-4f59-baca-3b16bc55d20e
	FML: 11.0.15
	NeoForge: 26.1.2.84

> Task :runGameTestServer FAILED

[Incubating] Problems report is available at: file:///D:/javaProjects/dndturn26.1/targets/neoforge-26.1/build/reports/problems/problems-report.html

FAILURE: Build failed with an exception.

* What went wrong:
Execution failed for task ':runGameTestServer' (registered in build file 'build.gradle').
> Process 'command 'C:\Program Files\Java\jdk-25.0.3\bin\java.exe'' finished with non-zero exit value 1

* Try:
> Run with --stacktrace option to get the stack trace.
> Run with --info or --debug option to get more log output.
> Run with --scan to get full insights from a Build Scan (powered by Develocity).
> Get more help at https://help.gradle.org.

Deprecated Gradle features were used in this build, making it incompatible with Gradle 10.

BUILD FAILED in 27s

You can use '--warning-mode all' to show the individual deprecation warnings and determine if they come from your own scripts or plugins.

For more on this, please refer to https://docs.gradle.org/9.7.1/userguide/command_line_interface.html#sec:command_line_warnings in the Gradle documentation.
16 actionable tasks: 11 executed, 5 up-to-date
