WARNING: A restricted method in java.lang.System has been called
WARNING: java.lang.System::load has been called by net.rubygrapefruit.platform.internal.NativeLibraryLoader in an unnamed module (file:/C:/Users/RNaim/.gradle/wrapper/dists/gradle-9.7.1-bin/1w1c7tv4s851m17nbqdsro2tv/gradle-9.7.1/lib/native-platform-0.22-milestone-29.jar)
WARNING: Use --enable-native-access=ALL-UNNAMED to avoid a warning for callers in this module
WARNING: Restricted methods will be blocked in a future release unless native access is enabled

To honour the JVM settings for this build a single-use Daemon process will be forked. For more on this, please refer to https://docs.gradle.org/9.7.1/userguide/gradle_daemon.html#sec:disabling_the_daemon in the Gradle documentation.
Daemon will be stopped at the end of the build 
> Task :createMinecraftArtifacts UP-TO-DATE
> Task :common:compileJava UP-TO-DATE

> Task :compileJava
注: 某些输入文件使用或覆盖了已过时的 API。
注: 有关详细信息, 请使用 -Xlint:deprecation 重新编译。

> Task :processResources
> Task :common:processResources NO-SOURCE
> Task :common:classes UP-TO-DATE
> Task :classes
> Task :compileCompatTestJava
> Task :processCompatTestResources NO-SOURCE
> Task :compatTestClasses

> Task :compileGameTestJava
D:\javaProjects\dndturn26.1\targets\neoforge-26.1\src\gameTest\java\cc\sighs\dndturn\combat\EnvironmentBoundaryTimeChecks.java:27: 警告: [removal] GameTestHelper 中的 makeMockServerPlayerInLevel() 已过时, 且标记为待删除
        var player = h.makeMockServerPlayerInLevel();
                      ^
D:\javaProjects\dndturn26.1\targets\neoforge-26.1\src\gameTest\java\cc\sighs\dndturn\combat\EnvironmentCircuitChecks.java:21: 警告: [removal] GameTestHelper 中的 makeMockServerPlayerInLevel() 已过时, 且标记为待删除
        var player=helper.makeMockServerPlayerInLevel();player.setPos(base.getX()+.5,base.getY(),base.getZ()+.5);
                         ^
D:\javaProjects\dndturn26.1\targets\neoforge-26.1\src\gameTest\java\cc\sighs\dndturn\combat\EnvironmentClassificationChecks.java:19: 警告: [removal] GameTestHelper 中的 makeMockServerPlayerInLevel() 已过时, 且标记为待删除
        var player = helper.makeMockServerPlayerInLevel();
                           ^
D:\javaProjects\dndturn26.1\targets\neoforge-26.1\src\gameTest\java\cc\sighs\dndturn\combat\EnvironmentClockChecks.java:18: 警告: [removal] GameTestHelper 中的 makeMockServerPlayerInLevel() 已过时, 且标记为待删除
        var player=helper.makeMockServerPlayerInLevel();player.setPos(base.getX()+.5,base.getY(),base.getZ()+.5);
                         ^
D:\javaProjects\dndturn26.1\targets\neoforge-26.1\src\gameTest\java\cc\sighs\dndturn\combat\EnvironmentDomainChecks.java:21: 警告: [removal] GameTestHelper 中的 makeMockServerPlayerInLevel() 已过时, 且标记为待删除
        var first=helper.makeMockServerPlayerInLevel();first.setPos(base.getX()+.5,base.getY(),base.getZ()+.5);
                        ^
D:\javaProjects\dndturn26.1\targets\neoforge-26.1\src\gameTest\java\cc\sighs\dndturn\combat\EnvironmentDomainChecks.java:22: 警告: [removal] GameTestHelper 中的 makeMockServerPlayerInLevel() 已过时, 且标记为待删除
        var second=helper.makeMockServerPlayerInLevel();second.setPos(base.getX()+20.5,base.getY(),base.getZ()+.5);
                         ^
D:\javaProjects\dndturn26.1\targets\neoforge-26.1\src\gameTest\java\cc\sighs\dndturn\combat\EnvironmentProcessChecks.java:33: 警告: [removal] GameTestHelper 中的 makeMockServerPlayerInLevel() 已过时, 且标记为待删除
        var player=helper.makeMockServerPlayerInLevel(); player.setPos(base.getX()+.5,base.getY(),base.getZ()+.5);
                         ^
D:\javaProjects\dndturn26.1\targets\neoforge-26.1\src\gameTest\java\cc\sighs\dndturn\combat\EnvironmentTntChecks.java:22: 警告: [removal] GameTestHelper 中的 makeMockServerPlayerInLevel() 已过时, 且标记为待删除
        var player=helper.makeMockServerPlayerInLevel(); player.setPos(base.getX()+.5,base.getY(),base.getZ()+.5);
                         ^
D:\javaProjects\dndturn26.1\targets\neoforge-26.1\src\gameTest\java\cc\sighs\dndturn\combat\MobAbilityLoopChecks.java:71: 警告: [removal] GameTestHelper 中的 makeMockServerPlayerInLevel() 已过时, 且标记为待删除
        var player = helper.makeMockServerPlayerInLevel();
                           ^
D:\javaProjects\dndturn26.1\targets\neoforge-26.1\src\gameTest\java\cc\sighs\dndturn\combat\MobPlanMovementChecks.java:23: 警告: [removal] GameTestHelper 中的 makeMockServerPlayerInLevel() 已过时, 且标记为待删除
        var player=helper.makeMockServerPlayerInLevel();
                         ^
D:\javaProjects\dndturn26.1\targets\neoforge-26.1\src\gameTest\java\cc\sighs\dndturn\gametest\LocalTimeGameTests.java:414: 警告: [removal] GameTestHelper 中的 makeMockServerPlayerInLevel() 已过时, 且标记为待删除
            ServerPlayer player = helper.makeMockServerPlayerInLevel();
                                        ^
D:\javaProjects\dndturn26.1\targets\neoforge-26.1\src\gameTest\java\cc\sighs\dndturn\gametest\LocalTimeGameTests.java:552: 警告: [removal] GameTestHelper 中的 makeMockServerPlayerInLevel() 已过时, 且标记为待删除
        ServerPlayer first = helper.makeMockServerPlayerInLevel();
                                   ^
D:\javaProjects\dndturn26.1\targets\neoforge-26.1\src\gameTest\java\cc\sighs\dndturn\gametest\LocalTimeGameTests.java:553: 警告: [removal] GameTestHelper 中的 makeMockServerPlayerInLevel() 已过时, 且标记为待删除
        ServerPlayer second = helper.makeMockServerPlayerInLevel();
                                    ^
D:\javaProjects\dndturn26.1\targets\neoforge-26.1\src\gameTest\java\cc\sighs\dndturn\gametest\LocalTimeGameTests.java:739: 警告: [removal] GameTestHelper 中的 makeMockServerPlayerInLevel() 已过时, 且标记为待删除
            ServerPlayer player = helper.makeMockServerPlayerInLevel();
                                        ^
D:\javaProjects\dndturn26.1\targets\neoforge-26.1\src\gameTest\java\cc\sighs\dndturn\gametest\LocalTimeGameTests.java:844: 警告: [removal] GameTestHelper 中的 makeMockServerPlayerInLevel() 已过时, 且标记为待删除
            ServerPlayer player = helper.makeMockServerPlayerInLevel();
                                        ^
D:\javaProjects\dndturn26.1\targets\neoforge-26.1\src\gameTest\java\cc\sighs\dndturn\gametest\LocalTimeGameTests.java:905: 警告: [removal] GameTestHelper 中的 makeMockServerPlayerInLevel() 已过时, 且标记为待删除
        ServerPlayer player = helper.makeMockServerPlayerInLevel();
                                    ^
D:\javaProjects\dndturn26.1\targets\neoforge-26.1\src\gameTest\java\cc\sighs\dndturn\gametest\LocalTimeGameTests.java:991: 警告: [removal] GameTestHelper 中的 makeMockServerPlayerInLevel() 已过时, 且标记为待删除
                players[i] = helper.makeMockServerPlayerInLevel();
                                   ^
D:\javaProjects\dndturn26.1\targets\neoforge-26.1\src\gameTest\java\cc\sighs\dndturn\gametest\LocalTimeGameTests.java:1049: 警告: [removal] GameTestHelper 中的 makeMockServerPlayerInLevel() 已过时, 且标记为待删除
            ServerPlayer firstPlayer = helper.makeMockServerPlayerInLevel();
                                             ^
D:\javaProjects\dndturn26.1\targets\neoforge-26.1\src\gameTest\java\cc\sighs\dndturn\gametest\LocalTimeGameTests.java:1050: 警告: [removal] GameTestHelper 中的 makeMockServerPlayerInLevel() 已过时, 且标记为待删除
            ServerPlayer secondPlayer = helper.makeMockServerPlayerInLevel();
                                              ^
D:\javaProjects\dndturn26.1\targets\neoforge-26.1\src\gameTest\java\cc\sighs\dndturn\gametest\LocalTimeGameTests.java:1227: 警告: [removal] GameTestHelper 中的 makeMockServerPlayerInLevel() 已过时, 且标记为待删除
        ServerPlayer player = helper.makeMockServerPlayerInLevel();
                                    ^
D:\javaProjects\dndturn26.1\targets\neoforge-26.1\src\gameTest\java\cc\sighs\dndturn\gametest\LocalTimeGameTests.java:1339: 警告: [removal] GameTestHelper 中的 makeMockServerPlayerInLevel() 已过时, 且标记为待删除
        ServerPlayer player = helper.makeMockServerPlayerInLevel();
                                    ^
D:\javaProjects\dndturn26.1\targets\neoforge-26.1\src\gameTest\java\cc\sighs\dndturn\gametest\LocalTimeGameTests.java:1350: 警告: [removal] GameTestHelper 中的 makeMockServerPlayerInLevel() 已过时, 且标记为待删除
        ServerPlayer other = helper.makeMockServerPlayerInLevel();
                                   ^
D:\javaProjects\dndturn26.1\targets\neoforge-26.1\src\gameTest\java\cc\sighs\dndturn\gametest\LocalTimeGameTests.java:1566: 警告: [removal] GameTestHelper 中的 makeMockServerPlayerInLevel() 已过时, 且标记为待删除
        ServerPlayer player = helper.makeMockServerPlayerInLevel();
                                    ^
D:\javaProjects\dndturn26.1\targets\neoforge-26.1\src\gameTest\java\cc\sighs\dndturn\gametest\LocalTimeGameTests.java:1608: 警告: [removal] GameTestHelper 中的 makeMockServerPlayerInLevel() 已过时, 且标记为待删除
            ServerPlayer player = helper.makeMockServerPlayerInLevel();
                                        ^
D:\javaProjects\dndturn26.1\targets\neoforge-26.1\src\gameTest\java\cc\sighs\dndturn\gametest\LocalTimeGameTests.java:1977: 警告: [removal] GameTestHelper 中的 makeMockServerPlayerInLevel() 已过时, 且标记为待删除
            ServerPlayer player = helper.makeMockServerPlayerInLevel();
                                        ^
D:\javaProjects\dndturn26.1\targets\neoforge-26.1\src\gameTest\java\cc\sighs\dndturn\gametest\LocalTimeGameTests.java:2042: 警告: [removal] GameTestHelper 中的 makeMockServerPlayerInLevel() 已过时, 且标记为待删除
            ServerPlayer player = helper.makeMockServerPlayerInLevel();
                                        ^
D:\javaProjects\dndturn26.1\targets\neoforge-26.1\src\gameTest\java\cc\sighs\dndturn\gametest\LocalTimeGameTests.java:2187: 警告: [removal] GameTestHelper 中的 makeMockServerPlayerInLevel() 已过时, 且标记为待删除
        ServerPlayer player = helper.makeMockServerPlayerInLevel();
                                    ^
D:\javaProjects\dndturn26.1\targets\neoforge-26.1\src\gameTest\java\cc\sighs\dndturn\gametest\LocalTimeGameTests.java:2247: 警告: [removal] GameTestHelper 中的 makeMockServerPlayerInLevel() 已过时, 且标记为待删除
        ServerPlayer player = helper.makeMockServerPlayerInLevel();
                                    ^
D:\javaProjects\dndturn26.1\targets\neoforge-26.1\src\gameTest\java\cc\sighs\dndturn\gametest\LocalTimeGameTests.java:2377: 警告: [removal] GameTestHelper 中的 makeMockServerPlayerInLevel() 已过时, 且标记为待删除
        ServerPlayer player = helper.makeMockServerPlayerInLevel();
                                    ^
D:\javaProjects\dndturn26.1\targets\neoforge-26.1\src\gameTest\java\cc\sighs\dndturn\gametest\RepairGameTests.java:127: 警告: [removal] GameTestHelper 中的 makeMockServerPlayerInLevel() 已过时, 且标记为待删除
        try { rejected.requestStart(helper.makeMockServerPlayerInLevel(), UUID.randomUUID()); }
                                          ^
D:\javaProjects\dndturn26.1\targets\neoforge-26.1\src\gameTest\java\cc\sighs\dndturn\gametest\RepairGameTests.java:228: 警告: [removal] GameTestHelper 中的 makeMockServerPlayerInLevel() 已过时, 且标记为待删除
        var player = helper.makeMockServerPlayerInLevel();
                           ^
D:\javaProjects\dndturn26.1\targets\neoforge-26.1\src\gameTest\java\cc\sighs\dndturn\gametest\TacticalPlanGameTests.java:15: 警告: [removal] GameTestHelper 中的 makeMockServerPlayerInLevel() 已过时, 且标记为待删除
        ServerPlayer player = helper.makeMockServerPlayerInLevel();
                                    ^
D:\javaProjects\dndturn26.1\targets\neoforge-26.1\src\gameTest\java\cc\sighs\dndturn\gametest\TacticalPlanGameTests.java:207: 警告: [removal] GameTestHelper 中的 makeMockServerPlayerInLevel() 已过时, 且标记为待删除
        var player = helper.makeMockServerPlayerInLevel(); var level = helper.getLevel();
                           ^
D:\javaProjects\dndturn26.1\targets\neoforge-26.1\src\gameTest\java\cc\sighs\dndturn\gametest\TacticalPlanGameTests.java:518: 警告: [removal] GameTestHelper 中的 makeMockServerPlayerInLevel() 已过时, 且标记为待删除
        var player = helper.makeMockServerPlayerInLevel();
                           ^
注: D:\javaProjects\dndturn26.1\targets\neoforge-26.1\src\gameTest\java\cc\sighs\dndturn\gametest\LocalTimeGameTests.java使用或覆盖了已过时的 API。
注: 有关详细信息, 请使用 -Xlint:deprecation 重新编译。
34 个警告

> Task :processGameTestResources
> Task :gameTestClasses
> Task :downloadAssets UP-TO-DATE
> Task :prepareGameTestServerRun UP-TO-DATE
> Task :common:jar UP-TO-DATE

2026-09-28T08:49:02.838752600Z main WARN Advanced terminal features are not available in this environment
> Task :runGameTestServer
[16:49:02] [main/INFO] [ne.ne.fm.st.Entrypoint/]: JVM Uptime at startup: 107ms
[16:49:02] [main/INFO] [ne.ne.fm.lo.FMLLoader/]: Starting FancyModLoader version 11.0.15 (DEDICATED_SERVER in DEV)
[16:49:02] [main/INFO] [ne.ne.fm.lo.FMLLoader/]: Game directory: D:\javaProjects\dndturn26.1\targets\neoforge-26.1\build\gametest-run
[16:49:02] [main/INFO] [ne.ne.fm.lo.EarlyServiceDiscovery/]: Found 2 early service jars (out of 109) in 15ms
[16:49:02] [main/INFO] [ne.ne.fm.lo.FMLLoader/]: Loading FML Early Services:
[16:49:02] [main/INFO] [ne.ne.fm.lo.FMLLoader/]:  - C:/Users/RNaim/.gradle/caches/modules-2/files-2.1/net.neoforged.fancymodloader/loader/11.0.15/69ddd98736a6b095783523404d1af8992842722/loader-11.0.15.jar
[16:49:02] [main/INFO] [ne.ne.fm.lo.FMLLoader/]:  - C:/Users/RNaim/.gradle/caches/modules-2/files-2.1/net.neoforged.fancymodloader/earlydisplay/11.0.15/b254aa4ec40828f8ce65411dcb7fb9f6ce008064/earlydisplay-11.0.15.jar
[16:49:02] [main/INFO] [ne.ne.fm.lo.ImmediateWindowHandler/]: Not loading early display in headless mode.
[16:49:03] [main/INFO] [ne.ne.fm.lo.mo.lo.GameLocator/]: Detected a joined NeoForge and Minecraft configuration. Applying filtering...
[16:49:03] [main/INFO] [ne.ne.fm.lo.mo.lo.InDevFolderLocator/CORE]: Got mod coordinates dndturnTests%%D:\javaProjects\dndturn26.1\targets\neoforge-26.1\build\classes\java\main;dndturnTests%%D:\javaProjects\dndturn26.1\targets\neoforge-26.1\build\resources\main;dndturnTests%%D:\javaProjects\dndturn26.1\common\build\classes\java\main;dndturnTests%%D:\javaProjects\dndturn26.1\targets\neoforge-26.1\build\classes\java\compatTest;dndturnTests%%D:\javaProjects\dndturn26.1\targets\neoforge-26.1\build\resources\compatTest;dndturnTests%%D:\javaProjects\dndturn26.1\targets\neoforge-26.1\build\classes\java\gameTest;dndturnTests%%D:\javaProjects\dndturn26.1\targets\neoforge-26.1\build\resources\gameTest from env
[16:49:03] [main/INFO] [ne.ne.fm.lo.mo.lo.JarInJarDependencyLocator/]: Found 2 dependencies adding them to mods collection
[16:49:03] [main/INFO] [ne.ne.fm.lo.mo.ModDiscoverer/]: 
     Mod List:
		Name Version (Mod Id)

		ApricityUI 1.2.5 (apricityui)
		DNDTurn 1.0.0-SNAPSHOT (dndturn)
		Minecraft 26.1.2 (minecraft)
		NeoForge 26.1.2.84 (neoforge)
[16:49:03] [main/INFO] [mixin/]: SpongePowered MIXIN Subsystem Version=0.8.7 Source=file:/C:/Users/RNaim/.gradle/caches/modules-2/files-2.1/net.fabricmc/sponge-mixin/0.17.3+mixin.0.8.7/41c4a3984a80f4679e759fb9f495587acc5cdac7/sponge-mixin-0.17.3+mixin.0.8.7.jar Service=FML Env=SERVER
[16:49:03] [main/INFO] [ne.ne.fm.lo.FMLLoader/]: Loading FML Plugins:
[16:49:03] [main/INFO] [ne.ne.fm.lo.FMLLoader/]:  - C:/Users/RNaim/.gradle/caches/modules-2/files-2.1/net.neoforged/neoforge/26.1.2.84/b725526a2fab2163b9a0a8ce89d435d7cd5d8a88/neoforge-26.1.2.84-universal.jar > net.neoforged.neoforge-coremods-26.1.2.84.jar
[16:49:03] [main/INFO] [ne.ne.fm.lo.FMLLoader/]: Building game content classloader:
 - apricityui (jar(C:/Users/RNaim/.gradle/caches/modules-2/files-2.1/maven.modrinth/apricityui/wwrdhxiM/d4311449e5b1cdc9a59e33a7f2b02435d7441546/apricityui-wwrdhxiM.jar))
 - dndturn (composite(folder(D:/javaProjects/dndturn26.1/targets/neoforge-26.1/build/classes/java/main), folder(D:/javaProjects/dndturn26.1/targets/neoforge-26.1/build/resources/main), folder(D:/javaProjects/dndturn26.1/common/build/classes/java/main), folder(D:/javaProjects/dndturn26.1/targets/neoforge-26.1/build/classes/java/compatTest), folder(D:/javaProjects/dndturn26.1/targets/neoforge-26.1/build/classes/java/gameTest), folder(D:/javaProjects/dndturn26.1/targets/neoforge-26.1/build/resources/gameTest)))
 - minecraft (composite(filtered(jar(D:/javaProjects/dndturn26.1/targets/neoforge-26.1/build/moddev/artifacts/minecraft-patched-26.1.2.84.jar)), filtered(jar(D:/javaProjects/dndturn26.1/targets/neoforge-26.1/build/moddev/artifacts/minecraft-patched-26.1.2.84.jar))))
 - mixinextras.neoforge (jar(C:/Users/RNaim/.gradle/caches/modules-2/files-2.1/net.neoforged/neoforge/26.1.2.84/b725526a2fab2163b9a0a8ce89d435d7cd5d8a88/neoforge-26.1.2.84-universal.jar > mixinextras-neoforge-0.5.4.jar))
 - neoforge (composite(filtered(jar(C:/Users/RNaim/.gradle/caches/modules-2/files-2.1/net.neoforged/neoforge/26.1.2.84/b725526a2fab2163b9a0a8ce89d435d7cd5d8a88/neoforge-26.1.2.84-universal.jar))))
 - net.neoforged.fml.generated (empty(VirtualJar/net.neoforged.fml.generated))
[16:49:03] [main/INFO] [ne.ne.fm.lo.FMLLoader/]: Built game content classloader in 65ms
[16:49:03] [main/INFO] [mixin/]: Compatibility level set to JAVA_25
[16:49:03] [main/WARN] [mixin/]: Reference map 'apricityui.refmap.json' for apricityui.mixins.json could not be read. If this is a development environment you can ignore this message
[16:49:03] [main/INFO] [minecraft/GameTestMainUtil]: Running GameTestMain with cwd 'D:\javaProjects\dndturn26.1\targets\neoforge-26.1\build\gametest-run', universe path 'gametestserver'
[16:49:03] [main/INFO] [MixinExtras|Service/]: Initializing MixinExtras via com.llamalad7.mixinextras.service.MixinExtrasServiceImpl(version=0.5.4).
[16:49:05] [modloading-worker-0/INFO] [ne.ne.ne.co.NeoForgeMod/NEOFORGE-MOD]: NeoForge mod loading, version 26.1.2.84, for MC 26.1.2
[16:49:06] [modloading-sync-worker/INFO] [co.si.ap.ne.ap.NetworkAutoRegistration/]: [NetworkAutoReg] Metadata scan found: 4 | added: 4 | skipped: 0
[16:49:07] [main/INFO] [minecraft/RecipeManager]: Loaded 1515 recipes
[16:49:07] [main/INFO] [minecraft/AdvancementTree]: Loaded 1617 advancements
[16:49:07] [main/INFO] [ne.ne.ne.co.cr.RecipePriorityManager/]: Loaded 0 recipe priority overrides
[16:49:07] [Server thread/INFO] [minecraft/LoggingLevelLoadListener]: Selecting global world spawn...
[16:49:07] [Server thread/INFO] [minecraft/LoggingLevelLoadListener]: Loading 0 persistent chunks...
[16:49:07] [Server thread/INFO] [minecraft/LoggingLevelLoadListener]: Preparing spawn area: 100%
[16:49:07] [Server thread/INFO] [minecraft/LoggingLevelLoadListener]: Time elapsed: 212 ms
[16:49:07] [Server thread/INFO] [minecraft/GameTestServer]: Started game test server
[16:49:07] [Server thread/INFO] [ne.ne.ne.se.pe.PermissionAPI/]: Successfully initialized permission handler neoforge:default_handler
[16:49:07] [Server thread/INFO] [minecraft/GameTestServer]: 61 tests are now running at position -8518666, -59, -5149266!
[16:49:08] [Server thread/INFO] [minecraft/GameTestRunner]: Running test environment 'dndturn:environment_clock' batch 0 (1 tests)...
[16:49:08] [Server thread/INFO] [minecraft/GameTestServer]: [                                                             ]
[16:49:08] [Server thread/INFO] [minecraft/GameTestServer]: [                                                             ]
[16:49:08] [Server thread/INFO] [minecraft/GameTestServer]: [                                                             ]
[16:49:08] [Server thread/INFO] [minecraft/GameTestServer]: [                                                             ]
[16:49:08] [Server thread/INFO] [minecraft/GameTestServer]: [                                                             ]
[16:49:08] [Server thread/INFO] [minecraft/GameTestServer]: [                                                             ]
[16:49:08] [Server thread/INFO] [minecraft/GameTestServer]: [                                                             ]
[16:49:08] [Server thread/INFO] [minecraft/GameTestServer]: [                                                             ]
[16:49:08] [Server thread/INFO] [minecraft/GameTestServer]: [                                                             ]
[16:49:08] [Server thread/INFO] [minecraft/GameTestServer]: [                                                             ]
[16:49:08] [Server thread/INFO] [minecraft/GameTestServer]: [                                                             ]
[16:49:08] [Server thread/INFO] [minecraft/GameTestServer]: [                                                             ]
[16:49:08] [Server thread/INFO] [minecraft/PlayerList]: test-mock-player[embedded] logged in with entity id 1 at (0.0, 0.0, 0.0)
[16:49:08] [Server thread/INFO] [minecraft/MinecraftServer]: test-mock-player joined the game
[16:49:09] [Server thread/INFO] [minecraft/GameTestServer]: [_                                                            ]
[16:49:09] [Server thread/INFO] [minecraft/GameTestServer]: [_                                                            ]
[16:49:09] [Server thread/INFO] [minecraft/GameTestServer]: [_                                                            ]
[16:49:09] [Server thread/INFO] [minecraft/GameTestServer]: [_                                                            ]
[16:49:09] [Server thread/INFO] [minecraft/GameTestServer]: [_                                                            ]
[16:49:09] [Server thread/INFO] [minecraft/GameTestServer]: [_                                                            ]
[16:49:09] [Server thread/INFO] [minecraft/GameTestRunner]: Running test environment 'dndturn:participant_fire' batch 0 (1 tests)...
[16:49:09] [Server thread/INFO] [minecraft/GameTestServer]: [+                                                            ]
[16:49:09] [Server thread/INFO] [minecraft/GameTestServer]: [+                                                            ]
[16:49:09] [Server thread/INFO] [minecraft/GameTestServer]: [+                                                            ]
[16:49:09] [Server thread/INFO] [minecraft/GameTestServer]: [+                                                            ]
[16:49:09] [Server thread/INFO] [minecraft/GameTestServer]: [+                                                            ]
[16:49:09] [Server thread/INFO] [minecraft/GameTestServer]: [+                                                            ]
[16:49:09] [Server thread/INFO] [minecraft/GameTestServer]: [+                                                            ]
[16:49:09] [Server thread/INFO] [minecraft/GameTestServer]: [+                                                            ]
[16:49:09] [Server thread/INFO] [minecraft/GameTestServer]: [+                                                            ]
[16:49:09] [Server thread/INFO] [minecraft/GameTestServer]: [+                                                            ]
[16:49:09] [Server thread/INFO] [minecraft/PlayerList]: tactical-test[embedded] logged in with entity id 2 at (0.0, 0.0, 0.0)
[16:49:09] [Server thread/INFO] [minecraft/MinecraftServer]: tactical-test joined the game
[16:49:09] [Server thread/INFO] [minecraft/GameTestServer]: [+_                                                           ]
[16:49:09] [Server thread/ERROR] [minecraft/LogTestReporter]: dndturn:participant_fire failed at -8518656, -59, -5149266! Mob fire did not settle fractional 1.5 on first turn on tick 30
[16:49:09] [Server thread/INFO] [minecraft/GameTestRunner]: Running test environment 'dndturn:environment_domains' batch 0 (1 tests)...
[16:49:10] [Server thread/INFO] [minecraft/PlayerList]: test-mock-player[embedded] logged in with entity id 4 at (0.0, 0.0, 0.0)
[16:49:10] [Server thread/INFO] [minecraft/MinecraftServer]: test-mock-player joined the game
[16:49:10] [Server thread/INFO] [minecraft/PlayerList]: test-mock-player[embedded] logged in with entity id 5 at (0.0, 0.0, 0.0)
[16:49:10] [Server thread/INFO] [minecraft/MinecraftServer]: test-mock-player joined the game
[16:49:10] [Server thread/INFO] [minecraft/GameTestServer]: [+X_                                                          ]
[16:49:10] [Server thread/INFO] [minecraft/GameTestServer]: [+X_                                                          ]
[16:49:10] [Server thread/WARN] [cc.si.dn.co.EnvironmentExplosion/]: ENVIRONMENT_DOMAIN_MISMATCH step=76c875e2-3192-4646-9488-d6a45f335164 source=b50e5cb6-a977-4a07-b4ea-107db77768ed rejectedEntities=1 rejectedBlocks=13
[16:49:10] [Server thread/INFO] [minecraft/GameTestRunner]: Running test environment 'dndturn:tactical_crossbow' batch 0 (1 tests)...
[16:49:10] [Server thread/INFO] [minecraft/GameTestServer]: [+X+_                                                         ]
[16:49:10] [Server thread/INFO] [minecraft/GameTestServer]: [+X+_                                                         ]
[16:49:10] [Server thread/INFO] [minecraft/GameTestServer]: [+X+_                                                         ]
[16:49:10] [Server thread/INFO] [minecraft/PlayerList]: test-mock-player[embedded] logged in with entity id 11 at (0.0, 0.0, 0.0)
[16:49:10] [Server thread/INFO] [minecraft/MinecraftServer]: test-mock-player joined the game
[16:49:10] [Server thread/INFO] [minecraft/GameTestServer]: [+X+_                                                         ]
[16:49:10] [Server thread/INFO] [minecraft/GameTestServer]: [+X+_                                                         ]
[16:49:10] [Server thread/INFO] [minecraft/MinecraftServer]: test-mock-player has made the advancement [Ol' Betsy]
[16:49:10] [Server thread/INFO] [minecraft/GameTestRunner]: Running test environment 'dndturn:scheduled_tick_hold' batch 0 (1 tests)...
[16:49:10] [Server thread/INFO] [minecraft/GameTestServer]: [+X++_                                                        ]
[16:49:10] [Server thread/INFO] [minecraft/GameTestServer]: [+X++_                                                        ]
[16:49:10] [Server thread/INFO] [minecraft/PlayerList]: test-mock-player[embedded] logged in with entity id 14 at (0.0, 0.0, 0.0)
[16:49:10] [Server thread/INFO] [minecraft/MinecraftServer]: test-mock-player joined the game
[16:49:10] [Server thread/INFO] [minecraft/GameTestRunner]: Running test environment 'dndturn:environment_processes' batch 0 (1 tests)...
[16:49:10] [Server thread/INFO] [minecraft/PlayerList]: test-mock-player[embedded] logged in with entity id 16 at (0.0, 0.0, 0.0)
[16:49:10] [Server thread/INFO] [minecraft/MinecraftServer]: test-mock-player joined the game
[16:49:10] [Server thread/INFO] [minecraft/GameTestServer]: [+X+++_                                                       ]
[16:49:10] [Server thread/INFO] [minecraft/GameTestServer]: [+X+++_                                                       ]
[16:49:10] [Server thread/INFO] [minecraft/GameTestServer]: [+X+++_                                                       ]
[16:49:10] [Server thread/INFO] [minecraft/GameTestRunner]: Running test environment 'dndturn:tactical_plan' batch 0 (1 tests)...
[16:49:10] [Server thread/INFO] [minecraft/PlayerList]: test-mock-player[embedded] logged in with entity id 20 at (0.0, 0.0, 0.0)
[16:49:10] [Server thread/INFO] [minecraft/MinecraftServer]: test-mock-player joined the game
[16:49:11] [Server thread/INFO] [minecraft/GameTestServer]: [+X++++_                                                      ]
[16:49:11] [Server thread/INFO] [minecraft/MinecraftServer]: test-mock-player has made the advancement [Isn't It Iron Pick]
[16:49:11] [Server thread/INFO] [minecraft/GameTestServer]: [+X++++_                                                      ]
[16:49:11] [Server thread/INFO] [minecraft/GameTestRunner]: Running test environment 'dndturn:tactical_snowball' batch 0 (1 tests)...
[16:49:11] [Server thread/INFO] [minecraft/GameTestServer]: [+X+++++                                                      ]
[16:49:11] [Server thread/INFO] [minecraft/GameTestServer]: [+X+++++_                                                     ]
[16:49:11] [Server thread/INFO] [minecraft/GameTestServer]: [+X+++++_                                                     ]
[16:49:11] [Server thread/INFO] [minecraft/PlayerList]: test-mock-player[embedded] logged in with entity id 27 at (0.0, 0.0, 0.0)
[16:49:11] [Server thread/INFO] [minecraft/MinecraftServer]: test-mock-player joined the game
[16:49:11] [Server thread/INFO] [minecraft/GameTestServer]: [+X+++++_                                                     ]
[16:49:11] [Server thread/INFO] [minecraft/GameTestRunner]: Running test environment 'dndturn:merge_world_boundary' batch 0 (1 tests)...
[16:49:11] [Server thread/INFO] [minecraft/PlayerList]: test-mock-player[embedded] logged in with entity id 30 at (0.0, 0.0, 0.0)
[16:49:11] [Server thread/INFO] [minecraft/MinecraftServer]: test-mock-player joined the game
[16:49:11] [Server thread/INFO] [minecraft/PlayerList]: test-mock-player[embedded] logged in with entity id 31 at (0.0, 0.0, 0.0)
[16:49:11] [Server thread/INFO] [minecraft/MinecraftServer]: test-mock-player joined the game
[16:49:11] [Server thread/INFO] [minecraft/GameTestServer]: [+X++++++_                                                    ]
[16:49:11] [Server thread/INFO] [minecraft/GameTestRunner]: Running test environment 'dndturn:discovery_cursor' batch 0 (1 tests)...
[16:49:11] [Server thread/INFO] [minecraft/GameTestServer]: [+X+++++++_                                                   ]
[16:49:11] [Server thread/INFO] [minecraft/GameTestServer]: [+X+++++++_                                                   ]
[16:49:11] [Server thread/INFO] [minecraft/GameTestRunner]: Running test environment 'dndturn:external_melee' batch 0 (1 tests)...
[16:49:11] [Server thread/INFO] [minecraft/PlayerList]: tactical-test[embedded] logged in with entity id 115 at (0.0, 0.0, 0.0)
[16:49:11] [Server thread/INFO] [minecraft/MinecraftServer]: tactical-test joined the game
[16:49:12] [Server thread/INFO] [minecraft/GameTestServer]: [+X++++++++_                                                  ]
[16:49:12] [Server thread/INFO] [minecraft/GameTestRunner]: Running test environment 'dndturn:restart_history' batch 0 (1 tests)...
[16:49:12] [Server thread/INFO] [minecraft/PlayerList]: tactical-test[embedded] logged in with entity id 117 at (0.0, 0.0, 0.0)
[16:49:12] [Server thread/INFO] [minecraft/MinecraftServer]: tactical-test joined the game
[16:49:12] [Server thread/INFO] [minecraft/GameTestServer]: [+X+++++++++_                                                 ]
[16:49:12] [Server thread/INFO] [minecraft/GameTestServer]: [+X+++++++++_                                                 ]
DNDTURN_RESTART_WRITE_READY encounter=b5bc742f-8f7f-44ef-bd12-0a5e16cf2026 operation=032c332d-dc98-434c-ae6c-75967aa00185
[16:49:12] [Server thread/INFO] [minecraft/GameTestRunner]: Running test environment 'dndturn:body_control' batch 0 (1 tests)...
[16:49:12] [Server thread/INFO] [minecraft/PlayerList]: tactical-test[embedded] logged in with entity id 118 at (0.0, 0.0, 0.0)
[16:49:12] [Server thread/INFO] [minecraft/MinecraftServer]: tactical-test joined the game
[16:49:12] [Server thread/INFO] [minecraft/GameTestServer]: [+X++++++++++_                                                ]
[16:49:12] [Server thread/INFO] [minecraft/GameTestServer]: [+X++++++++++_                                                ]
[16:49:12] [Server thread/INFO] [minecraft/GameTestRunner]: Running test environment 'dndturn:navigation_regressions' batch 0 (1 tests)...
[16:49:12] [Server thread/INFO] [minecraft/GameTestServer]: [+X+++++++++++_                                               ]
[16:49:12] [Server thread/INFO] [minecraft/GameTestServer]: [+X+++++++++++_                                               ]
[16:49:12] [Server thread/INFO] [minecraft/PlayerList]: tactical-test[embedded] logged in with entity id 123 at (0.0, 0.0, 0.0)
[16:49:12] [Server thread/INFO] [minecraft/MinecraftServer]: tactical-test joined the game
[16:49:12] [Server thread/INFO] [minecraft/GameTestRunner]: Running test environment 'dndturn:merge_discovery_expansion' batch 0 (1 tests)...
[16:49:12] [Server thread/INFO] [minecraft/GameTestServer]: [+X++++++++++++_                                              ]
[16:49:12] [Server thread/INFO] [minecraft/PlayerList]: test-mock-player[embedded] logged in with entity id 125 at (0.0, 0.0, 0.0)
[16:49:12] [Server thread/INFO] [minecraft/MinecraftServer]: test-mock-player joined the game
[16:49:12] [Server thread/INFO] [minecraft/PlayerList]: test-mock-player[embedded] logged in with entity id 127 at (0.0, 0.0, 0.0)
[16:49:12] [Server thread/INFO] [minecraft/MinecraftServer]: test-mock-player joined the game
[16:49:12] [Server thread/INFO] [minecraft/PlayerList]: test-mock-player[embedded] logged in with entity id 129 at (0.0, 0.0, 0.0)
[16:49:12] [Server thread/INFO] [minecraft/MinecraftServer]: test-mock-player joined the game
[16:49:12] [Server thread/INFO] [minecraft/GameTestRunner]: Running test environment 'dndturn:player_only_start' batch 0 (1 tests)...
[16:49:12] [Server thread/INFO] [minecraft/PlayerList]: test-mock-player[embedded] logged in with entity id 132 at (0.0, 0.0, 0.0)
[16:49:12] [Server thread/INFO] [minecraft/MinecraftServer]: test-mock-player joined the game
[16:49:13] [Server thread/INFO] [minecraft/GameTestServer]: [+X+++++++++++++_                                             ]
[16:49:13] [Server thread/INFO] [minecraft/GameTestServer]: [+X+++++++++++++_                                             ]
[16:49:13] [Server thread/INFO] [minecraft/GameTestServer]: [+X+++++++++++++_                                             ]
[16:49:13] [Server thread/INFO] [minecraft/GameTestRunner]: Running test environment 'dndturn:environment_circuits' batch 0 (1 tests)...
[16:49:13] [Server thread/INFO] [minecraft/PlayerList]: test-mock-player[embedded] logged in with entity id 135 at (0.0, 0.0, 0.0)
[16:49:13] [Server thread/INFO] [minecraft/MinecraftServer]: test-mock-player joined the game
[16:49:13] [Server thread/INFO] [minecraft/GameTestServer]: [+X++++++++++++++_                                            ]
[16:49:13] [Server thread/INFO] [minecraft/GameTestServer]: [+X++++++++++++++_                                            ]
[16:49:13] [Server thread/INFO] [minecraft/GameTestServer]: [+X++++++++++++++_                                            ]
[16:49:13] [Server thread/INFO] [minecraft/GameTestServer]: [+X++++++++++++++_                                            ]
[16:49:13] [Server thread/INFO] [minecraft/GameTestServer]: [+X++++++++++++++_                                            ]
[16:49:13] [Server thread/INFO] [minecraft/GameTestServer]: [+X++++++++++++++_                                            ]
[16:49:13] [Server thread/INFO] [minecraft/GameTestServer]: [+X++++++++++++++_                                            ]
[16:49:13] [Server thread/INFO] [minecraft/GameTestServer]: [+X++++++++++++++_                                            ]
[16:49:13] [Server thread/INFO] [minecraft/GameTestServer]: [+X++++++++++++++_                                            ]
[16:49:13] [Server thread/INFO] [minecraft/GameTestRunner]: Running test environment 'dndturn:movement_regressions' batch 0 (1 tests)...
[16:49:13] [Server thread/INFO] [minecraft/GameTestServer]: [+X+++++++++++++++_                                           ]
[16:49:13] [Server thread/INFO] [minecraft/GameTestServer]: [+X+++++++++++++++_                                           ]
[16:49:13] [Server thread/INFO] [minecraft/PlayerList]: tactical-test[embedded] logged in with entity id 137 at (0.0, 0.0, 0.0)
[16:49:13] [Server thread/INFO] [minecraft/MinecraftServer]: tactical-test joined the game
[16:49:13] [Server thread/INFO] [minecraft/GameTestServer]: [+X+++++++++++++++_                                           ]
[16:49:13] [Server thread/INFO] [minecraft/GameTestRunner]: Running test environment 'dndturn:prototype_environment_loop' batch 0 (1 tests)...
[16:49:13] [Server thread/INFO] [minecraft/GameTestServer]: [+X++++++++++++++++_                                          ]
[16:49:13] [Server thread/INFO] [minecraft/PlayerList]: test-mock-player[embedded] logged in with entity id 140 at (0.0, 0.0, 0.0)
[16:49:13] [Server thread/INFO] [minecraft/MinecraftServer]: test-mock-player joined the game
[16:49:13] [Server thread/INFO] [minecraft/GameTestRunner]: Running test environment 'dndturn:arrow_regressions' batch 0 (9 tests)...
[16:49:13] [Server thread/INFO] [minecraft/PlayerList]: test-mock-player[embedded] logged in with entity id 146 at (0.0, 0.0, 0.0)
[16:49:13] [Server thread/INFO] [minecraft/MinecraftServer]: test-mock-player joined the game
[16:49:13] [Server thread/INFO] [minecraft/PlayerList]: test-mock-player[embedded] logged in with entity id 147 at (0.0, 0.0, 0.0)
[16:49:13] [Server thread/INFO] [minecraft/MinecraftServer]: test-mock-player joined the game
[16:49:13] [Server thread/INFO] [minecraft/PlayerList]: test-mock-player[embedded] logged in with entity id 150 at (0.0, 0.0, 0.0)
[16:49:13] [Server thread/INFO] [minecraft/MinecraftServer]: test-mock-player joined the game
[16:49:13] [Server thread/INFO] [minecraft/PlayerList]: test-mock-player[embedded] logged in with entity id 151 at (0.0, 0.0, 0.0)
[16:49:13] [Server thread/INFO] [minecraft/MinecraftServer]: test-mock-player joined the game
[16:49:14] [Server thread/INFO] [minecraft/PlayerList]: test-mock-player[embedded] logged in with entity id 154 at (0.0, 0.0, 0.0)
[16:49:14] [Server thread/INFO] [minecraft/MinecraftServer]: test-mock-player joined the game
[16:49:14] [Server thread/INFO] [minecraft/PlayerList]: test-mock-player[embedded] logged in with entity id 155 at (0.0, 0.0, 0.0)
[16:49:14] [Server thread/INFO] [minecraft/MinecraftServer]: test-mock-player joined the game
[16:49:14] [Server thread/INFO] [minecraft/PlayerList]: test-mock-player[embedded] logged in with entity id 158 at (0.0, 0.0, 0.0)
[16:49:14] [Server thread/INFO] [minecraft/MinecraftServer]: test-mock-player joined the game
[16:49:14] [Server thread/INFO] [minecraft/PlayerList]: test-mock-player[embedded] logged in with entity id 159 at (0.0, 0.0, 0.0)
[16:49:14] [Server thread/INFO] [minecraft/MinecraftServer]: test-mock-player joined the game
[16:49:15] [Server thread/INFO] [minecraft/PlayerList]: test-mock-player[embedded] logged in with entity id 162 at (0.0, 0.0, 0.0)
[16:49:15] [Server thread/INFO] [minecraft/MinecraftServer]: test-mock-player joined the game
[16:49:15] [Server thread/INFO] [minecraft/PlayerList]: test-mock-player[embedded] logged in with entity id 163 at (0.0, 0.0, 0.0)
[16:49:15] [Server thread/INFO] [minecraft/MinecraftServer]: test-mock-player joined the game
[16:49:15] [Server thread/INFO] [minecraft/GameTestServer]: [+X+++++++++++++++++_________                                 ]
[16:49:15] [Server thread/INFO] [minecraft/PlayerList]: test-mock-player[embedded] logged in with entity id 171 at (0.0, 0.0, 0.0)
[16:49:15] [Server thread/INFO] [minecraft/MinecraftServer]: test-mock-player joined the game
[16:49:15] [Server thread/INFO] [minecraft/PlayerList]: test-mock-player[embedded] logged in with entity id 172 at (0.0, 0.0, 0.0)
[16:49:15] [Server thread/INFO] [minecraft/MinecraftServer]: test-mock-player joined the game
[16:49:15] [Server thread/INFO] [minecraft/PlayerList]: test-mock-player[embedded] logged in with entity id 173 at (0.0, 0.0, 0.0)
[16:49:15] [Server thread/INFO] [minecraft/MinecraftServer]: test-mock-player joined the game
[16:49:15] [Server thread/INFO] [minecraft/PlayerList]: test-mock-player[embedded] logged in with entity id 174 at (0.0, 0.0, 0.0)
[16:49:15] [Server thread/INFO] [minecraft/MinecraftServer]: test-mock-player joined the game
[16:49:15] [Server thread/INFO] [minecraft/GameTestServer]: [+X+++++++++++++++++__+_+++++                                 ]
[16:49:15] [Server thread/INFO] [minecraft/GameTestServer]: [+X+++++++++++++++++__+_+++++                                 ]
[16:49:16] [Server thread/INFO] [minecraft/GameTestServer]: [+X+++++++++++++++++__+_+++++                                 ]
[16:49:16] [Server thread/INFO] [minecraft/GameTestServer]: [+X+++++++++++++++++__+_+++++                                 ]
[16:49:16] [Server thread/INFO] [minecraft/GameTestServer]: [+X+++++++++++++++++__+_+++++                                 ]
[16:49:16] [Server thread/INFO] [minecraft/GameTestServer]: [+X+++++++++++++++++__+_+++++                                 ]
[16:49:16] [Server thread/INFO] [minecraft/GameTestServer]: [+X+++++++++++++++++__+_+++++                                 ]
[16:49:16] [Server thread/INFO] [minecraft/GameTestServer]: [+X+++++++++++++++++__+_+++++                                 ]
[16:49:16] [Server thread/INFO] [minecraft/GameTestServer]: [+X+++++++++++++++++_++_+++++                                 ]
[16:49:16] [Server thread/INFO] [minecraft/GameTestRunner]: Running test environment 'dndturn:action_preview' batch 0 (1 tests)...
[16:49:16] [Server thread/INFO] [minecraft/PlayerList]: tactical-test[embedded] logged in with entity id 183 at (0.0, 0.0, 0.0)
[16:49:16] [Server thread/INFO] [minecraft/MinecraftServer]: tactical-test joined the game
action_preview flat A*: slices=4, charged probes=73
[16:49:16] [Server thread/INFO] [minecraft/MinecraftServer]: tactical-test has made the advancement [Take Aim]
[16:49:16] [Server thread/INFO] [minecraft/GameTestRunner]: Running test environment 'dndturn:tactical_ranged' batch 0 (1 tests)...
[16:49:16] [Server thread/INFO] [minecraft/GameTestServer]: [+X+++++++++++++++++++++++++++_                               ]
[16:49:16] [Server thread/INFO] [minecraft/GameTestServer]: [+X+++++++++++++++++++++++++++_                               ]
[16:49:16] [Server thread/INFO] [minecraft/GameTestServer]: [+X+++++++++++++++++++++++++++_                               ]
[16:49:16] [Server thread/INFO] [minecraft/PlayerList]: test-mock-player[embedded] logged in with entity id 187 at (0.0, 0.0, 0.0)
[16:49:16] [Server thread/INFO] [minecraft/MinecraftServer]: test-mock-player joined the game
[16:49:16] [Server thread/INFO] [minecraft/GameTestServer]: [+X+++++++++++++++++++++++++++_                               ]
[16:49:16] [Server thread/INFO] [minecraft/GameTestServer]: [+X+++++++++++++++++++++++++++_                               ]
[16:49:16] [Server thread/INFO] [minecraft/GameTestRunner]: Running test environment 'dndturn:consent_regressions' batch 0 (1 tests)...
[16:49:16] [Server thread/INFO] [minecraft/PlayerList]: exit-test-player[embedded] logged in with entity id 192 at (0.0, 0.0, 0.0)
[16:49:16] [Server thread/INFO] [minecraft/MinecraftServer]: exit-test-player joined the game
[16:49:16] [Server thread/INFO] [minecraft/PlayerList]: exit-test-player[embedded] logged in with entity id 193 at (0.0, 0.0, 0.0)
[16:49:16] [Server thread/INFO] [minecraft/MinecraftServer]: exit-test-player joined the game
[16:49:16] [Server thread/INFO] [minecraft/PlayerList]: exit-test-player[embedded] logged in with entity id 194 at (0.0, 0.0, 0.0)
[16:49:16] [Server thread/INFO] [minecraft/MinecraftServer]: exit-test-player joined the game
[16:49:16] [Server thread/INFO] [minecraft/GameTestServer]: [+X++++++++++++++++++++++++++++_                              ]
[16:49:16] [Server thread/INFO] [minecraft/GameTestServer]: [+X++++++++++++++++++++++++++++_                              ]
[16:49:16] [Server thread/INFO] [minecraft/GameTestServer]: [+X++++++++++++++++++++++++++++_                              ]
[16:49:16] [Server thread/INFO] [minecraft/GameTestServer]: [+X++++++++++++++++++++++++++++_                              ]
[16:49:17] [Server thread/INFO] [minecraft/GameTestServer]: [+X++++++++++++++++++++++++++++_                              ]
[16:49:17] [Server thread/INFO] [minecraft/GameTestServer]: [+X++++++++++++++++++++++++++++_                              ]
[16:49:17] [Server thread/INFO] [minecraft/GameTestServer]: [+X++++++++++++++++++++++++++++_                              ]
[16:49:17] [Server thread/INFO] [minecraft/GameTestServer]: [+X++++++++++++++++++++++++++++_                              ]
[16:49:17] [Server thread/INFO] [minecraft/GameTestServer]: [+X++++++++++++++++++++++++++++_                              ]
[16:49:17] [Server thread/INFO] [minecraft/GameTestServer]: [+X++++++++++++++++++++++++++++_                              ]
[16:49:17] [Server thread/INFO] [minecraft/GameTestServer]: [+X++++++++++++++++++++++++++++_                              ]
[16:49:17] [Server thread/INFO] [minecraft/GameTestServer]: [+X++++++++++++++++++++++++++++_                              ]
[16:49:17] [Server thread/INFO] [minecraft/GameTestServer]: [+X++++++++++++++++++++++++++++_                              ]
[16:49:17] [Server thread/INFO] [minecraft/GameTestServer]: [+X++++++++++++++++++++++++++++_                              ]
[16:49:17] [Server thread/INFO] [minecraft/GameTestServer]: [+X++++++++++++++++++++++++++++_                              ]
[16:49:17] [Server thread/INFO] [minecraft/GameTestServer]: [+X++++++++++++++++++++++++++++_                              ]
[16:49:17] [Server thread/INFO] [minecraft/GameTestServer]: [+X++++++++++++++++++++++++++++_                              ]
[16:49:17] [Server thread/INFO] [minecraft/GameTestServer]: [+X++++++++++++++++++++++++++++_                              ]
[16:49:17] [Server thread/INFO] [minecraft/GameTestServer]: [+X++++++++++++++++++++++++++++_                              ]
[16:49:17] [Server thread/INFO] [minecraft/GameTestServer]: [+X++++++++++++++++++++++++++++_                              ]
[16:49:17] [Server thread/INFO] [minecraft/GameTestServer]: [+X++++++++++++++++++++++++++++_                              ]
[16:49:17] [Server thread/INFO] [minecraft/GameTestRunner]: Running test environment 'dndturn:movement_lease_exit' batch 0 (1 tests)...
[16:49:17] [Server thread/INFO] [minecraft/GameTestServer]: [+X+++++++++++++++++++++++++++++_                             ]
[16:49:17] [Server thread/INFO] [minecraft/GameTestServer]: [+X+++++++++++++++++++++++++++++_                             ]
[16:49:17] [Server thread/INFO] [minecraft/PlayerList]: test-mock-player[embedded] logged in with entity id 197 at (0.0, 0.0, 0.0)
[16:49:17] [Server thread/INFO] [minecraft/MinecraftServer]: test-mock-player joined the game
[16:49:17] [Server thread/INFO] [minecraft/GameTestRunner]: Running test environment 'dndturn:environment_classification' batch 0 (1 tests)...
[16:49:17] [Server thread/INFO] [minecraft/PlayerList]: test-mock-player[embedded] logged in with entity id 202 at (0.0, 0.0, 0.0)
[16:49:17] [Server thread/INFO] [minecraft/MinecraftServer]: test-mock-player joined the game
[16:49:17] [Server thread/INFO] [minecraft/GameTestServer]: [+X++++++++++++++++++++++++++++++_                            ]
[16:49:17] [Server thread/INFO] [minecraft/GameTestServer]: [+X++++++++++++++++++++++++++++++_                            ]
[16:49:17] [Server thread/INFO] [minecraft/GameTestRunner]: Running test environment 'dndturn:environment_boundary_time' batch 0 (1 tests)...
[16:49:17] [Server thread/INFO] [minecraft/PlayerList]: test-mock-player[embedded] logged in with entity id 206 at (0.0, 0.0, 0.0)
[16:49:17] [Server thread/INFO] [minecraft/MinecraftServer]: test-mock-player joined the game
[16:49:17] [Server thread/INFO] [minecraft/GameTestServer]: [+X+++++++++++++++++++++++++++++++_                           ]
[16:49:17] [Server thread/INFO] [minecraft/GameTestServer]: [+X+++++++++++++++++++++++++++++++_                           ]
[16:49:17] [Server thread/INFO] [minecraft/GameTestServer]: [+X+++++++++++++++++++++++++++++++_                           ]
[16:49:17] [Server thread/INFO] [minecraft/GameTestServer]: [+X+++++++++++++++++++++++++++++++_                           ]
[16:49:17] [Server thread/INFO] [minecraft/GameTestServer]: [+X+++++++++++++++++++++++++++++++_                           ]
[16:49:17] [Server thread/INFO] [minecraft/GameTestRunner]: Running test environment 'dndturn:native_melee' batch 0 (1 tests)...
[16:49:17] [Server thread/INFO] [minecraft/PlayerList]: tactical-test[embedded] logged in with entity id 207 at (0.0, 0.0, 0.0)
[16:49:17] [Server thread/INFO] [minecraft/MinecraftServer]: tactical-test joined the game
[16:49:17] [Server thread/INFO] [minecraft/GameTestServer]: [+X++++++++++++++++++++++++++++++++_                          ]
[16:49:17] [Server thread/INFO] [minecraft/GameTestRunner]: Running test environment 'dndturn:tactical_behaviors' batch 0 (3 tests)...
[16:49:18] [Server thread/INFO] [minecraft/PlayerList]: test-mock-player[embedded] logged in with entity id 210 at (0.0, 0.0, 0.0)
[16:49:18] [Server thread/INFO] [minecraft/MinecraftServer]: test-mock-player joined the game
[16:49:18] [Server thread/INFO] [minecraft/PlayerList]: test-mock-player[embedded] logged in with entity id 212 at (0.0, 0.0, 0.0)
[16:49:18] [Server thread/INFO] [minecraft/MinecraftServer]: test-mock-player joined the game
[16:49:18] [Server thread/INFO] [minecraft/PlayerList]: test-mock-player[embedded] logged in with entity id 214 at (0.0, 0.0, 0.0)
[16:49:18] [Server thread/INFO] [minecraft/MinecraftServer]: test-mock-player joined the game
[16:49:19] [Server thread/INFO] [minecraft/GameTestServer]: [+X+++++++++++++++++++++++++++++++++___                       ]
[16:49:19] [Server thread/INFO] [minecraft/MinecraftServer]: test-mock-player has made the advancement [Monster Hunter]
[16:49:19] [Server thread/INFO] [minecraft/LivingEntity]: Named entity Zombie['Behavior target'/215, l='ServerLevel[Test Level]', x=-8457613.50, y=93.00, z=-5149215.50] died: death.attack.dndturn.tactical
[16:49:19] [Server thread/INFO] [minecraft/GameTestServer]: [+X+++++++++++++++++++++++++++++++++__+                       ]
[16:49:19] [Server thread/INFO] [minecraft/GameTestServer]: [+X+++++++++++++++++++++++++++++++++__+                       ]
[16:49:19] [Server thread/INFO] [minecraft/GameTestServer]: [+X+++++++++++++++++++++++++++++++++_++                       ]
[16:49:19] [Server thread/INFO] [minecraft/GameTestRunner]: Running test environment 'dndturn:environment_tnt' batch 0 (1 tests)...
[16:49:19] [Server thread/INFO] [minecraft/PlayerList]: test-mock-player[embedded] logged in with entity id 222 at (0.0, 0.0, 0.0)
[16:49:19] [Server thread/INFO] [minecraft/MinecraftServer]: test-mock-player joined the game
[16:49:19] [Server thread/INFO] [minecraft/GameTestServer]: [+X++++++++++++++++++++++++++++++++++++_                      ]
[16:49:19] [Server thread/INFO] [minecraft/GameTestServer]: [+X++++++++++++++++++++++++++++++++++++_                      ]
[16:49:19] [Server thread/INFO] [minecraft/GameTestServer]: [+X++++++++++++++++++++++++++++++++++++_                      ]
[16:49:19] [Server thread/INFO] [minecraft/GameTestServer]: [+X++++++++++++++++++++++++++++++++++++_                      ]
[16:49:19] [Server thread/INFO] [minecraft/GameTestServer]: [+X++++++++++++++++++++++++++++++++++++_                      ]
[16:49:19] [Server thread/INFO] [minecraft/GameTestServer]: [+X++++++++++++++++++++++++++++++++++++_                      ]
[16:49:19] [Server thread/INFO] [minecraft/GameTestServer]: [+X++++++++++++++++++++++++++++++++++++_                      ]
[16:49:19] [Server thread/INFO] [minecraft/GameTestServer]: [+X++++++++++++++++++++++++++++++++++++_                      ]
[16:49:19] [Server thread/INFO] [minecraft/GameTestServer]: [+X++++++++++++++++++++++++++++++++++++_                      ]
[16:49:19] [Server thread/INFO] [minecraft/GameTestRunner]: Running test environment 'dndturn:participant_effects' batch 0 (1 tests)...
[16:49:19] [Server thread/INFO] [minecraft/PlayerList]: tactical-test[embedded] logged in with entity id 230 at (0.0, 0.0, 0.0)
[16:49:19] [Server thread/INFO] [minecraft/MinecraftServer]: tactical-test joined the game
[16:49:19] [Server thread/INFO] [minecraft/GameTestServer]: [+X+++++++++++++++++++++++++++++++++++++_                     ]
[16:49:19] [Server thread/INFO] [minecraft/GameTestServer]: [+X+++++++++++++++++++++++++++++++++++++_                     ]
[16:49:19] [Server thread/INFO] [minecraft/GameTestServer]: [+X+++++++++++++++++++++++++++++++++++++_                     ]
[16:49:19] [Server thread/INFO] [minecraft/GameTestServer]: [+X+++++++++++++++++++++++++++++++++++++_                     ]
[16:49:19] [Server thread/INFO] [minecraft/GameTestServer]: [+X+++++++++++++++++++++++++++++++++++++_                     ]
[16:49:19] [Server thread/INFO] [minecraft/GameTestServer]: [+X+++++++++++++++++++++++++++++++++++++_                     ]
[16:49:19] [Server thread/INFO] [minecraft/GameTestServer]: [+X+++++++++++++++++++++++++++++++++++++_                     ]
[16:49:19] [Server thread/INFO] [minecraft/GameTestServer]: [+X+++++++++++++++++++++++++++++++++++++_                     ]
[16:49:20] [Server thread/INFO] [minecraft/GameTestServer]: [+X+++++++++++++++++++++++++++++++++++++_                     ]
[16:49:20] [Server thread/INFO] [minecraft/GameTestServer]: [+X+++++++++++++++++++++++++++++++++++++_                     ]
[16:49:20] [Server thread/INFO] [minecraft/MinecraftServer]: tactical-test withered away
[16:49:20] [Server thread/ERROR] [minecraft/LogTestReporter]: dndturn:participant_effects failed at -8518596, -59, -5149218! lethal end-turn effect did not clean membership on tick 194
[16:49:20] [Server thread/INFO] [minecraft/GameTestRunner]: Running test environment 'minecraft:default' batch 0 (21 tests)...
[16:49:20] [Server thread/INFO] [minecraft/PlayerList]: test-mock-player[embedded] logged in with entity id 232 at (0.0, 0.0, 0.0)
[16:49:20] [Server thread/INFO] [minecraft/MinecraftServer]: test-mock-player joined the game
[16:49:20] [Server thread/INFO] [minecraft/PlayerList]: test-mock-player[embedded] logged in with entity id 234 at (0.0, 0.0, 0.0)
[16:49:20] [Server thread/INFO] [minecraft/MinecraftServer]: test-mock-player joined the game
[16:49:20] [Server thread/INFO] [minecraft/MinecraftServer]: test-mock-player has made the advancement [Monster Hunter]
[16:49:20] [Server thread/INFO] [minecraft/PlayerList]: test-mock-player[embedded] logged in with entity id 240 at (0.0, 0.0, 0.0)
[16:49:20] [Server thread/INFO] [minecraft/MinecraftServer]: test-mock-player joined the game
[16:49:20] [Server thread/INFO] [minecraft/PlayerList]: candidate-review-player[embedded] logged in with entity id 242 at (0.0, 0.0, 0.0)
[16:49:20] [Server thread/INFO] [minecraft/MinecraftServer]: candidate-review-player joined the game
[16:49:20] [Server thread/INFO] [minecraft/PlayerList]: test-mock-player[embedded] logged in with entity id 247 at (0.0, 0.0, 0.0)
[16:49:20] [Server thread/INFO] [minecraft/MinecraftServer]: test-mock-player joined the game
[16:49:20] [Server thread/INFO] [minecraft/PlayerList]: test-mock-player[embedded] logged in with entity id 249 at (0.0, 0.0, 0.0)
[16:49:20] [Server thread/INFO] [minecraft/MinecraftServer]: test-mock-player joined the game
[16:49:20] [Server thread/INFO] [minecraft/PlayerList]: test-mock-player[embedded] logged in with entity id 250 at (0.0, 0.0, 0.0)
[16:49:20] [Server thread/INFO] [minecraft/MinecraftServer]: test-mock-player joined the game
[16:49:20] [Server thread/INFO] [minecraft/PlayerList]: exit-test-player[embedded] logged in with entity id 254 at (0.0, 0.0, 0.0)
[16:49:20] [Server thread/INFO] [minecraft/MinecraftServer]: exit-test-player joined the game
[16:49:20] [Server thread/INFO] [minecraft/PlayerList]: exit-test-player[embedded] logged in with entity id 256 at (0.0, 0.0, 0.0)
[16:49:20] [Server thread/INFO] [minecraft/MinecraftServer]: exit-test-player joined the game
[16:49:20] [Server thread/INFO] [minecraft/PlayerList]: tactical-test[embedded] logged in with entity id 257 at (0.0, 0.0, 0.0)
[16:49:20] [Server thread/INFO] [minecraft/MinecraftServer]: tactical-test joined the game
[16:49:20] [Server thread/INFO] [minecraft/PlayerList]: test-mock-player[embedded] logged in with entity id 261 at (0.0, 0.0, 0.0)
[16:49:20] [Server thread/INFO] [minecraft/MinecraftServer]: test-mock-player joined the game
[16:49:20] [Server thread/ERROR] [cc.si.dn.co.ServerCombatService/]: Combat save cannot be safely restored; preserving it and disabling new encounters
java.lang.IllegalArgumentException: active encounter lacks captured settings or session sequence
	at TRANSFORMER/dndturn@1.0.0-SNAPSHOT/cc.sighs.dndturn.combat.CombatRecoveryCandidate.validate(CombatRecoveryCandidate.java:13) ~[main/:?] {}
	at TRANSFORMER/dndturn@1.0.0-SNAPSHOT/cc.sighs.dndturn.combat.ServerCombatService.<init>(ServerCombatService.java:297) [main/:?] {}
	at TRANSFORMER/dndturn@1.0.0-SNAPSHOT/cc.sighs.dndturn.combat.ServerCombatService.restoreForGameTest(ServerCombatService.java:383) [main/:?] {}
	at TRANSFORMER/dndturn@1.0.0-SNAPSHOT/cc.sighs.dndturn.gametest.RepairGameTests.values(RepairGameTests.java:124) [main/:?] {}
	at TRANSFORMER/minecraft@26.1.2/net.minecraft.gametest.framework.FunctionGameTestInstance.run(FunctionGameTestInstance.java:34) [minecraft-patched-26.1.2.84.jar:?] {}
	at TRANSFORMER/minecraft@26.1.2/net.minecraft.gametest.framework.GameTestInfo.startTest(GameTestInfo.java:163) [minecraft-patched-26.1.2.84.jar:?] {neoforge:access_transformer}
	at TRANSFORMER/minecraft@26.1.2/net.minecraft.gametest.framework.GameTestInfo.tickInternal(GameTestInfo.java:119) [minecraft-patched-26.1.2.84.jar:?] {neoforge:access_transformer}
	at TRANSFORMER/minecraft@26.1.2/net.minecraft.gametest.framework.GameTestInfo.tick(GameTestInfo.java:104) [minecraft-patched-26.1.2.84.jar:?] {neoforge:access_transformer}
	at TRANSFORMER/minecraft@26.1.2/net.minecraft.gametest.framework.GameTestTicker.lambda$tick$0(GameTestTicker.java:47) [minecraft-patched-26.1.2.84.jar:?] {}
	at java.base/java.util.concurrent.CopyOnWriteArrayList.forEach(CopyOnWriteArrayList.java:905) [?:?] {}
	at TRANSFORMER/minecraft@26.1.2/net.minecraft.gametest.framework.GameTestTicker.tick(GameTestTicker.java:47) [minecraft-patched-26.1.2.84.jar:?] {}
	at TRANSFORMER/minecraft@26.1.2/net.minecraft.server.MinecraftServer.tickChildren(MinecraftServer.java:1171) [minecraft-patched-26.1.2.84.jar:?] {neoforge:access_transformer,neoforge:access_transformer,neoforge:mixin[APP:dndturn.mixins.json:MinecraftServerWorldTickBoundaryMixin from mod dndturn]}
	at TRANSFORMER/minecraft@26.1.2/net.minecraft.server.MinecraftServer.tickServer(MinecraftServer.java:1003) [minecraft-patched-26.1.2.84.jar:?] {neoforge:access_transformer,neoforge:access_transformer,neoforge:mixin[APP:dndturn.mixins.json:MinecraftServerWorldTickBoundaryMixin from mod dndturn]}
	at TRANSFORMER/minecraft@26.1.2/net.minecraft.gametest.framework.GameTestServer.tickServer(GameTestServer.java:255) [minecraft-patched-26.1.2.84.jar:?] {}
	at TRANSFORMER/minecraft@26.1.2/net.minecraft.server.MinecraftServer.processPacketsAndTick(MinecraftServer.java:1035) [minecraft-patched-26.1.2.84.jar:?] {neoforge:access_transformer,neoforge:access_transformer,neoforge:mixin[APP:dndturn.mixins.json:MinecraftServerWorldTickBoundaryMixin from mod dndturn]}
	at TRANSFORMER/minecraft@26.1.2/net.minecraft.server.MinecraftServer.runServer(MinecraftServer.java:776) [minecraft-patched-26.1.2.84.jar:?] {neoforge:access_transformer,neoforge:access_transformer,neoforge:mixin[APP:dndturn.mixins.json:MinecraftServerWorldTickBoundaryMixin from mod dndturn]}
	at TRANSFORMER/minecraft@26.1.2/net.minecraft.server.MinecraftServer.lambda$spin$0(MinecraftServer.java:300) [minecraft-patched-26.1.2.84.jar:?] {neoforge:access_transformer,neoforge:access_transformer,neoforge:mixin[APP:dndturn.mixins.json:MinecraftServerWorldTickBoundaryMixin from mod dndturn]}
	at java.base/java.lang.Thread.run(Thread.java:1474) [?:?] {}
[16:49:20] [Server thread/INFO] [minecraft/PlayerList]: test-mock-player[embedded] logged in with entity id 269 at (0.0, 0.0, 0.0)
[16:49:20] [Server thread/INFO] [minecraft/MinecraftServer]: test-mock-player joined the game
[16:49:20] [Server thread/WARN] [cc.si.dn.co.ServerCombatService/]: Restored encounter bdbc883f-29d8-4709-887f-841e8a4e9563 released: membersPresent=false unknownOperations=1
[16:49:20] [Server thread/INFO] [minecraft/PlayerList]: test-mock-player[embedded] logged in with entity id 271 at (0.0, 0.0, 0.0)
[16:49:20] [Server thread/INFO] [minecraft/MinecraftServer]: test-mock-player joined the game
[16:49:21] [Server thread/INFO] [minecraft/PlayerList]: test-mock-player[embedded] logged in with entity id 275 at (0.0, 0.0, 0.0)
[16:49:21] [Server thread/INFO] [minecraft/MinecraftServer]: test-mock-player joined the game
[16:49:21] [Server thread/INFO] [minecraft/PlayerList]: test-mock-player[embedded] logged in with entity id 277 at (0.0, 0.0, 0.0)
[16:49:21] [Server thread/INFO] [minecraft/MinecraftServer]: test-mock-player joined the game
[16:49:21] [Server thread/INFO] [minecraft/GameTestServer]: [+X+++++++++++++++++++++++++++++++++++++X++++++++++++_++_+_+++]
[16:49:21] [Server thread/ERROR] [minecraft/LogTestReporter]: dndturn:regional_entity_gate failed at -8518656, -59, -5149182! ordinary player effect lifecycle did not advance on tick 20
[16:49:21] [Server thread/INFO] [minecraft/PlayerList]: test-mock-player[embedded] logged in with entity id 286 at (0.0, 0.0, 0.0)
[16:49:21] [Server thread/INFO] [minecraft/MinecraftServer]: test-mock-player joined the game
[16:49:21] [Server thread/INFO] [minecraft/GameTestServer]: [+X+++++++++++++++++++++++++++++++++++++X++++++++++++_++_+X+++]
[16:49:21] [Server thread/INFO] [minecraft/GameTestServer]: [+X+++++++++++++++++++++++++++++++++++++X++++++++++++_++_+X+++]
[16:49:21] [Server thread/INFO] [minecraft/GameTestServer]: [+X+++++++++++++++++++++++++++++++++++++X+++++++++++++++_+X+++]
[16:49:21] [Server thread/INFO] [minecraft/GameTestServer]: [+X+++++++++++++++++++++++++++++++++++++X+++++++++++++++_+X+++]
[16:49:21] [Server thread/INFO] [minecraft/GameTestServer]: [+X+++++++++++++++++++++++++++++++++++++X+++++++++++++++_+X+++]
[16:49:21] [Server thread/INFO] [minecraft/GameTestServer]: [+X+++++++++++++++++++++++++++++++++++++X+++++++++++++++_+X+++]
[16:49:21] [Server thread/INFO] [minecraft/GameTestServer]: [+X+++++++++++++++++++++++++++++++++++++X+++++++++++++++_+X+++]
[16:49:21] [Server thread/INFO] [minecraft/GameTestServer]: [+X+++++++++++++++++++++++++++++++++++++X+++++++++++++++++X+++]
[16:49:21] [Server thread/INFO] [minecraft/GameTestServer]: ========= 61 GAME TESTS COMPLETE IN 14.02 s ======================
[16:49:21] [Server thread/ERROR] [minecraft/GameTestServer]: 3 required tests failed :(
[16:49:21] [Server thread/ERROR] [minecraft/GameTestServer]:    - dndturn:participant_fire: Mob fire did not settle fractional 1.5 on first turn on tick 30
[16:49:21] [Server thread/ERROR] [minecraft/GameTestServer]:    - dndturn:participant_effects: lethal end-turn effect did not clean membership on tick 194
[16:49:21] [Server thread/ERROR] [minecraft/GameTestServer]:    - dndturn:regional_entity_gate: ordinary player effect lifecycle did not advance on tick 20
[16:49:21] [Server thread/INFO] [minecraft/GameTestServer]: ====================================================
[16:49:21] [Server thread/INFO] [minecraft/MinecraftServer]: Stopping server
[16:49:21] [Server thread/INFO] [minecraft/MinecraftServer]: Saving players
[16:49:21] [Server thread/INFO] [minecraft/ServerGamePacketListenerImpl]: test-mock-player lost connection: Server closed
[16:49:21] [Server thread/INFO] [minecraft/MinecraftServer]: test-mock-player left the game
[16:49:21] [Server thread/INFO] [minecraft/ServerGamePacketListenerImpl]: test-mock-player lost connection: Server closed
[16:49:21] [Server thread/INFO] [minecraft/MinecraftServer]: test-mock-player left the game
[16:49:21] [Server thread/INFO] [minecraft/ServerGamePacketListenerImpl]: test-mock-player lost connection: Server closed
[16:49:21] [Server thread/INFO] [minecraft/MinecraftServer]: test-mock-player left the game
[16:49:21] [Server thread/INFO] [minecraft/ServerGamePacketListenerImpl]: test-mock-player lost connection: Server closed
[16:49:21] [Server thread/INFO] [minecraft/MinecraftServer]: test-mock-player left the game
[16:49:21] [Server thread/INFO] [minecraft/ServerGamePacketListenerImpl]: test-mock-player lost connection: Server closed
[16:49:21] [Server thread/INFO] [minecraft/MinecraftServer]: test-mock-player left the game
[16:49:21] [Server thread/INFO] [minecraft/ServerGamePacketListenerImpl]: test-mock-player lost connection: Server closed
[16:49:21] [Server thread/INFO] [minecraft/MinecraftServer]: test-mock-player left the game
[16:49:21] [Server thread/INFO] [minecraft/ServerGamePacketListenerImpl]: tactical-test lost connection: Server closed
[16:49:21] [Server thread/INFO] [minecraft/MinecraftServer]: tactical-test left the game
[16:49:21] [Server thread/INFO] [minecraft/ServerGamePacketListenerImpl]: tactical-test lost connection: Server closed
[16:49:21] [Server thread/INFO] [minecraft/MinecraftServer]: tactical-test left the game
[16:49:21] [Server thread/INFO] [minecraft/ServerGamePacketListenerImpl]: test-mock-player lost connection: Server closed
[16:49:21] [Server thread/INFO] [minecraft/MinecraftServer]: test-mock-player left the game
[16:49:21] [Server thread/INFO] [minecraft/ServerGamePacketListenerImpl]: test-mock-player lost connection: Server closed
[16:49:21] [Server thread/INFO] [minecraft/MinecraftServer]: test-mock-player left the game
[16:49:21] [Server thread/INFO] [minecraft/ServerGamePacketListenerImpl]: tactical-test lost connection: Server closed
[16:49:21] [Server thread/INFO] [minecraft/MinecraftServer]: tactical-test left the game
[16:49:21] [Server thread/INFO] [minecraft/ServerGamePacketListenerImpl]: test-mock-player lost connection: Server closed
[16:49:21] [Server thread/INFO] [minecraft/MinecraftServer]: test-mock-player left the game
[16:49:21] [Server thread/INFO] [minecraft/ServerGamePacketListenerImpl]: test-mock-player lost connection: Server closed
[16:49:21] [Server thread/INFO] [minecraft/MinecraftServer]: test-mock-player left the game
[16:49:21] [Server thread/INFO] [minecraft/ServerGamePacketListenerImpl]: test-mock-player lost connection: Server closed
[16:49:21] [Server thread/INFO] [minecraft/MinecraftServer]: test-mock-player left the game
[16:49:21] [Server thread/INFO] [minecraft/ServerGamePacketListenerImpl]: test-mock-player lost connection: Server closed
[16:49:21] [Server thread/INFO] [minecraft/MinecraftServer]: test-mock-player left the game
[16:49:21] [Server thread/INFO] [minecraft/ServerGamePacketListenerImpl]: test-mock-player lost connection: Server closed
[16:49:21] [Server thread/INFO] [minecraft/MinecraftServer]: test-mock-player left the game
[16:49:22] [Server thread/INFO] [minecraft/ServerGamePacketListenerImpl]: test-mock-player lost connection: Server closed
[16:49:22] [Server thread/INFO] [minecraft/MinecraftServer]: test-mock-player left the game
[16:49:22] [Server thread/INFO] [minecraft/ServerGamePacketListenerImpl]: test-mock-player lost connection: Server closed
[16:49:22] [Server thread/INFO] [minecraft/MinecraftServer]: test-mock-player left the game
[16:49:22] [Server thread/INFO] [minecraft/ServerGamePacketListenerImpl]: tactical-test lost connection: Server closed
[16:49:22] [Server thread/INFO] [minecraft/MinecraftServer]: tactical-test left the game
[16:49:22] [Server thread/INFO] [minecraft/ServerGamePacketListenerImpl]: exit-test-player lost connection: Server closed
[16:49:22] [Server thread/INFO] [minecraft/MinecraftServer]: exit-test-player left the game
[16:49:22] [Server thread/INFO] [minecraft/ServerGamePacketListenerImpl]: exit-test-player lost connection: Server closed
[16:49:22] [Server thread/INFO] [minecraft/MinecraftServer]: exit-test-player left the game
[16:49:22] [Server thread/INFO] [minecraft/ServerGamePacketListenerImpl]: test-mock-player lost connection: Server closed
[16:49:22] [Server thread/INFO] [minecraft/MinecraftServer]: test-mock-player left the game
[16:49:22] [Server thread/INFO] [minecraft/ServerGamePacketListenerImpl]: tactical-test lost connection: Server closed
[16:49:22] [Server thread/INFO] [minecraft/MinecraftServer]: tactical-test left the game
[16:49:22] [Server thread/INFO] [minecraft/ServerGamePacketListenerImpl]: test-mock-player lost connection: Server closed
[16:49:22] [Server thread/INFO] [minecraft/MinecraftServer]: test-mock-player left the game
[16:49:22] [Server thread/INFO] [minecraft/ServerGamePacketListenerImpl]: test-mock-player lost connection: Server closed
[16:49:22] [Server thread/INFO] [minecraft/MinecraftServer]: test-mock-player left the game
[16:49:22] [Server thread/INFO] [minecraft/ServerGamePacketListenerImpl]: test-mock-player lost connection: Server closed
[16:49:22] [Server thread/INFO] [minecraft/MinecraftServer]: test-mock-player left the game
[16:49:22] [Server thread/INFO] [minecraft/ServerGamePacketListenerImpl]: test-mock-player lost connection: Server closed
[16:49:22] [Server thread/INFO] [minecraft/MinecraftServer]: test-mock-player left the game
[16:49:22] [Server thread/INFO] [minecraft/ServerGamePacketListenerImpl]: test-mock-player lost connection: Server closed
[16:49:22] [Server thread/INFO] [minecraft/MinecraftServer]: test-mock-player left the game
[16:49:22] [Server thread/INFO] [minecraft/ServerGamePacketListenerImpl]: test-mock-player lost connection: Server closed
[16:49:22] [Server thread/INFO] [minecraft/MinecraftServer]: test-mock-player left the game
[16:49:22] [Server thread/INFO] [minecraft/ServerGamePacketListenerImpl]: exit-test-player lost connection: Server closed
[16:49:22] [Server thread/INFO] [minecraft/MinecraftServer]: exit-test-player left the game
[16:49:22] [Server thread/INFO] [minecraft/ServerGamePacketListenerImpl]: test-mock-player lost connection: Server closed
[16:49:22] [Server thread/INFO] [minecraft/MinecraftServer]: test-mock-player left the game
[16:49:22] [Server thread/INFO] [minecraft/ServerGamePacketListenerImpl]: test-mock-player lost connection: Server closed
[16:49:22] [Server thread/INFO] [minecraft/MinecraftServer]: test-mock-player left the game
[16:49:22] [Server thread/INFO] [minecraft/ServerGamePacketListenerImpl]: test-mock-player lost connection: Server closed
[16:49:22] [Server thread/INFO] [minecraft/MinecraftServer]: test-mock-player left the game
[16:49:22] [Server thread/INFO] [minecraft/MinecraftServer]: Saving worlds
[16:49:22] [Server thread/INFO] [minecraft/MinecraftServer]: Saving chunks for level 'ServerLevel[Test Level]'/minecraft:overworld
[16:49:25] [Server thread/INFO] [minecraft/MinecraftServer]: Saving chunks for level 'ServerLevel[Test Level]'/minecraft:the_end
[16:49:25] [Server thread/INFO] [minecraft/MinecraftServer]: Saving chunks for level 'ServerLevel[Test Level]'/minecraft:the_nether
[16:49:25] [Server thread/INFO] [minecraft/MinecraftServer]: ThreadedAnvilChunkStorage (world): All chunks are saved
[16:49:25] [Server thread/INFO] [minecraft/MinecraftServer]: ThreadedAnvilChunkStorage (DIM1): All chunks are saved
[16:49:25] [Server thread/INFO] [minecraft/MinecraftServer]: ThreadedAnvilChunkStorage (DIM-1): All chunks are saved
[16:49:25] [Server thread/INFO] [minecraft/MinecraftServer]: ThreadedAnvilChunkStorage: All dimensions are saved
[16:49:27] [Server thread/INFO] [minecraft/GameTestServer]: Game test server shutting down

> Task :runGameTestServer FAILED


[Incubating] Problems report is available at: file:///D:/javaProjects/dndturn26.1/targets/neoforge-26.1/build/reports/problems/problems-report.html
FAILURE: Build failed with an exception.

* What went wrong:
Execution failed for task ':runGameTestServer' (registered in build file 'build.gradle').
> Process 'command 'C:\Program Files\Java\jdk-25.0.3\bin\java.exe'' finished with non-zero exit value 3

* Try:
> Run with --stacktrace option to get the stack trace.
> Run with --info or --debug option to get more log output.
> Run with --scan to get full insights from a Build Scan (powered by Develocity).
> Get more help at https://help.gradle.org.

Deprecated Gradle features were used in this build, making it incompatible with Gradle 10.

You can use '--warning-mode all' to show the individual deprecation warnings and determine if they come from your own scripts or plugins.

For more on this, please refer to https://docs.gradle.org/9.7.1/userguide/command_line_interface.html#sec:command_line_warnings in the Gradle documentation.

BUILD FAILED in 32s
11 actionable tasks: 6 executed, 5 up-to-date
