WARNING: A restricted method in java.lang.System has been called
WARNING: java.lang.System::load has been called by net.rubygrapefruit.platform.internal.NativeLibraryLoader in an unnamed module (file:/C:/Users/RNaim/.gradle/wrapper/dists/gradle-9.7.1-bin/1w1c7tv4s851m17nbqdsro2tv/gradle-9.7.1/lib/native-platform-0.22-milestone-29.jar)
WARNING: Use --enable-native-access=ALL-UNNAMED to avoid a warning for callers in this module
WARNING: Restricted methods will be blocked in a future release unless native access is enabled

To honour the JVM settings for this build a single-use Daemon process will be forked. For more on this, please refer to https://docs.gradle.org/9.7.1/userguide/gradle_daemon.html#sec:disabling_the_daemon in the Gradle documentation.
Daemon will be stopped at the end of the build 
> Task :clean
> Task :common:clean

> Task :createMinecraftArtifacts
Loaded 141 artifacts from D:\javaProjects\dndturn26.1\targets\neoforge-26.1\build\tmp\createMinecraftArtifacts\nfrt_artifact_manifest.properties
*** Started working on downloadManifest
  DL    https://launchermeta.mojang.com/mc/game/version_manifest_v2.json
 DONE  Completed downloadManifest in 1.16s
*** Started working on downloadJson
 DONE  Completed downloadJson in 0.00s
*** Started working on downloadServer
*** Started working on downloadClient
 DONE  Completed downloadClient in 0.01s
 DONE  Completed downloadServer in 0.01s
*** Started working on preProcessJar
 REUSE Used cache of preProcessJar in 0.00s
*** Started working on decompile
 REUSE Used cache of decompile in 0.00s
*** Started working on patch
 REUSE Used cache of patch in 0.00s
*** Started working on applyNeoforgePatches
 REUSE Used cache of applyNeoforgePatches in 0.00s
*** Started working on transformSources
 REUSE Used cache of transformSources in 0.00s
*** Started working on recompile
 REUSE Used cache of recompile in 0.00s
*** Started working on mergeWithSources
 REUSE Used cache of mergeWithSources in 0.00s
Total runtime: 1.77s


> Task :common:compileJava

> Task :compileJava
注: 某些输入文件使用或覆盖了已过时的 API。
注: 有关详细信息, 请使用 -Xlint:deprecation 重新编译。
注: 某些输入文件使用了未经检查或不安全的操作。
注: 有关详细信息, 请使用 -Xlint:unchecked 重新编译。

> Task :processResources
> Task :common:processResources NO-SOURCE
> Task :common:classes
> Task :classes
> Task :jarJar NO-SOURCE
> Task :jar
> Task :assemble
> Task :compileCompatTestJava
> Task :processCompatTestResources NO-SOURCE
> Task :compatTestClasses

> Task :compileGameTestJava
D:\javaProjects\dndturn26.1\targets\neoforge-26.1\src\gameTest\java\cc\sighs\dndturn\combat\EnvironmentBoundaryTimeChecks.java:27: 警告: [removal] GameTestHelper 中的 makeMockServerPlayerInLevel() 已过时, 且标记为待删除
        var player = h.makeMockServerPlayerInLevel();
                      ^
D:\javaProjects\dndturn26.1\targets\neoforge-26.1\src\gameTest\java\cc\sighs\dndturn\combat\EnvironmentCircuitChecks.java:21: 警告: [removal] GameTestHelper 中的 makeMockServerPlayerInLevel() 已过时, 且标记为待删除
        var player=helper.makeMockServerPlayerInLevel();player.setPos(base.getX()+.5,base.getY(),base.getZ()+.5);
                         ^
D:\javaProjects\dndturn26.1\targets\neoforge-26.1\src\gameTest\java\cc\sighs\dndturn\combat\EnvironmentClassificationChecks.java:19: 警告: [removal] GameTestHelper 中的 makeMockServerPlayerInLevel() 已过时, 且标记为待删除
        var player = helper.makeMockServerPlayerInLevel();
                           ^
D:\javaProjects\dndturn26.1\targets\neoforge-26.1\src\gameTest\java\cc\sighs\dndturn\combat\EnvironmentClockChecks.java:18: 警告: [removal] GameTestHelper 中的 makeMockServerPlayerInLevel() 已过时, 且标记为待删除
        var player=helper.makeMockServerPlayerInLevel();player.setPos(base.getX()+.5,base.getY(),base.getZ()+.5);
                         ^
D:\javaProjects\dndturn26.1\targets\neoforge-26.1\src\gameTest\java\cc\sighs\dndturn\combat\EnvironmentDomainChecks.java:21: 警告: [removal] GameTestHelper 中的 makeMockServerPlayerInLevel() 已过时, 且标记为待删除
        var first=helper.makeMockServerPlayerInLevel();first.setPos(base.getX()+.5,base.getY(),base.getZ()+.5);
                        ^
D:\javaProjects\dndturn26.1\targets\neoforge-26.1\src\gameTest\java\cc\sighs\dndturn\combat\EnvironmentDomainChecks.java:22: 警告: [removal] GameTestHelper 中的 makeMockServerPlayerInLevel() 已过时, 且标记为待删除
        var second=helper.makeMockServerPlayerInLevel();second.setPos(base.getX()+20.5,base.getY(),base.getZ()+.5);
                         ^
D:\javaProjects\dndturn26.1\targets\neoforge-26.1\src\gameTest\java\cc\sighs\dndturn\combat\EnvironmentProcessChecks.java:33: 警告: [removal] GameTestHelper 中的 makeMockServerPlayerInLevel() 已过时, 且标记为待删除
        var player=helper.makeMockServerPlayerInLevel(); player.setPos(base.getX()+.5,base.getY(),base.getZ()+.5);
                         ^
D:\javaProjects\dndturn26.1\targets\neoforge-26.1\src\gameTest\java\cc\sighs\dndturn\combat\EnvironmentTntChecks.java:22: 警告: [removal] GameTestHelper 中的 makeMockServerPlayerInLevel() 已过时, 且标记为待删除
        var player=helper.makeMockServerPlayerInLevel(); player.setPos(base.getX()+.5,base.getY(),base.getZ()+.5);
                         ^
D:\javaProjects\dndturn26.1\targets\neoforge-26.1\src\gameTest\java\cc\sighs\dndturn\combat\MobAbilityLoopChecks.java:71: 警告: [removal] GameTestHelper 中的 makeMockServerPlayerInLevel() 已过时, 且标记为待删除
        var player = helper.makeMockServerPlayerInLevel();
                           ^
D:\javaProjects\dndturn26.1\targets\neoforge-26.1\src\gameTest\java\cc\sighs\dndturn\combat\MobPlanMovementChecks.java:23: 警告: [removal] GameTestHelper 中的 makeMockServerPlayerInLevel() 已过时, 且标记为待删除
        var player=helper.makeMockServerPlayerInLevel();
                         ^
D:\javaProjects\dndturn26.1\targets\neoforge-26.1\src\gameTest\java\cc\sighs\dndturn\gametest\LocalTimeGameTests.java:418: 警告: [removal] GameTestHelper 中的 makeMockServerPlayerInLevel() 已过时, 且标记为待删除
            ServerPlayer player = helper.makeMockServerPlayerInLevel();
                                        ^
D:\javaProjects\dndturn26.1\targets\neoforge-26.1\src\gameTest\java\cc\sighs\dndturn\gametest\LocalTimeGameTests.java:556: 警告: [removal] GameTestHelper 中的 makeMockServerPlayerInLevel() 已过时, 且标记为待删除
        ServerPlayer first = helper.makeMockServerPlayerInLevel();
                                   ^
D:\javaProjects\dndturn26.1\targets\neoforge-26.1\src\gameTest\java\cc\sighs\dndturn\gametest\LocalTimeGameTests.java:557: 警告: [removal] GameTestHelper 中的 makeMockServerPlayerInLevel() 已过时, 且标记为待删除
        ServerPlayer second = helper.makeMockServerPlayerInLevel();
                                    ^
D:\javaProjects\dndturn26.1\targets\neoforge-26.1\src\gameTest\java\cc\sighs\dndturn\gametest\LocalTimeGameTests.java:743: 警告: [removal] GameTestHelper 中的 makeMockServerPlayerInLevel() 已过时, 且标记为待删除
            ServerPlayer player = helper.makeMockServerPlayerInLevel();
                                        ^
D:\javaProjects\dndturn26.1\targets\neoforge-26.1\src\gameTest\java\cc\sighs\dndturn\gametest\LocalTimeGameTests.java:848: 警告: [removal] GameTestHelper 中的 makeMockServerPlayerInLevel() 已过时, 且标记为待删除
            ServerPlayer player = helper.makeMockServerPlayerInLevel();
                                        ^
D:\javaProjects\dndturn26.1\targets\neoforge-26.1\src\gameTest\java\cc\sighs\dndturn\gametest\LocalTimeGameTests.java:909: 警告: [removal] GameTestHelper 中的 makeMockServerPlayerInLevel() 已过时, 且标记为待删除
        ServerPlayer player = helper.makeMockServerPlayerInLevel();
                                    ^
D:\javaProjects\dndturn26.1\targets\neoforge-26.1\src\gameTest\java\cc\sighs\dndturn\gametest\LocalTimeGameTests.java:995: 警告: [removal] GameTestHelper 中的 makeMockServerPlayerInLevel() 已过时, 且标记为待删除
                players[i] = helper.makeMockServerPlayerInLevel();
                                   ^
D:\javaProjects\dndturn26.1\targets\neoforge-26.1\src\gameTest\java\cc\sighs\dndturn\gametest\LocalTimeGameTests.java:1066: 警告: [removal] GameTestHelper 中的 makeMockServerPlayerInLevel() 已过时, 且标记为待删除
            ServerPlayer firstPlayer = helper.makeMockServerPlayerInLevel();
                                             ^
D:\javaProjects\dndturn26.1\targets\neoforge-26.1\src\gameTest\java\cc\sighs\dndturn\gametest\LocalTimeGameTests.java:1067: 警告: [removal] GameTestHelper 中的 makeMockServerPlayerInLevel() 已过时, 且标记为待删除
            ServerPlayer secondPlayer = helper.makeMockServerPlayerInLevel();
                                              ^
D:\javaProjects\dndturn26.1\targets\neoforge-26.1\src\gameTest\java\cc\sighs\dndturn\gametest\LocalTimeGameTests.java:1244: 警告: [removal] GameTestHelper 中的 makeMockServerPlayerInLevel() 已过时, 且标记为待删除
        ServerPlayer player = helper.makeMockServerPlayerInLevel();
                                    ^
D:\javaProjects\dndturn26.1\targets\neoforge-26.1\src\gameTest\java\cc\sighs\dndturn\gametest\LocalTimeGameTests.java:1356: 警告: [removal] GameTestHelper 中的 makeMockServerPlayerInLevel() 已过时, 且标记为待删除
        ServerPlayer player = helper.makeMockServerPlayerInLevel();
                                    ^
D:\javaProjects\dndturn26.1\targets\neoforge-26.1\src\gameTest\java\cc\sighs\dndturn\gametest\LocalTimeGameTests.java:1367: 警告: [removal] GameTestHelper 中的 makeMockServerPlayerInLevel() 已过时, 且标记为待删除
        ServerPlayer other = helper.makeMockServerPlayerInLevel();
                                   ^
D:\javaProjects\dndturn26.1\targets\neoforge-26.1\src\gameTest\java\cc\sighs\dndturn\gametest\LocalTimeGameTests.java:1583: 警告: [removal] GameTestHelper 中的 makeMockServerPlayerInLevel() 已过时, 且标记为待删除
        ServerPlayer player = helper.makeMockServerPlayerInLevel();
                                    ^
D:\javaProjects\dndturn26.1\targets\neoforge-26.1\src\gameTest\java\cc\sighs\dndturn\gametest\LocalTimeGameTests.java:1625: 警告: [removal] GameTestHelper 中的 makeMockServerPlayerInLevel() 已过时, 且标记为待删除
            ServerPlayer player = helper.makeMockServerPlayerInLevel();
                                        ^
D:\javaProjects\dndturn26.1\targets\neoforge-26.1\src\gameTest\java\cc\sighs\dndturn\gametest\LocalTimeGameTests.java:2001: 警告: [removal] GameTestHelper 中的 makeMockServerPlayerInLevel() 已过时, 且标记为待删除
            ServerPlayer player = helper.makeMockServerPlayerInLevel();
                                        ^
D:\javaProjects\dndturn26.1\targets\neoforge-26.1\src\gameTest\java\cc\sighs\dndturn\gametest\LocalTimeGameTests.java:2066: 警告: [removal] GameTestHelper 中的 makeMockServerPlayerInLevel() 已过时, 且标记为待删除
            ServerPlayer player = helper.makeMockServerPlayerInLevel();
                                        ^
D:\javaProjects\dndturn26.1\targets\neoforge-26.1\src\gameTest\java\cc\sighs\dndturn\gametest\LocalTimeGameTests.java:2211: 警告: [removal] GameTestHelper 中的 makeMockServerPlayerInLevel() 已过时, 且标记为待删除
        ServerPlayer player = helper.makeMockServerPlayerInLevel();
                                    ^
D:\javaProjects\dndturn26.1\targets\neoforge-26.1\src\gameTest\java\cc\sighs\dndturn\gametest\LocalTimeGameTests.java:2271: 警告: [removal] GameTestHelper 中的 makeMockServerPlayerInLevel() 已过时, 且标记为待删除
        ServerPlayer player = helper.makeMockServerPlayerInLevel();
                                    ^
D:\javaProjects\dndturn26.1\targets\neoforge-26.1\src\gameTest\java\cc\sighs\dndturn\gametest\LocalTimeGameTests.java:2403: 警告: [removal] GameTestHelper 中的 makeMockServerPlayerInLevel() 已过时, 且标记为待删除
        ServerPlayer player = helper.makeMockServerPlayerInLevel();
                                    ^
D:\javaProjects\dndturn26.1\targets\neoforge-26.1\src\gameTest\java\cc\sighs\dndturn\gametest\RepairGameTests.java:127: 警告: [removal] GameTestHelper 中的 makeMockServerPlayerInLevel() 已过时, 且标记为待删除
        try { rejected.requestStart(helper.makeMockServerPlayerInLevel(), UUID.randomUUID()); }
                                          ^
D:\javaProjects\dndturn26.1\targets\neoforge-26.1\src\gameTest\java\cc\sighs\dndturn\gametest\RepairGameTests.java:228: 警告: [removal] GameTestHelper 中的 makeMockServerPlayerInLevel() 已过时, 且标记为待删除
        var player = helper.makeMockServerPlayerInLevel();
                           ^
D:\javaProjects\dndturn26.1\targets\neoforge-26.1\src\gameTest\java\cc\sighs\dndturn\gametest\TacticalPlanGameTests.java:15: 警告: [removal] GameTestHelper 中的 makeMockServerPlayerInLevel() 已过时, 且标记为待删除
        ServerPlayer player = helper.makeMockServerPlayerInLevel();
                                    ^
D:\javaProjects\dndturn26.1\targets\neoforge-26.1\src\gameTest\java\cc\sighs\dndturn\gametest\TacticalPlanGameTests.java:207: 警告: [removal] GameTestHelper 中的 makeMockServerPlayerInLevel() 已过时, 且标记为待删除
        var player = helper.makeMockServerPlayerInLevel(); var level = helper.getLevel();
                           ^
D:\javaProjects\dndturn26.1\targets\neoforge-26.1\src\gameTest\java\cc\sighs\dndturn\gametest\TacticalPlanGameTests.java:518: 警告: [removal] GameTestHelper 中的 makeMockServerPlayerInLevel() 已过时, 且标记为待删除
        var player = helper.makeMockServerPlayerInLevel();
                           ^
注: D:\javaProjects\dndturn26.1\targets\neoforge-26.1\src\gameTest\java\cc\sighs\dndturn\gametest\LocalTimeGameTests.java使用或覆盖了已过时的 API。
注: 有关详细信息, 请使用 -Xlint:deprecation 重新编译。
34 个警告

> Task :processGameTestResources
> Task :gameTestClasses
> Task :compileTestJava NO-SOURCE
> Task :processTestResources NO-SOURCE
> Task :testClasses UP-TO-DATE
> Task :common:jar
> Task :test NO-SOURCE
> Task :compileUiTestJava
> Task :processUiTestResources NO-SOURCE
> Task :uiTestClasses

> Task :verifyUiProjection
UI checks passed: stylesheet readiness, retained text updates, ring redraw/empty/surplus.

> Task :check
> Task :build
> Task :common:assemble
> Task :common:compileTestJava
> Task :common:processTestResources NO-SOURCE
> Task :common:testClasses
> Task :common:test
> Task :common:check
> Task :common:build

> Task :downloadAssets
Loaded 141 artifacts from D:\javaProjects\dndturn26.1\targets\neoforge-26.1\build\tmp\downloadAssets\nfrt_artifact_manifest.properties
Downloading asset index 30
Using Minecraft asset root: C:\Users\RNaim\.gradle\caches\neoformruntime\assets
  DL    https://piston-meta.mojang.com/v1/packages/52a9d8a61327baf0ec20ffa80208c020a14a4ff6/30.json

> Task :prepareGameTestServerRun

2026-09-28T10:27:05.572769700Z main WARN Advanced terminal features are not available in this environment
> Task :runGameTestServer
[18:27:05] [main/INFO] [ne.ne.fm.st.Entrypoint/]: JVM Uptime at startup: 106ms
[18:27:05] [main/INFO] [ne.ne.fm.lo.FMLLoader/]: Starting FancyModLoader version 11.0.15 (DEDICATED_SERVER in DEV)
[18:27:05] [main/INFO] [ne.ne.fm.lo.FMLLoader/]: Game directory: D:\javaProjects\dndturn26.1\targets\neoforge-26.1\build\gametest-run
[18:27:05] [main/INFO] [ne.ne.fm.lo.EarlyServiceDiscovery/]: Found 2 early service jars (out of 109) in 18ms
[18:27:05] [main/INFO] [ne.ne.fm.lo.FMLLoader/]: Loading FML Early Services:
[18:27:05] [main/INFO] [ne.ne.fm.lo.FMLLoader/]:  - C:/Users/RNaim/.gradle/caches/modules-2/files-2.1/net.neoforged.fancymodloader/loader/11.0.15/69ddd98736a6b095783523404d1af8992842722/loader-11.0.15.jar
[18:27:05] [main/INFO] [ne.ne.fm.lo.FMLLoader/]:  - C:/Users/RNaim/.gradle/caches/modules-2/files-2.1/net.neoforged.fancymodloader/earlydisplay/11.0.15/b254aa4ec40828f8ce65411dcb7fb9f6ce008064/earlydisplay-11.0.15.jar
[18:27:05] [main/INFO] [ne.ne.fm.lo.ImmediateWindowHandler/]: Not loading early display in headless mode.
[18:27:05] [main/INFO] [ne.ne.fm.lo.mo.lo.GameLocator/]: Detected a joined NeoForge and Minecraft configuration. Applying filtering...
[18:27:05] [main/INFO] [ne.ne.fm.lo.mo.lo.InDevFolderLocator/CORE]: Got mod coordinates dndturnTests%%D:\javaProjects\dndturn26.1\targets\neoforge-26.1\build\classes\java\main;dndturnTests%%D:\javaProjects\dndturn26.1\targets\neoforge-26.1\build\resources\main;dndturnTests%%D:\javaProjects\dndturn26.1\common\build\classes\java\main;dndturnTests%%D:\javaProjects\dndturn26.1\targets\neoforge-26.1\build\classes\java\compatTest;dndturnTests%%D:\javaProjects\dndturn26.1\targets\neoforge-26.1\build\resources\compatTest;dndturnTests%%D:\javaProjects\dndturn26.1\targets\neoforge-26.1\build\classes\java\gameTest;dndturnTests%%D:\javaProjects\dndturn26.1\targets\neoforge-26.1\build\resources\gameTest from env
[18:27:05] [main/INFO] [ne.ne.fm.lo.mo.lo.JarInJarDependencyLocator/]: Found 2 dependencies adding them to mods collection
[18:27:05] [main/INFO] [ne.ne.fm.lo.mo.ModDiscoverer/]: 
     Mod List:
		Name Version (Mod Id)

		ApricityUI 1.2.5 (apricityui)
		DNDTurn 1.0.0-SNAPSHOT (dndturn)
		Minecraft 26.1.2 (minecraft)
		NeoForge 26.1.2.84 (neoforge)
[18:27:05] [main/INFO] [mixin/]: SpongePowered MIXIN Subsystem Version=0.8.7 Source=file:/C:/Users/RNaim/.gradle/caches/modules-2/files-2.1/net.fabricmc/sponge-mixin/0.17.3+mixin.0.8.7/41c4a3984a80f4679e759fb9f495587acc5cdac7/sponge-mixin-0.17.3+mixin.0.8.7.jar Service=FML Env=SERVER
[18:27:06] [main/INFO] [ne.ne.fm.lo.FMLLoader/]: Loading FML Plugins:
[18:27:06] [main/INFO] [ne.ne.fm.lo.FMLLoader/]:  - C:/Users/RNaim/.gradle/caches/modules-2/files-2.1/net.neoforged/neoforge/26.1.2.84/b725526a2fab2163b9a0a8ce89d435d7cd5d8a88/neoforge-26.1.2.84-universal.jar > net.neoforged.neoforge-coremods-26.1.2.84.jar
[18:27:06] [main/INFO] [ne.ne.fm.lo.FMLLoader/]: Building game content classloader:
 - apricityui (jar(C:/Users/RNaim/.gradle/caches/modules-2/files-2.1/maven.modrinth/apricityui/wwrdhxiM/d4311449e5b1cdc9a59e33a7f2b02435d7441546/apricityui-wwrdhxiM.jar))
 - dndturn (composite(folder(D:/javaProjects/dndturn26.1/targets/neoforge-26.1/build/classes/java/main), folder(D:/javaProjects/dndturn26.1/targets/neoforge-26.1/build/resources/main), folder(D:/javaProjects/dndturn26.1/common/build/classes/java/main), folder(D:/javaProjects/dndturn26.1/targets/neoforge-26.1/build/classes/java/compatTest), folder(D:/javaProjects/dndturn26.1/targets/neoforge-26.1/build/classes/java/gameTest), folder(D:/javaProjects/dndturn26.1/targets/neoforge-26.1/build/resources/gameTest)))
 - minecraft (composite(filtered(jar(D:/javaProjects/dndturn26.1/targets/neoforge-26.1/build/moddev/artifacts/minecraft-patched-26.1.2.84.jar)), filtered(jar(D:/javaProjects/dndturn26.1/targets/neoforge-26.1/build/moddev/artifacts/minecraft-patched-26.1.2.84.jar))))
 - mixinextras.neoforge (jar(C:/Users/RNaim/.gradle/caches/modules-2/files-2.1/net.neoforged/neoforge/26.1.2.84/b725526a2fab2163b9a0a8ce89d435d7cd5d8a88/neoforge-26.1.2.84-universal.jar > mixinextras-neoforge-0.5.4.jar))
 - neoforge (composite(filtered(jar(C:/Users/RNaim/.gradle/caches/modules-2/files-2.1/net.neoforged/neoforge/26.1.2.84/b725526a2fab2163b9a0a8ce89d435d7cd5d8a88/neoforge-26.1.2.84-universal.jar))))
 - net.neoforged.fml.generated (empty(VirtualJar/net.neoforged.fml.generated))
[18:27:06] [main/INFO] [ne.ne.fm.lo.FMLLoader/]: Built game content classloader in 12ms
[18:27:06] [main/INFO] [mixin/]: Compatibility level set to JAVA_25
[18:27:06] [main/WARN] [mixin/]: Reference map 'apricityui.refmap.json' for apricityui.mixins.json could not be read. If this is a development environment you can ignore this message
[18:27:06] [main/INFO] [minecraft/GameTestMainUtil]: Running GameTestMain with cwd 'D:\javaProjects\dndturn26.1\targets\neoforge-26.1\build\gametest-run', universe path 'gametestserver'
[18:27:06] [main/INFO] [MixinExtras|Service/]: Initializing MixinExtras via com.llamalad7.mixinextras.service.MixinExtrasServiceImpl(version=0.5.4).
[18:27:08] [modloading-worker-0/INFO] [ne.ne.ne.co.NeoForgeMod/NEOFORGE-MOD]: NeoForge mod loading, version 26.1.2.84, for MC 26.1.2
[18:27:08] [modloading-sync-worker/INFO] [co.si.ap.ne.ap.NetworkAutoRegistration/]: [NetworkAutoReg] Metadata scan found: 4 | added: 4 | skipped: 0
[18:27:09] [main/INFO] [minecraft/RecipeManager]: Loaded 1515 recipes
[18:27:09] [main/INFO] [minecraft/AdvancementTree]: Loaded 1617 advancements
[18:27:09] [main/INFO] [ne.ne.ne.co.cr.RecipePriorityManager/]: Loaded 0 recipe priority overrides
[18:27:09] [Server thread/INFO] [minecraft/LoggingLevelLoadListener]: Selecting global world spawn...
[18:27:09] [Server thread/INFO] [minecraft/LoggingLevelLoadListener]: Loading 0 persistent chunks...
[18:27:09] [Server thread/INFO] [minecraft/LoggingLevelLoadListener]: Preparing spawn area: 100%
[18:27:09] [Server thread/INFO] [minecraft/LoggingLevelLoadListener]: Time elapsed: 159 ms
[18:27:09] [Server thread/INFO] [minecraft/GameTestServer]: Started game test server
[18:27:09] [Server thread/INFO] [ne.ne.ne.se.pe.PermissionAPI/]: Successfully initialized permission handler neoforge:default_handler
[18:27:09] [Server thread/INFO] [minecraft/GameTestServer]: 63 tests are now running at position -6592475, -59, -34470!
[18:27:10] [Server thread/INFO] [minecraft/GameTestRunner]: Running test environment 'dndturn:external_melee' batch 0 (1 tests)...
[18:27:10] [Server thread/INFO] [minecraft/PlayerList]: tactical-test[embedded] logged in with entity id 1 at (0.0, 0.0, 0.0)
[18:27:10] [Server thread/INFO] [minecraft/MinecraftServer]: tactical-test joined the game
[18:27:10] [Server thread/INFO] [minecraft/GameTestServer]: [_                                                              ]
[18:27:10] [Server thread/INFO] [minecraft/GameTestRunner]: Running test environment 'dndturn:arrow_regressions' batch 0 (9 tests)...
[18:27:10] [Server thread/INFO] [minecraft/PlayerList]: test-mock-player[embedded] logged in with entity id 3 at (0.0, 0.0, 0.0)
[18:27:10] [Server thread/INFO] [minecraft/MinecraftServer]: test-mock-player joined the game
[18:27:10] [Server thread/INFO] [minecraft/PlayerList]: test-mock-player[embedded] logged in with entity id 4 at (0.0, 0.0, 0.0)
[18:27:10] [Server thread/INFO] [minecraft/MinecraftServer]: test-mock-player joined the game
[18:27:11] [Server thread/INFO] [minecraft/PlayerList]: test-mock-player[embedded] logged in with entity id 7 at (0.0, 0.0, 0.0)
[18:27:11] [Server thread/INFO] [minecraft/MinecraftServer]: test-mock-player joined the game
[18:27:11] [Server thread/INFO] [minecraft/PlayerList]: test-mock-player[embedded] logged in with entity id 8 at (0.0, 0.0, 0.0)
[18:27:11] [Server thread/INFO] [minecraft/MinecraftServer]: test-mock-player joined the game
[18:27:11] [Server thread/INFO] [minecraft/PlayerList]: test-mock-player[embedded] logged in with entity id 11 at (0.0, 0.0, 0.0)
[18:27:11] [Server thread/INFO] [minecraft/MinecraftServer]: test-mock-player joined the game
[18:27:11] [Server thread/INFO] [minecraft/PlayerList]: test-mock-player[embedded] logged in with entity id 12 at (0.0, 0.0, 0.0)
[18:27:11] [Server thread/INFO] [minecraft/MinecraftServer]: test-mock-player joined the game
[18:27:11] [Server thread/INFO] [minecraft/GameTestServer]: [+___                                                           ]
[18:27:11] [Server thread/INFO] [minecraft/PlayerList]: test-mock-player[embedded] logged in with entity id 17 at (0.0, 0.0, 0.0)
[18:27:11] [Server thread/INFO] [minecraft/MinecraftServer]: test-mock-player joined the game
[18:27:11] [Server thread/INFO] [minecraft/PlayerList]: test-mock-player[embedded] logged in with entity id 18 at (0.0, 0.0, 0.0)
[18:27:11] [Server thread/INFO] [minecraft/MinecraftServer]: test-mock-player joined the game
[18:27:11] [Server thread/INFO] [minecraft/PlayerList]: test-mock-player[embedded] logged in with entity id 21 at (0.0, 0.0, 0.0)
[18:27:11] [Server thread/INFO] [minecraft/MinecraftServer]: test-mock-player joined the game
[18:27:11] [Server thread/INFO] [minecraft/PlayerList]: test-mock-player[embedded] logged in with entity id 22 at (0.0, 0.0, 0.0)
[18:27:11] [Server thread/INFO] [minecraft/MinecraftServer]: test-mock-player joined the game
[18:27:11] [Server thread/INFO] [minecraft/PlayerList]: test-mock-player[embedded] logged in with entity id 28 at (0.0, 0.0, 0.0)
[18:27:11] [Server thread/INFO] [minecraft/MinecraftServer]: test-mock-player joined the game
[18:27:11] [Server thread/INFO] [minecraft/PlayerList]: test-mock-player[embedded] logged in with entity id 29 at (0.0, 0.0, 0.0)
[18:27:11] [Server thread/INFO] [minecraft/MinecraftServer]: test-mock-player joined the game
[18:27:11] [Server thread/INFO] [minecraft/PlayerList]: test-mock-player[embedded] logged in with entity id 30 at (0.0, 0.0, 0.0)
[18:27:11] [Server thread/INFO] [minecraft/MinecraftServer]: test-mock-player joined the game
[18:27:11] [Server thread/INFO] [minecraft/PlayerList]: test-mock-player[embedded] logged in with entity id 31 at (0.0, 0.0, 0.0)
[18:27:11] [Server thread/INFO] [minecraft/MinecraftServer]: test-mock-player joined the game
[18:27:12] [Server thread/INFO] [minecraft/GameTestServer]: [++_+_++++_                                                     ]
[18:27:12] [Server thread/INFO] [minecraft/GameTestServer]: [++_+_+++++                                                     ]
[18:27:12] [Server thread/INFO] [minecraft/GameTestServer]: [++_+_+++++                                                     ]
[18:27:12] [Server thread/INFO] [minecraft/GameTestServer]: [++_+_+++++                                                     ]
[18:27:12] [Server thread/INFO] [minecraft/GameTestServer]: [++_+_+++++                                                     ]
[18:27:12] [Server thread/INFO] [minecraft/GameTestServer]: [++_+_+++++                                                     ]
[18:27:12] [Server thread/INFO] [minecraft/GameTestRunner]: Running test environment 'dndturn:tactical_crossbow' batch 0 (1 tests)...
[18:27:12] [Server thread/INFO] [minecraft/GameTestServer]: [++++++++++_                                                    ]
[18:27:12] [Server thread/INFO] [minecraft/GameTestServer]: [++++++++++_                                                    ]
[18:27:12] [Server thread/INFO] [minecraft/GameTestServer]: [++++++++++_                                                    ]
[18:27:12] [Server thread/INFO] [minecraft/PlayerList]: test-mock-player[embedded] logged in with entity id 40 at (0.0, 0.0, 0.0)
[18:27:12] [Server thread/INFO] [minecraft/MinecraftServer]: test-mock-player joined the game
[18:27:12] [Server thread/INFO] [minecraft/GameTestServer]: [++++++++++_                                                    ]
[18:27:12] [Server thread/INFO] [minecraft/GameTestServer]: [++++++++++_                                                    ]
[18:27:12] [Server thread/INFO] [minecraft/MinecraftServer]: test-mock-player has made the advancement [Ol' Betsy]
[18:27:12] [Server thread/INFO] [minecraft/GameTestRunner]: Running test environment 'dndturn:body_control' batch 0 (1 tests)...
[18:27:12] [Server thread/INFO] [minecraft/PlayerList]: tactical-test[embedded] logged in with entity id 43 at (0.0, 0.0, 0.0)
[18:27:12] [Server thread/INFO] [minecraft/MinecraftServer]: tactical-test joined the game
[18:27:12] [Server thread/INFO] [minecraft/GameTestServer]: [+++++++++++_                                                   ]
[18:27:12] [Server thread/INFO] [minecraft/GameTestServer]: [+++++++++++_                                                   ]
[18:27:12] [Server thread/INFO] [minecraft/GameTestServer]: [+++++++++++_                                                   ]
[18:27:12] [Server thread/INFO] [minecraft/GameTestRunner]: Running test environment 'dndturn:tactical_snowball' batch 0 (1 tests)...
[18:27:12] [Server thread/INFO] [minecraft/GameTestServer]: [++++++++++++_                                                  ]
[18:27:12] [Server thread/INFO] [minecraft/GameTestServer]: [++++++++++++_                                                  ]
[18:27:12] [Server thread/INFO] [minecraft/GameTestServer]: [++++++++++++_                                                  ]
[18:27:12] [Server thread/INFO] [minecraft/PlayerList]: test-mock-player[embedded] logged in with entity id 48 at (0.0, 0.0, 0.0)
[18:27:12] [Server thread/INFO] [minecraft/MinecraftServer]: test-mock-player joined the game
[18:27:13] [Server thread/INFO] [minecraft/GameTestServer]: [++++++++++++_                                                  ]
[18:27:13] [Server thread/INFO] [minecraft/GameTestRunner]: Running test environment 'dndturn:prototype_environment_loop' batch 0 (1 tests)...
[18:27:13] [Server thread/INFO] [minecraft/GameTestServer]: [+++++++++++++_                                                 ]
[18:27:13] [Server thread/INFO] [minecraft/PlayerList]: test-mock-player[embedded] logged in with entity id 51 at (0.0, 0.0, 0.0)
[18:27:13] [Server thread/INFO] [minecraft/MinecraftServer]: test-mock-player joined the game
[18:27:13] [Server thread/INFO] [minecraft/GameTestRunner]: Running test environment 'dndturn:player_only_start' batch 0 (1 tests)...
[18:27:13] [Server thread/INFO] [minecraft/PlayerList]: test-mock-player[embedded] logged in with entity id 53 at (0.0, 0.0, 0.0)
[18:27:13] [Server thread/INFO] [minecraft/MinecraftServer]: test-mock-player joined the game
[18:27:13] [Server thread/INFO] [minecraft/GameTestServer]: [++++++++++++++_                                                ]
[18:27:13] [Server thread/INFO] [minecraft/GameTestServer]: [++++++++++++++_                                                ]
[18:27:13] [Server thread/INFO] [minecraft/GameTestServer]: [++++++++++++++_                                                ]
[18:27:13] [Server thread/INFO] [minecraft/GameTestRunner]: Running test environment 'dndturn:participant_fire' batch 0 (1 tests)...
[18:27:13] [Server thread/INFO] [minecraft/PlayerList]: tactical-test[embedded] logged in with entity id 54 at (0.0, 0.0, 0.0)
[18:27:13] [Server thread/INFO] [minecraft/MinecraftServer]: tactical-test joined the game
[18:27:13] [Server thread/INFO] [minecraft/GameTestServer]: [+++++++++++++++_                                               ]
[18:27:13] [Server thread/INFO] [minecraft/GameTestServer]: [+++++++++++++++_                                               ]
[18:27:13] [Server thread/INFO] [minecraft/GameTestServer]: [+++++++++++++++_                                               ]
[18:27:13] [Server thread/INFO] [minecraft/GameTestRunner]: Running test environment 'dndturn:environment_clock' batch 0 (1 tests)...
[18:27:13] [Server thread/INFO] [minecraft/PlayerList]: test-mock-player[embedded] logged in with entity id 56 at (0.0, 0.0, 0.0)
[18:27:13] [Server thread/INFO] [minecraft/MinecraftServer]: test-mock-player joined the game
[18:27:13] [Server thread/INFO] [minecraft/GameTestServer]: [++++++++++++++++_                                              ]
[18:27:13] [Server thread/INFO] [minecraft/GameTestServer]: [++++++++++++++++_                                              ]
[18:27:13] [Server thread/INFO] [minecraft/GameTestServer]: [++++++++++++++++_                                              ]
[18:27:13] [Server thread/INFO] [minecraft/GameTestServer]: [++++++++++++++++_                                              ]
[18:27:13] [Server thread/INFO] [minecraft/GameTestServer]: [++++++++++++++++_                                              ]
[18:27:13] [Server thread/INFO] [minecraft/GameTestServer]: [++++++++++++++++_                                              ]
[18:27:13] [Server thread/INFO] [minecraft/GameTestRunner]: Running test environment 'dndturn:environment_processes' batch 0 (1 tests)...
[18:27:14] [Server thread/INFO] [minecraft/PlayerList]: test-mock-player[embedded] logged in with entity id 57 at (0.0, 0.0, 0.0)
[18:27:14] [Server thread/INFO] [minecraft/MinecraftServer]: test-mock-player joined the game
[18:27:14] [Server thread/INFO] [minecraft/GameTestServer]: [+++++++++++++++++_                                             ]
[18:27:14] [Server thread/INFO] [minecraft/GameTestServer]: [+++++++++++++++++_                                             ]
[18:27:14] [Server thread/INFO] [minecraft/GameTestRunner]: Running test environment 'minecraft:default' batch 0 (21 tests)...
[18:27:14] [Server thread/INFO] [minecraft/GameTestServer]: [++++++++++++++++++                                             ]
[18:27:14] [Server thread/INFO] [minecraft/PlayerList]: test-mock-player[embedded] logged in with entity id 61 at (0.0, 0.0, 0.0)
[18:27:14] [Server thread/INFO] [minecraft/MinecraftServer]: test-mock-player joined the game
[18:27:14] [Server thread/INFO] [minecraft/PlayerList]: test-mock-player[embedded] logged in with entity id 63 at (0.0, 0.0, 0.0)
[18:27:14] [Server thread/INFO] [minecraft/MinecraftServer]: test-mock-player joined the game
[18:27:14] [Server thread/INFO] [minecraft/MinecraftServer]: test-mock-player has made the advancement [Monster Hunter]
[18:27:14] [Server thread/INFO] [minecraft/PlayerList]: test-mock-player[embedded] logged in with entity id 68 at (0.0, 0.0, 0.0)
[18:27:14] [Server thread/INFO] [minecraft/MinecraftServer]: test-mock-player joined the game
[18:27:14] [Server thread/INFO] [minecraft/PlayerList]: candidate-review-player[embedded] logged in with entity id 70 at (0.0, 0.0, 0.0)
[18:27:14] [Server thread/INFO] [minecraft/MinecraftServer]: candidate-review-player joined the game
[18:27:15] [Server thread/INFO] [minecraft/PlayerList]: test-mock-player[embedded] logged in with entity id 73 at (0.0, 0.0, 0.0)
[18:27:15] [Server thread/INFO] [minecraft/MinecraftServer]: test-mock-player joined the game
[18:27:15] [Server thread/INFO] [minecraft/PlayerList]: test-mock-player[embedded] logged in with entity id 75 at (0.0, 0.0, 0.0)
[18:27:15] [Server thread/INFO] [minecraft/MinecraftServer]: test-mock-player joined the game
[18:27:15] [Server thread/INFO] [minecraft/PlayerList]: test-mock-player[embedded] logged in with entity id 76 at (0.0, 0.0, 0.0)
[18:27:15] [Server thread/INFO] [minecraft/MinecraftServer]: test-mock-player joined the game
[18:27:15] [Server thread/INFO] [minecraft/PlayerList]: exit-test-player[embedded] logged in with entity id 80 at (0.0, 0.0, 0.0)
[18:27:15] [Server thread/INFO] [minecraft/MinecraftServer]: exit-test-player joined the game
[18:27:15] [Server thread/INFO] [minecraft/PlayerList]: exit-test-player[embedded] logged in with entity id 82 at (0.0, 0.0, 0.0)
[18:27:15] [Server thread/INFO] [minecraft/MinecraftServer]: exit-test-player joined the game
[18:27:15] [Server thread/INFO] [minecraft/PlayerList]: tactical-test[embedded] logged in with entity id 83 at (0.0, 0.0, 0.0)
[18:27:15] [Server thread/INFO] [minecraft/MinecraftServer]: tactical-test joined the game
[18:27:15] [Server thread/INFO] [minecraft/PlayerList]: test-mock-player[embedded] logged in with entity id 87 at (0.0, 0.0, 0.0)
[18:27:15] [Server thread/INFO] [minecraft/MinecraftServer]: test-mock-player joined the game
[18:27:15] [Server thread/ERROR] [cc.si.dn.co.ServerCombatService/]: Combat save cannot be safely restored; preserving it and disabling new encounters
java.lang.IllegalArgumentException: active encounter lacks captured settings or session sequence
	at TRANSFORMER/dndturn@1.0.0-SNAPSHOT/cc.sighs.dndturn.combat.CombatRecoveryCandidate.validate(CombatRecoveryCandidate.java:13) ~[main/:?] {}
	at TRANSFORMER/dndturn@1.0.0-SNAPSHOT/cc.sighs.dndturn.combat.ServerCombatService.<init>(ServerCombatService.java:298) [main/:?] {}
	at TRANSFORMER/dndturn@1.0.0-SNAPSHOT/cc.sighs.dndturn.combat.ServerCombatService.restoreForGameTest(ServerCombatService.java:384) [main/:?] {}
	at TRANSFORMER/dndturn@1.0.0-SNAPSHOT/cc.sighs.dndturn.gametest.RepairGameTests.values(RepairGameTests.java:124) [main/:?] {}
	at TRANSFORMER/minecraft@26.1.2/net.minecraft.gametest.framework.FunctionGameTestInstance.run(FunctionGameTestInstance.java:34) [minecraft-patched-26.1.2.84.jar:?] {}
	at TRANSFORMER/minecraft@26.1.2/net.minecraft.gametest.framework.GameTestInfo.startTest(GameTestInfo.java:163) [minecraft-patched-26.1.2.84.jar:?] {neoforge:access_transformer}
	at TRANSFORMER/minecraft@26.1.2/net.minecraft.gametest.framework.GameTestInfo.tickInternal(GameTestInfo.java:119) [minecraft-patched-26.1.2.84.jar:?] {neoforge:access_transformer}
	at TRANSFORMER/minecraft@26.1.2/net.minecraft.gametest.framework.GameTestInfo.tick(GameTestInfo.java:104) [minecraft-patched-26.1.2.84.jar:?] {neoforge:access_transformer}
	at TRANSFORMER/minecraft@26.1.2/net.minecraft.gametest.framework.GameTestTicker.lambda$tick$0(GameTestTicker.java:47) [minecraft-patched-26.1.2.84.jar:?] {}
	at java.base/java.util.concurrent.CopyOnWriteArrayList.forEach(CopyOnWriteArrayList.java:905) [?:?] {}
	at TRANSFORMER/minecraft@26.1.2/net.minecraft.gametest.framework.GameTestTicker.tick(GameTestTicker.java:47) [minecraft-patched-26.1.2.84.jar:?] {}
	at TRANSFORMER/minecraft@26.1.2/net.minecraft.server.MinecraftServer.tickChildren(MinecraftServer.java:1171) [minecraft-patched-26.1.2.84.jar:?] {neoforge:access_transformer,neoforge:access_transformer,neoforge:mixin[APP:dndturn.mixins.json:MinecraftServerWorldTickBoundaryMixin from mod dndturn]}
	at TRANSFORMER/minecraft@26.1.2/net.minecraft.server.MinecraftServer.tickServer(MinecraftServer.java:1003) [minecraft-patched-26.1.2.84.jar:?] {neoforge:access_transformer,neoforge:access_transformer,neoforge:mixin[APP:dndturn.mixins.json:MinecraftServerWorldTickBoundaryMixin from mod dndturn]}
	at TRANSFORMER/minecraft@26.1.2/net.minecraft.gametest.framework.GameTestServer.tickServer(GameTestServer.java:255) [minecraft-patched-26.1.2.84.jar:?] {}
	at TRANSFORMER/minecraft@26.1.2/net.minecraft.server.MinecraftServer.processPacketsAndTick(MinecraftServer.java:1035) [minecraft-patched-26.1.2.84.jar:?] {neoforge:access_transformer,neoforge:access_transformer,neoforge:mixin[APP:dndturn.mixins.json:MinecraftServerWorldTickBoundaryMixin from mod dndturn]}
	at TRANSFORMER/minecraft@26.1.2/net.minecraft.server.MinecraftServer.runServer(MinecraftServer.java:776) [minecraft-patched-26.1.2.84.jar:?] {neoforge:access_transformer,neoforge:access_transformer,neoforge:mixin[APP:dndturn.mixins.json:MinecraftServerWorldTickBoundaryMixin from mod dndturn]}
	at TRANSFORMER/minecraft@26.1.2/net.minecraft.server.MinecraftServer.lambda$spin$0(MinecraftServer.java:300) [minecraft-patched-26.1.2.84.jar:?] {neoforge:access_transformer,neoforge:access_transformer,neoforge:mixin[APP:dndturn.mixins.json:MinecraftServerWorldTickBoundaryMixin from mod dndturn]}
	at java.base/java.lang.Thread.run(Thread.java:1474) [?:?] {}
[18:27:15] [Server thread/INFO] [minecraft/PlayerList]: test-mock-player[embedded] logged in with entity id 95 at (0.0, 0.0, 0.0)
[18:27:15] [Server thread/INFO] [minecraft/MinecraftServer]: test-mock-player joined the game
[18:27:15] [Server thread/WARN] [cc.si.dn.co.ServerCombatService/]: Restored encounter cb5e967e-a746-4bdf-aa57-55cfc219761a released: membersPresent=false unknownOperations=1
[18:27:15] [Server thread/INFO] [minecraft/PlayerList]: test-mock-player[embedded] logged in with entity id 97 at (0.0, 0.0, 0.0)
[18:27:15] [Server thread/INFO] [minecraft/MinecraftServer]: test-mock-player joined the game
[18:27:16] [Server thread/INFO] [minecraft/PlayerList]: test-mock-player[embedded] logged in with entity id 101 at (0.0, 0.0, 0.0)
[18:27:16] [Server thread/INFO] [minecraft/MinecraftServer]: test-mock-player joined the game
[18:27:16] [Server thread/INFO] [minecraft/PlayerList]: test-mock-player[embedded] logged in with entity id 103 at (0.0, 0.0, 0.0)
[18:27:16] [Server thread/INFO] [minecraft/MinecraftServer]: test-mock-player joined the game
[18:27:16] [Server thread/INFO] [minecraft/GameTestServer]: [++++++++++++++++++++++++++++++_++_+_+++                        ]
[18:27:16] [Server thread/INFO] [minecraft/PlayerList]: test-mock-player[embedded] logged in with entity id 111 at (0.0, 0.0, 0.0)
[18:27:16] [Server thread/INFO] [minecraft/MinecraftServer]: test-mock-player joined the game
[18:27:16] [Server thread/INFO] [minecraft/GameTestServer]: [++++++++++++++++++++++++++++++_++_+++++                        ]
[18:27:16] [Server thread/INFO] [minecraft/GameTestServer]: [++++++++++++++++++++++++++++++_++_+++++                        ]
[18:27:16] [Server thread/INFO] [minecraft/GameTestServer]: [+++++++++++++++++++++++++++++++++_+++++                        ]
[18:27:16] [Server thread/INFO] [minecraft/GameTestServer]: [+++++++++++++++++++++++++++++++++_+++++                        ]
[18:27:16] [Server thread/INFO] [minecraft/GameTestServer]: [+++++++++++++++++++++++++++++++++_+++++                        ]
[18:27:17] [Server thread/INFO] [minecraft/GameTestServer]: [+++++++++++++++++++++++++++++++++_+++++                        ]
[18:27:17] [Server thread/INFO] [minecraft/GameTestServer]: [+++++++++++++++++++++++++++++++++_+++++                        ]
[18:27:17] [Server thread/INFO] [minecraft/GameTestRunner]: Running test environment 'dndturn:native_melee' batch 0 (1 tests)...
[18:27:17] [Server thread/INFO] [minecraft/PlayerList]: tactical-test[embedded] logged in with entity id 124 at (0.0, 0.0, 0.0)
[18:27:17] [Server thread/INFO] [minecraft/MinecraftServer]: tactical-test joined the game
[18:27:17] [Server thread/INFO] [minecraft/GameTestServer]: [+++++++++++++++++++++++++++++++++++++++_                       ]
[18:27:17] [Server thread/INFO] [minecraft/GameTestRunner]: Running test environment 'dndturn:action_preview' batch 0 (1 tests)...
[18:27:17] [Server thread/INFO] [minecraft/PlayerList]: tactical-test[embedded] logged in with entity id 127 at (0.0, 0.0, 0.0)
[18:27:17] [Server thread/INFO] [minecraft/MinecraftServer]: tactical-test joined the game
[18:27:17] [Server thread/INFO] [minecraft/GameTestServer]: [++++++++++++++++++++++++++++++++++++++++_                      ]
action_preview flat A*: slices=4, charged probes=73
[18:27:17] [Server thread/INFO] [minecraft/MinecraftServer]: tactical-test has made the advancement [Take Aim]
[18:27:17] [Server thread/INFO] [minecraft/GameTestRunner]: Running test environment 'dndturn:environment_circuits' batch 0 (1 tests)...
[18:27:18] [Server thread/INFO] [minecraft/PlayerList]: test-mock-player[embedded] logged in with entity id 138 at (0.0, 0.0, 0.0)
[18:27:18] [Server thread/INFO] [minecraft/MinecraftServer]: test-mock-player joined the game
[18:27:18] [Server thread/INFO] [minecraft/GameTestServer]: [+++++++++++++++++++++++++++++++++++++++++_                     ]
[18:27:18] [Server thread/INFO] [minecraft/GameTestServer]: [+++++++++++++++++++++++++++++++++++++++++_                     ]
[18:27:18] [Server thread/INFO] [minecraft/GameTestServer]: [+++++++++++++++++++++++++++++++++++++++++_                     ]
[18:27:18] [Server thread/INFO] [minecraft/GameTestServer]: [+++++++++++++++++++++++++++++++++++++++++_                     ]
[18:27:18] [Server thread/INFO] [minecraft/GameTestServer]: [+++++++++++++++++++++++++++++++++++++++++_                     ]
[18:27:18] [Server thread/INFO] [minecraft/GameTestServer]: [+++++++++++++++++++++++++++++++++++++++++_                     ]
[18:27:18] [Server thread/INFO] [minecraft/GameTestServer]: [+++++++++++++++++++++++++++++++++++++++++_                     ]
[18:27:18] [Server thread/INFO] [minecraft/GameTestServer]: [+++++++++++++++++++++++++++++++++++++++++_                     ]
[18:27:18] [Server thread/INFO] [minecraft/GameTestServer]: [+++++++++++++++++++++++++++++++++++++++++_                     ]
[18:27:18] [Server thread/INFO] [minecraft/GameTestRunner]: Running test environment 'dndturn:player_items' batch 0 (1 tests)...
[18:27:18] [Server thread/INFO] [minecraft/PlayerList]: tactical-test[embedded] logged in with entity id 140 at (0.0, 0.0, 0.0)
[18:27:18] [Server thread/INFO] [minecraft/MinecraftServer]: tactical-test joined the game
[18:27:18] [Server thread/INFO] [minecraft/MinecraftServer]: tactical-test has made the advancement [Wax On]
[18:27:18] [Server thread/INFO] [minecraft/MinecraftServer]: tactical-test has made the advancement [Suit Up]
[18:27:18] [Server thread/INFO] [minecraft/GameTestServer]: [++++++++++++++++++++++++++++++++++++++++++_                    ]
[18:27:18] [Server thread/INFO] [minecraft/GameTestServer]: [++++++++++++++++++++++++++++++++++++++++++_                    ]
[18:27:18] [Server thread/INFO] [minecraft/GameTestServer]: [++++++++++++++++++++++++++++++++++++++++++_                    ]
[18:27:18] [Server thread/INFO] [minecraft/GameTestServer]: [++++++++++++++++++++++++++++++++++++++++++_                    ]
[18:27:18] [Server thread/INFO] [minecraft/GameTestServer]: [++++++++++++++++++++++++++++++++++++++++++_                    ]
[18:27:18] [Server thread/INFO] [minecraft/GameTestRunner]: Running test environment 'dndturn:environment_tnt' batch 0 (1 tests)...
[18:27:19] [Server thread/INFO] [minecraft/PlayerList]: test-mock-player[embedded] logged in with entity id 143 at (0.0, 0.0, 0.0)
[18:27:19] [Server thread/INFO] [minecraft/MinecraftServer]: test-mock-player joined the game
[18:27:19] [Server thread/INFO] [minecraft/GameTestServer]: [+++++++++++++++++++++++++++++++++++++++++++_                   ]
[18:27:19] [Server thread/INFO] [minecraft/GameTestServer]: [+++++++++++++++++++++++++++++++++++++++++++_                   ]
[18:27:19] [Server thread/INFO] [minecraft/GameTestServer]: [+++++++++++++++++++++++++++++++++++++++++++_                   ]
[18:27:19] [Server thread/INFO] [minecraft/GameTestServer]: [+++++++++++++++++++++++++++++++++++++++++++_                   ]
[18:27:19] [Server thread/INFO] [minecraft/GameTestServer]: [+++++++++++++++++++++++++++++++++++++++++++_                   ]
[18:27:19] [Server thread/INFO] [minecraft/GameTestServer]: [+++++++++++++++++++++++++++++++++++++++++++_                   ]
[18:27:19] [Server thread/INFO] [minecraft/GameTestServer]: [+++++++++++++++++++++++++++++++++++++++++++_                   ]
[18:27:19] [Server thread/INFO] [minecraft/GameTestServer]: [+++++++++++++++++++++++++++++++++++++++++++_                   ]
[18:27:19] [Server thread/INFO] [minecraft/GameTestServer]: [+++++++++++++++++++++++++++++++++++++++++++_                   ]
[18:27:19] [Server thread/INFO] [minecraft/GameTestRunner]: Running test environment 'dndturn:merge_discovery_expansion' batch 0 (1 tests)...
[18:27:19] [Server thread/INFO] [minecraft/PlayerList]: test-mock-player[embedded] logged in with entity id 149 at (0.0, 0.0, 0.0)
[18:27:19] [Server thread/INFO] [minecraft/MinecraftServer]: test-mock-player joined the game
[18:27:19] [Server thread/INFO] [minecraft/PlayerList]: test-mock-player[embedded] logged in with entity id 151 at (0.0, 0.0, 0.0)
[18:27:19] [Server thread/INFO] [minecraft/MinecraftServer]: test-mock-player joined the game
[18:27:19] [Server thread/INFO] [minecraft/PlayerList]: test-mock-player[embedded] logged in with entity id 153 at (0.0, 0.0, 0.0)
[18:27:19] [Server thread/INFO] [minecraft/MinecraftServer]: test-mock-player joined the game
[18:27:19] [Server thread/INFO] [minecraft/GameTestServer]: [++++++++++++++++++++++++++++++++++++++++++++_                  ]
[18:27:19] [Server thread/INFO] [minecraft/GameTestServer]: [++++++++++++++++++++++++++++++++++++++++++++_                  ]
[18:27:19] [Server thread/INFO] [minecraft/GameTestServer]: [++++++++++++++++++++++++++++++++++++++++++++_                  ]
[18:27:19] [Server thread/INFO] [minecraft/GameTestServer]: [++++++++++++++++++++++++++++++++++++++++++++_                  ]
[18:27:19] [Server thread/INFO] [minecraft/GameTestServer]: [++++++++++++++++++++++++++++++++++++++++++++_                  ]
[18:27:19] [Server thread/INFO] [minecraft/GameTestRunner]: Running test environment 'dndturn:movement_regressions' batch 0 (1 tests)...
[18:27:19] [Server thread/INFO] [minecraft/GameTestServer]: [+++++++++++++++++++++++++++++++++++++++++++++_                 ]
[18:27:19] [Server thread/INFO] [minecraft/GameTestServer]: [+++++++++++++++++++++++++++++++++++++++++++++_                 ]
[18:27:19] [Server thread/INFO] [minecraft/PlayerList]: tactical-test[embedded] logged in with entity id 156 at (0.0, 0.0, 0.0)
[18:27:19] [Server thread/INFO] [minecraft/MinecraftServer]: tactical-test joined the game
[18:27:19] [Server thread/INFO] [minecraft/GameTestServer]: [+++++++++++++++++++++++++++++++++++++++++++++_                 ]
[18:27:19] [Server thread/INFO] [minecraft/GameTestRunner]: Running test environment 'dndturn:tactical_behaviors' batch 0 (3 tests)...
[18:27:19] [Server thread/INFO] [minecraft/PlayerList]: test-mock-player[embedded] logged in with entity id 158 at (0.0, 0.0, 0.0)
[18:27:19] [Server thread/INFO] [minecraft/MinecraftServer]: test-mock-player joined the game
[18:27:19] [Server thread/INFO] [minecraft/PlayerList]: test-mock-player[embedded] logged in with entity id 160 at (0.0, 0.0, 0.0)
[18:27:19] [Server thread/INFO] [minecraft/MinecraftServer]: test-mock-player joined the game
[18:27:19] [Server thread/INFO] [minecraft/PlayerList]: test-mock-player[embedded] logged in with entity id 162 at (0.0, 0.0, 0.0)
[18:27:19] [Server thread/INFO] [minecraft/MinecraftServer]: test-mock-player joined the game
[18:27:20] [Server thread/INFO] [minecraft/MinecraftServer]: test-mock-player has made the advancement [Monster Hunter]
[18:27:20] [Server thread/INFO] [minecraft/LivingEntity]: Named entity Zombie['Behavior target'/163, l='ServerLevel[Test Level]', x=-6531472.50, y=93.00, z=-34395.50] died: death.attack.dndturn.tactical
[18:27:20] [Server thread/INFO] [minecraft/GameTestServer]: [++++++++++++++++++++++++++++++++++++++++++++++__+              ]
[18:27:20] [Server thread/INFO] [minecraft/GameTestServer]: [++++++++++++++++++++++++++++++++++++++++++++++__+              ]
[18:27:20] [Server thread/INFO] [minecraft/GameTestServer]: [++++++++++++++++++++++++++++++++++++++++++++++_++              ]
[18:27:20] [Server thread/INFO] [minecraft/GameTestRunner]: Running test environment 'dndturn:environment_domains' batch 0 (1 tests)...
[18:27:20] [Server thread/INFO] [minecraft/PlayerList]: test-mock-player[embedded] logged in with entity id 167 at (0.0, 0.0, 0.0)
[18:27:20] [Server thread/INFO] [minecraft/MinecraftServer]: test-mock-player joined the game
[18:27:20] [Server thread/INFO] [minecraft/PlayerList]: test-mock-player[embedded] logged in with entity id 168 at (0.0, 0.0, 0.0)
[18:27:20] [Server thread/INFO] [minecraft/MinecraftServer]: test-mock-player joined the game
[18:27:20] [Server thread/INFO] [minecraft/GameTestServer]: [+++++++++++++++++++++++++++++++++++++++++++++++++_             ]
[18:27:20] [Server thread/INFO] [minecraft/GameTestServer]: [+++++++++++++++++++++++++++++++++++++++++++++++++_             ]
[18:27:20] [Server thread/WARN] [cc.si.dn.co.EnvironmentExplosion/]: ENVIRONMENT_DOMAIN_MISMATCH step=0e96ba9e-e4fb-4e93-93d3-6c819d7bd937 source=0c25e00f-a19b-4e18-97a4-850d8f63573f rejectedEntities=1 rejectedBlocks=13
[18:27:20] [Server thread/INFO] [minecraft/GameTestRunner]: Running test environment 'dndturn:tactical_plan' batch 0 (1 tests)...
[18:27:20] [Server thread/INFO] [minecraft/PlayerList]: test-mock-player[embedded] logged in with entity id 174 at (0.0, 0.0, 0.0)
[18:27:20] [Server thread/INFO] [minecraft/MinecraftServer]: test-mock-player joined the game
[18:27:21] [Server thread/INFO] [minecraft/GameTestServer]: [++++++++++++++++++++++++++++++++++++++++++++++++++_            ]
[18:27:21] [Server thread/INFO] [minecraft/GameTestServer]: [++++++++++++++++++++++++++++++++++++++++++++++++++_            ]
[18:27:21] [Server thread/INFO] [minecraft/MinecraftServer]: test-mock-player has made the advancement [Isn't It Iron Pick]
[18:27:21] [Server thread/INFO] [minecraft/GameTestServer]: [++++++++++++++++++++++++++++++++++++++++++++++++++_            ]
[18:27:21] [Server thread/INFO] [minecraft/GameTestRunner]: Running test environment 'dndturn:player_item_projectiles' batch 0 (1 tests)...
[18:27:21] [Server thread/INFO] [minecraft/PlayerList]: tactical-test[embedded] logged in with entity id 184 at (0.0, 0.0, 0.0)
[18:27:21] [Server thread/INFO] [minecraft/MinecraftServer]: tactical-test joined the game
[18:27:21] [Server thread/INFO] [minecraft/GameTestServer]: [+++++++++++++++++++++++++++++++++++++++++++++++++++_           ]
[18:27:21] [Server thread/INFO] [minecraft/GameTestServer]: [+++++++++++++++++++++++++++++++++++++++++++++++++++_           ]
[18:27:21] [Server thread/INFO] [minecraft/GameTestRunner]: Running test environment 'dndturn:restart_history' batch 0 (1 tests)...
[18:27:21] [Server thread/INFO] [minecraft/PlayerList]: tactical-test[embedded] logged in with entity id 191 at (0.0, 0.0, 0.0)
[18:27:21] [Server thread/INFO] [minecraft/MinecraftServer]: tactical-test joined the game
[18:27:21] [Server thread/INFO] [minecraft/GameTestServer]: [++++++++++++++++++++++++++++++++++++++++++++++++++++_          ]
[18:27:21] [Server thread/INFO] [minecraft/GameTestServer]: [++++++++++++++++++++++++++++++++++++++++++++++++++++_          ]
DNDTURN_RESTART_WRITE_READY encounter=7fb223b2-f33b-4647-b777-7492854c9a51 operation=76299de1-b5f4-413e-b573-424ca002014c
[18:27:21] [Server thread/INFO] [minecraft/GameTestRunner]: Running test environment 'dndturn:environment_classification' batch 0 (1 tests)...
[18:27:21] [Server thread/INFO] [minecraft/PlayerList]: test-mock-player[embedded] logged in with entity id 192 at (0.0, 0.0, 0.0)
[18:27:21] [Server thread/INFO] [minecraft/MinecraftServer]: test-mock-player joined the game
[18:27:22] [Server thread/INFO] [minecraft/GameTestServer]: [+++++++++++++++++++++++++++++++++++++++++++++++++++++_         ]
[18:27:22] [Server thread/INFO] [minecraft/GameTestServer]: [+++++++++++++++++++++++++++++++++++++++++++++++++++++_         ]
[18:27:22] [Server thread/INFO] [minecraft/GameTestRunner]: Running test environment 'dndturn:consent_regressions' batch 0 (1 tests)...
[18:27:22] [Server thread/INFO] [minecraft/PlayerList]: exit-test-player[embedded] logged in with entity id 196 at (0.0, 0.0, 0.0)
[18:27:22] [Server thread/INFO] [minecraft/MinecraftServer]: exit-test-player joined the game
[18:27:22] [Server thread/INFO] [minecraft/PlayerList]: exit-test-player[embedded] logged in with entity id 197 at (0.0, 0.0, 0.0)
[18:27:22] [Server thread/INFO] [minecraft/MinecraftServer]: exit-test-player joined the game
[18:27:22] [Server thread/INFO] [minecraft/PlayerList]: exit-test-player[embedded] logged in with entity id 198 at (0.0, 0.0, 0.0)
[18:27:22] [Server thread/INFO] [minecraft/MinecraftServer]: exit-test-player joined the game
[18:27:22] [Server thread/INFO] [minecraft/GameTestServer]: [++++++++++++++++++++++++++++++++++++++++++++++++++++++_        ]
[18:27:22] [Server thread/INFO] [minecraft/GameTestServer]: [++++++++++++++++++++++++++++++++++++++++++++++++++++++_        ]
[18:27:22] [Server thread/INFO] [minecraft/GameTestServer]: [++++++++++++++++++++++++++++++++++++++++++++++++++++++_        ]
[18:27:22] [Server thread/INFO] [minecraft/GameTestServer]: [++++++++++++++++++++++++++++++++++++++++++++++++++++++_        ]
[18:27:22] [Server thread/INFO] [minecraft/GameTestServer]: [++++++++++++++++++++++++++++++++++++++++++++++++++++++_        ]
[18:27:22] [Server thread/INFO] [minecraft/GameTestServer]: [++++++++++++++++++++++++++++++++++++++++++++++++++++++_        ]
[18:27:22] [Server thread/INFO] [minecraft/GameTestServer]: [++++++++++++++++++++++++++++++++++++++++++++++++++++++_        ]
[18:27:22] [Server thread/INFO] [minecraft/GameTestServer]: [++++++++++++++++++++++++++++++++++++++++++++++++++++++_        ]
[18:27:22] [Server thread/INFO] [minecraft/GameTestServer]: [++++++++++++++++++++++++++++++++++++++++++++++++++++++_        ]
[18:27:22] [Server thread/INFO] [minecraft/GameTestServer]: [++++++++++++++++++++++++++++++++++++++++++++++++++++++_        ]
[18:27:22] [Server thread/INFO] [minecraft/GameTestServer]: [++++++++++++++++++++++++++++++++++++++++++++++++++++++_        ]
[18:27:22] [Server thread/INFO] [minecraft/GameTestServer]: [++++++++++++++++++++++++++++++++++++++++++++++++++++++_        ]
[18:27:22] [Server thread/INFO] [minecraft/GameTestServer]: [++++++++++++++++++++++++++++++++++++++++++++++++++++++_        ]
[18:27:22] [Server thread/INFO] [minecraft/GameTestServer]: [++++++++++++++++++++++++++++++++++++++++++++++++++++++_        ]
[18:27:22] [Server thread/INFO] [minecraft/GameTestServer]: [++++++++++++++++++++++++++++++++++++++++++++++++++++++_        ]
[18:27:22] [Server thread/INFO] [minecraft/GameTestServer]: [++++++++++++++++++++++++++++++++++++++++++++++++++++++_        ]
[18:27:22] [Server thread/INFO] [minecraft/GameTestServer]: [++++++++++++++++++++++++++++++++++++++++++++++++++++++_        ]
[18:27:22] [Server thread/INFO] [minecraft/GameTestServer]: [++++++++++++++++++++++++++++++++++++++++++++++++++++++_        ]
[18:27:22] [Server thread/INFO] [minecraft/GameTestServer]: [++++++++++++++++++++++++++++++++++++++++++++++++++++++_        ]
[18:27:22] [Server thread/INFO] [minecraft/GameTestServer]: [++++++++++++++++++++++++++++++++++++++++++++++++++++++_        ]
[18:27:22] [Server thread/INFO] [minecraft/GameTestServer]: [++++++++++++++++++++++++++++++++++++++++++++++++++++++_        ]
[18:27:22] [Server thread/INFO] [minecraft/GameTestRunner]: Running test environment 'dndturn:scheduled_tick_hold' batch 0 (1 tests)...
[18:27:22] [Server thread/INFO] [minecraft/GameTestServer]: [+++++++++++++++++++++++++++++++++++++++++++++++++++++++_       ]
[18:27:22] [Server thread/INFO] [minecraft/PlayerList]: test-mock-player[embedded] logged in with entity id 201 at (0.0, 0.0, 0.0)
[18:27:22] [Server thread/INFO] [minecraft/MinecraftServer]: test-mock-player joined the game
[18:27:22] [Server thread/INFO] [minecraft/GameTestRunner]: Running test environment 'dndturn:navigation_regressions' batch 0 (1 tests)...
[18:27:22] [Server thread/INFO] [minecraft/GameTestServer]: [++++++++++++++++++++++++++++++++++++++++++++++++++++++++       ]
[18:27:22] [Server thread/INFO] [minecraft/GameTestServer]: [++++++++++++++++++++++++++++++++++++++++++++++++++++++++       ]
[18:27:22] [Server thread/INFO] [minecraft/GameTestServer]: [++++++++++++++++++++++++++++++++++++++++++++++++++++++++_      ]
[18:27:22] [Server thread/INFO] [minecraft/PlayerList]: tactical-test[embedded] logged in with entity id 209 at (0.0, 0.0, 0.0)
[18:27:22] [Server thread/INFO] [minecraft/MinecraftServer]: tactical-test joined the game
[18:27:22] [Server thread/INFO] [minecraft/GameTestServer]: [++++++++++++++++++++++++++++++++++++++++++++++++++++++++_      ]
[18:27:22] [Server thread/INFO] [minecraft/GameTestRunner]: Running test environment 'dndturn:merge_world_boundary' batch 0 (1 tests)...
[18:27:22] [Server thread/INFO] [minecraft/PlayerList]: test-mock-player[embedded] logged in with entity id 214 at (0.0, 0.0, 0.0)
[18:27:22] [Server thread/INFO] [minecraft/MinecraftServer]: test-mock-player joined the game
[18:27:22] [Server thread/INFO] [minecraft/PlayerList]: test-mock-player[embedded] logged in with entity id 215 at (0.0, 0.0, 0.0)
[18:27:22] [Server thread/INFO] [minecraft/MinecraftServer]: test-mock-player joined the game
[18:27:22] [Server thread/INFO] [minecraft/GameTestServer]: [+++++++++++++++++++++++++++++++++++++++++++++++++++++++++_     ]
[18:27:22] [Server thread/INFO] [minecraft/GameTestRunner]: Running test environment 'dndturn:movement_lease_exit' batch 0 (1 tests)...
[18:27:22] [Server thread/INFO] [minecraft/GameTestServer]: [++++++++++++++++++++++++++++++++++++++++++++++++++++++++++_    ]
[18:27:22] [Server thread/INFO] [minecraft/GameTestServer]: [++++++++++++++++++++++++++++++++++++++++++++++++++++++++++_    ]
[18:27:22] [Server thread/INFO] [minecraft/PlayerList]: test-mock-player[embedded] logged in with entity id 228 at (0.0, 0.0, 0.0)
[18:27:22] [Server thread/INFO] [minecraft/MinecraftServer]: test-mock-player joined the game
[18:27:23] [Server thread/INFO] [minecraft/GameTestRunner]: Running test environment 'dndturn:participant_effects' batch 0 (1 tests)...
[18:27:23] [Server thread/INFO] [minecraft/PlayerList]: tactical-test[embedded] logged in with entity id 232 at (0.0, 0.0, 0.0)
[18:27:23] [Server thread/INFO] [minecraft/MinecraftServer]: tactical-test joined the game
[18:27:23] [Server thread/INFO] [minecraft/GameTestServer]: [+++++++++++++++++++++++++++++++++++++++++++++++++++++++++++_   ]
[18:27:23] [Server thread/INFO] [minecraft/GameTestServer]: [+++++++++++++++++++++++++++++++++++++++++++++++++++++++++++_   ]
[18:27:23] [Server thread/INFO] [minecraft/GameTestServer]: [+++++++++++++++++++++++++++++++++++++++++++++++++++++++++++_   ]
[18:27:23] [Server thread/INFO] [minecraft/GameTestServer]: [+++++++++++++++++++++++++++++++++++++++++++++++++++++++++++_   ]
[18:27:23] [Server thread/INFO] [minecraft/GameTestServer]: [+++++++++++++++++++++++++++++++++++++++++++++++++++++++++++_   ]
[18:27:23] [Server thread/INFO] [minecraft/GameTestServer]: [+++++++++++++++++++++++++++++++++++++++++++++++++++++++++++_   ]
[18:27:23] [Server thread/INFO] [minecraft/GameTestServer]: [+++++++++++++++++++++++++++++++++++++++++++++++++++++++++++_   ]
[18:27:23] [Server thread/INFO] [minecraft/GameTestServer]: [+++++++++++++++++++++++++++++++++++++++++++++++++++++++++++_   ]
[18:27:23] [Server thread/INFO] [minecraft/GameTestServer]: [+++++++++++++++++++++++++++++++++++++++++++++++++++++++++++_   ]
[18:27:23] [Server thread/INFO] [minecraft/GameTestServer]: [+++++++++++++++++++++++++++++++++++++++++++++++++++++++++++_   ]
[18:27:23] [Server thread/INFO] [minecraft/GameTestServer]: [+++++++++++++++++++++++++++++++++++++++++++++++++++++++++++_   ]
[18:27:23] [Server thread/INFO] [minecraft/GameTestServer]: [+++++++++++++++++++++++++++++++++++++++++++++++++++++++++++_   ]
[18:27:23] [Server thread/INFO] [minecraft/GameTestServer]: [+++++++++++++++++++++++++++++++++++++++++++++++++++++++++++_   ]
[18:27:23] [Server thread/INFO] [minecraft/GameTestServer]: [+++++++++++++++++++++++++++++++++++++++++++++++++++++++++++_   ]
[18:27:23] [Server thread/INFO] [minecraft/GameTestServer]: [+++++++++++++++++++++++++++++++++++++++++++++++++++++++++++_   ]
[18:27:23] [Server thread/INFO] [minecraft/MinecraftServer]: tactical-test withered away
[18:27:23] [Server thread/INFO] [minecraft/GameTestRunner]: Running test environment 'dndturn:discovery_cursor' batch 0 (1 tests)...
[18:27:24] [Server thread/INFO] [minecraft/GameTestServer]: [++++++++++++++++++++++++++++++++++++++++++++++++++++++++++++_  ]
[18:27:24] [Server thread/INFO] [minecraft/GameTestRunner]: Running test environment 'dndturn:tactical_ranged' batch 0 (1 tests)...
[18:27:24] [Server thread/INFO] [minecraft/GameTestServer]: [+++++++++++++++++++++++++++++++++++++++++++++++++++++++++++++_ ]
[18:27:24] [Server thread/INFO] [minecraft/GameTestServer]: [+++++++++++++++++++++++++++++++++++++++++++++++++++++++++++++_ ]
[18:27:24] [Server thread/INFO] [minecraft/GameTestServer]: [+++++++++++++++++++++++++++++++++++++++++++++++++++++++++++++_ ]
[18:27:24] [Server thread/INFO] [minecraft/PlayerList]: test-mock-player[embedded] logged in with entity id 316 at (0.0, 0.0, 0.0)
[18:27:24] [Server thread/INFO] [minecraft/MinecraftServer]: test-mock-player joined the game
[18:27:24] [Server thread/INFO] [minecraft/GameTestServer]: [+++++++++++++++++++++++++++++++++++++++++++++++++++++++++++++_ ]
[18:27:24] [Server thread/INFO] [minecraft/GameTestServer]: [+++++++++++++++++++++++++++++++++++++++++++++++++++++++++++++_ ]
[18:27:24] [Server thread/INFO] [minecraft/GameTestRunner]: Running test environment 'dndturn:environment_boundary_time' batch 0 (1 tests)...
[18:27:24] [Server thread/INFO] [minecraft/PlayerList]: test-mock-player[embedded] logged in with entity id 320 at (0.0, 0.0, 0.0)
[18:27:24] [Server thread/INFO] [minecraft/MinecraftServer]: test-mock-player joined the game
[18:27:24] [Server thread/INFO] [minecraft/GameTestServer]: [++++++++++++++++++++++++++++++++++++++++++++++++++++++++++++++_]
[18:27:24] [Server thread/INFO] [minecraft/GameTestServer]: [++++++++++++++++++++++++++++++++++++++++++++++++++++++++++++++_]
[18:27:24] [Server thread/INFO] [minecraft/GameTestServer]: [++++++++++++++++++++++++++++++++++++++++++++++++++++++++++++++_]
[18:27:24] [Server thread/INFO] [minecraft/GameTestServer]: [++++++++++++++++++++++++++++++++++++++++++++++++++++++++++++++_]
[18:27:24] [Server thread/INFO] [minecraft/GameTestServer]: [+++++++++++++++++++++++++++++++++++++++++++++++++++++++++++++++]
[18:27:24] [Server thread/INFO] [minecraft/GameTestServer]: ========= 63 GAME TESTS COMPLETE IN 14.90 s ======================
[18:27:24] [Server thread/INFO] [minecraft/GameTestServer]: All 63 required tests passed :)
[18:27:24] [Server thread/INFO] [minecraft/GameTestServer]: ====================================================
[18:27:24] [Server thread/INFO] [minecraft/MinecraftServer]: Stopping server
[18:27:24] [Server thread/INFO] [minecraft/MinecraftServer]: Saving players
[18:27:24] [Server thread/INFO] [minecraft/ServerGamePacketListenerImpl]: tactical-test lost connection: Server closed
[18:27:24] [Server thread/INFO] [minecraft/MinecraftServer]: tactical-test left the game
[18:27:24] [Server thread/INFO] [minecraft/ServerGamePacketListenerImpl]: test-mock-player lost connection: Server closed
[18:27:24] [Server thread/INFO] [minecraft/MinecraftServer]: test-mock-player left the game
[18:27:25] [Server thread/INFO] [minecraft/ServerGamePacketListenerImpl]: test-mock-player lost connection: Server closed
[18:27:25] [Server thread/INFO] [minecraft/MinecraftServer]: test-mock-player left the game
[18:27:25] [Server thread/INFO] [minecraft/ServerGamePacketListenerImpl]: test-mock-player lost connection: Server closed
[18:27:25] [Server thread/INFO] [minecraft/MinecraftServer]: test-mock-player left the game
[18:27:25] [Server thread/INFO] [minecraft/ServerGamePacketListenerImpl]: test-mock-player lost connection: Server closed
[18:27:25] [Server thread/INFO] [minecraft/MinecraftServer]: test-mock-player left the game
[18:27:25] [Server thread/INFO] [minecraft/ServerGamePacketListenerImpl]: test-mock-player lost connection: Server closed
[18:27:25] [Server thread/INFO] [minecraft/MinecraftServer]: test-mock-player left the game
[18:27:25] [Server thread/INFO] [minecraft/ServerGamePacketListenerImpl]: test-mock-player lost connection: Server closed
[18:27:25] [Server thread/INFO] [minecraft/MinecraftServer]: test-mock-player left the game
[18:27:25] [Server thread/INFO] [minecraft/ServerGamePacketListenerImpl]: test-mock-player lost connection: Server closed
[18:27:25] [Server thread/INFO] [minecraft/MinecraftServer]: test-mock-player left the game
[18:27:25] [Server thread/INFO] [minecraft/ServerGamePacketListenerImpl]: tactical-test lost connection: Server closed
[18:27:25] [Server thread/INFO] [minecraft/MinecraftServer]: tactical-test left the game
[18:27:25] [Server thread/INFO] [minecraft/ServerGamePacketListenerImpl]: test-mock-player lost connection: Server closed
[18:27:25] [Server thread/INFO] [minecraft/MinecraftServer]: test-mock-player left the game
[18:27:25] [Server thread/INFO] [minecraft/ServerGamePacketListenerImpl]: tactical-test lost connection: Server closed
[18:27:25] [Server thread/INFO] [minecraft/MinecraftServer]: tactical-test left the game
[18:27:25] [Server thread/INFO] [minecraft/ServerGamePacketListenerImpl]: test-mock-player lost connection: Server closed
[18:27:25] [Server thread/INFO] [minecraft/MinecraftServer]: test-mock-player left the game
[18:27:25] [Server thread/INFO] [minecraft/ServerGamePacketListenerImpl]: test-mock-player lost connection: Server closed
[18:27:25] [Server thread/INFO] [minecraft/MinecraftServer]: test-mock-player left the game
[18:27:25] [Server thread/INFO] [minecraft/ServerGamePacketListenerImpl]: candidate-review-player lost connection: Server closed
[18:27:25] [Server thread/INFO] [minecraft/MinecraftServer]: candidate-review-player left the game
[18:27:25] [Server thread/INFO] [minecraft/ServerGamePacketListenerImpl]: test-mock-player lost connection: Server closed
[18:27:25] [Server thread/INFO] [minecraft/MinecraftServer]: test-mock-player left the game
[18:27:25] [Server thread/INFO] [minecraft/ServerGamePacketListenerImpl]: exit-test-player lost connection: Server closed
[18:27:25] [Server thread/INFO] [minecraft/MinecraftServer]: exit-test-player left the game
[18:27:25] [Server thread/INFO] [minecraft/ServerGamePacketListenerImpl]: tactical-test lost connection: Server closed
[18:27:25] [Server thread/INFO] [minecraft/MinecraftServer]: tactical-test left the game
[18:27:25] [Server thread/INFO] [minecraft/ServerGamePacketListenerImpl]: test-mock-player lost connection: Server closed
[18:27:25] [Server thread/INFO] [minecraft/MinecraftServer]: test-mock-player left the game
[18:27:25] [Server thread/INFO] [minecraft/ServerGamePacketListenerImpl]: test-mock-player lost connection: Server closed
[18:27:25] [Server thread/INFO] [minecraft/MinecraftServer]: test-mock-player left the game
[18:27:25] [Server thread/INFO] [minecraft/ServerGamePacketListenerImpl]: test-mock-player lost connection: Server closed
[18:27:25] [Server thread/INFO] [minecraft/MinecraftServer]: test-mock-player left the game
[18:27:25] [Server thread/INFO] [minecraft/ServerGamePacketListenerImpl]: tactical-test lost connection: Server closed
[18:27:25] [Server thread/INFO] [minecraft/MinecraftServer]: tactical-test left the game
[18:27:25] [Server thread/INFO] [minecraft/ServerGamePacketListenerImpl]: tactical-test lost connection: Server closed
[18:27:25] [Server thread/INFO] [minecraft/MinecraftServer]: tactical-test left the game
[18:27:25] [Server thread/INFO] [minecraft/ServerGamePacketListenerImpl]: test-mock-player lost connection: Server closed
[18:27:25] [Server thread/INFO] [minecraft/MinecraftServer]: test-mock-player left the game
[18:27:25] [Server thread/INFO] [minecraft/ServerGamePacketListenerImpl]: test-mock-player lost connection: Server closed
[18:27:25] [Server thread/INFO] [minecraft/MinecraftServer]: test-mock-player left the game
[18:27:25] [Server thread/INFO] [minecraft/ServerGamePacketListenerImpl]: test-mock-player lost connection: Server closed
[18:27:25] [Server thread/INFO] [minecraft/MinecraftServer]: test-mock-player left the game
[18:27:25] [Server thread/INFO] [minecraft/ServerGamePacketListenerImpl]: test-mock-player lost connection: Server closed
[18:27:25] [Server thread/INFO] [minecraft/MinecraftServer]: test-mock-player left the game
[18:27:25] [Server thread/INFO] [minecraft/ServerGamePacketListenerImpl]: test-mock-player lost connection: Server closed
[18:27:25] [Server thread/INFO] [minecraft/MinecraftServer]: test-mock-player left the game
[18:27:25] [Server thread/INFO] [minecraft/ServerGamePacketListenerImpl]: tactical-test lost connection: Server closed
[18:27:25] [Server thread/INFO] [minecraft/MinecraftServer]: tactical-test left the game
[18:27:25] [Server thread/INFO] [minecraft/ServerGamePacketListenerImpl]: test-mock-player lost connection: Server closed
[18:27:25] [Server thread/INFO] [minecraft/MinecraftServer]: test-mock-player left the game
[18:27:25] [Server thread/INFO] [minecraft/ServerGamePacketListenerImpl]: exit-test-player lost connection: Server closed
[18:27:25] [Server thread/INFO] [minecraft/MinecraftServer]: exit-test-player left the game
[18:27:25] [Server thread/INFO] [minecraft/ServerGamePacketListenerImpl]: test-mock-player lost connection: Server closed
[18:27:25] [Server thread/INFO] [minecraft/MinecraftServer]: test-mock-player left the game
[18:27:25] [Server thread/INFO] [minecraft/ServerGamePacketListenerImpl]: test-mock-player lost connection: Server closed
[18:27:25] [Server thread/INFO] [minecraft/MinecraftServer]: test-mock-player left the game
[18:27:25] [Server thread/INFO] [minecraft/ServerGamePacketListenerImpl]: test-mock-player lost connection: Server closed
[18:27:25] [Server thread/INFO] [minecraft/MinecraftServer]: test-mock-player left the game
[18:27:25] [Server thread/INFO] [minecraft/ServerGamePacketListenerImpl]: test-mock-player lost connection: Server closed
[18:27:25] [Server thread/INFO] [minecraft/MinecraftServer]: test-mock-player left the game
[18:27:25] [Server thread/INFO] [minecraft/MinecraftServer]: Saving worlds
[18:27:25] [Server thread/INFO] [minecraft/MinecraftServer]: Saving chunks for level 'ServerLevel[Test Level]'/minecraft:overworld
[18:27:25] [Server thread/INFO] [minecraft/MinecraftServer]: Saving chunks for level 'ServerLevel[Test Level]'/minecraft:the_end
[18:27:26] [Server thread/INFO] [minecraft/MinecraftServer]: Saving chunks for level 'ServerLevel[Test Level]'/minecraft:the_nether
[18:27:26] [Server thread/INFO] [minecraft/MinecraftServer]: ThreadedAnvilChunkStorage (world): All chunks are saved
[18:27:26] [Server thread/INFO] [minecraft/MinecraftServer]: ThreadedAnvilChunkStorage (DIM1): All chunks are saved
[18:27:26] [Server thread/INFO] [minecraft/MinecraftServer]: ThreadedAnvilChunkStorage (DIM-1): All chunks are saved
[18:27:26] [Server thread/INFO] [minecraft/MinecraftServer]: ThreadedAnvilChunkStorage: All dimensions are saved
[18:27:26] [Server thread/INFO] [minecraft/GameTestServer]: Game test server shutting down

[Incubating] Problems report is available at: file:///D:/javaProjects/dndturn26.1/targets/neoforge-26.1/build/reports/problems/problems-report.html

Deprecated Gradle features were used in this build, making it incompatible with Gradle 10.

You can use '--warning-mode all' to show the individual deprecation warnings and determine if they come from your own scripts or plugins.

For more on this, please refer to https://docs.gradle.org/9.7.1/userguide/command_line_interface.html#sec:command_line_warnings in the Gradle documentation.

BUILD SUCCESSFUL in 35s
18 actionable tasks: 18 executed
