WARNING: A restricted method in java.lang.System has been called
WARNING: java.lang.System::load has been called by net.rubygrapefruit.platform.internal.NativeLibraryLoader in an unnamed module (file:/C:/Users/RNaim/.gradle/wrapper/dists/gradle-9.7.1-bin/1w1c7tv4s851m17nbqdsro2tv/gradle-9.7.1/lib/native-platform-0.22-milestone-29.jar)
WARNING: Use --enable-native-access=ALL-UNNAMED to avoid a warning for callers in this module
WARNING: Restricted methods will be blocked in a future release unless native access is enabled

To honour the JVM settings for this build a single-use Daemon process will be forked. For more on this, please refer to https://docs.gradle.org/9.7.1/userguide/gradle_daemon.html#sec:disabling_the_daemon in the Gradle documentation.
Daemon will be stopped at the end of the build 
> Task :common:compileJava UP-TO-DATE
> Task :common:processResources NO-SOURCE
> Task :common:classes UP-TO-DATE
> Task :common:jar UP-TO-DATE
> Task :common:compileTestJava UP-TO-DATE
> Task :common:processTestResources NO-SOURCE
> Task :common:testClasses UP-TO-DATE
> Task :common:test UP-TO-DATE
> Task :createMinecraftArtifacts UP-TO-DATE
> Task :compileJava UP-TO-DATE
> Task :processResources UP-TO-DATE
> Task :classes UP-TO-DATE
> Task :compileCompatTestJava UP-TO-DATE
> Task :processCompatTestResources NO-SOURCE
> Task :compatTestClasses UP-TO-DATE

> Task :compileGameTestJava
D:\javaProjects\dndturn26.1\targets\neoforge-26.1\src\gameTest\java\cc\sighs\dndturn\gametest\LocalTimeGameTests.java:418: 警告: [removal] GameTestHelper 中的 makeMockServerPlayerInLevel() 已过时, 且标记为待删除
            ServerPlayer player = helper.makeMockServerPlayerInLevel();
                                        ^
D:\javaProjects\dndturn26.1\targets\neoforge-26.1\src\gameTest\java\cc\sighs\dndturn\gametest\LocalTimeGameTests.java:556: 警告: [removal] GameTestHelper 中的 makeMockServerPlayerInLevel() 已过时, 且标记为待删除
        ServerPlayer first = helper.makeMockServerPlayerInLevel();
                                   ^
D:\javaProjects\dndturn26.1\targets\neoforge-26.1\src\gameTest\java\cc\sighs\dndturn\gametest\LocalTimeGameTests.java:557: 警告: [removal] GameTestHelper 中的 makeMockServerPlayerInLevel() 已过时, 且标记为待删除
        ServerPlayer second = helper.makeMockServerPlayerInLevel();
                                    ^
D:\javaProjects\dndturn26.1\targets\neoforge-26.1\src\gameTest\java\cc\sighs\dndturn\gametest\LocalTimeGameTests.java:743: 警告: [removal] GameTestHelper 中的 makeMockServerPlayerInLevel() 已过时, 且标记为待删除
            ServerPlayer player = helper.makeMockServerPlayerInLevel();
                                        ^
D:\javaProjects\dndturn26.1\targets\neoforge-26.1\src\gameTest\java\cc\sighs\dndturn\gametest\LocalTimeGameTests.java:848: 警告: [removal] GameTestHelper 中的 makeMockServerPlayerInLevel() 已过时, 且标记为待删除
            ServerPlayer player = helper.makeMockServerPlayerInLevel();
                                        ^
D:\javaProjects\dndturn26.1\targets\neoforge-26.1\src\gameTest\java\cc\sighs\dndturn\gametest\LocalTimeGameTests.java:909: 警告: [removal] GameTestHelper 中的 makeMockServerPlayerInLevel() 已过时, 且标记为待删除
        ServerPlayer player = helper.makeMockServerPlayerInLevel();
                                    ^
D:\javaProjects\dndturn26.1\targets\neoforge-26.1\src\gameTest\java\cc\sighs\dndturn\gametest\LocalTimeGameTests.java:995: 警告: [removal] GameTestHelper 中的 makeMockServerPlayerInLevel() 已过时, 且标记为待删除
                players[i] = helper.makeMockServerPlayerInLevel();
                                   ^
D:\javaProjects\dndturn26.1\targets\neoforge-26.1\src\gameTest\java\cc\sighs\dndturn\gametest\LocalTimeGameTests.java:1066: 警告: [removal] GameTestHelper 中的 makeMockServerPlayerInLevel() 已过时, 且标记为待删除
            ServerPlayer firstPlayer = helper.makeMockServerPlayerInLevel();
                                             ^
D:\javaProjects\dndturn26.1\targets\neoforge-26.1\src\gameTest\java\cc\sighs\dndturn\gametest\LocalTimeGameTests.java:1067: 警告: [removal] GameTestHelper 中的 makeMockServerPlayerInLevel() 已过时, 且标记为待删除
            ServerPlayer secondPlayer = helper.makeMockServerPlayerInLevel();
                                              ^
D:\javaProjects\dndturn26.1\targets\neoforge-26.1\src\gameTest\java\cc\sighs\dndturn\gametest\LocalTimeGameTests.java:1244: 警告: [removal] GameTestHelper 中的 makeMockServerPlayerInLevel() 已过时, 且标记为待删除
        ServerPlayer player = helper.makeMockServerPlayerInLevel();
                                    ^
D:\javaProjects\dndturn26.1\targets\neoforge-26.1\src\gameTest\java\cc\sighs\dndturn\gametest\LocalTimeGameTests.java:1356: 警告: [removal] GameTestHelper 中的 makeMockServerPlayerInLevel() 已过时, 且标记为待删除
        ServerPlayer player = helper.makeMockServerPlayerInLevel();
                                    ^
D:\javaProjects\dndturn26.1\targets\neoforge-26.1\src\gameTest\java\cc\sighs\dndturn\gametest\LocalTimeGameTests.java:1367: 警告: [removal] GameTestHelper 中的 makeMockServerPlayerInLevel() 已过时, 且标记为待删除
        ServerPlayer other = helper.makeMockServerPlayerInLevel();
                                   ^
D:\javaProjects\dndturn26.1\targets\neoforge-26.1\src\gameTest\java\cc\sighs\dndturn\gametest\LocalTimeGameTests.java:1583: 警告: [removal] GameTestHelper 中的 makeMockServerPlayerInLevel() 已过时, 且标记为待删除
        ServerPlayer player = helper.makeMockServerPlayerInLevel();
                                    ^
D:\javaProjects\dndturn26.1\targets\neoforge-26.1\src\gameTest\java\cc\sighs\dndturn\gametest\LocalTimeGameTests.java:1625: 警告: [removal] GameTestHelper 中的 makeMockServerPlayerInLevel() 已过时, 且标记为待删除
            ServerPlayer player = helper.makeMockServerPlayerInLevel();
                                        ^
D:\javaProjects\dndturn26.1\targets\neoforge-26.1\src\gameTest\java\cc\sighs\dndturn\gametest\LocalTimeGameTests.java:2001: 警告: [removal] GameTestHelper 中的 makeMockServerPlayerInLevel() 已过时, 且标记为待删除
            ServerPlayer player = helper.makeMockServerPlayerInLevel();
                                        ^
D:\javaProjects\dndturn26.1\targets\neoforge-26.1\src\gameTest\java\cc\sighs\dndturn\gametest\LocalTimeGameTests.java:2066: 警告: [removal] GameTestHelper 中的 makeMockServerPlayerInLevel() 已过时, 且标记为待删除
            ServerPlayer player = helper.makeMockServerPlayerInLevel();
                                        ^
D:\javaProjects\dndturn26.1\targets\neoforge-26.1\src\gameTest\java\cc\sighs\dndturn\gametest\LocalTimeGameTests.java:2211: 警告: [removal] GameTestHelper 中的 makeMockServerPlayerInLevel() 已过时, 且标记为待删除
        ServerPlayer player = helper.makeMockServerPlayerInLevel();
                                    ^
D:\javaProjects\dndturn26.1\targets\neoforge-26.1\src\gameTest\java\cc\sighs\dndturn\gametest\LocalTimeGameTests.java:2271: 警告: [removal] GameTestHelper 中的 makeMockServerPlayerInLevel() 已过时, 且标记为待删除
        ServerPlayer player = helper.makeMockServerPlayerInLevel();
                                    ^
D:\javaProjects\dndturn26.1\targets\neoforge-26.1\src\gameTest\java\cc\sighs\dndturn\gametest\LocalTimeGameTests.java:2403: 警告: [removal] GameTestHelper 中的 makeMockServerPlayerInLevel() 已过时, 且标记为待删除
        ServerPlayer player = helper.makeMockServerPlayerInLevel();
                                    ^
注: D:\javaProjects\dndturn26.1\targets\neoforge-26.1\src\gameTest\java\cc\sighs\dndturn\gametest\LocalTimeGameTests.java使用或覆盖了已过时的 API。
注: 有关详细信息, 请使用 -Xlint:deprecation 重新编译。
19 个警告

> Task :processGameTestResources
> Task :gameTestClasses
> Task :downloadAssets UP-TO-DATE
> Task :prepareGameTestServerRun UP-TO-DATE

2026-09-28T10:12:24.646756600Z main WARN Advanced terminal features are not available in this environment
> Task :runGameTestServer
[18:12:24] [main/INFO] [ne.ne.fm.st.Entrypoint/]: JVM Uptime at startup: 106ms
[18:12:24] [main/INFO] [ne.ne.fm.lo.FMLLoader/]: Starting FancyModLoader version 11.0.15 (DEDICATED_SERVER in DEV)
[18:12:24] [main/INFO] [ne.ne.fm.lo.FMLLoader/]: Game directory: D:\javaProjects\dndturn26.1\targets\neoforge-26.1\build\gametest-run
[18:12:24] [main/INFO] [ne.ne.fm.lo.EarlyServiceDiscovery/]: Found 2 early service jars (out of 109) in 15ms
[18:12:24] [main/INFO] [ne.ne.fm.lo.FMLLoader/]: Loading FML Early Services:
[18:12:24] [main/INFO] [ne.ne.fm.lo.FMLLoader/]:  - C:/Users/RNaim/.gradle/caches/modules-2/files-2.1/net.neoforged.fancymodloader/loader/11.0.15/69ddd98736a6b095783523404d1af8992842722/loader-11.0.15.jar
[18:12:24] [main/INFO] [ne.ne.fm.lo.FMLLoader/]:  - C:/Users/RNaim/.gradle/caches/modules-2/files-2.1/net.neoforged.fancymodloader/earlydisplay/11.0.15/b254aa4ec40828f8ce65411dcb7fb9f6ce008064/earlydisplay-11.0.15.jar
[18:12:24] [main/INFO] [ne.ne.fm.lo.ImmediateWindowHandler/]: Not loading early display in headless mode.
[18:12:24] [main/INFO] [ne.ne.fm.lo.mo.lo.GameLocator/]: Detected a joined NeoForge and Minecraft configuration. Applying filtering...
[18:12:24] [main/INFO] [ne.ne.fm.lo.mo.lo.InDevFolderLocator/CORE]: Got mod coordinates dndturnTests%%D:\javaProjects\dndturn26.1\targets\neoforge-26.1\build\classes\java\main;dndturnTests%%D:\javaProjects\dndturn26.1\targets\neoforge-26.1\build\resources\main;dndturnTests%%D:\javaProjects\dndturn26.1\common\build\classes\java\main;dndturnTests%%D:\javaProjects\dndturn26.1\targets\neoforge-26.1\build\classes\java\compatTest;dndturnTests%%D:\javaProjects\dndturn26.1\targets\neoforge-26.1\build\resources\compatTest;dndturnTests%%D:\javaProjects\dndturn26.1\targets\neoforge-26.1\build\classes\java\gameTest;dndturnTests%%D:\javaProjects\dndturn26.1\targets\neoforge-26.1\build\resources\gameTest from env
[18:12:24] [main/INFO] [ne.ne.fm.lo.mo.lo.JarInJarDependencyLocator/]: Found 2 dependencies adding them to mods collection
[18:12:24] [main/INFO] [ne.ne.fm.lo.mo.ModDiscoverer/]: 
     Mod List:
		Name Version (Mod Id)

		ApricityUI 1.2.5 (apricityui)
		DNDTurn 1.0.0-SNAPSHOT (dndturn)
		Minecraft 26.1.2 (minecraft)
		NeoForge 26.1.2.84 (neoforge)
[18:12:25] [main/INFO] [mixin/]: SpongePowered MIXIN Subsystem Version=0.8.7 Source=file:/C:/Users/RNaim/.gradle/caches/modules-2/files-2.1/net.fabricmc/sponge-mixin/0.17.3+mixin.0.8.7/41c4a3984a80f4679e759fb9f495587acc5cdac7/sponge-mixin-0.17.3+mixin.0.8.7.jar Service=FML Env=SERVER
[18:12:25] [main/INFO] [ne.ne.fm.lo.FMLLoader/]: Loading FML Plugins:
[18:12:25] [main/INFO] [ne.ne.fm.lo.FMLLoader/]:  - C:/Users/RNaim/.gradle/caches/modules-2/files-2.1/net.neoforged/neoforge/26.1.2.84/b725526a2fab2163b9a0a8ce89d435d7cd5d8a88/neoforge-26.1.2.84-universal.jar > net.neoforged.neoforge-coremods-26.1.2.84.jar
[18:12:25] [main/INFO] [ne.ne.fm.lo.FMLLoader/]: Building game content classloader:
 - apricityui (jar(C:/Users/RNaim/.gradle/caches/modules-2/files-2.1/maven.modrinth/apricityui/wwrdhxiM/d4311449e5b1cdc9a59e33a7f2b02435d7441546/apricityui-wwrdhxiM.jar))
 - dndturn (composite(folder(D:/javaProjects/dndturn26.1/targets/neoforge-26.1/build/classes/java/main), folder(D:/javaProjects/dndturn26.1/targets/neoforge-26.1/build/resources/main), folder(D:/javaProjects/dndturn26.1/common/build/classes/java/main), folder(D:/javaProjects/dndturn26.1/targets/neoforge-26.1/build/classes/java/compatTest), folder(D:/javaProjects/dndturn26.1/targets/neoforge-26.1/build/classes/java/gameTest), folder(D:/javaProjects/dndturn26.1/targets/neoforge-26.1/build/resources/gameTest)))
 - minecraft (composite(filtered(jar(D:/javaProjects/dndturn26.1/targets/neoforge-26.1/build/moddev/artifacts/minecraft-patched-26.1.2.84.jar)), filtered(jar(D:/javaProjects/dndturn26.1/targets/neoforge-26.1/build/moddev/artifacts/minecraft-patched-26.1.2.84.jar))))
 - mixinextras.neoforge (jar(C:/Users/RNaim/.gradle/caches/modules-2/files-2.1/net.neoforged/neoforge/26.1.2.84/b725526a2fab2163b9a0a8ce89d435d7cd5d8a88/neoforge-26.1.2.84-universal.jar > mixinextras-neoforge-0.5.4.jar))
 - neoforge (composite(filtered(jar(C:/Users/RNaim/.gradle/caches/modules-2/files-2.1/net.neoforged/neoforge/26.1.2.84/b725526a2fab2163b9a0a8ce89d435d7cd5d8a88/neoforge-26.1.2.84-universal.jar))))
 - net.neoforged.fml.generated (empty(VirtualJar/net.neoforged.fml.generated))
[18:12:25] [main/INFO] [ne.ne.fm.lo.FMLLoader/]: Built game content classloader in 15ms
[18:12:25] [main/INFO] [mixin/]: Compatibility level set to JAVA_25
[18:12:25] [main/WARN] [mixin/]: Reference map 'apricityui.refmap.json' for apricityui.mixins.json could not be read. If this is a development environment you can ignore this message
[18:12:25] [main/INFO] [minecraft/GameTestMainUtil]: Running GameTestMain with cwd 'D:\javaProjects\dndturn26.1\targets\neoforge-26.1\build\gametest-run', universe path 'gametestserver'
[18:12:25] [main/INFO] [MixinExtras|Service/]: Initializing MixinExtras via com.llamalad7.mixinextras.service.MixinExtrasServiceImpl(version=0.5.4).
[18:12:27] [modloading-worker-0/INFO] [ne.ne.ne.co.NeoForgeMod/NEOFORGE-MOD]: NeoForge mod loading, version 26.1.2.84, for MC 26.1.2
[18:12:27] [modloading-sync-worker/INFO] [co.si.ap.ne.ap.NetworkAutoRegistration/]: [NetworkAutoReg] Metadata scan found: 4 | added: 4 | skipped: 0
[18:12:28] [main/INFO] [minecraft/RecipeManager]: Loaded 1515 recipes
[18:12:28] [main/INFO] [minecraft/AdvancementTree]: Loaded 1617 advancements
[18:12:28] [main/INFO] [ne.ne.ne.co.cr.RecipePriorityManager/]: Loaded 0 recipe priority overrides
[18:12:28] [Server thread/INFO] [minecraft/LoggingLevelLoadListener]: Selecting global world spawn...
[18:12:28] [Server thread/INFO] [minecraft/LoggingLevelLoadListener]: Loading 0 persistent chunks...
[18:12:28] [Server thread/INFO] [minecraft/LoggingLevelLoadListener]: Preparing spawn area: 100%
[18:12:28] [Server thread/INFO] [minecraft/LoggingLevelLoadListener]: Time elapsed: 166 ms
[18:12:28] [Server thread/INFO] [minecraft/GameTestServer]: Started game test server
[18:12:28] [Server thread/INFO] [ne.ne.ne.se.pe.PermissionAPI/]: Successfully initialized permission handler neoforge:default_handler
[18:12:28] [Server thread/INFO] [minecraft/GameTestServer]: 63 tests are now running at position 12886640, -59, -11733311!
[18:12:29] [Server thread/INFO] [minecraft/GameTestRunner]: Running test environment 'dndturn:prototype_environment_loop' batch 0 (1 tests)...
[18:12:29] [Server thread/INFO] [minecraft/GameTestServer]: [                                                               ]
[18:12:29] [Server thread/INFO] [minecraft/GameTestServer]: [                                                               ]
[18:12:29] [Server thread/INFO] [minecraft/GameTestServer]: [                                                               ]
[18:12:29] [Server thread/INFO] [minecraft/GameTestServer]: [                                                               ]
[18:12:29] [Server thread/INFO] [minecraft/GameTestServer]: [                                                               ]
[18:12:29] [Server thread/INFO] [minecraft/GameTestServer]: [                                                               ]
[18:12:29] [Server thread/INFO] [minecraft/GameTestServer]: [                                                               ]
[18:12:29] [Server thread/INFO] [minecraft/GameTestServer]: [                                                               ]
[18:12:29] [Server thread/INFO] [minecraft/GameTestServer]: [                                                               ]
[18:12:29] [Server thread/INFO] [minecraft/GameTestServer]: [                                                               ]
[18:12:29] [Server thread/INFO] [minecraft/GameTestServer]: [                                                               ]
[18:12:29] [Server thread/INFO] [minecraft/GameTestServer]: [                                                               ]
[18:12:29] [Server thread/INFO] [minecraft/GameTestServer]: [                                                               ]
[18:12:29] [Server thread/INFO] [minecraft/GameTestServer]: [                                                               ]
[18:12:29] [Server thread/INFO] [minecraft/GameTestServer]: [                                                               ]
[18:12:29] [Server thread/INFO] [minecraft/GameTestServer]: [                                                               ]
[18:12:29] [Server thread/INFO] [minecraft/GameTestServer]: [_                                                              ]
[18:12:29] [Server thread/INFO] [minecraft/GameTestServer]: [_                                                              ]
[18:12:29] [Server thread/INFO] [minecraft/PlayerList]: test-mock-player[embedded] logged in with entity id 1 at (0.0, 0.0, 0.0)
[18:12:29] [Server thread/INFO] [minecraft/MinecraftServer]: test-mock-player joined the game
[18:12:29] [Server thread/INFO] [minecraft/GameTestRunner]: Running test environment 'dndturn:environment_tnt' batch 0 (1 tests)...
[18:12:30] [Server thread/INFO] [minecraft/PlayerList]: test-mock-player[embedded] logged in with entity id 3 at (0.0, 0.0, 0.0)
[18:12:30] [Server thread/INFO] [minecraft/MinecraftServer]: test-mock-player joined the game
[18:12:30] [Server thread/INFO] [minecraft/GameTestServer]: [+_                                                             ]
[18:12:30] [Server thread/INFO] [minecraft/GameTestServer]: [+_                                                             ]
[18:12:30] [Server thread/INFO] [minecraft/GameTestServer]: [+_                                                             ]
[18:12:30] [Server thread/INFO] [minecraft/GameTestServer]: [+_                                                             ]
[18:12:30] [Server thread/INFO] [minecraft/GameTestServer]: [+_                                                             ]
[18:12:30] [Server thread/INFO] [minecraft/GameTestServer]: [+_                                                             ]
[18:12:30] [Server thread/INFO] [minecraft/GameTestServer]: [+_                                                             ]
[18:12:30] [Server thread/INFO] [minecraft/GameTestServer]: [+_                                                             ]
[18:12:30] [Server thread/INFO] [minecraft/GameTestRunner]: Running test environment 'dndturn:participant_fire' batch 0 (1 tests)...
[18:12:30] [Server thread/INFO] [minecraft/GameTestServer]: [++                                                             ]
[18:12:30] [Server thread/INFO] [minecraft/PlayerList]: tactical-test[embedded] logged in with entity id 9 at (0.0, 0.0, 0.0)
[18:12:30] [Server thread/INFO] [minecraft/MinecraftServer]: tactical-test joined the game
[18:12:30] [Server thread/INFO] [minecraft/GameTestServer]: [++_                                                            ]
[18:12:30] [Server thread/INFO] [minecraft/GameTestServer]: [++_                                                            ]
[18:12:30] [Server thread/INFO] [minecraft/GameTestServer]: [++_                                                            ]
[18:12:30] [Server thread/INFO] [minecraft/GameTestRunner]: Running test environment 'dndturn:environment_circuits' batch 0 (1 tests)...
[18:12:30] [Server thread/INFO] [minecraft/PlayerList]: test-mock-player[embedded] logged in with entity id 11 at (0.0, 0.0, 0.0)
[18:12:30] [Server thread/INFO] [minecraft/MinecraftServer]: test-mock-player joined the game
[18:12:30] [Server thread/INFO] [minecraft/GameTestServer]: [+++_                                                           ]
[18:12:30] [Server thread/INFO] [minecraft/GameTestServer]: [+++_                                                           ]
[18:12:30] [Server thread/INFO] [minecraft/GameTestServer]: [+++_                                                           ]
[18:12:30] [Server thread/INFO] [minecraft/GameTestServer]: [+++_                                                           ]
[18:12:30] [Server thread/INFO] [minecraft/GameTestServer]: [+++_                                                           ]
[18:12:30] [Server thread/INFO] [minecraft/GameTestServer]: [+++_                                                           ]
[18:12:30] [Server thread/INFO] [minecraft/GameTestServer]: [+++_                                                           ]
[18:12:30] [Server thread/INFO] [minecraft/GameTestServer]: [+++_                                                           ]
[18:12:30] [Server thread/INFO] [minecraft/GameTestRunner]: Running test environment 'dndturn:participant_effects' batch 0 (1 tests)...
[18:12:30] [Server thread/INFO] [minecraft/GameTestServer]: [++++                                                           ]
[18:12:31] [Server thread/INFO] [minecraft/PlayerList]: tactical-test[embedded] logged in with entity id 13 at (0.0, 0.0, 0.0)
[18:12:31] [Server thread/INFO] [minecraft/MinecraftServer]: tactical-test joined the game
[18:12:31] [Server thread/INFO] [minecraft/GameTestServer]: [++++_                                                          ]
[18:12:31] [Server thread/INFO] [minecraft/GameTestServer]: [++++_                                                          ]
[18:12:31] [Server thread/INFO] [minecraft/GameTestServer]: [++++_                                                          ]
[18:12:31] [Server thread/INFO] [minecraft/GameTestServer]: [++++_                                                          ]
[18:12:31] [Server thread/INFO] [minecraft/GameTestServer]: [++++_                                                          ]
[18:12:31] [Server thread/INFO] [minecraft/GameTestServer]: [++++_                                                          ]
[18:12:31] [Server thread/INFO] [minecraft/GameTestServer]: [++++_                                                          ]
[18:12:31] [Server thread/INFO] [minecraft/GameTestServer]: [++++_                                                          ]
[18:12:31] [Server thread/INFO] [minecraft/GameTestServer]: [++++_                                                          ]
[18:12:31] [Server thread/INFO] [minecraft/GameTestServer]: [++++_                                                          ]
[18:12:31] [Server thread/INFO] [minecraft/GameTestServer]: [++++_                                                          ]
[18:12:31] [Server thread/INFO] [minecraft/GameTestServer]: [++++_                                                          ]
[18:12:31] [Server thread/INFO] [minecraft/GameTestServer]: [++++_                                                          ]
[18:12:31] [Server thread/INFO] [minecraft/GameTestServer]: [++++_                                                          ]
[18:12:31] [Server thread/INFO] [minecraft/MinecraftServer]: tactical-test withered away
[18:12:31] [Server thread/INFO] [minecraft/GameTestRunner]: Running test environment 'dndturn:discovery_cursor' batch 0 (1 tests)...
[18:12:31] [Server thread/INFO] [minecraft/GameTestServer]: [+++++                                                          ]
[18:12:31] [Server thread/INFO] [minecraft/GameTestServer]: [+++++                                                          ]
[18:12:31] [Server thread/INFO] [minecraft/GameTestServer]: [+++++                                                          ]
[18:12:31] [Server thread/INFO] [minecraft/GameTestServer]: [+++++                                                          ]
[18:12:31] [Server thread/INFO] [minecraft/GameTestServer]: [+++++                                                          ]
[18:12:31] [Server thread/INFO] [minecraft/GameTestServer]: [+++++                                                          ]
[18:12:31] [Server thread/INFO] [minecraft/GameTestServer]: [+++++                                                          ]
[18:12:31] [Server thread/INFO] [minecraft/GameTestServer]: [+++++                                                          ]
[18:12:31] [Server thread/INFO] [minecraft/GameTestServer]: [+++++_                                                         ]
[18:12:31] [Server thread/INFO] [minecraft/GameTestServer]: [+++++_                                                         ]
[18:12:31] [Server thread/INFO] [minecraft/GameTestRunner]: Running test environment 'dndturn:movement_regressions' batch 0 (1 tests)...
[18:12:31] [Server thread/INFO] [minecraft/GameTestServer]: [++++++_                                                        ]
[18:12:31] [Server thread/INFO] [minecraft/GameTestServer]: [++++++_                                                        ]
[18:12:31] [Server thread/INFO] [minecraft/GameTestServer]: [++++++_                                                        ]
[18:12:31] [Server thread/INFO] [minecraft/PlayerList]: tactical-test[embedded] logged in with entity id 95 at (0.0, 0.0, 0.0)
[18:12:31] [Server thread/INFO] [minecraft/MinecraftServer]: tactical-test joined the game
[18:12:31] [Server thread/INFO] [minecraft/GameTestRunner]: Running test environment 'dndturn:external_melee' batch 0 (1 tests)...
[18:12:31] [Server thread/INFO] [minecraft/PlayerList]: tactical-test[embedded] logged in with entity id 97 at (0.0, 0.0, 0.0)
[18:12:31] [Server thread/INFO] [minecraft/MinecraftServer]: tactical-test joined the game
[18:12:32] [Server thread/INFO] [minecraft/GameTestServer]: [+++++++_                                                       ]
[18:12:32] [Server thread/INFO] [minecraft/GameTestServer]: [+++++++_                                                       ]
[18:12:32] [Server thread/INFO] [minecraft/GameTestRunner]: Running test environment 'dndturn:environment_clock' batch 0 (1 tests)...
[18:12:32] [Server thread/INFO] [minecraft/PlayerList]: test-mock-player[embedded] logged in with entity id 99 at (0.0, 0.0, 0.0)
[18:12:32] [Server thread/INFO] [minecraft/MinecraftServer]: test-mock-player joined the game
[18:12:32] [Server thread/INFO] [minecraft/GameTestServer]: [++++++++_                                                      ]
[18:12:32] [Server thread/INFO] [minecraft/GameTestServer]: [++++++++_                                                      ]
[18:12:32] [Server thread/INFO] [minecraft/GameTestServer]: [++++++++_                                                      ]
[18:12:32] [Server thread/INFO] [minecraft/GameTestServer]: [++++++++_                                                      ]
[18:12:32] [Server thread/INFO] [minecraft/GameTestServer]: [++++++++_                                                      ]
[18:12:32] [Server thread/INFO] [minecraft/GameTestServer]: [++++++++_                                                      ]
[18:12:32] [Server thread/INFO] [minecraft/GameTestRunner]: Running test environment 'dndturn:consent_regressions' batch 0 (1 tests)...
[18:12:32] [Server thread/INFO] [minecraft/PlayerList]: exit-test-player[embedded] logged in with entity id 100 at (0.0, 0.0, 0.0)
[18:12:32] [Server thread/INFO] [minecraft/MinecraftServer]: exit-test-player joined the game
[18:12:32] [Server thread/INFO] [minecraft/PlayerList]: exit-test-player[embedded] logged in with entity id 101 at (0.0, 0.0, 0.0)
[18:12:32] [Server thread/INFO] [minecraft/MinecraftServer]: exit-test-player joined the game
[18:12:32] [Server thread/INFO] [minecraft/PlayerList]: exit-test-player[embedded] logged in with entity id 102 at (0.0, 0.0, 0.0)
[18:12:32] [Server thread/INFO] [minecraft/MinecraftServer]: exit-test-player joined the game
[18:12:32] [Server thread/INFO] [minecraft/GameTestServer]: [+++++++++_                                                     ]
[18:12:32] [Server thread/INFO] [minecraft/GameTestServer]: [+++++++++_                                                     ]
[18:12:32] [Server thread/INFO] [minecraft/GameTestServer]: [+++++++++_                                                     ]
[18:12:32] [Server thread/INFO] [minecraft/GameTestServer]: [+++++++++_                                                     ]
[18:12:32] [Server thread/INFO] [minecraft/GameTestServer]: [+++++++++_                                                     ]
[18:12:32] [Server thread/INFO] [minecraft/GameTestServer]: [+++++++++_                                                     ]
[18:12:32] [Server thread/INFO] [minecraft/GameTestServer]: [+++++++++_                                                     ]
[18:12:32] [Server thread/INFO] [minecraft/GameTestServer]: [+++++++++_                                                     ]
[18:12:32] [Server thread/INFO] [minecraft/GameTestServer]: [+++++++++_                                                     ]
[18:12:32] [Server thread/INFO] [minecraft/GameTestServer]: [+++++++++_                                                     ]
[18:12:32] [Server thread/INFO] [minecraft/GameTestServer]: [+++++++++_                                                     ]
[18:12:32] [Server thread/INFO] [minecraft/GameTestServer]: [+++++++++_                                                     ]
[18:12:32] [Server thread/INFO] [minecraft/GameTestServer]: [+++++++++_                                                     ]
[18:12:32] [Server thread/INFO] [minecraft/GameTestServer]: [+++++++++_                                                     ]
[18:12:32] [Server thread/INFO] [minecraft/GameTestServer]: [+++++++++_                                                     ]
[18:12:32] [Server thread/INFO] [minecraft/GameTestServer]: [+++++++++_                                                     ]
[18:12:32] [Server thread/INFO] [minecraft/GameTestServer]: [+++++++++_                                                     ]
[18:12:32] [Server thread/INFO] [minecraft/GameTestServer]: [+++++++++_                                                     ]
[18:12:32] [Server thread/INFO] [minecraft/GameTestServer]: [+++++++++_                                                     ]
[18:12:32] [Server thread/INFO] [minecraft/GameTestServer]: [+++++++++_                                                     ]
[18:12:32] [Server thread/INFO] [minecraft/GameTestServer]: [+++++++++_                                                     ]
[18:12:32] [Server thread/INFO] [minecraft/GameTestRunner]: Running test environment 'dndturn:native_melee' batch 0 (1 tests)...
[18:12:33] [Server thread/INFO] [minecraft/PlayerList]: tactical-test[embedded] logged in with entity id 105 at (0.0, 0.0, 0.0)
[18:12:33] [Server thread/INFO] [minecraft/MinecraftServer]: tactical-test joined the game
[18:12:33] [Server thread/INFO] [minecraft/GameTestServer]: [++++++++++_                                                    ]
[18:12:33] [Server thread/INFO] [minecraft/GameTestRunner]: Running test environment 'dndturn:scheduled_tick_hold' batch 0 (1 tests)...
[18:12:33] [Server thread/INFO] [minecraft/GameTestServer]: [+++++++++++_                                                   ]
[18:12:33] [Server thread/INFO] [minecraft/GameTestServer]: [+++++++++++_                                                   ]
[18:12:33] [Server thread/INFO] [minecraft/PlayerList]: test-mock-player[embedded] logged in with entity id 107 at (0.0, 0.0, 0.0)
[18:12:33] [Server thread/INFO] [minecraft/MinecraftServer]: test-mock-player joined the game
[18:12:33] [Server thread/INFO] [minecraft/GameTestRunner]: Running test environment 'dndturn:player_items' batch 0 (1 tests)...
[18:12:33] [Server thread/INFO] [minecraft/PlayerList]: tactical-test[embedded] logged in with entity id 109 at (0.0, 0.0, 0.0)
[18:12:33] [Server thread/INFO] [minecraft/MinecraftServer]: tactical-test joined the game
[18:12:33] [Server thread/INFO] [minecraft/MinecraftServer]: tactical-test has made the advancement [Wax On]
[18:12:33] [Server thread/ERROR] [minecraft/LogTestReporter]: dndturn:player_items failed at 12886680, -59, -11733299! brush did not begin: [Result[snapshot=Snapshot[operationId=43277b0e-63cd-4cf1-8728-f10010c09195, parentId=null, encounterId=d562b139-7185-4dac-b3ad-7cc4c73a570a, owner=8a4f8ebf-595b-4f19-9c2c-49b0afc2171f, source=8a4f8ebf-595b-4f19-9c2c-49b0afc2171f, target=null, serverTick=1975, encounterVersion=0, sourceCell=GridCell[x=13042681, y=93, z=-11733297], targetCell=GridCell[x=13042683, y=93, z=-11733297], kind=PLAN, observationEpoch=2140c4e9-c2df-486d-8250-7342ddfd4e90, intent=TacticalIntent[behaviorId=dndturn:brush, behaviorVersion=1, hand=MAIN_HAND, capability=USE_ITEM, target=Target[kind=BLOCK, dimension=minecraft:overworld, entity=null, cell=GridCell[x=13042683, y=93, z=-11733297], face=1, x=0.5, y=1.0, z=0.5], item=ItemReference[slot=0, revision=3336b36c66cd2e7c76c9e9c54fcff3cf4add8193786be3e5c772d7c1c316df8f], source=AbilitySource[kind=EQUIPMENT, hand=MAIN_HAND, item=ItemReference[slot=0, revision=3336b36c66cd2e7c76c9e9c54fcff3cf4add8193786be3e5c772d7c1c316df8f], provider=null, version=0, actor=null, instance=null, grant=null], approach=null]], step=0, outcome=INTERRUPTED, reason=brush ray no longer matches selected target, actualMovementTicks=0, actualDamage=0.0, publishedVersion=2, terminal=true, damageTrace=null, conclusion=ExecutionConclusion[effect=INTERRUPTED, release=RELEASED, releaseReason=], failure=Details[code=REJECTED, retry=NONE]]] on tick 4
[18:12:33] [Server thread/INFO] [minecraft/GameTestRunner]: Running test environment 'dndturn:merge_discovery_expansion' batch 0 (1 tests)...
[18:12:33] [Server thread/INFO] [minecraft/GameTestServer]: [++++++++++++X_                                                 ]
[18:12:33] [Server thread/INFO] [minecraft/PlayerList]: test-mock-player[embedded] logged in with entity id 111 at (0.0, 0.0, 0.0)
[18:12:33] [Server thread/INFO] [minecraft/MinecraftServer]: test-mock-player joined the game
[18:12:33] [Server thread/INFO] [minecraft/PlayerList]: test-mock-player[embedded] logged in with entity id 113 at (0.0, 0.0, 0.0)
[18:12:33] [Server thread/INFO] [minecraft/MinecraftServer]: test-mock-player joined the game
[18:12:33] [Server thread/INFO] [minecraft/PlayerList]: test-mock-player[embedded] logged in with entity id 115 at (0.0, 0.0, 0.0)
[18:12:33] [Server thread/INFO] [minecraft/MinecraftServer]: test-mock-player joined the game
[18:12:33] [Server thread/INFO] [minecraft/GameTestServer]: [++++++++++++X_                                                 ]
[18:12:33] [Server thread/INFO] [minecraft/GameTestServer]: [++++++++++++X_                                                 ]
[18:12:33] [Server thread/INFO] [minecraft/GameTestServer]: [++++++++++++X_                                                 ]
[18:12:33] [Server thread/INFO] [minecraft/GameTestServer]: [++++++++++++X_                                                 ]
[18:12:33] [Server thread/INFO] [minecraft/GameTestRunner]: Running test environment 'dndturn:movement_lease_exit' batch 0 (1 tests)...
[18:12:33] [Server thread/INFO] [minecraft/GameTestServer]: [++++++++++++X+_                                                ]
[18:12:33] [Server thread/INFO] [minecraft/GameTestServer]: [++++++++++++X+_                                                ]
[18:12:33] [Server thread/INFO] [minecraft/GameTestServer]: [++++++++++++X+_                                                ]
[18:12:33] [Server thread/INFO] [minecraft/PlayerList]: test-mock-player[embedded] logged in with entity id 118 at (0.0, 0.0, 0.0)
[18:12:33] [Server thread/INFO] [minecraft/MinecraftServer]: test-mock-player joined the game
[18:12:33] [Server thread/INFO] [minecraft/GameTestRunner]: Running test environment 'dndturn:environment_processes' batch 0 (1 tests)...
[18:12:34] [Server thread/INFO] [minecraft/PlayerList]: test-mock-player[embedded] logged in with entity id 120 at (0.0, 0.0, 0.0)
[18:12:34] [Server thread/INFO] [minecraft/MinecraftServer]: test-mock-player joined the game
[18:12:34] [Server thread/INFO] [minecraft/GameTestServer]: [++++++++++++X++_                                               ]
[18:12:34] [Server thread/INFO] [minecraft/GameTestServer]: [++++++++++++X++_                                               ]
[18:12:34] [Server thread/INFO] [minecraft/GameTestRunner]: Running test environment 'dndturn:environment_classification' batch 0 (1 tests)...
[18:12:34] [Server thread/INFO] [minecraft/PlayerList]: test-mock-player[embedded] logged in with entity id 124 at (0.0, 0.0, 0.0)
[18:12:34] [Server thread/INFO] [minecraft/MinecraftServer]: test-mock-player joined the game
[18:12:34] [Server thread/INFO] [minecraft/GameTestServer]: [++++++++++++X+++_                                              ]
[18:12:34] [Server thread/INFO] [minecraft/GameTestServer]: [++++++++++++X+++_                                              ]
[18:12:34] [Server thread/INFO] [minecraft/GameTestServer]: [++++++++++++X+++_                                              ]
[18:12:34] [Server thread/INFO] [minecraft/GameTestRunner]: Running test environment 'dndturn:environment_domains' batch 0 (1 tests)...
[18:12:34] [Server thread/INFO] [minecraft/PlayerList]: test-mock-player[embedded] logged in with entity id 128 at (0.0, 0.0, 0.0)
[18:12:34] [Server thread/INFO] [minecraft/MinecraftServer]: test-mock-player joined the game
[18:12:34] [Server thread/INFO] [minecraft/PlayerList]: test-mock-player[embedded] logged in with entity id 129 at (0.0, 0.0, 0.0)
[18:12:34] [Server thread/INFO] [minecraft/MinecraftServer]: test-mock-player joined the game
[18:12:34] [Server thread/INFO] [minecraft/GameTestServer]: [++++++++++++X++++_                                             ]
[18:12:34] [Server thread/WARN] [cc.si.dn.co.EnvironmentExplosion/]: ENVIRONMENT_DOMAIN_MISMATCH step=8ba1ecf5-bde2-46c6-8637-a0b4ac5948ed source=19f0a55b-d581-4e60-8ba7-f66ac2281422 rejectedEntities=1 rejectedBlocks=13
[18:12:34] [Server thread/INFO] [minecraft/GameTestRunner]: Running test environment 'dndturn:player_item_projectiles' batch 0 (1 tests)...
[18:12:34] [Server thread/INFO] [minecraft/GameTestServer]: [++++++++++++X+++++                                             ]
[18:12:34] [Server thread/INFO] [minecraft/PlayerList]: tactical-test[embedded] logged in with entity id 136 at (0.0, 0.0, 0.0)
[18:12:34] [Server thread/INFO] [minecraft/MinecraftServer]: tactical-test joined the game
[18:12:34] [Server thread/ERROR] [minecraft/LogTestReporter]: dndturn:player_item_projectiles failed at 12886660, -59, -11733287! Cannot invoke "net.minecraft.world.entity.Entity.position()" because "projectile" is null
[18:12:34] [Server thread/INFO] [minecraft/GameTestRunner]: Running test environment 'dndturn:player_only_start' batch 0 (1 tests)...
[18:12:34] [Server thread/INFO] [minecraft/PlayerList]: test-mock-player[embedded] logged in with entity id 139 at (0.0, 0.0, 0.0)
[18:12:34] [Server thread/INFO] [minecraft/MinecraftServer]: test-mock-player joined the game
[18:12:35] [Server thread/INFO] [minecraft/GameTestServer]: [++++++++++++X+++++X_                                           ]
[18:12:35] [Server thread/INFO] [minecraft/GameTestServer]: [++++++++++++X+++++X_                                           ]
[18:12:35] [Server thread/INFO] [minecraft/GameTestServer]: [++++++++++++X+++++X_                                           ]
[18:12:35] [Server thread/INFO] [minecraft/GameTestRunner]: Running test environment 'minecraft:default' batch 0 (21 tests)...
[18:12:35] [Server thread/INFO] [minecraft/PlayerList]: test-mock-player[embedded] logged in with entity id 143 at (0.0, 0.0, 0.0)
[18:12:35] [Server thread/INFO] [minecraft/MinecraftServer]: test-mock-player joined the game
[18:12:35] [Server thread/INFO] [minecraft/PlayerList]: candidate-review-player[embedded] logged in with entity id 145 at (0.0, 0.0, 0.0)
[18:12:35] [Server thread/INFO] [minecraft/MinecraftServer]: candidate-review-player joined the game
[18:12:35] [Server thread/INFO] [minecraft/PlayerList]: test-mock-player[embedded] logged in with entity id 148 at (0.0, 0.0, 0.0)
[18:12:35] [Server thread/INFO] [minecraft/MinecraftServer]: test-mock-player joined the game
[18:12:35] [Server thread/INFO] [minecraft/PlayerList]: test-mock-player[embedded] logged in with entity id 150 at (0.0, 0.0, 0.0)
[18:12:35] [Server thread/INFO] [minecraft/MinecraftServer]: test-mock-player joined the game
[18:12:35] [Server thread/INFO] [minecraft/PlayerList]: test-mock-player[embedded] logged in with entity id 151 at (0.0, 0.0, 0.0)
[18:12:35] [Server thread/INFO] [minecraft/MinecraftServer]: test-mock-player joined the game
[18:12:35] [Server thread/INFO] [minecraft/MinecraftServer]: tactical-test was slain by Zombie
[18:12:35] [Server thread/INFO] [minecraft/PlayerList]: exit-test-player[embedded] logged in with entity id 155 at (0.0, 0.0, 0.0)
[18:12:35] [Server thread/INFO] [minecraft/MinecraftServer]: exit-test-player joined the game
[18:12:35] [Server thread/INFO] [minecraft/PlayerList]: exit-test-player[embedded] logged in with entity id 157 at (0.0, 0.0, 0.0)
[18:12:35] [Server thread/INFO] [minecraft/MinecraftServer]: exit-test-player joined the game
[18:12:35] [Server thread/INFO] [minecraft/PlayerList]: tactical-test[embedded] logged in with entity id 158 at (0.0, 0.0, 0.0)
[18:12:35] [Server thread/INFO] [minecraft/MinecraftServer]: tactical-test joined the game
[18:12:35] [Server thread/INFO] [minecraft/PlayerList]: test-mock-player[embedded] logged in with entity id 162 at (0.0, 0.0, 0.0)
[18:12:35] [Server thread/INFO] [minecraft/MinecraftServer]: test-mock-player joined the game
[18:12:36] [Server thread/ERROR] [cc.si.dn.co.ServerCombatService/]: Combat save cannot be safely restored; preserving it and disabling new encounters
java.lang.IllegalArgumentException: active encounter lacks captured settings or session sequence
	at TRANSFORMER/dndturn@1.0.0-SNAPSHOT/cc.sighs.dndturn.combat.CombatRecoveryCandidate.validate(CombatRecoveryCandidate.java:13) ~[main/:?] {}
	at TRANSFORMER/dndturn@1.0.0-SNAPSHOT/cc.sighs.dndturn.combat.ServerCombatService.<init>(ServerCombatService.java:298) [main/:?] {}
	at TRANSFORMER/dndturn@1.0.0-SNAPSHOT/cc.sighs.dndturn.combat.ServerCombatService.restoreForGameTest(ServerCombatService.java:384) [main/:?] {}
	at TRANSFORMER/dndturn@1.0.0-SNAPSHOT/cc.sighs.dndturn.gametest.RepairGameTests.values(RepairGameTests.java:124) [main/:?] {}
	at TRANSFORMER/minecraft@26.1.2/net.minecraft.gametest.framework.FunctionGameTestInstance.run(FunctionGameTestInstance.java:34) [minecraft-patched-26.1.2.84.jar:?] {}
	at TRANSFORMER/minecraft@26.1.2/net.minecraft.gametest.framework.GameTestInfo.startTest(GameTestInfo.java:163) [minecraft-patched-26.1.2.84.jar:?] {neoforge:access_transformer}
	at TRANSFORMER/minecraft@26.1.2/net.minecraft.gametest.framework.GameTestInfo.tickInternal(GameTestInfo.java:119) [minecraft-patched-26.1.2.84.jar:?] {neoforge:access_transformer}
	at TRANSFORMER/minecraft@26.1.2/net.minecraft.gametest.framework.GameTestInfo.tick(GameTestInfo.java:104) [minecraft-patched-26.1.2.84.jar:?] {neoforge:access_transformer}
	at TRANSFORMER/minecraft@26.1.2/net.minecraft.gametest.framework.GameTestTicker.lambda$tick$0(GameTestTicker.java:47) [minecraft-patched-26.1.2.84.jar:?] {}
	at java.base/java.util.concurrent.CopyOnWriteArrayList.forEach(CopyOnWriteArrayList.java:905) [?:?] {}
	at TRANSFORMER/minecraft@26.1.2/net.minecraft.gametest.framework.GameTestTicker.tick(GameTestTicker.java:47) [minecraft-patched-26.1.2.84.jar:?] {}
	at TRANSFORMER/minecraft@26.1.2/net.minecraft.server.MinecraftServer.tickChildren(MinecraftServer.java:1171) [minecraft-patched-26.1.2.84.jar:?] {neoforge:access_transformer,neoforge:access_transformer,neoforge:mixin[APP:dndturn.mixins.json:MinecraftServerWorldTickBoundaryMixin from mod dndturn]}
	at TRANSFORMER/minecraft@26.1.2/net.minecraft.server.MinecraftServer.tickServer(MinecraftServer.java:1003) [minecraft-patched-26.1.2.84.jar:?] {neoforge:access_transformer,neoforge:access_transformer,neoforge:mixin[APP:dndturn.mixins.json:MinecraftServerWorldTickBoundaryMixin from mod dndturn]}
	at TRANSFORMER/minecraft@26.1.2/net.minecraft.gametest.framework.GameTestServer.tickServer(GameTestServer.java:255) [minecraft-patched-26.1.2.84.jar:?] {}
	at TRANSFORMER/minecraft@26.1.2/net.minecraft.server.MinecraftServer.processPacketsAndTick(MinecraftServer.java:1035) [minecraft-patched-26.1.2.84.jar:?] {neoforge:access_transformer,neoforge:access_transformer,neoforge:mixin[APP:dndturn.mixins.json:MinecraftServerWorldTickBoundaryMixin from mod dndturn]}
	at TRANSFORMER/minecraft@26.1.2/net.minecraft.server.MinecraftServer.runServer(MinecraftServer.java:776) [minecraft-patched-26.1.2.84.jar:?] {neoforge:access_transformer,neoforge:access_transformer,neoforge:mixin[APP:dndturn.mixins.json:MinecraftServerWorldTickBoundaryMixin from mod dndturn]}
	at TRANSFORMER/minecraft@26.1.2/net.minecraft.server.MinecraftServer.lambda$spin$0(MinecraftServer.java:300) [minecraft-patched-26.1.2.84.jar:?] {neoforge:access_transformer,neoforge:access_transformer,neoforge:mixin[APP:dndturn.mixins.json:MinecraftServerWorldTickBoundaryMixin from mod dndturn]}
	at java.base/java.lang.Thread.run(Thread.java:1474) [?:?] {}
[18:12:36] [Server thread/INFO] [minecraft/PlayerList]: test-mock-player[embedded] logged in with entity id 170 at (0.0, 0.0, 0.0)
[18:12:36] [Server thread/INFO] [minecraft/MinecraftServer]: test-mock-player joined the game
[18:12:36] [Server thread/WARN] [cc.si.dn.co.ServerCombatService/]: Restored encounter ca5b481e-17f3-4082-8deb-c6535c5094bb released: membersPresent=false unknownOperations=1
[18:12:36] [Server thread/INFO] [minecraft/PlayerList]: test-mock-player[embedded] logged in with entity id 172 at (0.0, 0.0, 0.0)
[18:12:36] [Server thread/INFO] [minecraft/MinecraftServer]: test-mock-player joined the game
[18:12:36] [Server thread/INFO] [minecraft/PlayerList]: test-mock-player[embedded] logged in with entity id 176 at (0.0, 0.0, 0.0)
[18:12:36] [Server thread/INFO] [minecraft/MinecraftServer]: test-mock-player joined the game
[18:12:36] [Server thread/INFO] [minecraft/MinecraftServer]: test-mock-player has made the advancement [Monster Hunter]
[18:12:36] [Server thread/INFO] [minecraft/PlayerList]: test-mock-player[embedded] logged in with entity id 182 at (0.0, 0.0, 0.0)
[18:12:36] [Server thread/INFO] [minecraft/MinecraftServer]: test-mock-player joined the game
[18:12:36] [Server thread/INFO] [minecraft/PlayerList]: test-mock-player[embedded] logged in with entity id 184 at (0.0, 0.0, 0.0)
[18:12:36] [Server thread/INFO] [minecraft/MinecraftServer]: test-mock-player joined the game
[18:12:36] [Server thread/INFO] [minecraft/PlayerList]: test-mock-player[embedded] logged in with entity id 186 at (0.0, 0.0, 0.0)
[18:12:36] [Server thread/INFO] [minecraft/MinecraftServer]: test-mock-player joined the game
[18:12:36] [Server thread/INFO] [minecraft/GameTestServer]: [++++++++++++X+++++X++___++++++++_++_+_++_                      ]
[18:12:36] [Server thread/INFO] [minecraft/GameTestServer]: [++++++++++++X+++++X+++++++++++++_++_+++++                      ]
[18:12:36] [Server thread/INFO] [minecraft/PlayerList]: test-mock-player[embedded] logged in with entity id 193 at (0.0, 0.0, 0.0)
[18:12:36] [Server thread/INFO] [minecraft/MinecraftServer]: test-mock-player joined the game
[18:12:36] [Server thread/INFO] [minecraft/GameTestServer]: [++++++++++++X+++++X+++++++++++++_++_+++++                      ]
[18:12:36] [Server thread/INFO] [minecraft/GameTestServer]: [++++++++++++X+++++X++++++++++++++++_+++++                      ]
[18:12:36] [Server thread/INFO] [minecraft/GameTestServer]: [++++++++++++X+++++X++++++++++++++++_+++++                      ]
[18:12:36] [Server thread/INFO] [minecraft/GameTestServer]: [++++++++++++X+++++X++++++++++++++++_+++++                      ]
[18:12:36] [Server thread/INFO] [minecraft/GameTestServer]: [++++++++++++X+++++X++++++++++++++++_+++++                      ]
[18:12:36] [Server thread/INFO] [minecraft/GameTestServer]: [++++++++++++X+++++X++++++++++++++++_+++++                      ]
[18:12:36] [Server thread/INFO] [minecraft/GameTestRunner]: Running test environment 'dndturn:tactical_ranged' batch 0 (1 tests)...
[18:12:36] [Server thread/INFO] [minecraft/GameTestServer]: [++++++++++++X+++++X++++++++++++++++++++++_                     ]
[18:12:37] [Server thread/INFO] [minecraft/GameTestServer]: [++++++++++++X+++++X++++++++++++++++++++++_                     ]
[18:12:37] [Server thread/INFO] [minecraft/GameTestServer]: [++++++++++++X+++++X++++++++++++++++++++++_                     ]
[18:12:37] [Server thread/INFO] [minecraft/PlayerList]: test-mock-player[embedded] logged in with entity id 194 at (0.0, 0.0, 0.0)
[18:12:37] [Server thread/INFO] [minecraft/MinecraftServer]: test-mock-player joined the game
[18:12:37] [Server thread/INFO] [minecraft/GameTestServer]: [++++++++++++X+++++X++++++++++++++++++++++_                     ]
[18:12:37] [Server thread/INFO] [minecraft/GameTestServer]: [++++++++++++X+++++X++++++++++++++++++++++_                     ]
[18:12:37] [Server thread/INFO] [minecraft/GameTestRunner]: Running test environment 'dndturn:arrow_regressions' batch 0 (9 tests)...
[18:12:37] [Server thread/INFO] [minecraft/PlayerList]: test-mock-player[embedded] logged in with entity id 203 at (0.0, 0.0, 0.0)
[18:12:37] [Server thread/INFO] [minecraft/MinecraftServer]: test-mock-player joined the game
[18:12:37] [Server thread/INFO] [minecraft/PlayerList]: test-mock-player[embedded] logged in with entity id 204 at (0.0, 0.0, 0.0)
[18:12:37] [Server thread/INFO] [minecraft/MinecraftServer]: test-mock-player joined the game
[18:12:37] [Server thread/INFO] [minecraft/PlayerList]: test-mock-player[embedded] logged in with entity id 207 at (0.0, 0.0, 0.0)
[18:12:37] [Server thread/INFO] [minecraft/MinecraftServer]: test-mock-player joined the game
[18:12:37] [Server thread/INFO] [minecraft/PlayerList]: test-mock-player[embedded] logged in with entity id 208 at (0.0, 0.0, 0.0)
[18:12:37] [Server thread/INFO] [minecraft/MinecraftServer]: test-mock-player joined the game
[18:12:37] [Server thread/INFO] [minecraft/PlayerList]: test-mock-player[embedded] logged in with entity id 211 at (0.0, 0.0, 0.0)
[18:12:37] [Server thread/INFO] [minecraft/MinecraftServer]: test-mock-player joined the game
[18:12:37] [Server thread/INFO] [minecraft/PlayerList]: test-mock-player[embedded] logged in with entity id 212 at (0.0, 0.0, 0.0)
[18:12:37] [Server thread/INFO] [minecraft/MinecraftServer]: test-mock-player joined the game
[18:12:37] [Server thread/INFO] [minecraft/PlayerList]: test-mock-player[embedded] logged in with entity id 215 at (0.0, 0.0, 0.0)
[18:12:37] [Server thread/INFO] [minecraft/MinecraftServer]: test-mock-player joined the game
[18:12:37] [Server thread/INFO] [minecraft/PlayerList]: test-mock-player[embedded] logged in with entity id 216 at (0.0, 0.0, 0.0)
[18:12:37] [Server thread/INFO] [minecraft/MinecraftServer]: test-mock-player joined the game
[18:12:37] [Server thread/INFO] [minecraft/PlayerList]: test-mock-player[embedded] logged in with entity id 219 at (0.0, 0.0, 0.0)
[18:12:37] [Server thread/INFO] [minecraft/MinecraftServer]: test-mock-player joined the game
[18:12:37] [Server thread/INFO] [minecraft/PlayerList]: test-mock-player[embedded] logged in with entity id 220 at (0.0, 0.0, 0.0)
[18:12:37] [Server thread/INFO] [minecraft/MinecraftServer]: test-mock-player joined the game
[18:12:38] [Server thread/INFO] [minecraft/PlayerList]: test-mock-player[embedded] logged in with entity id 223 at (0.0, 0.0, 0.0)
[18:12:38] [Server thread/INFO] [minecraft/MinecraftServer]: test-mock-player joined the game
[18:12:38] [Server thread/INFO] [minecraft/PlayerList]: test-mock-player[embedded] logged in with entity id 224 at (0.0, 0.0, 0.0)
[18:12:38] [Server thread/INFO] [minecraft/MinecraftServer]: test-mock-player joined the game
[18:12:38] [Server thread/INFO] [minecraft/GameTestServer]: [++++++++++++X+++++X+++++++++++++++++++++++______+__            ]
[18:12:38] [Server thread/INFO] [minecraft/PlayerList]: test-mock-player[embedded] logged in with entity id 240 at (0.0, 0.0, 0.0)
[18:12:38] [Server thread/INFO] [minecraft/MinecraftServer]: test-mock-player joined the game
[18:12:38] [Server thread/INFO] [minecraft/PlayerList]: test-mock-player[embedded] logged in with entity id 241 at (0.0, 0.0, 0.0)
[18:12:38] [Server thread/INFO] [minecraft/MinecraftServer]: test-mock-player joined the game
[18:12:38] [Server thread/INFO] [minecraft/GameTestServer]: [++++++++++++X+++++X+++++++++++++++++++++++__+_+++++            ]
[18:12:38] [Server thread/INFO] [minecraft/GameTestServer]: [++++++++++++X+++++X+++++++++++++++++++++++__+_+++++            ]
[18:12:38] [Server thread/INFO] [minecraft/GameTestServer]: [++++++++++++X+++++X+++++++++++++++++++++++__+_+++++            ]
[18:12:38] [Server thread/INFO] [minecraft/GameTestServer]: [++++++++++++X+++++X+++++++++++++++++++++++__+_+++++            ]
[18:12:38] [Server thread/INFO] [minecraft/GameTestServer]: [++++++++++++X+++++X+++++++++++++++++++++++__+_+++++            ]
[18:12:38] [Server thread/INFO] [minecraft/MinecraftServer]: exit-test-player was slain by Zombie
[18:12:38] [Server thread/INFO] [minecraft/GameTestServer]: [++++++++++++X+++++X+++++++++++++++++++++++__+_+++++            ]
[18:12:38] [Server thread/INFO] [minecraft/GameTestServer]: [++++++++++++X+++++X+++++++++++++++++++++++__+_+++++            ]
[18:12:38] [Server thread/INFO] [minecraft/GameTestServer]: [++++++++++++X+++++X+++++++++++++++++++++++__+_+++++            ]
[18:12:38] [Server thread/INFO] [minecraft/GameTestServer]: [++++++++++++X+++++X+++++++++++++++++++++++__+_+++++            ]
[18:12:38] [Server thread/INFO] [minecraft/GameTestRunner]: Running test environment 'dndturn:tactical_snowball' batch 0 (1 tests)...
[18:12:39] [Server thread/INFO] [minecraft/GameTestServer]: [++++++++++++X+++++X++++++++++++++++++++++++++++++++_           ]
[18:12:39] [Server thread/INFO] [minecraft/GameTestServer]: [++++++++++++X+++++X++++++++++++++++++++++++++++++++_           ]
[18:12:39] [Server thread/INFO] [minecraft/PlayerList]: test-mock-player[embedded] logged in with entity id 246 at (0.0, 0.0, 0.0)
[18:12:39] [Server thread/INFO] [minecraft/MinecraftServer]: test-mock-player joined the game
[18:12:39] [Server thread/INFO] [minecraft/GameTestServer]: [++++++++++++X+++++X++++++++++++++++++++++++++++++++_           ]
[18:12:39] [Server thread/INFO] [minecraft/GameTestRunner]: Running test environment 'dndturn:merge_world_boundary' batch 0 (1 tests)...
[18:12:39] [Server thread/INFO] [minecraft/GameTestServer]: [++++++++++++X+++++X+++++++++++++++++++++++++++++++++           ]
[18:12:39] [Server thread/INFO] [minecraft/PlayerList]: test-mock-player[embedded] logged in with entity id 249 at (0.0, 0.0, 0.0)
[18:12:39] [Server thread/INFO] [minecraft/MinecraftServer]: test-mock-player joined the game
[18:12:39] [Server thread/INFO] [minecraft/PlayerList]: test-mock-player[embedded] logged in with entity id 250 at (0.0, 0.0, 0.0)
[18:12:39] [Server thread/INFO] [minecraft/MinecraftServer]: test-mock-player joined the game
[18:12:39] [Server thread/INFO] [minecraft/GameTestRunner]: Running test environment 'dndturn:tactical_plan' batch 0 (1 tests)...
[18:12:39] [Server thread/INFO] [minecraft/PlayerList]: test-mock-player[embedded] logged in with entity id 260 at (0.0, 0.0, 0.0)
[18:12:39] [Server thread/INFO] [minecraft/MinecraftServer]: test-mock-player joined the game
[18:12:39] [Server thread/INFO] [minecraft/GameTestServer]: [++++++++++++X+++++X++++++++++++++++++++++++++++++++++_         ]
[18:12:39] [Server thread/INFO] [minecraft/GameTestServer]: [++++++++++++X+++++X++++++++++++++++++++++++++++++++++_         ]
[18:12:39] [Server thread/INFO] [minecraft/MinecraftServer]: test-mock-player has made the advancement [Isn't It Iron Pick]
[18:12:39] [Server thread/INFO] [minecraft/GameTestServer]: [++++++++++++X+++++X++++++++++++++++++++++++++++++++++_         ]
[18:12:39] [Server thread/INFO] [minecraft/GameTestRunner]: Running test environment 'dndturn:action_preview' batch 0 (1 tests)...
[18:12:40] [Server thread/INFO] [minecraft/PlayerList]: tactical-test[embedded] logged in with entity id 267 at (0.0, 0.0, 0.0)
[18:12:40] [Server thread/INFO] [minecraft/MinecraftServer]: tactical-test joined the game
action_preview flat A*: slices=4, charged probes=73
[18:12:40] [Server thread/INFO] [minecraft/MinecraftServer]: tactical-test has made the advancement [Take Aim]
[18:12:40] [Server thread/INFO] [minecraft/GameTestRunner]: Running test environment 'dndturn:tactical_crossbow' batch 0 (1 tests)...
[18:12:40] [Server thread/INFO] [minecraft/GameTestServer]: [++++++++++++X+++++X++++++++++++++++++++++++++++++++++++_       ]
[18:12:40] [Server thread/INFO] [minecraft/GameTestServer]: [++++++++++++X+++++X++++++++++++++++++++++++++++++++++++_       ]
[18:12:40] [Server thread/INFO] [minecraft/GameTestServer]: [++++++++++++X+++++X++++++++++++++++++++++++++++++++++++_       ]
[18:12:40] [Server thread/INFO] [minecraft/PlayerList]: test-mock-player[embedded] logged in with entity id 274 at (0.0, 0.0, 0.0)
[18:12:40] [Server thread/INFO] [minecraft/MinecraftServer]: test-mock-player joined the game
[18:12:40] [Server thread/INFO] [minecraft/GameTestServer]: [++++++++++++X+++++X++++++++++++++++++++++++++++++++++++_       ]
[18:12:40] [Server thread/INFO] [minecraft/GameTestServer]: [++++++++++++X+++++X++++++++++++++++++++++++++++++++++++_       ]
[18:12:40] [Server thread/INFO] [minecraft/MinecraftServer]: test-mock-player has made the advancement [Ol' Betsy]
[18:12:40] [Server thread/INFO] [minecraft/GameTestRunner]: Running test environment 'dndturn:tactical_behaviors' batch 0 (3 tests)...
[18:12:40] [Server thread/INFO] [minecraft/PlayerList]: test-mock-player[embedded] logged in with entity id 277 at (0.0, 0.0, 0.0)
[18:12:40] [Server thread/INFO] [minecraft/MinecraftServer]: test-mock-player joined the game
[18:12:41] [Server thread/INFO] [minecraft/PlayerList]: test-mock-player[embedded] logged in with entity id 280 at (0.0, 0.0, 0.0)
[18:12:41] [Server thread/INFO] [minecraft/MinecraftServer]: test-mock-player joined the game
[18:12:41] [Server thread/INFO] [minecraft/PlayerList]: test-mock-player[embedded] logged in with entity id 282 at (0.0, 0.0, 0.0)
[18:12:41] [Server thread/INFO] [minecraft/MinecraftServer]: test-mock-player joined the game
[18:12:41] [Server thread/INFO] [minecraft/MinecraftServer]: test-mock-player has made the advancement [Monster Hunter]
[18:12:41] [Server thread/INFO] [minecraft/LivingEntity]: Named entity Zombie['Behavior target'/278, l='ServerLevel[Test Level]', x=12947662.50, y=93.00, z=-11733224.50] died: death.attack.dndturn.tactical
[18:12:41] [Server thread/INFO] [minecraft/GameTestServer]: [++++++++++++X+++++X+++++++++++++++++++++++++++++++++++++__+    ]
[18:12:41] [Server thread/INFO] [minecraft/GameTestServer]: [++++++++++++X+++++X+++++++++++++++++++++++++++++++++++++__+    ]
[18:12:41] [Server thread/INFO] [minecraft/GameTestServer]: [++++++++++++X+++++X+++++++++++++++++++++++++++++++++++++__+    ]
[18:12:41] [Server thread/INFO] [minecraft/GameTestServer]: [++++++++++++X+++++X+++++++++++++++++++++++++++++++++++++_++    ]
[18:12:41] [Server thread/INFO] [minecraft/GameTestRunner]: Running test environment 'dndturn:body_control' batch 0 (1 tests)...
[18:12:42] [Server thread/INFO] [minecraft/PlayerList]: tactical-test[embedded] logged in with entity id 289 at (0.0, 0.0, 0.0)
[18:12:42] [Server thread/INFO] [minecraft/MinecraftServer]: tactical-test joined the game
[18:12:42] [Server thread/INFO] [minecraft/GameTestServer]: [++++++++++++X+++++X++++++++++++++++++++++++++++++++++++++++_   ]
[18:12:42] [Server thread/INFO] [minecraft/GameTestServer]: [++++++++++++X+++++X++++++++++++++++++++++++++++++++++++++++_   ]
[18:12:42] [Server thread/INFO] [minecraft/GameTestRunner]: Running test environment 'dndturn:restart_history' batch 0 (1 tests)...
[18:12:42] [Server thread/INFO] [minecraft/PlayerList]: tactical-test[embedded] logged in with entity id 294 at (0.0, 0.0, 0.0)
[18:12:42] [Server thread/INFO] [minecraft/MinecraftServer]: tactical-test joined the game
[18:12:42] [Server thread/INFO] [minecraft/GameTestServer]: [++++++++++++X+++++X+++++++++++++++++++++++++++++++++++++++++_  ]
[18:12:43] [Server thread/INFO] [minecraft/GameTestServer]: [++++++++++++X+++++X+++++++++++++++++++++++++++++++++++++++++_  ]
DNDTURN_RESTART_WRITE_READY encounter=252c7e6c-43c4-410a-862b-4c4b03255b61 operation=d62c22d6-e8d7-409b-941d-265bd20624da
[18:12:43] [Server thread/INFO] [minecraft/GameTestRunner]: Running test environment 'dndturn:navigation_regressions' batch 0 (1 tests)...
[18:12:43] [Server thread/INFO] [minecraft/GameTestServer]: [++++++++++++X+++++X++++++++++++++++++++++++++++++++++++++++++_ ]
[18:12:43] [Server thread/INFO] [minecraft/PlayerList]: tactical-test[embedded] logged in with entity id 296 at (0.0, 0.0, 0.0)
[18:12:43] [Server thread/INFO] [minecraft/MinecraftServer]: tactical-test joined the game
[18:12:43] [Server thread/INFO] [minecraft/GameTestServer]: [++++++++++++X+++++X++++++++++++++++++++++++++++++++++++++++++_ ]
[18:12:43] [Server thread/INFO] [minecraft/GameTestRunner]: Running test environment 'dndturn:environment_boundary_time' batch 0 (1 tests)...
[18:12:43] [Server thread/INFO] [minecraft/PlayerList]: test-mock-player[embedded] logged in with entity id 298 at (0.0, 0.0, 0.0)
[18:12:43] [Server thread/INFO] [minecraft/MinecraftServer]: test-mock-player joined the game
[18:12:43] [Server thread/INFO] [minecraft/GameTestServer]: [++++++++++++X+++++X+++++++++++++++++++++++++++++++++++++++++++_]
[18:12:43] [Server thread/INFO] [minecraft/GameTestServer]: [++++++++++++X+++++X+++++++++++++++++++++++++++++++++++++++++++_]
[18:12:43] [Server thread/INFO] [minecraft/GameTestServer]: [++++++++++++X+++++X+++++++++++++++++++++++++++++++++++++++++++_]
[18:12:43] [Server thread/INFO] [minecraft/GameTestServer]: [++++++++++++X+++++X+++++++++++++++++++++++++++++++++++++++++++_]
[18:12:43] [Server thread/INFO] [minecraft/GameTestServer]: [++++++++++++X+++++X++++++++++++++++++++++++++++++++++++++++++++]
[18:12:43] [Server thread/INFO] [minecraft/GameTestServer]: ========= 63 GAME TESTS COMPLETE IN 14.61 s ======================
[18:12:43] [Server thread/ERROR] [minecraft/GameTestServer]: 2 required tests failed :(
[18:12:43] [Server thread/ERROR] [minecraft/GameTestServer]:    - dndturn:player_items: brush did not begin: [Result[snapshot=Snapshot[operationId=43277b0e-63cd-4cf1-8728-f10010c09195, parentId=null, encounterId=d562b139-7185-4dac-b3ad-7cc4c73a570a, owner=8a4f8ebf-595b-4f19-9c2c-49b0afc2171f, source=8a4f8ebf-595b-4f19-9c2c-49b0afc2171f, target=null, serverTick=1975, encounterVersion=0, sourceCell=GridCell[x=13042681, y=93, z=-11733297], targetCell=GridCell[x=13042683, y=93, z=-11733297], kind=PLAN, observationEpoch=2140c4e9-c2df-486d-8250-7342ddfd4e90, intent=TacticalIntent[behaviorId=dndturn:brush, behaviorVersion=1, hand=MAIN_HAND, capability=USE_ITEM, target=Target[kind=BLOCK, dimension=minecraft:overworld, entity=null, cell=GridCell[x=13042683, y=93, z=-11733297], face=1, x=0.5, y=1.0, z=0.5], item=ItemReference[slot=0, revision=3336b36c66cd2e7c76c9e9c54fcff3cf4add8193786be3e5c772d7c1c316df8f], source=AbilitySource[kind=EQUIPMENT, hand=MAIN_HAND, item=ItemReference[slot=0, revision=3336b36c66cd2e7c76c9e9c54fcff3cf4add8193786be3e5c772d7c1c316df8f], provider=null, version=0, actor=null, instance=null, grant=null], approach=null]], step=0, outcome=INTERRUPTED, reason=brush ray no longer matches selected target, actualMovementTicks=0, actualDamage=0.0, publishedVersion=2, terminal=true, damageTrace=null, conclusion=ExecutionConclusion[effect=INTERRUPTED, release=RELEASED, releaseReason=], failure=Details[code=REJECTED, retry=NONE]]] on tick 4
[18:12:43] [Server thread/ERROR] [minecraft/GameTestServer]:    - dndturn:player_item_projectiles: Unknown internal error: Cannot invoke "net.minecraft.world.entity.Entity.position()" because "projectile" is null
[18:12:43] [Server thread/INFO] [minecraft/GameTestServer]: ====================================================
[18:12:43] [Server thread/INFO] [minecraft/MinecraftServer]: Stopping server
[18:12:43] [Server thread/INFO] [minecraft/MinecraftServer]: Saving players
[18:12:43] [Server thread/INFO] [minecraft/ServerGamePacketListenerImpl]: test-mock-player lost connection: Server closed
[18:12:43] [Server thread/INFO] [minecraft/MinecraftServer]: test-mock-player left the game
[18:12:43] [Server thread/INFO] [minecraft/ServerGamePacketListenerImpl]: tactical-test lost connection: Server closed
[18:12:43] [Server thread/INFO] [minecraft/MinecraftServer]: tactical-test left the game
[18:12:43] [Server thread/INFO] [minecraft/ServerGamePacketListenerImpl]: tactical-test lost connection: Server closed
[18:12:43] [Server thread/INFO] [minecraft/MinecraftServer]: tactical-test left the game
[18:12:43] [Server thread/INFO] [minecraft/ServerGamePacketListenerImpl]: tactical-test lost connection: Server closed
[18:12:43] [Server thread/INFO] [minecraft/MinecraftServer]: tactical-test left the game
[18:12:43] [Server thread/INFO] [minecraft/ServerGamePacketListenerImpl]: exit-test-player lost connection: Server closed
[18:12:43] [Server thread/INFO] [minecraft/MinecraftServer]: exit-test-player left the game
[18:12:43] [Server thread/INFO] [minecraft/ServerGamePacketListenerImpl]: exit-test-player lost connection: Server closed
[18:12:43] [Server thread/INFO] [minecraft/MinecraftServer]: exit-test-player left the game
[18:12:43] [Server thread/INFO] [minecraft/ServerGamePacketListenerImpl]: test-mock-player lost connection: Server closed
[18:12:43] [Server thread/INFO] [minecraft/MinecraftServer]: test-mock-player left the game
[18:12:43] [Server thread/INFO] [minecraft/ServerGamePacketListenerImpl]: test-mock-player lost connection: Server closed
[18:12:43] [Server thread/INFO] [minecraft/MinecraftServer]: test-mock-player left the game
[18:12:43] [Server thread/INFO] [minecraft/ServerGamePacketListenerImpl]: test-mock-player lost connection: Server closed
[18:12:43] [Server thread/INFO] [minecraft/MinecraftServer]: test-mock-player left the game
[18:12:43] [Server thread/INFO] [minecraft/ServerGamePacketListenerImpl]: test-mock-player lost connection: Server closed
[18:12:43] [Server thread/INFO] [minecraft/MinecraftServer]: test-mock-player left the game
[18:12:43] [Server thread/INFO] [minecraft/ServerGamePacketListenerImpl]: test-mock-player lost connection: Server closed
[18:12:43] [Server thread/INFO] [minecraft/MinecraftServer]: test-mock-player left the game
[18:12:43] [Server thread/INFO] [minecraft/ServerGamePacketListenerImpl]: tactical-test lost connection: Server closed
[18:12:43] [Server thread/INFO] [minecraft/MinecraftServer]: tactical-test left the game
[18:12:43] [Server thread/INFO] [minecraft/ServerGamePacketListenerImpl]: test-mock-player lost connection: Server closed
[18:12:43] [Server thread/INFO] [minecraft/MinecraftServer]: test-mock-player left the game
[18:12:43] [Server thread/INFO] [minecraft/ServerGamePacketListenerImpl]: test-mock-player lost connection: Server closed
[18:12:43] [Server thread/INFO] [minecraft/MinecraftServer]: test-mock-player left the game
[18:12:43] [Server thread/INFO] [minecraft/ServerGamePacketListenerImpl]: test-mock-player lost connection: Server closed
[18:12:43] [Server thread/INFO] [minecraft/MinecraftServer]: test-mock-player left the game
[18:12:43] [Server thread/INFO] [minecraft/ServerGamePacketListenerImpl]: exit-test-player lost connection: Server closed
[18:12:43] [Server thread/INFO] [minecraft/MinecraftServer]: exit-test-player left the game
[18:12:43] [Server thread/INFO] [minecraft/ServerGamePacketListenerImpl]: test-mock-player lost connection: Server closed
[18:12:43] [Server thread/INFO] [minecraft/MinecraftServer]: test-mock-player left the game
[18:12:43] [Server thread/INFO] [minecraft/ServerGamePacketListenerImpl]: test-mock-player lost connection: Server closed
[18:12:43] [Server thread/INFO] [minecraft/MinecraftServer]: test-mock-player left the game
[18:12:43] [Server thread/INFO] [minecraft/ServerGamePacketListenerImpl]: test-mock-player lost connection: Server closed
[18:12:43] [Server thread/INFO] [minecraft/MinecraftServer]: test-mock-player left the game
[18:12:43] [Server thread/INFO] [minecraft/ServerGamePacketListenerImpl]: test-mock-player lost connection: Server closed
[18:12:43] [Server thread/INFO] [minecraft/MinecraftServer]: test-mock-player left the game
[18:12:43] [Server thread/INFO] [minecraft/ServerGamePacketListenerImpl]: test-mock-player lost connection: Server closed
[18:12:43] [Server thread/INFO] [minecraft/MinecraftServer]: test-mock-player left the game
[18:12:43] [Server thread/INFO] [minecraft/ServerGamePacketListenerImpl]: test-mock-player lost connection: Server closed
[18:12:43] [Server thread/INFO] [minecraft/MinecraftServer]: test-mock-player left the game
[18:12:43] [Server thread/INFO] [minecraft/ServerGamePacketListenerImpl]: test-mock-player lost connection: Server closed
[18:12:43] [Server thread/INFO] [minecraft/MinecraftServer]: test-mock-player left the game
[18:12:43] [Server thread/INFO] [minecraft/ServerGamePacketListenerImpl]: test-mock-player lost connection: Server closed
[18:12:43] [Server thread/INFO] [minecraft/MinecraftServer]: test-mock-player left the game
[18:12:43] [Server thread/INFO] [minecraft/ServerGamePacketListenerImpl]: test-mock-player lost connection: Server closed
[18:12:43] [Server thread/INFO] [minecraft/MinecraftServer]: test-mock-player left the game
[18:12:43] [Server thread/INFO] [minecraft/ServerGamePacketListenerImpl]: test-mock-player lost connection: Server closed
[18:12:43] [Server thread/INFO] [minecraft/MinecraftServer]: test-mock-player left the game
[18:12:43] [Server thread/INFO] [minecraft/ServerGamePacketListenerImpl]: test-mock-player lost connection: Server closed
[18:12:43] [Server thread/INFO] [minecraft/MinecraftServer]: test-mock-player left the game
[18:12:43] [Server thread/INFO] [minecraft/ServerGamePacketListenerImpl]: test-mock-player lost connection: Server closed
[18:12:43] [Server thread/INFO] [minecraft/MinecraftServer]: test-mock-player left the game
[18:12:43] [Server thread/INFO] [minecraft/ServerGamePacketListenerImpl]: test-mock-player lost connection: Server closed
[18:12:43] [Server thread/INFO] [minecraft/MinecraftServer]: test-mock-player left the game
[18:12:43] [Server thread/INFO] [minecraft/ServerGamePacketListenerImpl]: test-mock-player lost connection: Server closed
[18:12:43] [Server thread/INFO] [minecraft/MinecraftServer]: test-mock-player left the game
[18:12:43] [Server thread/INFO] [minecraft/ServerGamePacketListenerImpl]: test-mock-player lost connection: Server closed
[18:12:43] [Server thread/INFO] [minecraft/MinecraftServer]: test-mock-player left the game
[18:12:43] [Server thread/INFO] [minecraft/ServerGamePacketListenerImpl]: test-mock-player lost connection: Server closed
[18:12:43] [Server thread/INFO] [minecraft/MinecraftServer]: test-mock-player left the game
[18:12:43] [Server thread/INFO] [minecraft/ServerGamePacketListenerImpl]: tactical-test lost connection: Server closed
[18:12:43] [Server thread/INFO] [minecraft/MinecraftServer]: tactical-test left the game
[18:12:43] [Server thread/INFO] [minecraft/ServerGamePacketListenerImpl]: tactical-test lost connection: Server closed
[18:12:43] [Server thread/INFO] [minecraft/MinecraftServer]: tactical-test left the game
[18:12:43] [Server thread/INFO] [minecraft/MinecraftServer]: Saving worlds
[18:12:44] [Server thread/INFO] [minecraft/MinecraftServer]: Saving chunks for level 'ServerLevel[Test Level]'/minecraft:overworld
[18:12:44] [Server thread/INFO] [minecraft/MinecraftServer]: Saving chunks for level 'ServerLevel[Test Level]'/minecraft:the_nether
[18:12:44] [Server thread/INFO] [minecraft/MinecraftServer]: Saving chunks for level 'ServerLevel[Test Level]'/minecraft:the_end
[18:12:44] [Server thread/INFO] [minecraft/MinecraftServer]: ThreadedAnvilChunkStorage (world): All chunks are saved
[18:12:44] [Server thread/INFO] [minecraft/MinecraftServer]: ThreadedAnvilChunkStorage (DIM-1): All chunks are saved
[18:12:44] [Server thread/INFO] [minecraft/MinecraftServer]: ThreadedAnvilChunkStorage (DIM1): All chunks are saved
[18:12:44] [Server thread/INFO] [minecraft/MinecraftServer]: ThreadedAnvilChunkStorage: All dimensions are saved
[18:12:45] [Server thread/INFO] [minecraft/GameTestServer]: Game test server shutting down

> Task :runGameTestServer FAILED

[Incubating] Problems report is available at: file:///D:/javaProjects/dndturn26.1/targets/neoforge-26.1/build/reports/problems/problems-report.html

13 actionable tasks: 3 executed, 10 up-to-date
FAILURE: Build failed with an exception.

* What went wrong:
Execution failed for task ':runGameTestServer' (registered in build file 'build.gradle').
> Process 'command 'C:\Program Files\Java\jdk-25.0.3\bin\java.exe'' finished with non-zero exit value 2

* Try:
> Run with --stacktrace option to get the stack trace.
> Run with --info or --debug option to get more log output.
> Run with --scan to get full insights from a Build Scan (powered by Develocity).
> Get more help at https://help.gradle.org.

BUILD FAILED in 26s
