WARNING: A restricted method in java.lang.System has been called
WARNING: java.lang.System::load has been called by net.rubygrapefruit.platform.internal.NativeLibraryLoader in an unnamed module (file:/C:/Users/RNaim/.gradle/wrapper/dists/gradle-9.7.1-bin/1w1c7tv4s851m17nbqdsro2tv/gradle-9.7.1/lib/native-platform-0.22-milestone-29.jar)
WARNING: Use --enable-native-access=ALL-UNNAMED to avoid a warning for callers in this module
WARNING: Restricted methods will be blocked in a future release unless native access is enabled

To honour the JVM settings for this build a single-use Daemon process will be forked. For more on this, please refer to https://docs.gradle.org/9.7.1/userguide/gradle_daemon.html#sec:disabling_the_daemon in the Gradle documentation.
Daemon will be stopped at the end of the build 
> Task :common:compileJava
> Task :common:processResources NO-SOURCE
> Task :common:classes
> Task :common:jar
> Task :common:compileTestJava
> Task :common:processTestResources NO-SOURCE
> Task :common:testClasses
> Task :common:test
> Task :createMinecraftArtifacts UP-TO-DATE

> Task :compileJava
注: 某些输入文件使用或覆盖了已过时的 API。
注: 有关详细信息, 请使用 -Xlint:deprecation 重新编译。

> Task :processResources UP-TO-DATE
> Task :classes
> Task :compileCompatTestJava UP-TO-DATE
> Task :processCompatTestResources NO-SOURCE
> Task :compatTestClasses UP-TO-DATE

> Task :compileGameTestJava
D:\javaProjects\dndturn26.1\targets\neoforge-26.1\src\gameTest\java\cc\sighs\dndturn\combat\EnvironmentBoundaryTimeChecks.java:27: 警告: [removal] GameTestHelper 中的 makeMockServerPlayerInLevel() 已过时, 且标记为待删除
        var player = h.makeMockServerPlayerInLevel();
                      ^
D:\javaProjects\dndturn26.1\targets\neoforge-26.1\src\gameTest\java\cc\sighs\dndturn\combat\EnvironmentCircuitChecks.java:21: 警告: [removal] GameTestHelper 中的 makeMockServerPlayerInLevel() 已过时, 且标记为待删除
        var player=helper.makeMockServerPlayerInLevel();player.setPos(base.getX()+.5,base.getY(),base.getZ()+.5);
                         ^
D:\javaProjects\dndturn26.1\targets\neoforge-26.1\src\gameTest\java\cc\sighs\dndturn\combat\EnvironmentClassificationChecks.java:19: 警告: [removal] GameTestHelper 中的 makeMockServerPlayerInLevel() 已过时, 且标记为待删除
        var player = helper.makeMockServerPlayerInLevel();
                           ^
D:\javaProjects\dndturn26.1\targets\neoforge-26.1\src\gameTest\java\cc\sighs\dndturn\combat\EnvironmentClockChecks.java:18: 警告: [removal] GameTestHelper 中的 makeMockServerPlayerInLevel() 已过时, 且标记为待删除
        var player=helper.makeMockServerPlayerInLevel();player.setPos(base.getX()+.5,base.getY(),base.getZ()+.5);
                         ^
D:\javaProjects\dndturn26.1\targets\neoforge-26.1\src\gameTest\java\cc\sighs\dndturn\combat\EnvironmentDomainChecks.java:21: 警告: [removal] GameTestHelper 中的 makeMockServerPlayerInLevel() 已过时, 且标记为待删除
        var first=helper.makeMockServerPlayerInLevel();first.setPos(base.getX()+.5,base.getY(),base.getZ()+.5);
                        ^
D:\javaProjects\dndturn26.1\targets\neoforge-26.1\src\gameTest\java\cc\sighs\dndturn\combat\EnvironmentDomainChecks.java:22: 警告: [removal] GameTestHelper 中的 makeMockServerPlayerInLevel() 已过时, 且标记为待删除
        var second=helper.makeMockServerPlayerInLevel();second.setPos(base.getX()+20.5,base.getY(),base.getZ()+.5);
                         ^
D:\javaProjects\dndturn26.1\targets\neoforge-26.1\src\gameTest\java\cc\sighs\dndturn\combat\EnvironmentProcessChecks.java:33: 警告: [removal] GameTestHelper 中的 makeMockServerPlayerInLevel() 已过时, 且标记为待删除
        var player=helper.makeMockServerPlayerInLevel(); player.setPos(base.getX()+.5,base.getY(),base.getZ()+.5);
                         ^
D:\javaProjects\dndturn26.1\targets\neoforge-26.1\src\gameTest\java\cc\sighs\dndturn\combat\EnvironmentTntChecks.java:22: 警告: [removal] GameTestHelper 中的 makeMockServerPlayerInLevel() 已过时, 且标记为待删除
        var player=helper.makeMockServerPlayerInLevel(); player.setPos(base.getX()+.5,base.getY(),base.getZ()+.5);
                         ^
D:\javaProjects\dndturn26.1\targets\neoforge-26.1\src\gameTest\java\cc\sighs\dndturn\combat\MobAbilityLoopChecks.java:71: 警告: [removal] GameTestHelper 中的 makeMockServerPlayerInLevel() 已过时, 且标记为待删除
        var player = helper.makeMockServerPlayerInLevel();
                           ^
D:\javaProjects\dndturn26.1\targets\neoforge-26.1\src\gameTest\java\cc\sighs\dndturn\combat\MobPlanMovementChecks.java:23: 警告: [removal] GameTestHelper 中的 makeMockServerPlayerInLevel() 已过时, 且标记为待删除
        var player=helper.makeMockServerPlayerInLevel();
                         ^
D:\javaProjects\dndturn26.1\targets\neoforge-26.1\src\gameTest\java\cc\sighs\dndturn\gametest\LocalTimeGameTests.java:414: 警告: [removal] GameTestHelper 中的 makeMockServerPlayerInLevel() 已过时, 且标记为待删除
            ServerPlayer player = helper.makeMockServerPlayerInLevel();
                                        ^
D:\javaProjects\dndturn26.1\targets\neoforge-26.1\src\gameTest\java\cc\sighs\dndturn\gametest\LocalTimeGameTests.java:552: 警告: [removal] GameTestHelper 中的 makeMockServerPlayerInLevel() 已过时, 且标记为待删除
        ServerPlayer first = helper.makeMockServerPlayerInLevel();
                                   ^
D:\javaProjects\dndturn26.1\targets\neoforge-26.1\src\gameTest\java\cc\sighs\dndturn\gametest\LocalTimeGameTests.java:553: 警告: [removal] GameTestHelper 中的 makeMockServerPlayerInLevel() 已过时, 且标记为待删除
        ServerPlayer second = helper.makeMockServerPlayerInLevel();
                                    ^
D:\javaProjects\dndturn26.1\targets\neoforge-26.1\src\gameTest\java\cc\sighs\dndturn\gametest\LocalTimeGameTests.java:739: 警告: [removal] GameTestHelper 中的 makeMockServerPlayerInLevel() 已过时, 且标记为待删除
            ServerPlayer player = helper.makeMockServerPlayerInLevel();
                                        ^
D:\javaProjects\dndturn26.1\targets\neoforge-26.1\src\gameTest\java\cc\sighs\dndturn\gametest\LocalTimeGameTests.java:844: 警告: [removal] GameTestHelper 中的 makeMockServerPlayerInLevel() 已过时, 且标记为待删除
            ServerPlayer player = helper.makeMockServerPlayerInLevel();
                                        ^
D:\javaProjects\dndturn26.1\targets\neoforge-26.1\src\gameTest\java\cc\sighs\dndturn\gametest\LocalTimeGameTests.java:905: 警告: [removal] GameTestHelper 中的 makeMockServerPlayerInLevel() 已过时, 且标记为待删除
        ServerPlayer player = helper.makeMockServerPlayerInLevel();
                                    ^
D:\javaProjects\dndturn26.1\targets\neoforge-26.1\src\gameTest\java\cc\sighs\dndturn\gametest\LocalTimeGameTests.java:991: 警告: [removal] GameTestHelper 中的 makeMockServerPlayerInLevel() 已过时, 且标记为待删除
                players[i] = helper.makeMockServerPlayerInLevel();
                                   ^
D:\javaProjects\dndturn26.1\targets\neoforge-26.1\src\gameTest\java\cc\sighs\dndturn\gametest\LocalTimeGameTests.java:1062: 警告: [removal] GameTestHelper 中的 makeMockServerPlayerInLevel() 已过时, 且标记为待删除
            ServerPlayer firstPlayer = helper.makeMockServerPlayerInLevel();
                                             ^
D:\javaProjects\dndturn26.1\targets\neoforge-26.1\src\gameTest\java\cc\sighs\dndturn\gametest\LocalTimeGameTests.java:1063: 警告: [removal] GameTestHelper 中的 makeMockServerPlayerInLevel() 已过时, 且标记为待删除
            ServerPlayer secondPlayer = helper.makeMockServerPlayerInLevel();
                                              ^
D:\javaProjects\dndturn26.1\targets\neoforge-26.1\src\gameTest\java\cc\sighs\dndturn\gametest\LocalTimeGameTests.java:1240: 警告: [removal] GameTestHelper 中的 makeMockServerPlayerInLevel() 已过时, 且标记为待删除
        ServerPlayer player = helper.makeMockServerPlayerInLevel();
                                    ^
D:\javaProjects\dndturn26.1\targets\neoforge-26.1\src\gameTest\java\cc\sighs\dndturn\gametest\LocalTimeGameTests.java:1352: 警告: [removal] GameTestHelper 中的 makeMockServerPlayerInLevel() 已过时, 且标记为待删除
        ServerPlayer player = helper.makeMockServerPlayerInLevel();
                                    ^
D:\javaProjects\dndturn26.1\targets\neoforge-26.1\src\gameTest\java\cc\sighs\dndturn\gametest\LocalTimeGameTests.java:1363: 警告: [removal] GameTestHelper 中的 makeMockServerPlayerInLevel() 已过时, 且标记为待删除
        ServerPlayer other = helper.makeMockServerPlayerInLevel();
                                   ^
D:\javaProjects\dndturn26.1\targets\neoforge-26.1\src\gameTest\java\cc\sighs\dndturn\gametest\LocalTimeGameTests.java:1579: 警告: [removal] GameTestHelper 中的 makeMockServerPlayerInLevel() 已过时, 且标记为待删除
        ServerPlayer player = helper.makeMockServerPlayerInLevel();
                                    ^
D:\javaProjects\dndturn26.1\targets\neoforge-26.1\src\gameTest\java\cc\sighs\dndturn\gametest\LocalTimeGameTests.java:1621: 警告: [removal] GameTestHelper 中的 makeMockServerPlayerInLevel() 已过时, 且标记为待删除
            ServerPlayer player = helper.makeMockServerPlayerInLevel();
                                        ^
D:\javaProjects\dndturn26.1\targets\neoforge-26.1\src\gameTest\java\cc\sighs\dndturn\gametest\LocalTimeGameTests.java:1990: 警告: [removal] GameTestHelper 中的 makeMockServerPlayerInLevel() 已过时, 且标记为待删除
            ServerPlayer player = helper.makeMockServerPlayerInLevel();
                                        ^
D:\javaProjects\dndturn26.1\targets\neoforge-26.1\src\gameTest\java\cc\sighs\dndturn\gametest\LocalTimeGameTests.java:2055: 警告: [removal] GameTestHelper 中的 makeMockServerPlayerInLevel() 已过时, 且标记为待删除
            ServerPlayer player = helper.makeMockServerPlayerInLevel();
                                        ^
D:\javaProjects\dndturn26.1\targets\neoforge-26.1\src\gameTest\java\cc\sighs\dndturn\gametest\LocalTimeGameTests.java:2200: 警告: [removal] GameTestHelper 中的 makeMockServerPlayerInLevel() 已过时, 且标记为待删除
        ServerPlayer player = helper.makeMockServerPlayerInLevel();
                                    ^
D:\javaProjects\dndturn26.1\targets\neoforge-26.1\src\gameTest\java\cc\sighs\dndturn\gametest\LocalTimeGameTests.java:2260: 警告: [removal] GameTestHelper 中的 makeMockServerPlayerInLevel() 已过时, 且标记为待删除
        ServerPlayer player = helper.makeMockServerPlayerInLevel();
                                    ^
D:\javaProjects\dndturn26.1\targets\neoforge-26.1\src\gameTest\java\cc\sighs\dndturn\gametest\LocalTimeGameTests.java:2392: 警告: [removal] GameTestHelper 中的 makeMockServerPlayerInLevel() 已过时, 且标记为待删除
        ServerPlayer player = helper.makeMockServerPlayerInLevel();
                                    ^
D:\javaProjects\dndturn26.1\targets\neoforge-26.1\src\gameTest\java\cc\sighs\dndturn\gametest\RepairGameTests.java:127: 警告: [removal] GameTestHelper 中的 makeMockServerPlayerInLevel() 已过时, 且标记为待删除
        try { rejected.requestStart(helper.makeMockServerPlayerInLevel(), UUID.randomUUID()); }
                                          ^
D:\javaProjects\dndturn26.1\targets\neoforge-26.1\src\gameTest\java\cc\sighs\dndturn\gametest\RepairGameTests.java:228: 警告: [removal] GameTestHelper 中的 makeMockServerPlayerInLevel() 已过时, 且标记为待删除
        var player = helper.makeMockServerPlayerInLevel();
                           ^
D:\javaProjects\dndturn26.1\targets\neoforge-26.1\src\gameTest\java\cc\sighs\dndturn\gametest\TacticalPlanGameTests.java:15: 警告: [removal] GameTestHelper 中的 makeMockServerPlayerInLevel() 已过时, 且标记为待删除
        ServerPlayer player = helper.makeMockServerPlayerInLevel();
                                    ^
D:\javaProjects\dndturn26.1\targets\neoforge-26.1\src\gameTest\java\cc\sighs\dndturn\gametest\TacticalPlanGameTests.java:207: 警告: [removal] GameTestHelper 中的 makeMockServerPlayerInLevel() 已过时, 且标记为待删除
        var player = helper.makeMockServerPlayerInLevel(); var level = helper.getLevel();
                           ^
D:\javaProjects\dndturn26.1\targets\neoforge-26.1\src\gameTest\java\cc\sighs\dndturn\gametest\TacticalPlanGameTests.java:518: 警告: [removal] GameTestHelper 中的 makeMockServerPlayerInLevel() 已过时, 且标记为待删除
        var player = helper.makeMockServerPlayerInLevel();
                           ^
注: D:\javaProjects\dndturn26.1\targets\neoforge-26.1\src\gameTest\java\cc\sighs\dndturn\gametest\LocalTimeGameTests.java使用或覆盖了已过时的 API。
注: 有关详细信息, 请使用 -Xlint:deprecation 重新编译。
34 个警告

> Task :processGameTestResources
> Task :gameTestClasses
> Task :downloadAssets UP-TO-DATE
> Task :prepareGameTestServerRun UP-TO-DATE

2026-09-28T08:58:43.909373500Z main WARN Advanced terminal features are not available in this environment
> Task :runGameTestServer
[16:58:43] [main/INFO] [ne.ne.fm.st.Entrypoint/]: JVM Uptime at startup: 114ms
[16:58:43] [main/INFO] [ne.ne.fm.lo.FMLLoader/]: Starting FancyModLoader version 11.0.15 (DEDICATED_SERVER in DEV)
[16:58:44] [main/INFO] [ne.ne.fm.lo.FMLLoader/]: Game directory: D:\javaProjects\dndturn26.1\targets\neoforge-26.1\build\gametest-run
[16:58:44] [main/INFO] [ne.ne.fm.lo.EarlyServiceDiscovery/]: Found 2 early service jars (out of 109) in 15ms
[16:58:44] [main/INFO] [ne.ne.fm.lo.FMLLoader/]: Loading FML Early Services:
[16:58:44] [main/INFO] [ne.ne.fm.lo.FMLLoader/]:  - C:/Users/RNaim/.gradle/caches/modules-2/files-2.1/net.neoforged.fancymodloader/loader/11.0.15/69ddd98736a6b095783523404d1af8992842722/loader-11.0.15.jar
[16:58:44] [main/INFO] [ne.ne.fm.lo.FMLLoader/]:  - C:/Users/RNaim/.gradle/caches/modules-2/files-2.1/net.neoforged.fancymodloader/earlydisplay/11.0.15/b254aa4ec40828f8ce65411dcb7fb9f6ce008064/earlydisplay-11.0.15.jar
[16:58:44] [main/INFO] [ne.ne.fm.lo.ImmediateWindowHandler/]: Not loading early display in headless mode.
[16:58:44] [main/INFO] [ne.ne.fm.lo.mo.lo.GameLocator/]: Detected a joined NeoForge and Minecraft configuration. Applying filtering...
[16:58:44] [main/INFO] [ne.ne.fm.lo.mo.lo.InDevFolderLocator/CORE]: Got mod coordinates dndturnTests%%D:\javaProjects\dndturn26.1\targets\neoforge-26.1\build\classes\java\main;dndturnTests%%D:\javaProjects\dndturn26.1\targets\neoforge-26.1\build\resources\main;dndturnTests%%D:\javaProjects\dndturn26.1\common\build\classes\java\main;dndturnTests%%D:\javaProjects\dndturn26.1\targets\neoforge-26.1\build\classes\java\compatTest;dndturnTests%%D:\javaProjects\dndturn26.1\targets\neoforge-26.1\build\resources\compatTest;dndturnTests%%D:\javaProjects\dndturn26.1\targets\neoforge-26.1\build\classes\java\gameTest;dndturnTests%%D:\javaProjects\dndturn26.1\targets\neoforge-26.1\build\resources\gameTest from env
[16:58:44] [main/INFO] [ne.ne.fm.lo.mo.lo.JarInJarDependencyLocator/]: Found 2 dependencies adding them to mods collection
[16:58:44] [main/INFO] [ne.ne.fm.lo.mo.ModDiscoverer/]: 
     Mod List:
		Name Version (Mod Id)

		ApricityUI 1.2.5 (apricityui)
		DNDTurn 1.0.0-SNAPSHOT (dndturn)
		Minecraft 26.1.2 (minecraft)
		NeoForge 26.1.2.84 (neoforge)
[16:58:44] [main/INFO] [mixin/]: SpongePowered MIXIN Subsystem Version=0.8.7 Source=file:/C:/Users/RNaim/.gradle/caches/modules-2/files-2.1/net.fabricmc/sponge-mixin/0.17.3+mixin.0.8.7/41c4a3984a80f4679e759fb9f495587acc5cdac7/sponge-mixin-0.17.3+mixin.0.8.7.jar Service=FML Env=SERVER
[16:58:44] [main/INFO] [ne.ne.fm.lo.FMLLoader/]: Loading FML Plugins:
[16:58:44] [main/INFO] [ne.ne.fm.lo.FMLLoader/]:  - C:/Users/RNaim/.gradle/caches/modules-2/files-2.1/net.neoforged/neoforge/26.1.2.84/b725526a2fab2163b9a0a8ce89d435d7cd5d8a88/neoforge-26.1.2.84-universal.jar > net.neoforged.neoforge-coremods-26.1.2.84.jar
[16:58:44] [main/INFO] [ne.ne.fm.lo.FMLLoader/]: Building game content classloader:
 - apricityui (jar(C:/Users/RNaim/.gradle/caches/modules-2/files-2.1/maven.modrinth/apricityui/wwrdhxiM/d4311449e5b1cdc9a59e33a7f2b02435d7441546/apricityui-wwrdhxiM.jar))
 - dndturn (composite(folder(D:/javaProjects/dndturn26.1/targets/neoforge-26.1/build/classes/java/main), folder(D:/javaProjects/dndturn26.1/targets/neoforge-26.1/build/resources/main), folder(D:/javaProjects/dndturn26.1/common/build/classes/java/main), folder(D:/javaProjects/dndturn26.1/targets/neoforge-26.1/build/classes/java/compatTest), folder(D:/javaProjects/dndturn26.1/targets/neoforge-26.1/build/classes/java/gameTest), folder(D:/javaProjects/dndturn26.1/targets/neoforge-26.1/build/resources/gameTest)))
 - minecraft (composite(filtered(jar(D:/javaProjects/dndturn26.1/targets/neoforge-26.1/build/moddev/artifacts/minecraft-patched-26.1.2.84.jar)), filtered(jar(D:/javaProjects/dndturn26.1/targets/neoforge-26.1/build/moddev/artifacts/minecraft-patched-26.1.2.84.jar))))
 - mixinextras.neoforge (jar(C:/Users/RNaim/.gradle/caches/modules-2/files-2.1/net.neoforged/neoforge/26.1.2.84/b725526a2fab2163b9a0a8ce89d435d7cd5d8a88/neoforge-26.1.2.84-universal.jar > mixinextras-neoforge-0.5.4.jar))
 - neoforge (composite(filtered(jar(C:/Users/RNaim/.gradle/caches/modules-2/files-2.1/net.neoforged/neoforge/26.1.2.84/b725526a2fab2163b9a0a8ce89d435d7cd5d8a88/neoforge-26.1.2.84-universal.jar))))
 - net.neoforged.fml.generated (empty(VirtualJar/net.neoforged.fml.generated))
[16:58:44] [main/INFO] [ne.ne.fm.lo.FMLLoader/]: Built game content classloader in 15ms
[16:58:44] [main/INFO] [mixin/]: Compatibility level set to JAVA_25
[16:58:44] [main/WARN] [mixin/]: Reference map 'apricityui.refmap.json' for apricityui.mixins.json could not be read. If this is a development environment you can ignore this message
[16:58:44] [main/INFO] [minecraft/GameTestMainUtil]: Running GameTestMain with cwd 'D:\javaProjects\dndturn26.1\targets\neoforge-26.1\build\gametest-run', universe path 'gametestserver'
[16:58:44] [main/INFO] [MixinExtras|Service/]: Initializing MixinExtras via com.llamalad7.mixinextras.service.MixinExtrasServiceImpl(version=0.5.4).
[16:58:46] [modloading-worker-0/INFO] [ne.ne.ne.co.NeoForgeMod/NEOFORGE-MOD]: NeoForge mod loading, version 26.1.2.84, for MC 26.1.2
[16:58:46] [modloading-sync-worker/INFO] [co.si.ap.ne.ap.NetworkAutoRegistration/]: [NetworkAutoReg] Metadata scan found: 4 | added: 4 | skipped: 0
[16:58:47] [main/INFO] [minecraft/RecipeManager]: Loaded 1515 recipes
[16:58:47] [main/INFO] [minecraft/AdvancementTree]: Loaded 1617 advancements
[16:58:47] [main/INFO] [ne.ne.ne.co.cr.RecipePriorityManager/]: Loaded 0 recipe priority overrides
[16:58:48] [Server thread/INFO] [minecraft/LoggingLevelLoadListener]: Selecting global world spawn...
[16:58:48] [Server thread/INFO] [minecraft/LoggingLevelLoadListener]: Loading 0 persistent chunks...
[16:58:48] [Server thread/INFO] [minecraft/LoggingLevelLoadListener]: Preparing spawn area: 100%
[16:58:48] [Server thread/INFO] [minecraft/LoggingLevelLoadListener]: Time elapsed: 167 ms
[16:58:48] [Server thread/INFO] [minecraft/GameTestServer]: Started game test server
[16:58:48] [Server thread/INFO] [ne.ne.ne.se.pe.PermissionAPI/]: Successfully initialized permission handler neoforge:default_handler
[16:58:48] [Server thread/INFO] [minecraft/GameTestServer]: 61 tests are now running at position 3235969, -59, -13253369!
[16:58:48] [Server thread/INFO] [minecraft/GameTestRunner]: Running test environment 'dndturn:movement_regressions' batch 0 (1 tests)...
[16:58:48] [Server thread/INFO] [minecraft/GameTestServer]: [_                                                            ]
[16:58:48] [Server thread/INFO] [minecraft/GameTestServer]: [_                                                            ]
[16:58:49] [Server thread/INFO] [minecraft/PlayerList]: tactical-test[embedded] logged in with entity id 1 at (0.0, 0.0, 0.0)
[16:58:49] [Server thread/INFO] [minecraft/MinecraftServer]: tactical-test joined the game
[16:58:49] [Server thread/INFO] [minecraft/GameTestServer]: [_                                                            ]
[16:58:49] [Server thread/INFO] [minecraft/GameTestRunner]: Running test environment 'dndturn:arrow_regressions' batch 0 (9 tests)...
[16:58:49] [Server thread/INFO] [minecraft/PlayerList]: test-mock-player[embedded] logged in with entity id 3 at (0.0, 0.0, 0.0)
[16:58:49] [Server thread/INFO] [minecraft/MinecraftServer]: test-mock-player joined the game
[16:58:49] [Server thread/INFO] [minecraft/PlayerList]: test-mock-player[embedded] logged in with entity id 4 at (0.0, 0.0, 0.0)
[16:58:49] [Server thread/INFO] [minecraft/MinecraftServer]: test-mock-player joined the game
[16:58:49] [Server thread/INFO] [minecraft/PlayerList]: test-mock-player[embedded] logged in with entity id 7 at (0.0, 0.0, 0.0)
[16:58:49] [Server thread/INFO] [minecraft/MinecraftServer]: test-mock-player joined the game
[16:58:49] [Server thread/INFO] [minecraft/PlayerList]: test-mock-player[embedded] logged in with entity id 8 at (0.0, 0.0, 0.0)
[16:58:49] [Server thread/INFO] [minecraft/MinecraftServer]: test-mock-player joined the game
[16:58:49] [Server thread/INFO] [minecraft/PlayerList]: test-mock-player[embedded] logged in with entity id 11 at (0.0, 0.0, 0.0)
[16:58:49] [Server thread/INFO] [minecraft/MinecraftServer]: test-mock-player joined the game
[16:58:49] [Server thread/INFO] [minecraft/PlayerList]: test-mock-player[embedded] logged in with entity id 12 at (0.0, 0.0, 0.0)
[16:58:49] [Server thread/INFO] [minecraft/MinecraftServer]: test-mock-player joined the game
[16:58:49] [Server thread/INFO] [minecraft/PlayerList]: test-mock-player[embedded] logged in with entity id 15 at (0.0, 0.0, 0.0)
[16:58:49] [Server thread/INFO] [minecraft/MinecraftServer]: test-mock-player joined the game
[16:58:49] [Server thread/INFO] [minecraft/PlayerList]: test-mock-player[embedded] logged in with entity id 16 at (0.0, 0.0, 0.0)
[16:58:49] [Server thread/INFO] [minecraft/MinecraftServer]: test-mock-player joined the game
[16:58:49] [Server thread/INFO] [minecraft/PlayerList]: test-mock-player[embedded] logged in with entity id 22 at (0.0, 0.0, 0.0)
[16:58:49] [Server thread/INFO] [minecraft/MinecraftServer]: test-mock-player joined the game
[16:58:49] [Server thread/INFO] [minecraft/PlayerList]: test-mock-player[embedded] logged in with entity id 23 at (0.0, 0.0, 0.0)
[16:58:49] [Server thread/INFO] [minecraft/MinecraftServer]: test-mock-player joined the game
[16:58:49] [Server thread/INFO] [minecraft/PlayerList]: test-mock-player[embedded] logged in with entity id 27 at (0.0, 0.0, 0.0)
[16:58:49] [Server thread/INFO] [minecraft/MinecraftServer]: test-mock-player joined the game
[16:58:49] [Server thread/INFO] [minecraft/PlayerList]: test-mock-player[embedded] logged in with entity id 28 at (0.0, 0.0, 0.0)
[16:58:49] [Server thread/INFO] [minecraft/MinecraftServer]: test-mock-player joined the game
[16:58:50] [Server thread/INFO] [minecraft/PlayerList]: test-mock-player[embedded] logged in with entity id 30 at (0.0, 0.0, 0.0)
[16:58:50] [Server thread/INFO] [minecraft/MinecraftServer]: test-mock-player joined the game
[16:58:50] [Server thread/INFO] [minecraft/PlayerList]: test-mock-player[embedded] logged in with entity id 31 at (0.0, 0.0, 0.0)
[16:58:50] [Server thread/INFO] [minecraft/MinecraftServer]: test-mock-player joined the game
[16:58:50] [Server thread/INFO] [minecraft/GameTestServer]: [+__+_++__+                                                   ]
[16:58:50] [Server thread/INFO] [minecraft/GameTestServer]: [+__+_+++++                                                   ]
[16:58:50] [Server thread/INFO] [minecraft/GameTestServer]: [+__+_+++++                                                   ]
[16:58:50] [Server thread/INFO] [minecraft/GameTestServer]: [+__+_+++++                                                   ]
[16:58:50] [Server thread/INFO] [minecraft/GameTestServer]: [+__+_+++++                                                   ]
[16:58:50] [Server thread/INFO] [minecraft/GameTestServer]: [+__+_+++++                                                   ]
[16:58:50] [Server thread/INFO] [minecraft/GameTestServer]: [+__+_+++++                                                   ]
[16:58:50] [Server thread/INFO] [minecraft/GameTestServer]: [+__+_+++++                                                   ]
[16:58:50] [Server thread/INFO] [minecraft/MinecraftServer]: tactical-test was slain by Zombie
[16:58:50] [Server thread/INFO] [minecraft/GameTestServer]: [+__+_+++++                                                   ]
[16:58:50] [Server thread/INFO] [minecraft/GameTestRunner]: Running test environment 'dndturn:player_only_start' batch 0 (1 tests)...
[16:58:50] [Server thread/INFO] [minecraft/PlayerList]: test-mock-player[embedded] logged in with entity id 40 at (0.0, 0.0, 0.0)
[16:58:50] [Server thread/INFO] [minecraft/MinecraftServer]: test-mock-player joined the game
[16:58:50] [Server thread/INFO] [minecraft/GameTestServer]: [++++++++++_                                                  ]
[16:58:50] [Server thread/INFO] [minecraft/GameTestServer]: [++++++++++_                                                  ]
[16:58:50] [Server thread/INFO] [minecraft/GameTestServer]: [++++++++++_                                                  ]
[16:58:50] [Server thread/INFO] [minecraft/GameTestRunner]: Running test environment 'dndturn:tactical_behaviors' batch 0 (3 tests)...
[16:58:50] [Server thread/INFO] [minecraft/PlayerList]: test-mock-player[embedded] logged in with entity id 41 at (0.0, 0.0, 0.0)
[16:58:50] [Server thread/INFO] [minecraft/MinecraftServer]: test-mock-player joined the game
[16:58:51] [Server thread/INFO] [minecraft/PlayerList]: test-mock-player[embedded] logged in with entity id 43 at (0.0, 0.0, 0.0)
[16:58:51] [Server thread/INFO] [minecraft/MinecraftServer]: test-mock-player joined the game
[16:58:51] [Server thread/INFO] [minecraft/PlayerList]: test-mock-player[embedded] logged in with entity id 45 at (0.0, 0.0, 0.0)
[16:58:51] [Server thread/INFO] [minecraft/MinecraftServer]: test-mock-player joined the game
[16:58:51] [Server thread/INFO] [minecraft/GameTestServer]: [+++++++++++___                                               ]
[16:58:51] [Server thread/INFO] [minecraft/MinecraftServer]: test-mock-player has made the advancement [Monster Hunter]
[16:58:51] [Server thread/INFO] [minecraft/LivingEntity]: Named entity Zombie['Behavior target'/46, l='ServerLevel[Test Level]', x=3297021.50, y=93.00, z=-13253354.50] died: death.attack.dndturn.tactical
[16:58:51] [Server thread/INFO] [minecraft/GameTestServer]: [+++++++++++__+                                               ]
[16:58:51] [Server thread/INFO] [minecraft/GameTestServer]: [+++++++++++__+                                               ]
[16:58:52] [Server thread/INFO] [minecraft/GameTestServer]: [+++++++++++_++                                               ]
[16:58:52] [Server thread/INFO] [minecraft/GameTestRunner]: Running test environment 'dndturn:navigation_regressions' batch 0 (1 tests)...
[16:58:52] [Server thread/INFO] [minecraft/GameTestServer]: [++++++++++++++_                                              ]
[16:58:52] [Server thread/INFO] [minecraft/PlayerList]: tactical-test[embedded] logged in with entity id 50 at (0.0, 0.0, 0.0)
[16:58:52] [Server thread/INFO] [minecraft/MinecraftServer]: tactical-test joined the game
[16:58:52] [Server thread/INFO] [minecraft/GameTestServer]: [++++++++++++++_                                              ]
[16:58:52] [Server thread/INFO] [minecraft/GameTestRunner]: Running test environment 'dndturn:tactical_ranged' batch 0 (1 tests)...
[16:58:52] [Server thread/INFO] [minecraft/GameTestServer]: [+++++++++++++++_                                             ]
[16:58:52] [Server thread/INFO] [minecraft/GameTestServer]: [+++++++++++++++_                                             ]
[16:58:52] [Server thread/INFO] [minecraft/PlayerList]: test-mock-player[embedded] logged in with entity id 52 at (0.0, 0.0, 0.0)
[16:58:52] [Server thread/INFO] [minecraft/MinecraftServer]: test-mock-player joined the game
[16:58:52] [Server thread/INFO] [minecraft/GameTestServer]: [+++++++++++++++_                                             ]
[16:58:52] [Server thread/INFO] [minecraft/GameTestServer]: [+++++++++++++++_                                             ]
[16:58:52] [Server thread/INFO] [minecraft/GameTestRunner]: Running test environment 'dndturn:action_preview' batch 0 (1 tests)...
[16:58:52] [Server thread/INFO] [minecraft/GameTestServer]: [++++++++++++++++                                             ]
[16:58:52] [Server thread/INFO] [minecraft/PlayerList]: tactical-test[embedded] logged in with entity id 56 at (0.0, 0.0, 0.0)
[16:58:52] [Server thread/INFO] [minecraft/MinecraftServer]: tactical-test joined the game
action_preview flat A*: slices=4, charged probes=73
[16:58:52] [Server thread/INFO] [minecraft/MinecraftServer]: tactical-test has made the advancement [Take Aim]
[16:58:52] [Server thread/INFO] [minecraft/GameTestRunner]: Running test environment 'dndturn:tactical_snowball' batch 0 (1 tests)...
[16:58:52] [Server thread/INFO] [minecraft/GameTestServer]: [+++++++++++++++++_                                           ]
[16:58:52] [Server thread/INFO] [minecraft/GameTestServer]: [+++++++++++++++++_                                           ]
[16:58:52] [Server thread/INFO] [minecraft/GameTestServer]: [+++++++++++++++++_                                           ]
[16:58:52] [Server thread/INFO] [minecraft/PlayerList]: test-mock-player[embedded] logged in with entity id 60 at (0.0, 0.0, 0.0)
[16:58:52] [Server thread/INFO] [minecraft/MinecraftServer]: test-mock-player joined the game
[16:58:53] [Server thread/INFO] [minecraft/GameTestServer]: [+++++++++++++++++_                                           ]
[16:58:53] [Server thread/INFO] [minecraft/GameTestRunner]: Running test environment 'dndturn:restart_history' batch 0 (1 tests)...
[16:58:53] [Server thread/INFO] [minecraft/PlayerList]: tactical-test[embedded] logged in with entity id 63 at (0.0, 0.0, 0.0)
[16:58:53] [Server thread/INFO] [minecraft/MinecraftServer]: tactical-test joined the game
[16:58:53] [Server thread/INFO] [minecraft/GameTestServer]: [++++++++++++++++++_                                          ]
DNDTURN_RESTART_WRITE_READY encounter=a3af2b91-92c2-4038-8125-f8914f3b5ecb operation=e13b8113-e4e6-41cb-a9eb-53f1609c4e05
[16:58:53] [Server thread/INFO] [minecraft/GameTestRunner]: Running test environment 'dndturn:merge_world_boundary' batch 0 (1 tests)...
[16:58:53] [Server thread/INFO] [minecraft/GameTestServer]: [+++++++++++++++++++_                                         ]
[16:58:53] [Server thread/INFO] [minecraft/PlayerList]: test-mock-player[embedded] logged in with entity id 64 at (0.0, 0.0, 0.0)
[16:58:53] [Server thread/INFO] [minecraft/MinecraftServer]: test-mock-player joined the game
[16:58:53] [Server thread/INFO] [minecraft/PlayerList]: test-mock-player[embedded] logged in with entity id 65 at (0.0, 0.0, 0.0)
[16:58:53] [Server thread/INFO] [minecraft/MinecraftServer]: test-mock-player joined the game
[16:58:53] [Server thread/INFO] [minecraft/GameTestRunner]: Running test environment 'dndturn:environment_classification' batch 0 (1 tests)...
[16:58:53] [Server thread/INFO] [minecraft/PlayerList]: test-mock-player[embedded] logged in with entity id 68 at (0.0, 0.0, 0.0)
[16:58:53] [Server thread/INFO] [minecraft/MinecraftServer]: test-mock-player joined the game
[16:58:54] [Server thread/INFO] [minecraft/GameTestServer]: [++++++++++++++++++++_                                        ]
[16:58:54] [Server thread/INFO] [minecraft/GameTestServer]: [++++++++++++++++++++_                                        ]
[16:58:54] [Server thread/INFO] [minecraft/GameTestServer]: [++++++++++++++++++++_                                        ]
[16:58:54] [Server thread/INFO] [minecraft/GameTestRunner]: Running test environment 'dndturn:discovery_cursor' batch 0 (1 tests)...
[16:58:55] [Server thread/INFO] [minecraft/GameTestServer]: [+++++++++++++++++++++_                                       ]
[16:58:55] [Server thread/INFO] [minecraft/GameTestRunner]: Running test environment 'dndturn:external_melee' batch 0 (1 tests)...
[16:58:55] [Server thread/INFO] [minecraft/PlayerList]: tactical-test[embedded] logged in with entity id 153 at (0.0, 0.0, 0.0)
[16:58:55] [Server thread/INFO] [minecraft/MinecraftServer]: tactical-test joined the game
[16:58:55] [Server thread/INFO] [minecraft/GameTestServer]: [++++++++++++++++++++++_                                      ]
[16:58:55] [Server thread/INFO] [minecraft/GameTestServer]: [++++++++++++++++++++++_                                      ]
[16:58:55] [Server thread/INFO] [minecraft/GameTestRunner]: Running test environment 'dndturn:native_melee' batch 0 (1 tests)...
[16:58:55] [Server thread/INFO] [minecraft/PlayerList]: tactical-test[embedded] logged in with entity id 155 at (0.0, 0.0, 0.0)
[16:58:55] [Server thread/INFO] [minecraft/MinecraftServer]: tactical-test joined the game
[16:58:55] [Server thread/INFO] [minecraft/GameTestServer]: [+++++++++++++++++++++++_                                     ]
[16:58:55] [Server thread/INFO] [minecraft/GameTestRunner]: Running test environment 'dndturn:environment_clock' batch 0 (1 tests)...
[16:58:55] [Server thread/INFO] [minecraft/GameTestServer]: [++++++++++++++++++++++++                                     ]
[16:58:57] [Server thread/INFO] [minecraft/PlayerList]: test-mock-player[embedded] logged in with entity id 158 at (0.0, 0.0, 0.0)
[16:58:57] [Server thread/INFO] [minecraft/MinecraftServer]: test-mock-player joined the game
[16:58:57] [Server thread/INFO] [minecraft/GameTestServer]: [++++++++++++++++++++++++_                                    ]
[16:58:57] [Server thread/INFO] [minecraft/GameTestServer]: [++++++++++++++++++++++++_                                    ]
[16:58:57] [Server thread/INFO] [minecraft/GameTestServer]: [++++++++++++++++++++++++_                                    ]
[16:58:57] [Server thread/INFO] [minecraft/GameTestServer]: [++++++++++++++++++++++++_                                    ]
[16:58:57] [Server thread/INFO] [minecraft/GameTestServer]: [++++++++++++++++++++++++_                                    ]
[16:58:57] [Server thread/INFO] [minecraft/GameTestRunner]: Running test environment 'dndturn:participant_fire' batch 0 (1 tests)...
[16:58:57] [Server thread/INFO] [minecraft/GameTestServer]: [+++++++++++++++++++++++++                                    ]
[16:58:57] [Server thread/INFO] [minecraft/PlayerList]: tactical-test[embedded] logged in with entity id 159 at (0.0, 0.0, 0.0)
[16:58:57] [Server thread/INFO] [minecraft/MinecraftServer]: tactical-test joined the game
[16:58:57] [Server thread/INFO] [minecraft/GameTestServer]: [+++++++++++++++++++++++++_                                   ]
[16:58:57] [Server thread/ERROR] [minecraft/LogTestReporter]: dndturn:participant_fire failed at 3235979, -59, -13253333! fire fixture cow missing on tick 30
[16:58:57] [Server thread/INFO] [minecraft/GameTestRunner]: Running test environment 'minecraft:default' batch 0 (21 tests)...
[16:58:57] [Server thread/INFO] [minecraft/PlayerList]: test-mock-player[embedded] logged in with entity id 161 at (0.0, 0.0, 0.0)
[16:58:57] [Server thread/INFO] [minecraft/MinecraftServer]: test-mock-player joined the game
[16:58:57] [Server thread/INFO] [minecraft/PlayerList]: test-mock-player[embedded] logged in with entity id 163 at (0.0, 0.0, 0.0)
[16:58:57] [Server thread/INFO] [minecraft/MinecraftServer]: test-mock-player joined the game
[16:58:57] [Server thread/INFO] [minecraft/MinecraftServer]: test-mock-player has made the advancement [Monster Hunter]
[16:58:57] [Server thread/INFO] [minecraft/PlayerList]: test-mock-player[embedded] logged in with entity id 168 at (0.0, 0.0, 0.0)
[16:58:57] [Server thread/INFO] [minecraft/MinecraftServer]: test-mock-player joined the game
[16:58:57] [Server thread/INFO] [minecraft/PlayerList]: candidate-review-player[embedded] logged in with entity id 170 at (0.0, 0.0, 0.0)
[16:58:57] [Server thread/INFO] [minecraft/MinecraftServer]: candidate-review-player joined the game
[16:58:57] [Server thread/INFO] [minecraft/PlayerList]: test-mock-player[embedded] logged in with entity id 173 at (0.0, 0.0, 0.0)
[16:58:57] [Server thread/INFO] [minecraft/MinecraftServer]: test-mock-player joined the game
[16:58:57] [Server thread/INFO] [minecraft/PlayerList]: test-mock-player[embedded] logged in with entity id 175 at (0.0, 0.0, 0.0)
[16:58:57] [Server thread/INFO] [minecraft/MinecraftServer]: test-mock-player joined the game
[16:58:57] [Server thread/INFO] [minecraft/PlayerList]: test-mock-player[embedded] logged in with entity id 176 at (0.0, 0.0, 0.0)
[16:58:57] [Server thread/INFO] [minecraft/MinecraftServer]: test-mock-player joined the game
[16:58:57] [Server thread/INFO] [minecraft/PlayerList]: exit-test-player[embedded] logged in with entity id 180 at (0.0, 0.0, 0.0)
[16:58:57] [Server thread/INFO] [minecraft/MinecraftServer]: exit-test-player joined the game
[16:58:58] [Server thread/INFO] [minecraft/PlayerList]: exit-test-player[embedded] logged in with entity id 182 at (0.0, 0.0, 0.0)
[16:58:58] [Server thread/INFO] [minecraft/MinecraftServer]: exit-test-player joined the game
[16:58:58] [Server thread/INFO] [minecraft/PlayerList]: tactical-test[embedded] logged in with entity id 183 at (0.0, 0.0, 0.0)
[16:58:58] [Server thread/INFO] [minecraft/MinecraftServer]: tactical-test joined the game
[16:58:58] [Server thread/INFO] [minecraft/PlayerList]: test-mock-player[embedded] logged in with entity id 187 at (0.0, 0.0, 0.0)
[16:58:58] [Server thread/INFO] [minecraft/MinecraftServer]: test-mock-player joined the game
[16:58:58] [Server thread/ERROR] [cc.si.dn.co.ServerCombatService/]: Combat save cannot be safely restored; preserving it and disabling new encounters
java.lang.IllegalArgumentException: active encounter lacks captured settings or session sequence
	at TRANSFORMER/dndturn@1.0.0-SNAPSHOT/cc.sighs.dndturn.combat.CombatRecoveryCandidate.validate(CombatRecoveryCandidate.java:13) ~[main/:?] {}
	at TRANSFORMER/dndturn@1.0.0-SNAPSHOT/cc.sighs.dndturn.combat.ServerCombatService.<init>(ServerCombatService.java:298) [main/:?] {}
	at TRANSFORMER/dndturn@1.0.0-SNAPSHOT/cc.sighs.dndturn.combat.ServerCombatService.restoreForGameTest(ServerCombatService.java:384) [main/:?] {}
	at TRANSFORMER/dndturn@1.0.0-SNAPSHOT/cc.sighs.dndturn.gametest.RepairGameTests.values(RepairGameTests.java:124) [main/:?] {}
	at TRANSFORMER/minecraft@26.1.2/net.minecraft.gametest.framework.FunctionGameTestInstance.run(FunctionGameTestInstance.java:34) [minecraft-patched-26.1.2.84.jar:?] {}
	at TRANSFORMER/minecraft@26.1.2/net.minecraft.gametest.framework.GameTestInfo.startTest(GameTestInfo.java:163) [minecraft-patched-26.1.2.84.jar:?] {neoforge:access_transformer}
	at TRANSFORMER/minecraft@26.1.2/net.minecraft.gametest.framework.GameTestInfo.tickInternal(GameTestInfo.java:119) [minecraft-patched-26.1.2.84.jar:?] {neoforge:access_transformer}
	at TRANSFORMER/minecraft@26.1.2/net.minecraft.gametest.framework.GameTestInfo.tick(GameTestInfo.java:104) [minecraft-patched-26.1.2.84.jar:?] {neoforge:access_transformer}
	at TRANSFORMER/minecraft@26.1.2/net.minecraft.gametest.framework.GameTestTicker.lambda$tick$0(GameTestTicker.java:47) [minecraft-patched-26.1.2.84.jar:?] {}
	at java.base/java.util.concurrent.CopyOnWriteArrayList.forEach(CopyOnWriteArrayList.java:905) [?:?] {}
	at TRANSFORMER/minecraft@26.1.2/net.minecraft.gametest.framework.GameTestTicker.tick(GameTestTicker.java:47) [minecraft-patched-26.1.2.84.jar:?] {}
	at TRANSFORMER/minecraft@26.1.2/net.minecraft.server.MinecraftServer.tickChildren(MinecraftServer.java:1171) [minecraft-patched-26.1.2.84.jar:?] {neoforge:access_transformer,neoforge:access_transformer,neoforge:mixin[APP:dndturn.mixins.json:MinecraftServerWorldTickBoundaryMixin from mod dndturn]}
	at TRANSFORMER/minecraft@26.1.2/net.minecraft.server.MinecraftServer.tickServer(MinecraftServer.java:1003) [minecraft-patched-26.1.2.84.jar:?] {neoforge:access_transformer,neoforge:access_transformer,neoforge:mixin[APP:dndturn.mixins.json:MinecraftServerWorldTickBoundaryMixin from mod dndturn]}
	at TRANSFORMER/minecraft@26.1.2/net.minecraft.gametest.framework.GameTestServer.tickServer(GameTestServer.java:255) [minecraft-patched-26.1.2.84.jar:?] {}
	at TRANSFORMER/minecraft@26.1.2/net.minecraft.server.MinecraftServer.processPacketsAndTick(MinecraftServer.java:1035) [minecraft-patched-26.1.2.84.jar:?] {neoforge:access_transformer,neoforge:access_transformer,neoforge:mixin[APP:dndturn.mixins.json:MinecraftServerWorldTickBoundaryMixin from mod dndturn]}
	at TRANSFORMER/minecraft@26.1.2/net.minecraft.server.MinecraftServer.runServer(MinecraftServer.java:776) [minecraft-patched-26.1.2.84.jar:?] {neoforge:access_transformer,neoforge:access_transformer,neoforge:mixin[APP:dndturn.mixins.json:MinecraftServerWorldTickBoundaryMixin from mod dndturn]}
	at TRANSFORMER/minecraft@26.1.2/net.minecraft.server.MinecraftServer.lambda$spin$0(MinecraftServer.java:300) [minecraft-patched-26.1.2.84.jar:?] {neoforge:access_transformer,neoforge:access_transformer,neoforge:mixin[APP:dndturn.mixins.json:MinecraftServerWorldTickBoundaryMixin from mod dndturn]}
	at java.base/java.lang.Thread.run(Thread.java:1474) [?:?] {}
[16:58:58] [Server thread/INFO] [minecraft/PlayerList]: test-mock-player[embedded] logged in with entity id 195 at (0.0, 0.0, 0.0)
[16:58:58] [Server thread/INFO] [minecraft/MinecraftServer]: test-mock-player joined the game
[16:58:58] [Server thread/WARN] [cc.si.dn.co.ServerCombatService/]: Restored encounter a9650778-eb1e-41d7-aefe-2c25e26640d9 released: membersPresent=false unknownOperations=1
[16:58:58] [Server thread/INFO] [minecraft/PlayerList]: test-mock-player[embedded] logged in with entity id 197 at (0.0, 0.0, 0.0)
[16:58:58] [Server thread/INFO] [minecraft/MinecraftServer]: test-mock-player joined the game
[16:58:58] [Server thread/INFO] [minecraft/PlayerList]: test-mock-player[embedded] logged in with entity id 201 at (0.0, 0.0, 0.0)
[16:58:58] [Server thread/INFO] [minecraft/MinecraftServer]: test-mock-player joined the game
[16:58:58] [Server thread/INFO] [minecraft/PlayerList]: test-mock-player[embedded] logged in with entity id 203 at (0.0, 0.0, 0.0)
[16:58:58] [Server thread/INFO] [minecraft/MinecraftServer]: test-mock-player joined the game
[16:58:58] [Server thread/INFO] [minecraft/GameTestServer]: [+++++++++++++++++++++++++X+___++++++++_++_+_++_              ]
[16:58:58] [Server thread/INFO] [minecraft/GameTestServer]: [+++++++++++++++++++++++++X++++++++++++_++_+++++              ]
[16:58:58] [Server thread/INFO] [minecraft/PlayerList]: test-mock-player[embedded] logged in with entity id 211 at (0.0, 0.0, 0.0)
[16:58:58] [Server thread/INFO] [minecraft/MinecraftServer]: test-mock-player joined the game
[16:58:58] [Server thread/INFO] [minecraft/GameTestServer]: [+++++++++++++++++++++++++X++++++++++++_++_+++++              ]
[16:58:58] [Server thread/INFO] [minecraft/GameTestServer]: [+++++++++++++++++++++++++X+++++++++++++++_+++++              ]
[16:58:58] [Server thread/INFO] [minecraft/GameTestServer]: [+++++++++++++++++++++++++X+++++++++++++++_+++++              ]
[16:58:59] [Server thread/INFO] [minecraft/GameTestServer]: [+++++++++++++++++++++++++X+++++++++++++++_+++++              ]
[16:58:59] [Server thread/INFO] [minecraft/GameTestServer]: [+++++++++++++++++++++++++X+++++++++++++++_+++++              ]
[16:58:59] [Server thread/INFO] [minecraft/GameTestServer]: [+++++++++++++++++++++++++X+++++++++++++++_+++++              ]
[16:58:59] [Server thread/INFO] [minecraft/GameTestRunner]: Running test environment 'dndturn:environment_circuits' batch 0 (1 tests)...
[16:58:59] [Server thread/INFO] [minecraft/GameTestServer]: [+++++++++++++++++++++++++X+++++++++++++++++++++              ]
[16:58:59] [Server thread/INFO] [minecraft/GameTestServer]: [+++++++++++++++++++++++++X+++++++++++++++++++++              ]
[16:58:59] [Server thread/INFO] [minecraft/GameTestServer]: [+++++++++++++++++++++++++X+++++++++++++++++++++              ]
[16:58:59] [Server thread/INFO] [minecraft/PlayerList]: test-mock-player[embedded] logged in with entity id 220 at (0.0, 0.0, 0.0)
[16:58:59] [Server thread/INFO] [minecraft/MinecraftServer]: test-mock-player joined the game
[16:58:59] [Server thread/INFO] [minecraft/GameTestServer]: [+++++++++++++++++++++++++X+++++++++++++++++++++_             ]
[16:58:59] [Server thread/INFO] [minecraft/GameTestServer]: [+++++++++++++++++++++++++X+++++++++++++++++++++_             ]
[16:58:59] [Server thread/INFO] [minecraft/GameTestServer]: [+++++++++++++++++++++++++X+++++++++++++++++++++_             ]
[16:58:59] [Server thread/INFO] [minecraft/GameTestServer]: [+++++++++++++++++++++++++X+++++++++++++++++++++_             ]
[16:58:59] [Server thread/INFO] [minecraft/GameTestServer]: [+++++++++++++++++++++++++X+++++++++++++++++++++_             ]
[16:58:59] [Server thread/INFO] [minecraft/GameTestServer]: [+++++++++++++++++++++++++X+++++++++++++++++++++_             ]
[16:58:59] [Server thread/INFO] [minecraft/GameTestServer]: [+++++++++++++++++++++++++X+++++++++++++++++++++_             ]
[16:58:59] [Server thread/INFO] [minecraft/GameTestServer]: [+++++++++++++++++++++++++X+++++++++++++++++++++_             ]
[16:58:59] [Server thread/INFO] [minecraft/GameTestServer]: [+++++++++++++++++++++++++X+++++++++++++++++++++_             ]
[16:58:59] [Server thread/INFO] [minecraft/GameTestRunner]: Running test environment 'dndturn:movement_lease_exit' batch 0 (1 tests)...
[16:58:59] [Server thread/INFO] [minecraft/GameTestServer]: [+++++++++++++++++++++++++X++++++++++++++++++++++_            ]
[16:58:59] [Server thread/INFO] [minecraft/GameTestServer]: [+++++++++++++++++++++++++X++++++++++++++++++++++_            ]
[16:58:59] [Server thread/INFO] [minecraft/GameTestServer]: [+++++++++++++++++++++++++X++++++++++++++++++++++_            ]
[16:58:59] [Server thread/INFO] [minecraft/PlayerList]: test-mock-player[embedded] logged in with entity id 222 at (0.0, 0.0, 0.0)
[16:58:59] [Server thread/INFO] [minecraft/MinecraftServer]: test-mock-player joined the game
[16:58:59] [Server thread/INFO] [minecraft/GameTestRunner]: Running test environment 'dndturn:environment_tnt' batch 0 (1 tests)...
[16:58:59] [Server thread/INFO] [minecraft/PlayerList]: test-mock-player[embedded] logged in with entity id 224 at (0.0, 0.0, 0.0)
[16:58:59] [Server thread/INFO] [minecraft/MinecraftServer]: test-mock-player joined the game
[16:58:59] [Server thread/INFO] [minecraft/GameTestServer]: [+++++++++++++++++++++++++X+++++++++++++++++++++++_           ]
[16:58:59] [Server thread/INFO] [minecraft/GameTestServer]: [+++++++++++++++++++++++++X+++++++++++++++++++++++_           ]
[16:58:59] [Server thread/INFO] [minecraft/GameTestServer]: [+++++++++++++++++++++++++X+++++++++++++++++++++++_           ]
[16:58:59] [Server thread/INFO] [minecraft/GameTestServer]: [+++++++++++++++++++++++++X+++++++++++++++++++++++_           ]
[16:58:59] [Server thread/INFO] [minecraft/GameTestServer]: [+++++++++++++++++++++++++X+++++++++++++++++++++++_           ]
[16:58:59] [Server thread/INFO] [minecraft/GameTestServer]: [+++++++++++++++++++++++++X+++++++++++++++++++++++_           ]
[16:58:59] [Server thread/INFO] [minecraft/GameTestServer]: [+++++++++++++++++++++++++X+++++++++++++++++++++++_           ]
[16:58:59] [Server thread/INFO] [minecraft/GameTestServer]: [+++++++++++++++++++++++++X+++++++++++++++++++++++_           ]
[16:59:00] [Server thread/INFO] [minecraft/GameTestRunner]: Running test environment 'dndturn:tactical_crossbow' batch 0 (1 tests)...
[16:59:00] [Server thread/INFO] [minecraft/GameTestServer]: [+++++++++++++++++++++++++X++++++++++++++++++++++++_          ]
[16:59:00] [Server thread/INFO] [minecraft/GameTestServer]: [+++++++++++++++++++++++++X++++++++++++++++++++++++_          ]
[16:59:00] [Server thread/INFO] [minecraft/GameTestServer]: [+++++++++++++++++++++++++X++++++++++++++++++++++++_          ]
[16:59:00] [Server thread/INFO] [minecraft/PlayerList]: test-mock-player[embedded] logged in with entity id 230 at (0.0, 0.0, 0.0)
[16:59:00] [Server thread/INFO] [minecraft/MinecraftServer]: test-mock-player joined the game
[16:59:00] [Server thread/INFO] [minecraft/GameTestServer]: [+++++++++++++++++++++++++X++++++++++++++++++++++++_          ]
[16:59:00] [Server thread/INFO] [minecraft/GameTestServer]: [+++++++++++++++++++++++++X++++++++++++++++++++++++_          ]
[16:59:00] [Server thread/INFO] [minecraft/MinecraftServer]: test-mock-player has made the advancement [Ol' Betsy]
[16:59:00] [Server thread/INFO] [minecraft/GameTestRunner]: Running test environment 'dndturn:merge_discovery_expansion' batch 0 (1 tests)...
[16:59:00] [Server thread/INFO] [minecraft/GameTestServer]: [+++++++++++++++++++++++++X+++++++++++++++++++++++++_         ]
[16:59:00] [Server thread/INFO] [minecraft/PlayerList]: test-mock-player[embedded] logged in with entity id 233 at (0.0, 0.0, 0.0)
[16:59:00] [Server thread/INFO] [minecraft/MinecraftServer]: test-mock-player joined the game
[16:59:00] [Server thread/INFO] [minecraft/PlayerList]: test-mock-player[embedded] logged in with entity id 235 at (0.0, 0.0, 0.0)
[16:59:00] [Server thread/INFO] [minecraft/MinecraftServer]: test-mock-player joined the game
[16:59:00] [Server thread/INFO] [minecraft/PlayerList]: test-mock-player[embedded] logged in with entity id 237 at (0.0, 0.0, 0.0)
[16:59:00] [Server thread/INFO] [minecraft/MinecraftServer]: test-mock-player joined the game
[16:59:00] [Server thread/INFO] [minecraft/GameTestServer]: [+++++++++++++++++++++++++X+++++++++++++++++++++++++_         ]
[16:59:00] [Server thread/INFO] [minecraft/GameTestServer]: [+++++++++++++++++++++++++X+++++++++++++++++++++++++_         ]
[16:59:00] [Server thread/INFO] [minecraft/GameTestServer]: [+++++++++++++++++++++++++X+++++++++++++++++++++++++_         ]
[16:59:00] [Server thread/INFO] [minecraft/GameTestServer]: [+++++++++++++++++++++++++X+++++++++++++++++++++++++_         ]
[16:59:00] [Server thread/INFO] [minecraft/GameTestRunner]: Running test environment 'dndturn:body_control' batch 0 (1 tests)...
[16:59:00] [Server thread/INFO] [minecraft/PlayerList]: tactical-test[embedded] logged in with entity id 249 at (0.0, 0.0, 0.0)
[16:59:00] [Server thread/INFO] [minecraft/MinecraftServer]: tactical-test joined the game
[16:59:00] [Server thread/INFO] [minecraft/GameTestServer]: [+++++++++++++++++++++++++X++++++++++++++++++++++++++_        ]
[16:59:00] [Server thread/INFO] [minecraft/GameTestServer]: [+++++++++++++++++++++++++X++++++++++++++++++++++++++_        ]
[16:59:00] [Server thread/INFO] [minecraft/GameTestServer]: [+++++++++++++++++++++++++X++++++++++++++++++++++++++_        ]
[16:59:00] [Server thread/INFO] [minecraft/GameTestRunner]: Running test environment 'dndturn:tactical_plan' batch 0 (1 tests)...
[16:59:00] [Server thread/INFO] [minecraft/PlayerList]: test-mock-player[embedded] logged in with entity id 255 at (0.0, 0.0, 0.0)
[16:59:00] [Server thread/INFO] [minecraft/MinecraftServer]: test-mock-player joined the game
[16:59:00] [Server thread/INFO] [minecraft/GameTestServer]: [+++++++++++++++++++++++++X+++++++++++++++++++++++++++_       ]
[16:59:00] [Server thread/INFO] [minecraft/MinecraftServer]: test-mock-player has made the advancement [Isn't It Iron Pick]
[16:59:00] [Server thread/INFO] [minecraft/GameTestServer]: [+++++++++++++++++++++++++X+++++++++++++++++++++++++++_       ]
[16:59:00] [Server thread/INFO] [minecraft/GameTestRunner]: Running test environment 'dndturn:prototype_environment_loop' batch 0 (1 tests)...
[16:59:00] [Server thread/INFO] [minecraft/GameTestServer]: [+++++++++++++++++++++++++X++++++++++++++++++++++++++++_      ]
[16:59:00] [Server thread/INFO] [minecraft/GameTestServer]: [+++++++++++++++++++++++++X++++++++++++++++++++++++++++_      ]
[16:59:00] [Server thread/INFO] [minecraft/PlayerList]: test-mock-player[embedded] logged in with entity id 262 at (0.0, 0.0, 0.0)
[16:59:00] [Server thread/INFO] [minecraft/MinecraftServer]: test-mock-player joined the game
[16:59:00] [Server thread/INFO] [minecraft/GameTestRunner]: Running test environment 'dndturn:environment_domains' batch 0 (1 tests)...
[16:59:00] [Server thread/INFO] [minecraft/PlayerList]: test-mock-player[embedded] logged in with entity id 272 at (0.0, 0.0, 0.0)
[16:59:00] [Server thread/INFO] [minecraft/MinecraftServer]: test-mock-player joined the game
[16:59:00] [Server thread/INFO] [minecraft/PlayerList]: test-mock-player[embedded] logged in with entity id 273 at (0.0, 0.0, 0.0)
[16:59:00] [Server thread/INFO] [minecraft/MinecraftServer]: test-mock-player joined the game
[16:59:00] [Server thread/INFO] [minecraft/GameTestServer]: [+++++++++++++++++++++++++X+++++++++++++++++++++++++++++_     ]
[16:59:00] [Server thread/WARN] [cc.si.dn.co.EnvironmentExplosion/]: ENVIRONMENT_DOMAIN_MISMATCH step=e4a1f86c-2187-4ee4-b6d6-637498b5792a source=5de089f4-e05a-4998-a052-eb330a620620 rejectedEntities=1 rejectedBlocks=9
[16:59:00] [Server thread/INFO] [minecraft/GameTestServer]: [+++++++++++++++++++++++++X+++++++++++++++++++++++++++++_     ]
[16:59:01] [Server thread/INFO] [minecraft/GameTestRunner]: Running test environment 'dndturn:environment_boundary_time' batch 0 (1 tests)...
[16:59:01] [Server thread/INFO] [minecraft/PlayerList]: test-mock-player[embedded] logged in with entity id 279 at (0.0, 0.0, 0.0)
[16:59:01] [Server thread/INFO] [minecraft/MinecraftServer]: test-mock-player joined the game
[16:59:01] [Server thread/INFO] [minecraft/GameTestServer]: [+++++++++++++++++++++++++X++++++++++++++++++++++++++++++_    ]
[16:59:01] [Server thread/INFO] [minecraft/GameTestServer]: [+++++++++++++++++++++++++X++++++++++++++++++++++++++++++_    ]
[16:59:01] [Server thread/INFO] [minecraft/GameTestServer]: [+++++++++++++++++++++++++X++++++++++++++++++++++++++++++_    ]
[16:59:01] [Server thread/INFO] [minecraft/GameTestServer]: [+++++++++++++++++++++++++X++++++++++++++++++++++++++++++_    ]
[16:59:01] [Server thread/INFO] [minecraft/GameTestRunner]: Running test environment 'dndturn:participant_effects' batch 0 (1 tests)...
[16:59:01] [Server thread/INFO] [minecraft/PlayerList]: tactical-test[embedded] logged in with entity id 280 at (0.0, 0.0, 0.0)
[16:59:01] [Server thread/INFO] [minecraft/MinecraftServer]: tactical-test joined the game
[16:59:01] [Server thread/INFO] [minecraft/GameTestServer]: [+++++++++++++++++++++++++X+++++++++++++++++++++++++++++++_   ]
[16:59:01] [Server thread/INFO] [minecraft/GameTestServer]: [+++++++++++++++++++++++++X+++++++++++++++++++++++++++++++_   ]
[16:59:01] [Server thread/INFO] [minecraft/GameTestServer]: [+++++++++++++++++++++++++X+++++++++++++++++++++++++++++++_   ]
[16:59:01] [Server thread/INFO] [minecraft/GameTestServer]: [+++++++++++++++++++++++++X+++++++++++++++++++++++++++++++_   ]
[16:59:01] [Server thread/INFO] [minecraft/GameTestServer]: [+++++++++++++++++++++++++X+++++++++++++++++++++++++++++++_   ]
[16:59:01] [Server thread/INFO] [minecraft/GameTestServer]: [+++++++++++++++++++++++++X+++++++++++++++++++++++++++++++_   ]
[16:59:01] [Server thread/INFO] [minecraft/GameTestServer]: [+++++++++++++++++++++++++X+++++++++++++++++++++++++++++++_   ]
[16:59:01] [Server thread/INFO] [minecraft/GameTestServer]: [+++++++++++++++++++++++++X+++++++++++++++++++++++++++++++_   ]
[16:59:01] [Server thread/INFO] [minecraft/GameTestServer]: [+++++++++++++++++++++++++X+++++++++++++++++++++++++++++++_   ]
[16:59:01] [Server thread/INFO] [minecraft/GameTestServer]: [+++++++++++++++++++++++++X+++++++++++++++++++++++++++++++_   ]
[16:59:01] [Server thread/INFO] [minecraft/GameTestServer]: [+++++++++++++++++++++++++X+++++++++++++++++++++++++++++++_   ]
[16:59:01] [Server thread/INFO] [minecraft/MinecraftServer]: tactical-test withered away
[16:59:01] [Server thread/INFO] [minecraft/GameTestRunner]: Running test environment 'dndturn:scheduled_tick_hold' batch 0 (1 tests)...
[16:59:01] [Server thread/INFO] [minecraft/GameTestServer]: [+++++++++++++++++++++++++X++++++++++++++++++++++++++++++++_  ]
[16:59:01] [Server thread/INFO] [minecraft/GameTestServer]: [+++++++++++++++++++++++++X++++++++++++++++++++++++++++++++_  ]
[16:59:01] [Server thread/INFO] [minecraft/PlayerList]: test-mock-player[embedded] logged in with entity id 283 at (0.0, 0.0, 0.0)
[16:59:01] [Server thread/INFO] [minecraft/MinecraftServer]: test-mock-player joined the game
[16:59:01] [Server thread/INFO] [minecraft/GameTestRunner]: Running test environment 'dndturn:consent_regressions' batch 0 (1 tests)...
[16:59:01] [Server thread/INFO] [minecraft/PlayerList]: exit-test-player[embedded] logged in with entity id 294 at (0.0, 0.0, 0.0)
[16:59:01] [Server thread/INFO] [minecraft/MinecraftServer]: exit-test-player joined the game
[16:59:01] [Server thread/INFO] [minecraft/PlayerList]: exit-test-player[embedded] logged in with entity id 295 at (0.0, 0.0, 0.0)
[16:59:01] [Server thread/INFO] [minecraft/MinecraftServer]: exit-test-player joined the game
[16:59:01] [Server thread/INFO] [minecraft/PlayerList]: exit-test-player[embedded] logged in with entity id 296 at (0.0, 0.0, 0.0)
[16:59:01] [Server thread/INFO] [minecraft/MinecraftServer]: exit-test-player joined the game
[16:59:01] [Server thread/INFO] [minecraft/GameTestServer]: [+++++++++++++++++++++++++X+++++++++++++++++++++++++++++++++_ ]
[16:59:01] [Server thread/INFO] [minecraft/GameTestServer]: [+++++++++++++++++++++++++X+++++++++++++++++++++++++++++++++_ ]
[16:59:01] [Server thread/INFO] [minecraft/GameTestServer]: [+++++++++++++++++++++++++X+++++++++++++++++++++++++++++++++_ ]
[16:59:01] [Server thread/INFO] [minecraft/GameTestServer]: [+++++++++++++++++++++++++X+++++++++++++++++++++++++++++++++_ ]
[16:59:01] [Server thread/INFO] [minecraft/GameTestServer]: [+++++++++++++++++++++++++X+++++++++++++++++++++++++++++++++_ ]
[16:59:01] [Server thread/INFO] [minecraft/GameTestServer]: [+++++++++++++++++++++++++X+++++++++++++++++++++++++++++++++_ ]
[16:59:01] [Server thread/INFO] [minecraft/GameTestServer]: [+++++++++++++++++++++++++X+++++++++++++++++++++++++++++++++_ ]
[16:59:01] [Server thread/INFO] [minecraft/GameTestServer]: [+++++++++++++++++++++++++X+++++++++++++++++++++++++++++++++_ ]
[16:59:02] [Server thread/INFO] [minecraft/GameTestServer]: [+++++++++++++++++++++++++X+++++++++++++++++++++++++++++++++_ ]
[16:59:02] [Server thread/INFO] [minecraft/GameTestServer]: [+++++++++++++++++++++++++X+++++++++++++++++++++++++++++++++_ ]
[16:59:02] [Server thread/INFO] [minecraft/GameTestServer]: [+++++++++++++++++++++++++X+++++++++++++++++++++++++++++++++_ ]
[16:59:02] [Server thread/INFO] [minecraft/GameTestServer]: [+++++++++++++++++++++++++X+++++++++++++++++++++++++++++++++_ ]
[16:59:02] [Server thread/INFO] [minecraft/GameTestServer]: [+++++++++++++++++++++++++X+++++++++++++++++++++++++++++++++_ ]
[16:59:02] [Server thread/INFO] [minecraft/GameTestServer]: [+++++++++++++++++++++++++X+++++++++++++++++++++++++++++++++_ ]
[16:59:02] [Server thread/INFO] [minecraft/GameTestServer]: [+++++++++++++++++++++++++X+++++++++++++++++++++++++++++++++_ ]
[16:59:02] [Server thread/INFO] [minecraft/GameTestServer]: [+++++++++++++++++++++++++X+++++++++++++++++++++++++++++++++_ ]
[16:59:02] [Server thread/INFO] [minecraft/GameTestServer]: [+++++++++++++++++++++++++X+++++++++++++++++++++++++++++++++_ ]
[16:59:02] [Server thread/INFO] [minecraft/GameTestServer]: [+++++++++++++++++++++++++X+++++++++++++++++++++++++++++++++_ ]
[16:59:02] [Server thread/INFO] [minecraft/GameTestServer]: [+++++++++++++++++++++++++X+++++++++++++++++++++++++++++++++_ ]
[16:59:02] [Server thread/INFO] [minecraft/GameTestServer]: [+++++++++++++++++++++++++X+++++++++++++++++++++++++++++++++_ ]
[16:59:02] [Server thread/INFO] [minecraft/GameTestServer]: [+++++++++++++++++++++++++X+++++++++++++++++++++++++++++++++_ ]
[16:59:02] [Server thread/INFO] [minecraft/GameTestRunner]: Running test environment 'dndturn:environment_processes' batch 0 (1 tests)...
[16:59:02] [Server thread/INFO] [minecraft/PlayerList]: test-mock-player[embedded] logged in with entity id 299 at (0.0, 0.0, 0.0)
[16:59:02] [Server thread/INFO] [minecraft/MinecraftServer]: test-mock-player joined the game
[16:59:02] [Server thread/INFO] [minecraft/GameTestServer]: [+++++++++++++++++++++++++X++++++++++++++++++++++++++++++++++_]
[16:59:02] [Server thread/INFO] [minecraft/GameTestServer]: [+++++++++++++++++++++++++X++++++++++++++++++++++++++++++++++_]
[16:59:02] [Server thread/INFO] [minecraft/GameTestServer]: [+++++++++++++++++++++++++X+++++++++++++++++++++++++++++++++++]
[16:59:02] [Server thread/INFO] [minecraft/GameTestServer]: ========= 61 GAME TESTS COMPLETE IN 13.91 s ======================
[16:59:02] [Server thread/ERROR] [minecraft/GameTestServer]: 1 required tests failed :(
[16:59:02] [Server thread/ERROR] [minecraft/GameTestServer]:    - dndturn:participant_fire: fire fixture cow missing on tick 30
[16:59:02] [Server thread/INFO] [minecraft/GameTestServer]: ====================================================
[16:59:02] [Server thread/INFO] [minecraft/MinecraftServer]: Stopping server
[16:59:02] [Server thread/INFO] [minecraft/MinecraftServer]: Saving players
[16:59:02] [Server thread/INFO] [minecraft/ServerGamePacketListenerImpl]: tactical-test lost connection: Server closed
[16:59:02] [Server thread/INFO] [minecraft/MinecraftServer]: tactical-test left the game
[16:59:02] [Server thread/INFO] [minecraft/ServerGamePacketListenerImpl]: test-mock-player lost connection: Server closed
[16:59:02] [Server thread/INFO] [minecraft/MinecraftServer]: test-mock-player left the game
[16:59:02] [Server thread/INFO] [minecraft/ServerGamePacketListenerImpl]: test-mock-player lost connection: Server closed
[16:59:02] [Server thread/INFO] [minecraft/MinecraftServer]: test-mock-player left the game
[16:59:02] [Server thread/INFO] [minecraft/ServerGamePacketListenerImpl]: test-mock-player lost connection: Server closed
[16:59:02] [Server thread/INFO] [minecraft/MinecraftServer]: test-mock-player left the game
[16:59:02] [Server thread/INFO] [minecraft/ServerGamePacketListenerImpl]: test-mock-player lost connection: Server closed
[16:59:02] [Server thread/INFO] [minecraft/MinecraftServer]: test-mock-player left the game
[16:59:02] [Server thread/INFO] [minecraft/ServerGamePacketListenerImpl]: test-mock-player lost connection: Server closed
[16:59:02] [Server thread/INFO] [minecraft/MinecraftServer]: test-mock-player left the game
[16:59:02] [Server thread/INFO] [minecraft/ServerGamePacketListenerImpl]: test-mock-player lost connection: Server closed
[16:59:02] [Server thread/INFO] [minecraft/MinecraftServer]: test-mock-player left the game
[16:59:02] [Server thread/INFO] [minecraft/ServerGamePacketListenerImpl]: test-mock-player lost connection: Server closed
[16:59:02] [Server thread/INFO] [minecraft/MinecraftServer]: test-mock-player left the game
[16:59:02] [Server thread/INFO] [minecraft/ServerGamePacketListenerImpl]: test-mock-player lost connection: Server closed
[16:59:02] [Server thread/INFO] [minecraft/MinecraftServer]: test-mock-player left the game
[16:59:02] [Server thread/INFO] [minecraft/ServerGamePacketListenerImpl]: test-mock-player lost connection: Server closed
[16:59:02] [Server thread/INFO] [minecraft/MinecraftServer]: test-mock-player left the game
[16:59:02] [Server thread/INFO] [minecraft/ServerGamePacketListenerImpl]: test-mock-player lost connection: Server closed
[16:59:02] [Server thread/INFO] [minecraft/MinecraftServer]: test-mock-player left the game
[16:59:02] [Server thread/INFO] [minecraft/ServerGamePacketListenerImpl]: test-mock-player lost connection: Server closed
[16:59:02] [Server thread/INFO] [minecraft/MinecraftServer]: test-mock-player left the game
[16:59:02] [Server thread/INFO] [minecraft/ServerGamePacketListenerImpl]: test-mock-player lost connection: Server closed
[16:59:02] [Server thread/INFO] [minecraft/MinecraftServer]: test-mock-player left the game
[16:59:02] [Server thread/INFO] [minecraft/ServerGamePacketListenerImpl]: test-mock-player lost connection: Server closed
[16:59:02] [Server thread/INFO] [minecraft/MinecraftServer]: test-mock-player left the game
[16:59:02] [Server thread/INFO] [minecraft/ServerGamePacketListenerImpl]: tactical-test lost connection: Server closed
[16:59:02] [Server thread/INFO] [minecraft/MinecraftServer]: tactical-test left the game
[16:59:02] [Server thread/INFO] [minecraft/ServerGamePacketListenerImpl]: tactical-test lost connection: Server closed
[16:59:02] [Server thread/INFO] [minecraft/MinecraftServer]: tactical-test left the game
[16:59:02] [Server thread/INFO] [minecraft/ServerGamePacketListenerImpl]: test-mock-player lost connection: Server closed
[16:59:02] [Server thread/INFO] [minecraft/MinecraftServer]: test-mock-player left the game
[16:59:02] [Server thread/INFO] [minecraft/ServerGamePacketListenerImpl]: candidate-review-player lost connection: Server closed
[16:59:02] [Server thread/INFO] [minecraft/MinecraftServer]: candidate-review-player left the game
[16:59:02] [Server thread/INFO] [minecraft/ServerGamePacketListenerImpl]: test-mock-player lost connection: Server closed
[16:59:02] [Server thread/INFO] [minecraft/MinecraftServer]: test-mock-player left the game
[16:59:02] [Server thread/INFO] [minecraft/ServerGamePacketListenerImpl]: exit-test-player lost connection: Server closed
[16:59:02] [Server thread/INFO] [minecraft/MinecraftServer]: exit-test-player left the game
[16:59:02] [Server thread/INFO] [minecraft/ServerGamePacketListenerImpl]: tactical-test lost connection: Server closed
[16:59:02] [Server thread/INFO] [minecraft/MinecraftServer]: tactical-test left the game
[16:59:02] [Server thread/INFO] [minecraft/ServerGamePacketListenerImpl]: test-mock-player lost connection: Server closed
[16:59:02] [Server thread/INFO] [minecraft/MinecraftServer]: test-mock-player left the game
[16:59:02] [Server thread/INFO] [minecraft/ServerGamePacketListenerImpl]: test-mock-player lost connection: Server closed
[16:59:02] [Server thread/INFO] [minecraft/MinecraftServer]: test-mock-player left the game
[16:59:02] [Server thread/INFO] [minecraft/ServerGamePacketListenerImpl]: test-mock-player lost connection: Server closed
[16:59:02] [Server thread/INFO] [minecraft/MinecraftServer]: test-mock-player left the game
[16:59:02] [Server thread/INFO] [minecraft/ServerGamePacketListenerImpl]: test-mock-player lost connection: Server closed
[16:59:02] [Server thread/INFO] [minecraft/MinecraftServer]: test-mock-player left the game
[16:59:02] [Server thread/INFO] [minecraft/ServerGamePacketListenerImpl]: test-mock-player lost connection: Server closed
[16:59:02] [Server thread/INFO] [minecraft/MinecraftServer]: test-mock-player left the game
[16:59:02] [Server thread/INFO] [minecraft/ServerGamePacketListenerImpl]: test-mock-player lost connection: Server closed
[16:59:02] [Server thread/INFO] [minecraft/MinecraftServer]: test-mock-player left the game
[16:59:02] [Server thread/INFO] [minecraft/ServerGamePacketListenerImpl]: tactical-test lost connection: Server closed
[16:59:02] [Server thread/INFO] [minecraft/MinecraftServer]: tactical-test left the game
[16:59:02] [Server thread/INFO] [minecraft/ServerGamePacketListenerImpl]: test-mock-player lost connection: Server closed
[16:59:02] [Server thread/INFO] [minecraft/MinecraftServer]: test-mock-player left the game
[16:59:02] [Server thread/INFO] [minecraft/ServerGamePacketListenerImpl]: test-mock-player lost connection: Server closed
[16:59:02] [Server thread/INFO] [minecraft/MinecraftServer]: test-mock-player left the game
[16:59:02] [Server thread/INFO] [minecraft/ServerGamePacketListenerImpl]: tactical-test lost connection: Server closed
[16:59:02] [Server thread/INFO] [minecraft/MinecraftServer]: tactical-test left the game
[16:59:02] [Server thread/INFO] [minecraft/ServerGamePacketListenerImpl]: exit-test-player lost connection: Server closed
[16:59:02] [Server thread/INFO] [minecraft/MinecraftServer]: exit-test-player left the game
[16:59:02] [Server thread/INFO] [minecraft/ServerGamePacketListenerImpl]: exit-test-player lost connection: Server closed
[16:59:02] [Server thread/INFO] [minecraft/MinecraftServer]: exit-test-player left the game
[16:59:02] [Server thread/INFO] [minecraft/MinecraftServer]: Saving worlds
[16:59:02] [Server thread/INFO] [minecraft/MinecraftServer]: Saving chunks for level 'ServerLevel[Test Level]'/minecraft:overworld
[16:59:05] [Server thread/INFO] [minecraft/MinecraftServer]: Saving chunks for level 'ServerLevel[Test Level]'/minecraft:the_end
[16:59:05] [Server thread/INFO] [minecraft/MinecraftServer]: Saving chunks for level 'ServerLevel[Test Level]'/minecraft:the_nether
[16:59:05] [Server thread/INFO] [minecraft/MinecraftServer]: ThreadedAnvilChunkStorage (world): All chunks are saved
[16:59:05] [Server thread/INFO] [minecraft/MinecraftServer]: ThreadedAnvilChunkStorage (DIM1): All chunks are saved
[16:59:05] [Server thread/INFO] [minecraft/MinecraftServer]: ThreadedAnvilChunkStorage (DIM-1): All chunks are saved
[16:59:05] [Server thread/INFO] [minecraft/MinecraftServer]: ThreadedAnvilChunkStorage: All dimensions are saved
[16:59:06] [Server thread/INFO] [minecraft/GameTestServer]: Game test server shutting down

> Task :runGameTestServer FAILED

[Incubating] Problems report is available at: file:///D:/javaProjects/dndturn26.1/targets/neoforge-26.1/build/reports/problems/problems-report.html

FAILURE: Build failed with an exception.

* What went wrong:
Execution failed for task ':runGameTestServer' (registered in build file 'build.gradle').
> Process 'command 'C:\Program Files\Java\jdk-25.0.3\bin\java.exe'' finished with non-zero exit value 1

* Try:
> Run with --stacktrace option to get the stack trace.
> Run with --info or --debug option to get more log output.
> Run with --scan to get full insights from a Build Scan (powered by Develocity).
> Get more help at https://help.gradle.org.

BUILD FAILED in 31s
13 actionable tasks: 8 executed, 5 up-to-date
