WARNING: A restricted method in java.lang.System has been called
WARNING: java.lang.System::load has been called by net.rubygrapefruit.platform.internal.NativeLibraryLoader in an unnamed module (file:/C:/Users/RNaim/.gradle/wrapper/dists/gradle-9.7.1-bin/1w1c7tv4s851m17nbqdsro2tv/gradle-9.7.1/lib/native-platform-0.22-milestone-29.jar)
WARNING: Use --enable-native-access=ALL-UNNAMED to avoid a warning for callers in this module
WARNING: Restricted methods will be blocked in a future release unless native access is enabled

To honour the JVM settings for this build a single-use Daemon process will be forked. For more on this, please refer to https://docs.gradle.org/9.7.1/userguide/gradle_daemon.html#sec:disabling_the_daemon in the Gradle documentation.
Daemon will be stopped at the end of the build 
> Task :common:compileJava UP-TO-DATE
> Task :common:processResources NO-SOURCE
> Task :common:classes UP-TO-DATE
> Task :common:jar UP-TO-DATE
> Task :common:compileTestJava UP-TO-DATE
> Task :common:processTestResources NO-SOURCE
> Task :common:testClasses UP-TO-DATE
> Task :common:test UP-TO-DATE
> Task :createMinecraftArtifacts UP-TO-DATE
> Task :compileJava
> Task :processResources UP-TO-DATE
> Task :classes
> Task :jarJar NO-SOURCE
> Task :jar
> Task :assemble
> Task :compileGameTestJava UP-TO-DATE
> Task :processGameTestResources UP-TO-DATE
> Task :gameTestClasses UP-TO-DATE
> Task :compileTestJava NO-SOURCE
> Task :processTestResources NO-SOURCE
> Task :testClasses UP-TO-DATE
> Task :test NO-SOURCE
> Task :compileUiTestJava UP-TO-DATE
> Task :processUiTestResources NO-SOURCE
> Task :uiTestClasses UP-TO-DATE

> Task :verifyUiProjection
UI checks passed: stylesheet readiness, retained text updates, ring redraw/empty/surplus.

> Task :check
> Task :build
> Task :common:assemble UP-TO-DATE
> Task :common:check UP-TO-DATE
> Task :common:build UP-TO-DATE

> Task :downloadAssets
Loaded 141 artifacts from D:\javaProjects\dndturn26.1\targets\neoforge-26.1\build\tmp\downloadAssets\nfrt_artifact_manifest.properties
Downloading asset index 30
Using Minecraft asset root: C:\Users\RNaim\.gradle\caches\neoformruntime\assets
  DL    https://piston-meta.mojang.com/v1/packages/52a9d8a61327baf0ec20ffa80208c020a14a4ff6/30.json

> Task :prepareGameTestServerRun

> Task :runGameTestServer
[15:45:13] [main/INFO] [ne.ne.fm.st.Entrypoint/]: JVM Uptime at startup: 102ms
2026-09-28T07:45:13.603693100Z main WARN Advanced terminal features are not available in this environment
[15:45:13] [main/INFO] [ne.ne.fm.lo.FMLLoader/]: Starting FancyModLoader version 11.0.15 (DEDICATED_SERVER in DEV)
[15:45:13] [main/INFO] [ne.ne.fm.lo.FMLLoader/]: Game directory: D:\javaProjects\dndturn26.1\targets\neoforge-26.1\build\gametest-run
[15:45:13] [main/INFO] [ne.ne.fm.lo.EarlyServiceDiscovery/]: Found 2 early service jars (out of 109) in 15ms
[15:45:13] [main/INFO] [ne.ne.fm.lo.FMLLoader/]: Loading FML Early Services:
[15:45:13] [main/INFO] [ne.ne.fm.lo.FMLLoader/]:  - C:/Users/RNaim/.gradle/caches/modules-2/files-2.1/net.neoforged.fancymodloader/loader/11.0.15/69ddd98736a6b095783523404d1af8992842722/loader-11.0.15.jar
[15:45:13] [main/INFO] [ne.ne.fm.lo.FMLLoader/]:  - C:/Users/RNaim/.gradle/caches/modules-2/files-2.1/net.neoforged.fancymodloader/earlydisplay/11.0.15/b254aa4ec40828f8ce65411dcb7fb9f6ce008064/earlydisplay-11.0.15.jar
[15:45:13] [main/INFO] [ne.ne.fm.lo.ImmediateWindowHandler/]: Not loading early display in headless mode.
[15:45:13] [main/INFO] [ne.ne.fm.lo.mo.lo.GameLocator/]: Detected a joined NeoForge and Minecraft configuration. Applying filtering...
[15:45:13] [main/INFO] [ne.ne.fm.lo.mo.lo.InDevFolderLocator/CORE]: Got mod coordinates dndturnTests%%D:\javaProjects\dndturn26.1\targets\neoforge-26.1\build\classes\java\main;dndturnTests%%D:\javaProjects\dndturn26.1\targets\neoforge-26.1\build\resources\main;dndturnTests%%D:\javaProjects\dndturn26.1\common\build\classes\java\main;dndturnTests%%D:\javaProjects\dndturn26.1\targets\neoforge-26.1\build\classes\java\gameTest;dndturnTests%%D:\javaProjects\dndturn26.1\targets\neoforge-26.1\build\resources\gameTest from env
[15:45:13] [main/INFO] [ne.ne.fm.lo.mo.lo.JarInJarDependencyLocator/]: Found 2 dependencies adding them to mods collection
[15:45:13] [main/INFO] [ne.ne.fm.lo.mo.ModDiscoverer/]: 
     Mod List:
		Name Version (Mod Id)

		ApricityUI 1.2.5 (apricityui)
		DNDTurn 1.0.0-SNAPSHOT (dndturn)
		Minecraft 26.1.2 (minecraft)
		NeoForge 26.1.2.84 (neoforge)
[15:45:14] [main/INFO] [mixin/]: SpongePowered MIXIN Subsystem Version=0.8.7 Source=file:/C:/Users/RNaim/.gradle/caches/modules-2/files-2.1/net.fabricmc/sponge-mixin/0.17.3+mixin.0.8.7/41c4a3984a80f4679e759fb9f495587acc5cdac7/sponge-mixin-0.17.3+mixin.0.8.7.jar Service=FML Env=SERVER
[15:45:14] [main/INFO] [ne.ne.fm.lo.FMLLoader/]: Loading FML Plugins:
[15:45:14] [main/INFO] [ne.ne.fm.lo.FMLLoader/]:  - C:/Users/RNaim/.gradle/caches/modules-2/files-2.1/net.neoforged/neoforge/26.1.2.84/b725526a2fab2163b9a0a8ce89d435d7cd5d8a88/neoforge-26.1.2.84-universal.jar > net.neoforged.neoforge-coremods-26.1.2.84.jar
[15:45:14] [main/INFO] [ne.ne.fm.lo.FMLLoader/]: Building game content classloader:
 - apricityui (jar(C:/Users/RNaim/.gradle/caches/modules-2/files-2.1/maven.modrinth/apricityui/wwrdhxiM/d4311449e5b1cdc9a59e33a7f2b02435d7441546/apricityui-wwrdhxiM.jar))
 - dndturn (composite(folder(D:/javaProjects/dndturn26.1/targets/neoforge-26.1/build/classes/java/main), folder(D:/javaProjects/dndturn26.1/targets/neoforge-26.1/build/resources/main), folder(D:/javaProjects/dndturn26.1/common/build/classes/java/main), folder(D:/javaProjects/dndturn26.1/targets/neoforge-26.1/build/classes/java/gameTest), folder(D:/javaProjects/dndturn26.1/targets/neoforge-26.1/build/resources/gameTest)))
 - minecraft (composite(filtered(jar(D:/javaProjects/dndturn26.1/targets/neoforge-26.1/build/moddev/artifacts/minecraft-patched-26.1.2.84.jar)), filtered(jar(D:/javaProjects/dndturn26.1/targets/neoforge-26.1/build/moddev/artifacts/minecraft-patched-26.1.2.84.jar))))
 - mixinextras.neoforge (jar(C:/Users/RNaim/.gradle/caches/modules-2/files-2.1/net.neoforged/neoforge/26.1.2.84/b725526a2fab2163b9a0a8ce89d435d7cd5d8a88/neoforge-26.1.2.84-universal.jar > mixinextras-neoforge-0.5.4.jar))
 - neoforge (composite(filtered(jar(C:/Users/RNaim/.gradle/caches/modules-2/files-2.1/net.neoforged/neoforge/26.1.2.84/b725526a2fab2163b9a0a8ce89d435d7cd5d8a88/neoforge-26.1.2.84-universal.jar))))
 - net.neoforged.fml.generated (empty(VirtualJar/net.neoforged.fml.generated))
[15:45:14] [main/INFO] [ne.ne.fm.lo.FMLLoader/]: Built game content classloader in 12ms
[15:45:14] [main/INFO] [mixin/]: Compatibility level set to JAVA_25
[15:45:14] [main/WARN] [mixin/]: Reference map 'apricityui.refmap.json' for apricityui.mixins.json could not be read. If this is a development environment you can ignore this message
[15:45:14] [main/INFO] [minecraft/GameTestMainUtil]: Running GameTestMain with cwd 'D:\javaProjects\dndturn26.1\targets\neoforge-26.1\build\gametest-run', universe path 'gametestserver'
[15:45:14] [main/INFO] [MixinExtras|Service/]: Initializing MixinExtras via com.llamalad7.mixinextras.service.MixinExtrasServiceImpl(version=0.5.4).
[15:45:16] [modloading-worker-0/INFO] [ne.ne.ne.co.NeoForgeMod/NEOFORGE-MOD]: NeoForge mod loading, version 26.1.2.84, for MC 26.1.2
[15:45:16] [modloading-sync-worker/INFO] [co.si.ap.ne.ap.NetworkAutoRegistration/]: [NetworkAutoReg] Metadata scan found: 4 | added: 4 | skipped: 0
[15:45:17] [main/INFO] [minecraft/RecipeManager]: Loaded 1515 recipes
[15:45:17] [main/INFO] [minecraft/AdvancementTree]: Loaded 1617 advancements
[15:45:17] [main/INFO] [ne.ne.ne.co.cr.RecipePriorityManager/]: Loaded 0 recipe priority overrides
[15:45:17] [Server thread/INFO] [minecraft/LoggingLevelLoadListener]: Selecting global world spawn...
[15:45:17] [Server thread/INFO] [minecraft/LoggingLevelLoadListener]: Loading 0 persistent chunks...
[15:45:17] [Server thread/INFO] [minecraft/LoggingLevelLoadListener]: Preparing spawn area: 100%
[15:45:17] [Server thread/INFO] [minecraft/LoggingLevelLoadListener]: Time elapsed: 163 ms
[15:45:17] [Server thread/INFO] [minecraft/GameTestServer]: Started game test server
[15:45:17] [Server thread/INFO] [ne.ne.ne.se.pe.PermissionAPI/]: Successfully initialized permission handler neoforge:default_handler
[15:45:17] [Server thread/INFO] [minecraft/GameTestServer]: 58 tests are now running at position -4330353, -59, -13435810!
[15:45:18] [Server thread/INFO] [minecraft/GameTestRunner]: Running test environment 'dndturn:movement_lease_exit' batch 0 (1 tests)...
[15:45:18] [Server thread/INFO] [minecraft/GameTestServer]: [                                                          ]
[15:45:18] [Server thread/INFO] [minecraft/GameTestServer]: [_                                                         ]
[15:45:18] [Server thread/INFO] [minecraft/GameTestServer]: [_                                                         ]
[15:45:18] [Server thread/INFO] [minecraft/PlayerList]: test-mock-player[embedded] logged in with entity id 1 at (0.0, 0.0, 0.0)
[15:45:18] [Server thread/INFO] [minecraft/MinecraftServer]: test-mock-player joined the game
[15:45:18] [Server thread/INFO] [minecraft/GameTestRunner]: Running test environment 'dndturn:tactical_behaviors' batch 0 (3 tests)...
[15:45:19] [Server thread/INFO] [minecraft/PlayerList]: test-mock-player[embedded] logged in with entity id 3 at (0.0, 0.0, 0.0)
[15:45:19] [Server thread/INFO] [minecraft/MinecraftServer]: test-mock-player joined the game
[15:45:19] [Server thread/INFO] [minecraft/PlayerList]: test-mock-player[embedded] logged in with entity id 5 at (0.0, 0.0, 0.0)
[15:45:19] [Server thread/INFO] [minecraft/MinecraftServer]: test-mock-player joined the game
[15:45:19] [Server thread/INFO] [minecraft/PlayerList]: test-mock-player[embedded] logged in with entity id 7 at (0.0, 0.0, 0.0)
[15:45:19] [Server thread/INFO] [minecraft/MinecraftServer]: test-mock-player joined the game
[15:45:19] [Server thread/INFO] [minecraft/MinecraftServer]: test-mock-player has made the advancement [Monster Hunter]
[15:45:19] [Server thread/INFO] [minecraft/LivingEntity]: Named entity Zombie['Behavior target'/8, l='ServerLevel[Test Level]', x=-4269320.50, y=93.00, z=-13435807.50] died: death.attack.dndturn.tactical
[15:45:19] [Server thread/INFO] [minecraft/GameTestServer]: [+__+                                                      ]
[15:45:19] [Server thread/INFO] [minecraft/GameTestServer]: [+__+                                                      ]
[15:45:19] [Server thread/INFO] [minecraft/GameTestServer]: [+__+                                                      ]
[15:45:19] [Server thread/INFO] [minecraft/GameTestRunner]: Running test environment 'dndturn:arrow_regressions' batch 0 (9 tests)...
[15:45:19] [Server thread/INFO] [minecraft/GameTestServer]: [++++                                                      ]
[15:45:19] [Server thread/INFO] [minecraft/PlayerList]: test-mock-player[embedded] logged in with entity id 12 at (0.0, 0.0, 0.0)
[15:45:19] [Server thread/INFO] [minecraft/MinecraftServer]: test-mock-player joined the game
[15:45:19] [Server thread/INFO] [minecraft/PlayerList]: test-mock-player[embedded] logged in with entity id 13 at (0.0, 0.0, 0.0)
[15:45:19] [Server thread/INFO] [minecraft/MinecraftServer]: test-mock-player joined the game
[15:45:20] [Server thread/INFO] [minecraft/PlayerList]: test-mock-player[embedded] logged in with entity id 16 at (0.0, 0.0, 0.0)
[15:45:20] [Server thread/INFO] [minecraft/MinecraftServer]: test-mock-player joined the game
[15:45:20] [Server thread/INFO] [minecraft/PlayerList]: test-mock-player[embedded] logged in with entity id 17 at (0.0, 0.0, 0.0)
[15:45:20] [Server thread/INFO] [minecraft/MinecraftServer]: test-mock-player joined the game
[15:45:20] [Server thread/INFO] [minecraft/PlayerList]: test-mock-player[embedded] logged in with entity id 20 at (0.0, 0.0, 0.0)
[15:45:20] [Server thread/INFO] [minecraft/MinecraftServer]: test-mock-player joined the game
[15:45:20] [Server thread/INFO] [minecraft/PlayerList]: test-mock-player[embedded] logged in with entity id 21 at (0.0, 0.0, 0.0)
[15:45:20] [Server thread/INFO] [minecraft/MinecraftServer]: test-mock-player joined the game
[15:45:20] [Server thread/INFO] [minecraft/PlayerList]: test-mock-player[embedded] logged in with entity id 24 at (0.0, 0.0, 0.0)
[15:45:20] [Server thread/INFO] [minecraft/MinecraftServer]: test-mock-player joined the game
[15:45:20] [Server thread/INFO] [minecraft/PlayerList]: test-mock-player[embedded] logged in with entity id 25 at (0.0, 0.0, 0.0)
[15:45:20] [Server thread/INFO] [minecraft/MinecraftServer]: test-mock-player joined the game
[15:45:20] [Server thread/INFO] [minecraft/PlayerList]: test-mock-player[embedded] logged in with entity id 28 at (0.0, 0.0, 0.0)
[15:45:20] [Server thread/INFO] [minecraft/MinecraftServer]: test-mock-player joined the game
[15:45:20] [Server thread/INFO] [minecraft/PlayerList]: test-mock-player[embedded] logged in with entity id 29 at (0.0, 0.0, 0.0)
[15:45:20] [Server thread/INFO] [minecraft/MinecraftServer]: test-mock-player joined the game
[15:45:20] [Server thread/INFO] [minecraft/PlayerList]: test-mock-player[embedded] logged in with entity id 34 at (0.0, 0.0, 0.0)
[15:45:20] [Server thread/INFO] [minecraft/MinecraftServer]: test-mock-player joined the game
[15:45:20] [Server thread/INFO] [minecraft/PlayerList]: test-mock-player[embedded] logged in with entity id 35 at (0.0, 0.0, 0.0)
[15:45:20] [Server thread/INFO] [minecraft/MinecraftServer]: test-mock-player joined the game
[15:45:20] [Server thread/INFO] [minecraft/PlayerList]: test-mock-player[embedded] logged in with entity id 36 at (0.0, 0.0, 0.0)
[15:45:20] [Server thread/INFO] [minecraft/MinecraftServer]: test-mock-player joined the game
[15:45:20] [Server thread/INFO] [minecraft/PlayerList]: test-mock-player[embedded] logged in with entity id 37 at (0.0, 0.0, 0.0)
[15:45:20] [Server thread/INFO] [minecraft/MinecraftServer]: test-mock-player joined the game
[15:45:20] [Server thread/INFO] [minecraft/GameTestServer]: [++++__+__+++_                                             ]
[15:45:21] [Server thread/INFO] [minecraft/GameTestServer]: [++++__+_+++++                                             ]
[15:45:21] [Server thread/INFO] [minecraft/GameTestServer]: [++++__+_+++++                                             ]
[15:45:21] [Server thread/INFO] [minecraft/GameTestServer]: [++++__+_+++++                                             ]
[15:45:21] [Server thread/INFO] [minecraft/GameTestServer]: [++++__+_+++++                                             ]
[15:45:21] [Server thread/INFO] [minecraft/GameTestServer]: [++++__+_+++++                                             ]
[15:45:21] [Server thread/INFO] [minecraft/GameTestServer]: [++++__+_+++++                                             ]
[15:45:21] [Server thread/INFO] [minecraft/GameTestServer]: [++++__+_+++++                                             ]
[15:45:21] [Server thread/INFO] [minecraft/GameTestServer]: [++++__+_+++++                                             ]
[15:45:21] [Server thread/INFO] [minecraft/GameTestServer]: [+++++++_+++++                                             ]
[15:45:21] [Server thread/ERROR] [minecraft/LogTestReporter]: dndturn:arrow_cross_session_reverse failed at -4330283, -59, -13435810! A arrow did not causally merge B: ticks=1 removed=false position=(-4324137.199999988, 84.0, -1.34358075E7) stateA=StateView[id=749d19e1-e42f-4138-86d4-6000b124f745, phase=CANDIDATE, version=64, order=[998cc12d-5bce-4f82-aede-73343ba5b3d1, c0e63c09-d118-4621-b32e-19441759b7d9, 751d8335-28cb-3ee1-961f-f25c7daaacb5], current=998cc12d-5bce-4f82-aede-73343ba5b3d1, members={998cc12d-5bce-4f82-aede-73343ba5b3d1=MemberView[id=998cc12d-5bce-4f82-aede-73343ba5b3d1, initiative=18, tieBreak=2081459811, movementTicks=30, action=true, reaction=true, dodging=false, disengaged=false, eligibleRound=0], c0e63c09-d118-4621-b32e-19441759b7d9=MemberView[id=c0e63c09-d118-4621-b32e-19441759b7d9, initiative=13, tieBreak=-12653317, movementTicks=30, action=true, reaction=true, dodging=false, disengaged=false, eligibleRound=0]}, round=1, environmentRemaining=0, region=cc.sighs.dndturn.combat.EncounterRegion@340c6308] A=[Result[snapshot=Snapshot[operationId=cae1c798-08db-4f5c-aed2-d1e7274dc098, parentId=null, encounterId=749d19e1-e42f-4138-86d4-6000b124f745, owner=998cc12d-5bce-4f82-aede-73343ba5b3d1, source=998cc12d-5bce-4f82-aede-73343ba5b3d1, target=null, serverTick=146, encounterVersion=0, sourceCell=GridCell[x=-4324115, y=83, z=-13435806], targetCell=null, kind=END_TURN, observationEpoch=a23da81c-0c32-4940-b158-8e675caa5936, intent=null], step=0, outcome=COMPLETED, reason=turn ended, actualMovementTicks=0, actualDamage=0.0, publishedVersion=2, terminal=true, damageTrace=null, conclusion=null, failure=Details[code=NONE, retry=NONE]], Result[snapshot=Snapshot[operationId=4db57211-cd89-4796-8567-2aad3f1b94ec, parentId=null, encounterId=749d19e1-e42f-4138-86d4-6000b124f745, owner=c0e63c09-d118-4621-b32e-19441759b7d9, source=c0e63c09-d118-4621-b32e-19441759b7d9, target=null, serverTick=146, encounterVersion=2, sourceCell=GridCell[x=-4324114, y=83, z=-13435805], targetCell=null, kind=END_TURN, observationEpoch=a23da81c-0c32-4940-b158-8e675caa5936, intent=null], step=0, outcome=COMPLETED, reason=turn ended, actualMovementTicks=0, actualDamage=0.0, publishedVersion=4, terminal=true, damageTrace=null, conclusion=null, failure=Details[code=NONE, retry=NONE]]] B=[Result[snapshot=Snapshot[operationId=ed9b0411-cb47-4f9c-bd98-52e6ed978c52, parentId=null, encounterId=ee24b8d8-38ae-4bf8-8310-71eb61cb550d, owner=4143bb03-8c25-4225-9a0a-b131d9515697, source=4143bb03-8c25-4225-9a0a-b131d9515697, target=null, serverTick=146, encounterVersion=0, sourceCell=GridCell[x=-4324138, y=83, z=-13435808], targetCell=null, kind=END_TURN, observationEpoch=a23da81c-0c32-4940-b158-8e675caa5936, intent=null], step=0, outcome=COMPLETED, reason=turn ended, actualMovementTicks=0, actualDamage=0.0, publishedVersion=2, terminal=true, damageTrace=null, conclusion=null, failure=Details[code=NONE, retry=NONE]], Result[snapshot=Snapshot[operationId=776a5766-f8b2-454b-8bd6-a311ded97eb8, parentId=null, encounterId=ee24b8d8-38ae-4bf8-8310-71eb61cb550d, owner=ec5a062b-0e2c-448f-8080-70810ed4bfce, source=ec5a062b-0e2c-448f-8080-70810ed4bfce, target=null, serverTick=146, encounterVersion=2, sourceCell=GridCell[x=-4324139, y=83, z=-13435806], targetCell=null, kind=END_TURN, observationEpoch=a23da81c-0c32-4940-b158-8e675caa5936, intent=null], step=0, outcome=COMPLETED, reason=turn ended, actualMovementTicks=0, actualDamage=0.0, publishedVersion=4, terminal=true, damageTrace=null, conclusion=null, failure=Details[code=NONE, retry=NONE]], Result[snapshot=Snapshot[operationId=17f64c52-0917-460e-acfa-34a03e7191d5, parentId=null, encounterId=ee24b8d8-38ae-4bf8-8310-71eb61cb550d, owner=4143bb03-8c25-4225-9a0a-b131d9515697, source=4143bb03-8c25-4225-9a0a-b131d9515697, target=null, serverTick=328, encounterVersion=64, sourceCell=GridCell[x=-4324138, y=83, z=-13435808], targetCell=null, kind=END_TURN, observationEpoch=a23da81c-0c32-4940-b158-8e675caa5936, intent=null], step=0, outcome=COMPLETED, reason=turn ended, actualMovementTicks=0, actualDamage=0.0, publishedVersion=66, terminal=true, damageTrace=null, conclusion=null, failure=Details[code=NONE, retry=NONE]], Result[snapshot=Snapshot[operationId=f64d409c-b472-4802-a6ea-eb13679d47af, parentId=null, encounterId=ee24b8d8-38ae-4bf8-8310-71eb61cb550d, owner=ec5a062b-0e2c-448f-8080-70810ed4bfce, source=ec5a062b-0e2c-448f-8080-70810ed4bfce, target=null, serverTick=329, encounterVersion=66, sourceCell=GridCell[x=-4324139, y=83, z=-13435806], targetCell=null, kind=END_TURN, observationEpoch=a23da81c-0c32-4940-b158-8e675caa5936, intent=null], step=0, outcome=COMPLETED, reason=turn ended, actualMovementTicks=0, actualDamage=0.0, publishedVersion=68, terminal=true, damageTrace=null, conclusion=null, failure=Details[code=NONE, retry=NONE]]] on tick 200
[15:45:21] [Server thread/INFO] [minecraft/GameTestRunner]: Running test environment 'dndturn:native_melee' batch 0 (1 tests)...
[15:45:21] [Server thread/INFO] [minecraft/PlayerList]: tactical-test[embedded] logged in with entity id 49 at (0.0, 0.0, 0.0)
[15:45:21] [Server thread/INFO] [minecraft/MinecraftServer]: tactical-test joined the game
[15:45:21] [Server thread/INFO] [minecraft/GameTestServer]: [+++++++X+++++_                                            ]
[15:45:21] [Server thread/INFO] [minecraft/GameTestRunner]: Running test environment 'dndturn:movement_regressions' batch 0 (1 tests)...
[15:45:21] [Server thread/INFO] [minecraft/GameTestServer]: [+++++++X++++++_                                           ]
[15:45:21] [Server thread/INFO] [minecraft/GameTestServer]: [+++++++X++++++_                                           ]
[15:45:21] [Server thread/INFO] [minecraft/GameTestServer]: [+++++++X++++++_                                           ]
[15:45:21] [Server thread/INFO] [minecraft/PlayerList]: tactical-test[embedded] logged in with entity id 51 at (0.0, 0.0, 0.0)
[15:45:21] [Server thread/INFO] [minecraft/MinecraftServer]: tactical-test joined the game
[15:45:21] [Server thread/INFO] [minecraft/GameTestRunner]: Running test environment 'dndturn:merge_discovery_expansion' batch 0 (1 tests)...
[15:45:21] [Server thread/INFO] [minecraft/GameTestServer]: [+++++++X+++++++_                                          ]
[15:45:21] [Server thread/INFO] [minecraft/PlayerList]: test-mock-player[embedded] logged in with entity id 53 at (0.0, 0.0, 0.0)
[15:45:21] [Server thread/INFO] [minecraft/MinecraftServer]: test-mock-player joined the game
[15:45:21] [Server thread/INFO] [minecraft/PlayerList]: test-mock-player[embedded] logged in with entity id 55 at (0.0, 0.0, 0.0)
[15:45:21] [Server thread/INFO] [minecraft/MinecraftServer]: test-mock-player joined the game
[15:45:22] [Server thread/INFO] [minecraft/PlayerList]: test-mock-player[embedded] logged in with entity id 57 at (0.0, 0.0, 0.0)
[15:45:22] [Server thread/INFO] [minecraft/MinecraftServer]: test-mock-player joined the game
[15:45:22] [Server thread/INFO] [minecraft/GameTestRunner]: Running test environment 'dndturn:navigation_regressions' batch 0 (1 tests)...
[15:45:22] [Server thread/INFO] [minecraft/GameTestServer]: [+++++++X++++++++_                                         ]
[15:45:22] [Server thread/INFO] [minecraft/GameTestServer]: [+++++++X++++++++_                                         ]
[15:45:22] [Server thread/INFO] [minecraft/PlayerList]: tactical-test[embedded] logged in with entity id 60 at (0.0, 0.0, 0.0)
[15:45:22] [Server thread/INFO] [minecraft/MinecraftServer]: tactical-test joined the game
[15:45:22] [Server thread/INFO] [minecraft/GameTestRunner]: Running test environment 'dndturn:discovery_cursor' batch 0 (1 tests)...
[15:45:22] [Server thread/INFO] [minecraft/GameTestServer]: [+++++++X+++++++++_                                        ]
[15:45:22] [Server thread/INFO] [minecraft/GameTestServer]: [+++++++X+++++++++_                                        ]
[15:45:22] [Server thread/INFO] [minecraft/GameTestRunner]: Running test environment 'dndturn:environment_circuits' batch 0 (1 tests)...
[15:45:23] [Server thread/INFO] [minecraft/PlayerList]: test-mock-player[embedded] logged in with entity id 144 at (0.0, 0.0, 0.0)
[15:45:23] [Server thread/INFO] [minecraft/MinecraftServer]: test-mock-player joined the game
[15:45:23] [Server thread/INFO] [minecraft/GameTestServer]: [+++++++X++++++++++_                                       ]
[15:45:23] [Server thread/INFO] [minecraft/GameTestServer]: [+++++++X++++++++++_                                       ]
[15:45:23] [Server thread/INFO] [minecraft/GameTestServer]: [+++++++X++++++++++_                                       ]
[15:45:23] [Server thread/INFO] [minecraft/GameTestServer]: [+++++++X++++++++++_                                       ]
[15:45:23] [Server thread/INFO] [minecraft/GameTestServer]: [+++++++X++++++++++_                                       ]
[15:45:23] [Server thread/INFO] [minecraft/GameTestServer]: [+++++++X++++++++++_                                       ]
[15:45:23] [Server thread/INFO] [minecraft/GameTestServer]: [+++++++X++++++++++_                                       ]
[15:45:23] [Server thread/INFO] [minecraft/GameTestServer]: [+++++++X++++++++++_                                       ]
[15:45:23] [Server thread/INFO] [minecraft/GameTestServer]: [+++++++X++++++++++_                                       ]
[15:45:23] [Server thread/INFO] [minecraft/GameTestRunner]: Running test environment 'dndturn:action_preview' batch 0 (1 tests)...
[15:45:23] [Server thread/INFO] [minecraft/PlayerList]: tactical-test[embedded] logged in with entity id 146 at (0.0, 0.0, 0.0)
[15:45:23] [Server thread/INFO] [minecraft/MinecraftServer]: tactical-test joined the game
action_preview flat A*: slices=4, charged probes=73
[15:45:23] [Server thread/INFO] [minecraft/MinecraftServer]: tactical-test has made the advancement [Take Aim]
[15:45:23] [Server thread/INFO] [minecraft/GameTestRunner]: Running test environment 'minecraft:default' batch 0 (22 tests)...
[15:45:23] [Server thread/INFO] [minecraft/PlayerList]: test-mock-player[embedded] logged in with entity id 153 at (0.0, 0.0, 0.0)
[15:45:23] [Server thread/INFO] [minecraft/MinecraftServer]: test-mock-player joined the game
[15:45:23] [Server thread/INFO] [minecraft/PlayerList]: candidate-review-player[embedded] logged in with entity id 155 at (0.0, 0.0, 0.0)
[15:45:23] [Server thread/INFO] [minecraft/MinecraftServer]: candidate-review-player joined the game
[15:45:24] [Server thread/INFO] [minecraft/PlayerList]: test-mock-player[embedded] logged in with entity id 158 at (0.0, 0.0, 0.0)
[15:45:24] [Server thread/INFO] [minecraft/MinecraftServer]: test-mock-player joined the game
[15:45:24] [Server thread/INFO] [minecraft/PlayerList]: test-mock-player[embedded] logged in with entity id 160 at (0.0, 0.0, 0.0)
[15:45:24] [Server thread/INFO] [minecraft/MinecraftServer]: test-mock-player joined the game
[15:45:24] [Server thread/INFO] [minecraft/PlayerList]: test-mock-player[embedded] logged in with entity id 161 at (0.0, 0.0, 0.0)
[15:45:24] [Server thread/INFO] [minecraft/MinecraftServer]: test-mock-player joined the game
[15:45:24] [Server thread/INFO] [minecraft/PlayerList]: exit-test-player[embedded] logged in with entity id 166 at (0.0, 0.0, 0.0)
[15:45:24] [Server thread/INFO] [minecraft/MinecraftServer]: exit-test-player joined the game
[15:45:24] [Server thread/INFO] [minecraft/PlayerList]: exit-test-player[embedded] logged in with entity id 168 at (0.0, 0.0, 0.0)
[15:45:24] [Server thread/INFO] [minecraft/MinecraftServer]: exit-test-player joined the game
[15:45:24] [Server thread/INFO] [minecraft/PlayerList]: tactical-test[embedded] logged in with entity id 169 at (0.0, 0.0, 0.0)
[15:45:24] [Server thread/INFO] [minecraft/MinecraftServer]: tactical-test joined the game
[15:45:24] [Server thread/INFO] [minecraft/PlayerList]: test-mock-player[embedded] logged in with entity id 173 at (0.0, 0.0, 0.0)
[15:45:24] [Server thread/INFO] [minecraft/MinecraftServer]: test-mock-player joined the game
[15:45:24] [Server thread/ERROR] [cc.si.dn.co.ServerCombatService/]: Combat save cannot be safely restored; preserving it and disabling new encounters
java.lang.IllegalArgumentException: active encounter lacks captured settings or session sequence
	at TRANSFORMER/dndturn@1.0.0-SNAPSHOT/cc.sighs.dndturn.combat.CombatRecoveryCandidate.validate(CombatRecoveryCandidate.java:13) ~[main/:?] {}
	at TRANSFORMER/dndturn@1.0.0-SNAPSHOT/cc.sighs.dndturn.combat.ServerCombatService.<init>(ServerCombatService.java:290) [main/:?] {}
	at TRANSFORMER/dndturn@1.0.0-SNAPSHOT/cc.sighs.dndturn.combat.ServerCombatService.restoreForGameTest(ServerCombatService.java:374) [main/:?] {}
	at TRANSFORMER/dndturn@1.0.0-SNAPSHOT/cc.sighs.dndturn.gametest.RepairGameTests.values(RepairGameTests.java:124) [main/:?] {}
	at TRANSFORMER/minecraft@26.1.2/net.minecraft.gametest.framework.FunctionGameTestInstance.run(FunctionGameTestInstance.java:34) [minecraft-patched-26.1.2.84.jar:?] {}
	at TRANSFORMER/minecraft@26.1.2/net.minecraft.gametest.framework.GameTestInfo.startTest(GameTestInfo.java:163) [minecraft-patched-26.1.2.84.jar:?] {neoforge:access_transformer}
	at TRANSFORMER/minecraft@26.1.2/net.minecraft.gametest.framework.GameTestInfo.tickInternal(GameTestInfo.java:119) [minecraft-patched-26.1.2.84.jar:?] {neoforge:access_transformer}
	at TRANSFORMER/minecraft@26.1.2/net.minecraft.gametest.framework.GameTestInfo.tick(GameTestInfo.java:104) [minecraft-patched-26.1.2.84.jar:?] {neoforge:access_transformer}
	at TRANSFORMER/minecraft@26.1.2/net.minecraft.gametest.framework.GameTestTicker.lambda$tick$0(GameTestTicker.java:47) [minecraft-patched-26.1.2.84.jar:?] {}
	at java.base/java.util.concurrent.CopyOnWriteArrayList.forEach(CopyOnWriteArrayList.java:905) [?:?] {}
	at TRANSFORMER/minecraft@26.1.2/net.minecraft.gametest.framework.GameTestTicker.tick(GameTestTicker.java:47) [minecraft-patched-26.1.2.84.jar:?] {}
	at TRANSFORMER/minecraft@26.1.2/net.minecraft.server.MinecraftServer.tickChildren(MinecraftServer.java:1171) [minecraft-patched-26.1.2.84.jar:?] {neoforge:access_transformer,neoforge:access_transformer,neoforge:mixin[APP:dndturn.mixins.json:MinecraftServerWorldTickBoundaryMixin from mod dndturn]}
	at TRANSFORMER/minecraft@26.1.2/net.minecraft.server.MinecraftServer.tickServer(MinecraftServer.java:1003) [minecraft-patched-26.1.2.84.jar:?] {neoforge:access_transformer,neoforge:access_transformer,neoforge:mixin[APP:dndturn.mixins.json:MinecraftServerWorldTickBoundaryMixin from mod dndturn]}
	at TRANSFORMER/minecraft@26.1.2/net.minecraft.gametest.framework.GameTestServer.tickServer(GameTestServer.java:255) [minecraft-patched-26.1.2.84.jar:?] {}
	at TRANSFORMER/minecraft@26.1.2/net.minecraft.server.MinecraftServer.processPacketsAndTick(MinecraftServer.java:1035) [minecraft-patched-26.1.2.84.jar:?] {neoforge:access_transformer,neoforge:access_transformer,neoforge:mixin[APP:dndturn.mixins.json:MinecraftServerWorldTickBoundaryMixin from mod dndturn]}
	at TRANSFORMER/minecraft@26.1.2/net.minecraft.server.MinecraftServer.runServer(MinecraftServer.java:776) [minecraft-patched-26.1.2.84.jar:?] {neoforge:access_transformer,neoforge:access_transformer,neoforge:mixin[APP:dndturn.mixins.json:MinecraftServerWorldTickBoundaryMixin from mod dndturn]}
	at TRANSFORMER/minecraft@26.1.2/net.minecraft.server.MinecraftServer.lambda$spin$0(MinecraftServer.java:300) [minecraft-patched-26.1.2.84.jar:?] {neoforge:access_transformer,neoforge:access_transformer,neoforge:mixin[APP:dndturn.mixins.json:MinecraftServerWorldTickBoundaryMixin from mod dndturn]}
	at java.base/java.lang.Thread.run(Thread.java:1474) [?:?] {}
[15:45:24] [Server thread/INFO] [minecraft/PlayerList]: test-mock-player[embedded] logged in with entity id 181 at (0.0, 0.0, 0.0)
[15:45:24] [Server thread/INFO] [minecraft/MinecraftServer]: test-mock-player joined the game
[15:45:24] [Server thread/WARN] [cc.si.dn.co.ServerCombatService/]: Restored encounter d07444f7-38bf-4574-b85e-f831134ec52d released: membersPresent=false unknownOperations=1
[15:45:24] [Server thread/INFO] [minecraft/PlayerList]: test-mock-player[embedded] logged in with entity id 183 at (0.0, 0.0, 0.0)
[15:45:24] [Server thread/INFO] [minecraft/MinecraftServer]: test-mock-player joined the game
[15:45:24] [Server thread/INFO] [minecraft/PlayerList]: test-mock-player[embedded] logged in with entity id 187 at (0.0, 0.0, 0.0)
[15:45:24] [Server thread/INFO] [minecraft/MinecraftServer]: test-mock-player joined the game
[15:45:24] [Server thread/INFO] [minecraft/MinecraftServer]: test-mock-player has made the advancement [Monster Hunter]
[15:45:24] [Server thread/INFO] [minecraft/PlayerList]: test-mock-player[embedded] logged in with entity id 193 at (0.0, 0.0, 0.0)
[15:45:24] [Server thread/INFO] [minecraft/MinecraftServer]: test-mock-player joined the game
[15:45:24] [Server thread/INFO] [minecraft/PlayerList]: test-mock-player[embedded] logged in with entity id 197 at (0.0, 0.0, 0.0)
[15:45:24] [Server thread/INFO] [minecraft/MinecraftServer]: test-mock-player joined the game
[15:45:24] [Server thread/INFO] [minecraft/PlayerList]: test-mock-player[embedded] logged in with entity id 199 at (0.0, 0.0, 0.0)
[15:45:24] [Server thread/INFO] [minecraft/MinecraftServer]: test-mock-player joined the game
[15:45:24] [Server thread/INFO] [minecraft/GameTestServer]: [+++++++X+++++++++++++__+++++++++_+_+_+_++_                ]
[15:45:25] [Server thread/INFO] [minecraft/PlayerList]: test-mock-player[embedded] logged in with entity id 203 at (0.0, 0.0, 0.0)
[15:45:25] [Server thread/INFO] [minecraft/MinecraftServer]: test-mock-player joined the game
[15:45:25] [Server thread/INFO] [minecraft/GameTestServer]: [+++++++X++++++++++++++++++++++++_+++_+++++                ]
[15:45:25] [Server thread/INFO] [minecraft/PlayerList]: test-mock-player[embedded] logged in with entity id 210 at (0.0, 0.0, 0.0)
[15:45:25] [Server thread/INFO] [minecraft/MinecraftServer]: test-mock-player joined the game
[15:45:25] [Server thread/INFO] [minecraft/GameTestServer]: [+++++++X++++++++++++++++++++++++_+++_+++++                ]
[15:45:25] [Server thread/INFO] [minecraft/GameTestServer]: [+++++++X++++++++++++++++++++++++++++_+++++                ]
[15:45:25] [Server thread/INFO] [minecraft/GameTestServer]: [+++++++X++++++++++++++++++++++++++++_+++++                ]
[15:45:25] [Server thread/INFO] [minecraft/GameTestServer]: [+++++++X++++++++++++++++++++++++++++_+++++                ]
[15:45:25] [Server thread/INFO] [minecraft/GameTestServer]: [+++++++X++++++++++++++++++++++++++++_+++++                ]
[15:45:25] [Server thread/INFO] [minecraft/GameTestServer]: [+++++++X++++++++++++++++++++++++++++_+++++                ]
[15:45:25] [Server thread/INFO] [minecraft/GameTestRunner]: Running test environment 'dndturn:tactical_ranged' batch 0 (1 tests)...
[15:45:25] [Server thread/INFO] [minecraft/GameTestServer]: [+++++++X++++++++++++++++++++++++++++++++++                ]
[15:45:25] [Server thread/INFO] [minecraft/GameTestServer]: [+++++++X++++++++++++++++++++++++++++++++++_               ]
[15:45:25] [Server thread/INFO] [minecraft/GameTestServer]: [+++++++X++++++++++++++++++++++++++++++++++_               ]
[15:45:25] [Server thread/INFO] [minecraft/PlayerList]: test-mock-player[embedded] logged in with entity id 222 at (0.0, 0.0, 0.0)
[15:45:25] [Server thread/INFO] [minecraft/MinecraftServer]: test-mock-player joined the game
[15:45:25] [Server thread/INFO] [minecraft/GameTestServer]: [+++++++X++++++++++++++++++++++++++++++++++_               ]
[15:45:25] [Server thread/INFO] [minecraft/GameTestServer]: [+++++++X++++++++++++++++++++++++++++++++++_               ]
[15:45:25] [Server thread/INFO] [minecraft/GameTestRunner]: Running test environment 'dndturn:tactical_crossbow' batch 0 (1 tests)...
[15:45:25] [Server thread/INFO] [minecraft/GameTestServer]: [+++++++X+++++++++++++++++++++++++++++++++++_              ]
[15:45:25] [Server thread/INFO] [minecraft/GameTestServer]: [+++++++X+++++++++++++++++++++++++++++++++++_              ]
[15:45:25] [Server thread/INFO] [minecraft/GameTestServer]: [+++++++X+++++++++++++++++++++++++++++++++++_              ]
[15:45:25] [Server thread/INFO] [minecraft/PlayerList]: test-mock-player[embedded] logged in with entity id 225 at (0.0, 0.0, 0.0)
[15:45:25] [Server thread/INFO] [minecraft/MinecraftServer]: test-mock-player joined the game
[15:45:26] [Server thread/INFO] [minecraft/GameTestServer]: [+++++++X+++++++++++++++++++++++++++++++++++_              ]
[15:45:26] [Server thread/INFO] [minecraft/GameTestServer]: [+++++++X+++++++++++++++++++++++++++++++++++_              ]
[15:45:26] [Server thread/INFO] [minecraft/MinecraftServer]: test-mock-player has made the advancement [Ol' Betsy]
[15:45:26] [Server thread/INFO] [minecraft/GameTestRunner]: Running test environment 'dndturn:scheduled_tick_hold' batch 0 (1 tests)...
[15:45:26] [Server thread/INFO] [minecraft/GameTestServer]: [+++++++X++++++++++++++++++++++++++++++++++++_             ]
[15:45:26] [Server thread/INFO] [minecraft/PlayerList]: test-mock-player[embedded] logged in with entity id 228 at (0.0, 0.0, 0.0)
[15:45:26] [Server thread/INFO] [minecraft/MinecraftServer]: test-mock-player joined the game
[15:45:26] [Server thread/INFO] [minecraft/GameTestServer]: [+++++++X++++++++++++++++++++++++++++++++++++_             ]
[15:45:26] [Server thread/INFO] [minecraft/GameTestRunner]: Running test environment 'dndturn:environment_processes' batch 0 (1 tests)...
[15:45:26] [Server thread/INFO] [minecraft/PlayerList]: test-mock-player[embedded] logged in with entity id 232 at (0.0, 0.0, 0.0)
[15:45:26] [Server thread/INFO] [minecraft/MinecraftServer]: test-mock-player joined the game
[15:45:26] [Server thread/INFO] [minecraft/GameTestServer]: [+++++++X+++++++++++++++++++++++++++++++++++++_            ]
[15:45:26] [Server thread/INFO] [minecraft/GameTestServer]: [+++++++X+++++++++++++++++++++++++++++++++++++_            ]
[15:45:26] [Server thread/INFO] [minecraft/GameTestRunner]: Running test environment 'dndturn:environment_tnt' batch 0 (1 tests)...
[15:45:26] [Server thread/INFO] [minecraft/GameTestServer]: [+++++++X++++++++++++++++++++++++++++++++++++++            ]
[15:45:26] [Server thread/INFO] [minecraft/PlayerList]: test-mock-player[embedded] logged in with entity id 236 at (0.0, 0.0, 0.0)
[15:45:26] [Server thread/INFO] [minecraft/MinecraftServer]: test-mock-player joined the game
[15:45:26] [Server thread/INFO] [minecraft/GameTestServer]: [+++++++X++++++++++++++++++++++++++++++++++++++_           ]
[15:45:26] [Server thread/INFO] [minecraft/GameTestServer]: [+++++++X++++++++++++++++++++++++++++++++++++++_           ]
[15:45:26] [Server thread/INFO] [minecraft/GameTestServer]: [+++++++X++++++++++++++++++++++++++++++++++++++_           ]
[15:45:26] [Server thread/INFO] [minecraft/GameTestServer]: [+++++++X++++++++++++++++++++++++++++++++++++++_           ]
[15:45:26] [Server thread/INFO] [minecraft/GameTestServer]: [+++++++X++++++++++++++++++++++++++++++++++++++_           ]
[15:45:26] [Server thread/INFO] [minecraft/GameTestServer]: [+++++++X++++++++++++++++++++++++++++++++++++++_           ]
[15:45:26] [Server thread/INFO] [minecraft/GameTestServer]: [+++++++X++++++++++++++++++++++++++++++++++++++_           ]
[15:45:26] [Server thread/INFO] [minecraft/GameTestServer]: [+++++++X++++++++++++++++++++++++++++++++++++++_           ]
[15:45:26] [Server thread/INFO] [minecraft/GameTestRunner]: Running test environment 'dndturn:tactical_snowball' batch 0 (1 tests)...
[15:45:26] [Server thread/INFO] [minecraft/GameTestServer]: [+++++++X+++++++++++++++++++++++++++++++++++++++_          ]
[15:45:26] [Server thread/INFO] [minecraft/GameTestServer]: [+++++++X+++++++++++++++++++++++++++++++++++++++_          ]
[15:45:26] [Server thread/INFO] [minecraft/GameTestServer]: [+++++++X+++++++++++++++++++++++++++++++++++++++_          ]
[15:45:26] [Server thread/INFO] [minecraft/PlayerList]: test-mock-player[embedded] logged in with entity id 244 at (0.0, 0.0, 0.0)
[15:45:26] [Server thread/INFO] [minecraft/MinecraftServer]: test-mock-player joined the game
[15:45:27] [Server thread/INFO] [minecraft/GameTestServer]: [+++++++X+++++++++++++++++++++++++++++++++++++++_          ]
[15:45:27] [Server thread/INFO] [minecraft/GameTestRunner]: Running test environment 'dndturn:player_only_start' batch 0 (1 tests)...
[15:45:27] [Server thread/INFO] [minecraft/PlayerList]: test-mock-player[embedded] logged in with entity id 251 at (0.0, 0.0, 0.0)
[15:45:27] [Server thread/INFO] [minecraft/MinecraftServer]: test-mock-player joined the game
[15:45:27] [Server thread/INFO] [minecraft/GameTestServer]: [+++++++X++++++++++++++++++++++++++++++++++++++++_         ]
[15:45:27] [Server thread/INFO] [minecraft/GameTestServer]: [+++++++X++++++++++++++++++++++++++++++++++++++++_         ]
[15:45:27] [Server thread/INFO] [minecraft/GameTestServer]: [+++++++X++++++++++++++++++++++++++++++++++++++++_         ]
[15:45:27] [Server thread/INFO] [minecraft/GameTestRunner]: Running test environment 'dndturn:environment_domains' batch 0 (1 tests)...
[15:45:27] [Server thread/INFO] [minecraft/PlayerList]: test-mock-player[embedded] logged in with entity id 252 at (0.0, 0.0, 0.0)
[15:45:27] [Server thread/INFO] [minecraft/MinecraftServer]: test-mock-player joined the game
[15:45:27] [Server thread/INFO] [minecraft/PlayerList]: test-mock-player[embedded] logged in with entity id 253 at (0.0, 0.0, 0.0)
[15:45:27] [Server thread/INFO] [minecraft/MinecraftServer]: test-mock-player joined the game
[15:45:27] [Server thread/INFO] [minecraft/GameTestServer]: [+++++++X+++++++++++++++++++++++++++++++++++++++++_        ]
[15:45:27] [Server thread/INFO] [minecraft/GameTestServer]: [+++++++X+++++++++++++++++++++++++++++++++++++++++_        ]
[15:45:27] [Server thread/WARN] [cc.si.dn.co.EnvironmentExplosion/]: ENVIRONMENT_DOMAIN_MISMATCH step=7b7f9b63-9ddc-4b59-8e3e-a40a95812efc source=7e4b87fc-be7a-4329-9135-a6edd15e7911 rejectedEntities=1 rejectedBlocks=12
[15:45:27] [Server thread/INFO] [minecraft/GameTestRunner]: Running test environment 'dndturn:restart_history' batch 0 (1 tests)...
[15:45:28] [Server thread/INFO] [minecraft/PlayerList]: tactical-test[embedded] logged in with entity id 259 at (0.0, 0.0, 0.0)
[15:45:28] [Server thread/INFO] [minecraft/MinecraftServer]: tactical-test joined the game
[15:45:28] [Server thread/INFO] [minecraft/GameTestServer]: [+++++++X++++++++++++++++++++++++++++++++++++++++++_       ]
[15:45:28] [Server thread/INFO] [minecraft/GameTestServer]: [+++++++X++++++++++++++++++++++++++++++++++++++++++_       ]
DNDTURN_RESTART_WRITE_READY encounter=00104c29-b37b-4412-b98b-609b401aaac0 operation=8cc8fdc4-07ee-4c02-9a6b-82da9d2c2499
[15:45:28] [Server thread/INFO] [minecraft/GameTestRunner]: Running test environment 'dndturn:environment_clock' batch 0 (1 tests)...
[15:45:28] [Server thread/INFO] [minecraft/PlayerList]: test-mock-player[embedded] logged in with entity id 260 at (0.0, 0.0, 0.0)
[15:45:28] [Server thread/INFO] [minecraft/MinecraftServer]: test-mock-player joined the game
[15:45:28] [Server thread/INFO] [minecraft/GameTestServer]: [+++++++X+++++++++++++++++++++++++++++++++++++++++++_      ]
[15:45:28] [Server thread/INFO] [minecraft/GameTestServer]: [+++++++X+++++++++++++++++++++++++++++++++++++++++++_      ]
[15:45:28] [Server thread/INFO] [minecraft/GameTestServer]: [+++++++X+++++++++++++++++++++++++++++++++++++++++++_      ]
[15:45:28] [Server thread/INFO] [minecraft/GameTestServer]: [+++++++X+++++++++++++++++++++++++++++++++++++++++++_      ]
[15:45:28] [Server thread/INFO] [minecraft/GameTestServer]: [+++++++X+++++++++++++++++++++++++++++++++++++++++++_      ]
[15:45:28] [Server thread/INFO] [minecraft/GameTestServer]: [+++++++X+++++++++++++++++++++++++++++++++++++++++++_      ]
[15:45:28] [Server thread/INFO] [minecraft/GameTestRunner]: Running test environment 'dndturn:environment_classification' batch 0 (1 tests)...
[15:45:28] [Server thread/INFO] [minecraft/PlayerList]: test-mock-player[embedded] logged in with entity id 261 at (0.0, 0.0, 0.0)
[15:45:28] [Server thread/INFO] [minecraft/MinecraftServer]: test-mock-player joined the game
[15:45:28] [Server thread/INFO] [minecraft/GameTestServer]: [+++++++X++++++++++++++++++++++++++++++++++++++++++++_     ]
[15:45:28] [Server thread/INFO] [minecraft/GameTestServer]: [+++++++X++++++++++++++++++++++++++++++++++++++++++++_     ]
[15:45:28] [Server thread/INFO] [minecraft/GameTestRunner]: Running test environment 'dndturn:merge_world_boundary' batch 0 (1 tests)...
[15:45:28] [Server thread/INFO] [minecraft/GameTestServer]: [+++++++X+++++++++++++++++++++++++++++++++++++++++++++_    ]
[15:45:28] [Server thread/INFO] [minecraft/PlayerList]: test-mock-player[embedded] logged in with entity id 266 at (0.0, 0.0, 0.0)
[15:45:28] [Server thread/INFO] [minecraft/MinecraftServer]: test-mock-player joined the game
[15:45:28] [Server thread/INFO] [minecraft/PlayerList]: test-mock-player[embedded] logged in with entity id 267 at (0.0, 0.0, 0.0)
[15:45:28] [Server thread/INFO] [minecraft/MinecraftServer]: test-mock-player joined the game
[15:45:28] [Server thread/INFO] [minecraft/GameTestRunner]: Running test environment 'dndturn:tactical_plan' batch 0 (1 tests)...
[15:45:28] [Server thread/INFO] [minecraft/PlayerList]: test-mock-player[embedded] logged in with entity id 280 at (0.0, 0.0, 0.0)
[15:45:28] [Server thread/INFO] [minecraft/MinecraftServer]: test-mock-player joined the game
[15:45:29] [Server thread/INFO] [minecraft/GameTestServer]: [+++++++X++++++++++++++++++++++++++++++++++++++++++++++_   ]
[15:45:29] [Server thread/INFO] [minecraft/GameTestServer]: [+++++++X++++++++++++++++++++++++++++++++++++++++++++++_   ]
[15:45:29] [Server thread/INFO] [minecraft/MinecraftServer]: test-mock-player has made the advancement [Isn't It Iron Pick]
[15:45:29] [Server thread/INFO] [minecraft/GameTestServer]: [+++++++X++++++++++++++++++++++++++++++++++++++++++++++_   ]
[15:45:29] [Server thread/INFO] [minecraft/GameTestRunner]: Running test environment 'dndturn:body_control' batch 0 (1 tests)...
[15:45:30] [Server thread/INFO] [minecraft/PlayerList]: tactical-test[embedded] logged in with entity id 287 at (0.0, 0.0, 0.0)
[15:45:30] [Server thread/INFO] [minecraft/MinecraftServer]: tactical-test joined the game
[15:45:30] [Server thread/INFO] [minecraft/GameTestServer]: [+++++++X+++++++++++++++++++++++++++++++++++++++++++++++_  ]
[15:45:30] [Server thread/INFO] [minecraft/GameTestServer]: [+++++++X+++++++++++++++++++++++++++++++++++++++++++++++_  ]
[15:45:30] [Server thread/INFO] [minecraft/GameTestRunner]: Running test environment 'dndturn:consent_regressions' batch 0 (1 tests)...
[15:45:30] [Server thread/INFO] [minecraft/GameTestServer]: [+++++++X++++++++++++++++++++++++++++++++++++++++++++++++  ]
[15:45:30] [Server thread/INFO] [minecraft/PlayerList]: exit-test-player[embedded] logged in with entity id 292 at (0.0, 0.0, 0.0)
[15:45:30] [Server thread/INFO] [minecraft/MinecraftServer]: exit-test-player joined the game
[15:45:30] [Server thread/INFO] [minecraft/PlayerList]: exit-test-player[embedded] logged in with entity id 293 at (0.0, 0.0, 0.0)
[15:45:30] [Server thread/INFO] [minecraft/MinecraftServer]: exit-test-player joined the game
[15:45:30] [Server thread/INFO] [minecraft/PlayerList]: exit-test-player[embedded] logged in with entity id 294 at (0.0, 0.0, 0.0)
[15:45:30] [Server thread/INFO] [minecraft/MinecraftServer]: exit-test-player joined the game
[15:45:30] [Server thread/INFO] [minecraft/GameTestServer]: [+++++++X++++++++++++++++++++++++++++++++++++++++++++++++_ ]
[15:45:30] [Server thread/INFO] [minecraft/GameTestServer]: [+++++++X++++++++++++++++++++++++++++++++++++++++++++++++_ ]
[15:45:30] [Server thread/INFO] [minecraft/GameTestServer]: [+++++++X++++++++++++++++++++++++++++++++++++++++++++++++_ ]
[15:45:30] [Server thread/INFO] [minecraft/GameTestServer]: [+++++++X++++++++++++++++++++++++++++++++++++++++++++++++_ ]
[15:45:30] [Server thread/INFO] [minecraft/GameTestServer]: [+++++++X++++++++++++++++++++++++++++++++++++++++++++++++_ ]
[15:45:30] [Server thread/INFO] [minecraft/GameTestServer]: [+++++++X++++++++++++++++++++++++++++++++++++++++++++++++_ ]
[15:45:30] [Server thread/INFO] [minecraft/GameTestServer]: [+++++++X++++++++++++++++++++++++++++++++++++++++++++++++_ ]
[15:45:30] [Server thread/INFO] [minecraft/GameTestServer]: [+++++++X++++++++++++++++++++++++++++++++++++++++++++++++_ ]
[15:45:30] [Server thread/INFO] [minecraft/GameTestServer]: [+++++++X++++++++++++++++++++++++++++++++++++++++++++++++_ ]
[15:45:30] [Server thread/INFO] [minecraft/GameTestServer]: [+++++++X++++++++++++++++++++++++++++++++++++++++++++++++_ ]
[15:45:30] [Server thread/INFO] [minecraft/GameTestServer]: [+++++++X++++++++++++++++++++++++++++++++++++++++++++++++_ ]
[15:45:30] [Server thread/INFO] [minecraft/GameTestServer]: [+++++++X++++++++++++++++++++++++++++++++++++++++++++++++_ ]
[15:45:30] [Server thread/INFO] [minecraft/GameTestServer]: [+++++++X++++++++++++++++++++++++++++++++++++++++++++++++_ ]
[15:45:30] [Server thread/INFO] [minecraft/GameTestServer]: [+++++++X++++++++++++++++++++++++++++++++++++++++++++++++_ ]
[15:45:30] [Server thread/INFO] [minecraft/GameTestServer]: [+++++++X++++++++++++++++++++++++++++++++++++++++++++++++_ ]
[15:45:30] [Server thread/INFO] [minecraft/GameTestServer]: [+++++++X++++++++++++++++++++++++++++++++++++++++++++++++_ ]
[15:45:30] [Server thread/INFO] [minecraft/GameTestServer]: [+++++++X++++++++++++++++++++++++++++++++++++++++++++++++_ ]
[15:45:30] [Server thread/INFO] [minecraft/GameTestServer]: [+++++++X++++++++++++++++++++++++++++++++++++++++++++++++_ ]
[15:45:30] [Server thread/INFO] [minecraft/GameTestServer]: [+++++++X++++++++++++++++++++++++++++++++++++++++++++++++_ ]
[15:45:30] [Server thread/INFO] [minecraft/GameTestServer]: [+++++++X++++++++++++++++++++++++++++++++++++++++++++++++_ ]
[15:45:30] [Server thread/INFO] [minecraft/GameTestRunner]: Running test environment 'dndturn:environment_boundary_time' batch 0 (1 tests)...
[15:45:30] [Server thread/INFO] [minecraft/PlayerList]: test-mock-player[embedded] logged in with entity id 296 at (0.0, 0.0, 0.0)
[15:45:30] [Server thread/INFO] [minecraft/MinecraftServer]: test-mock-player joined the game
[15:45:30] [Server thread/INFO] [minecraft/GameTestServer]: [+++++++X+++++++++++++++++++++++++++++++++++++++++++++++++_]
[15:45:30] [Server thread/INFO] [minecraft/GameTestServer]: [+++++++X+++++++++++++++++++++++++++++++++++++++++++++++++_]
[15:45:30] [Server thread/INFO] [minecraft/GameTestServer]: [+++++++X+++++++++++++++++++++++++++++++++++++++++++++++++_]
[15:45:30] [Server thread/ERROR] [minecraft/LogTestReporter]: dndturn:environment_boundary_time failed at -4330343, -59, -13435726! outside hopper mutated paused destination: chest=1 minecraft:diamond hopper=0 minecraft:air phase=ENVIRONMENT player=(-4233341.5, 152.0, -1.34357235E7) chestPaused=true source=BlockPos{x=-4233333, y=152, z=-13435724} destination=BlockPos{x=-4233334, y=152, z=-13435724} time=1 on tick 54
[15:45:30] [Server thread/INFO] [minecraft/GameTestServer]: [+++++++X+++++++++++++++++++++++++++++++++++++++++++++++++X]
[15:45:30] [Server thread/INFO] [minecraft/GameTestServer]: ========= 58 GAME TESTS COMPLETE IN 13.23 s ======================
[15:45:30] [Server thread/ERROR] [minecraft/GameTestServer]: 2 required tests failed :(
[15:45:30] [Server thread/ERROR] [minecraft/GameTestServer]:    - dndturn:arrow_cross_session_reverse: A arrow did not causally merge B: ticks=1 removed=false position=(-4324137.199999988, 84.0, -1.34358075E7) stateA=StateView[id=749d19e1-e42f-4138-86d4-6000b124f745, phase=CANDIDATE, version=64, order=[998cc12d-5bce-4f82-aede-73343ba5b3d1, c0e63c09-d118-4621-b32e-19441759b7d9, 751d8335-28cb-3ee1-961f-f25c7daaacb5], current=998cc12d-5bce-4f82-aede-73343ba5b3d1, members={998cc12d-5bce-4f82-aede-73343ba5b3d1=MemberView[id=998cc12d-5bce-4f82-aede-73343ba5b3d1, initiative=18, tieBreak=2081459811, movementTicks=30, action=true, reaction=true, dodging=false, disengaged=false, eligibleRound=0], c0e63c09-d118-4621-b32e-19441759b7d9=MemberView[id=c0e63c09-d118-4621-b32e-19441759b7d9, initiative=13, tieBreak=-12653317, movementTicks=30, action=true, reaction=true, dodging=false, disengaged=false, eligibleRound=0]}, round=1, environmentRemaining=0, region=cc.sighs.dndturn.combat.EncounterRegion@340c6308] A=[Result[snapshot=Snapshot[operationId=cae1c798-08db-4f5c-aed2-d1e7274dc098, parentId=null, encounterId=749d19e1-e42f-4138-86d4-6000b124f745, owner=998cc12d-5bce-4f82-aede-73343ba5b3d1, source=998cc12d-5bce-4f82-aede-73343ba5b3d1, target=null, serverTick=146, encounterVersion=0, sourceCell=GridCell[x=-4324115, y=83, z=-13435806], targetCell=null, kind=END_TURN, observationEpoch=a23da81c-0c32-4940-b158-8e675caa5936, intent=null], step=0, outcome=COMPLETED, reason=turn ended, actualMovementTicks=0, actualDamage=0.0, publishedVersion=2, terminal=true, damageTrace=null, conclusion=null, failure=Details[code=NONE, retry=NONE]], Result[snapshot=Snapshot[operationId=4db57211-cd89-4796-8567-2aad3f1b94ec, parentId=null, encounterId=749d19e1-e42f-4138-86d4-6000b124f745, owner=c0e63c09-d118-4621-b32e-19441759b7d9, source=c0e63c09-d118-4621-b32e-19441759b7d9, target=null, serverTick=146, encounterVersion=2, sourceCell=GridCell[x=-4324114, y=83, z=-13435805], targetCell=null, kind=END_TURN, observationEpoch=a23da81c-0c32-4940-b158-8e675caa5936, intent=null], step=0, outcome=COMPLETED, reason=turn ended, actualMovementTicks=0, actualDamage=0.0, publishedVersion=4, terminal=true, damageTrace=null, conclusion=null, failure=Details[code=NONE, retry=NONE]]] B=[Result[snapshot=Snapshot[operationId=ed9b0411-cb47-4f9c-bd98-52e6ed978c52, parentId=null, encounterId=ee24b8d8-38ae-4bf8-8310-71eb61cb550d, owner=4143bb03-8c25-4225-9a0a-b131d9515697, source=4143bb03-8c25-4225-9a0a-b131d9515697, target=null, serverTick=146, encounterVersion=0, sourceCell=GridCell[x=-4324138, y=83, z=-13435808], targetCell=null, kind=END_TURN, observationEpoch=a23da81c-0c32-4940-b158-8e675caa5936, intent=null], step=0, outcome=COMPLETED, reason=turn ended, actualMovementTicks=0, actualDamage=0.0, publishedVersion=2, terminal=true, damageTrace=null, conclusion=null, failure=Details[code=NONE, retry=NONE]], Result[snapshot=Snapshot[operationId=776a5766-f8b2-454b-8bd6-a311ded97eb8, parentId=null, encounterId=ee24b8d8-38ae-4bf8-8310-71eb61cb550d, owner=ec5a062b-0e2c-448f-8080-70810ed4bfce, source=ec5a062b-0e2c-448f-8080-70810ed4bfce, target=null, serverTick=146, encounterVersion=2, sourceCell=GridCell[x=-4324139, y=83, z=-13435806], targetCell=null, kind=END_TURN, observationEpoch=a23da81c-0c32-4940-b158-8e675caa5936, intent=null], step=0, outcome=COMPLETED, reason=turn ended, actualMovementTicks=0, actualDamage=0.0, publishedVersion=4, terminal=true, damageTrace=null, conclusion=null, failure=Details[code=NONE, retry=NONE]], Result[snapshot=Snapshot[operationId=17f64c52-0917-460e-acfa-34a03e7191d5, parentId=null, encounterId=ee24b8d8-38ae-4bf8-8310-71eb61cb550d, owner=4143bb03-8c25-4225-9a0a-b131d9515697, source=4143bb03-8c25-4225-9a0a-b131d9515697, target=null, serverTick=328, encounterVersion=64, sourceCell=GridCell[x=-4324138, y=83, z=-13435808], targetCell=null, kind=END_TURN, observationEpoch=a23da81c-0c32-4940-b158-8e675caa5936, intent=null], step=0, outcome=COMPLETED, reason=turn ended, actualMovementTicks=0, actualDamage=0.0, publishedVersion=66, terminal=true, damageTrace=null, conclusion=null, failure=Details[code=NONE, retry=NONE]], Result[snapshot=Snapshot[operationId=f64d409c-b472-4802-a6ea-eb13679d47af, parentId=null, encounterId=ee24b8d8-38ae-4bf8-8310-71eb61cb550d, owner=ec5a062b-0e2c-448f-8080-70810ed4bfce, source=ec5a062b-0e2c-448f-8080-70810ed4bfce, target=null, serverTick=329, encounterVersion=66, sourceCell=GridCell[x=-4324139, y=83, z=-13435806], targetCell=null, kind=END_TURN, observationEpoch=a23da81c-0c32-4940-b158-8e675caa5936, intent=null], step=0, outcome=COMPLETED, reason=turn ended, actualMovementTicks=0, actualDamage=0.0, publishedVersion=68, terminal=true, damageTrace=null, conclusion=null, failure=Details[code=NONE, retry=NONE]]] on tick 200
[15:45:30] [Server thread/ERROR] [minecraft/GameTestServer]:    - dndturn:environment_boundary_time: outside hopper mutated paused destination: chest=1 minecraft:diamond hopper=0 minecraft:air phase=ENVIRONMENT player=(-4233341.5, 152.0, -1.34357235E7) chestPaused=true source=BlockPos{x=-4233333, y=152, z=-13435724} destination=BlockPos{x=-4233334, y=152, z=-13435724} time=1 on tick 54
[15:45:30] [Server thread/INFO] [minecraft/GameTestServer]: ====================================================
[15:45:30] [Server thread/INFO] [minecraft/MinecraftServer]: Stopping server
[15:45:30] [Server thread/INFO] [minecraft/MinecraftServer]: Saving players
[15:45:31] [Server thread/INFO] [minecraft/ServerGamePacketListenerImpl]: test-mock-player lost connection: Server closed
[15:45:31] [Server thread/INFO] [minecraft/MinecraftServer]: test-mock-player left the game
[15:45:31] [Server thread/INFO] [minecraft/ServerGamePacketListenerImpl]: test-mock-player lost connection: Server closed
[15:45:31] [Server thread/INFO] [minecraft/MinecraftServer]: test-mock-player left the game
[15:45:31] [Server thread/INFO] [minecraft/ServerGamePacketListenerImpl]: test-mock-player lost connection: Server closed
[15:45:31] [Server thread/INFO] [minecraft/MinecraftServer]: test-mock-player left the game
[15:45:31] [Server thread/INFO] [minecraft/ServerGamePacketListenerImpl]: test-mock-player lost connection: Server closed
[15:45:31] [Server thread/INFO] [minecraft/MinecraftServer]: test-mock-player left the game
[15:45:31] [Server thread/INFO] [minecraft/ServerGamePacketListenerImpl]: test-mock-player lost connection: Server closed
[15:45:31] [Server thread/INFO] [minecraft/MinecraftServer]: test-mock-player left the game
[15:45:31] [Server thread/INFO] [minecraft/ServerGamePacketListenerImpl]: test-mock-player lost connection: Server closed
[15:45:31] [Server thread/INFO] [minecraft/MinecraftServer]: test-mock-player left the game
[15:45:31] [Server thread/INFO] [minecraft/ServerGamePacketListenerImpl]: test-mock-player lost connection: Server closed
[15:45:31] [Server thread/INFO] [minecraft/MinecraftServer]: test-mock-player left the game
[15:45:31] [Server thread/INFO] [minecraft/ServerGamePacketListenerImpl]: test-mock-player lost connection: Server closed
[15:45:31] [Server thread/INFO] [minecraft/MinecraftServer]: test-mock-player left the game
[15:45:31] [Server thread/INFO] [minecraft/ServerGamePacketListenerImpl]: test-mock-player lost connection: Server closed
[15:45:31] [Server thread/INFO] [minecraft/MinecraftServer]: test-mock-player left the game
[15:45:31] [Server thread/INFO] [minecraft/ServerGamePacketListenerImpl]: tactical-test lost connection: Server closed
[15:45:31] [Server thread/INFO] [minecraft/MinecraftServer]: tactical-test left the game
[15:45:31] [Server thread/INFO] [minecraft/ServerGamePacketListenerImpl]: test-mock-player lost connection: Server closed
[15:45:31] [Server thread/INFO] [minecraft/MinecraftServer]: test-mock-player left the game
[15:45:31] [Server thread/INFO] [minecraft/ServerGamePacketListenerImpl]: test-mock-player lost connection: Server closed
[15:45:31] [Server thread/INFO] [minecraft/MinecraftServer]: test-mock-player left the game
[15:45:31] [Server thread/INFO] [minecraft/ServerGamePacketListenerImpl]: test-mock-player lost connection: Server closed
[15:45:31] [Server thread/INFO] [minecraft/MinecraftServer]: test-mock-player left the game
[15:45:31] [Server thread/INFO] [minecraft/ServerGamePacketListenerImpl]: test-mock-player lost connection: Server closed
[15:45:31] [Server thread/INFO] [minecraft/MinecraftServer]: test-mock-player left the game
[15:45:31] [Server thread/INFO] [minecraft/ServerGamePacketListenerImpl]: test-mock-player lost connection: Server closed
[15:45:31] [Server thread/INFO] [minecraft/MinecraftServer]: test-mock-player left the game
[15:45:31] [Server thread/INFO] [minecraft/ServerGamePacketListenerImpl]: test-mock-player lost connection: Server closed
[15:45:31] [Server thread/INFO] [minecraft/MinecraftServer]: test-mock-player left the game
[15:45:31] [Server thread/INFO] [minecraft/ServerGamePacketListenerImpl]: exit-test-player lost connection: Server closed
[15:45:31] [Server thread/INFO] [minecraft/MinecraftServer]: exit-test-player left the game
[15:45:31] [Server thread/INFO] [minecraft/ServerGamePacketListenerImpl]: test-mock-player lost connection: Server closed
[15:45:31] [Server thread/INFO] [minecraft/MinecraftServer]: test-mock-player left the game
[15:45:31] [Server thread/INFO] [minecraft/ServerGamePacketListenerImpl]: test-mock-player lost connection: Server closed
[15:45:31] [Server thread/INFO] [minecraft/MinecraftServer]: test-mock-player left the game
[15:45:31] [Server thread/INFO] [minecraft/ServerGamePacketListenerImpl]: test-mock-player lost connection: Server closed
[15:45:31] [Server thread/INFO] [minecraft/MinecraftServer]: test-mock-player left the game
[15:45:31] [Server thread/INFO] [minecraft/ServerGamePacketListenerImpl]: test-mock-player lost connection: Server closed
[15:45:31] [Server thread/INFO] [minecraft/MinecraftServer]: test-mock-player left the game
[15:45:31] [Server thread/INFO] [minecraft/ServerGamePacketListenerImpl]: test-mock-player lost connection: Server closed
[15:45:31] [Server thread/INFO] [minecraft/MinecraftServer]: test-mock-player left the game
[15:45:31] [Server thread/INFO] [minecraft/ServerGamePacketListenerImpl]: test-mock-player lost connection: Server closed
[15:45:31] [Server thread/INFO] [minecraft/MinecraftServer]: test-mock-player left the game
[15:45:31] [Server thread/INFO] [minecraft/ServerGamePacketListenerImpl]: test-mock-player lost connection: Server closed
[15:45:31] [Server thread/INFO] [minecraft/MinecraftServer]: test-mock-player left the game
[15:45:31] [Server thread/INFO] [minecraft/ServerGamePacketListenerImpl]: test-mock-player lost connection: Server closed
[15:45:31] [Server thread/INFO] [minecraft/MinecraftServer]: test-mock-player left the game
[15:45:31] [Server thread/INFO] [minecraft/ServerGamePacketListenerImpl]: test-mock-player lost connection: Server closed
[15:45:31] [Server thread/INFO] [minecraft/MinecraftServer]: test-mock-player left the game
[15:45:31] [Server thread/INFO] [minecraft/ServerGamePacketListenerImpl]: tactical-test lost connection: Server closed
[15:45:31] [Server thread/INFO] [minecraft/MinecraftServer]: tactical-test left the game
[15:45:31] [Server thread/INFO] [minecraft/ServerGamePacketListenerImpl]: test-mock-player lost connection: Server closed
[15:45:31] [Server thread/INFO] [minecraft/MinecraftServer]: test-mock-player left the game
[15:45:31] [Server thread/INFO] [minecraft/ServerGamePacketListenerImpl]: test-mock-player lost connection: Server closed
[15:45:31] [Server thread/INFO] [minecraft/MinecraftServer]: test-mock-player left the game
[15:45:31] [Server thread/INFO] [minecraft/ServerGamePacketListenerImpl]: tactical-test lost connection: Server closed
[15:45:31] [Server thread/INFO] [minecraft/MinecraftServer]: tactical-test left the game
[15:45:31] [Server thread/INFO] [minecraft/ServerGamePacketListenerImpl]: exit-test-player lost connection: Server closed
[15:45:31] [Server thread/INFO] [minecraft/MinecraftServer]: exit-test-player left the game
[15:45:31] [Server thread/INFO] [minecraft/ServerGamePacketListenerImpl]: test-mock-player lost connection: Server closed
[15:45:31] [Server thread/INFO] [minecraft/MinecraftServer]: test-mock-player left the game
[15:45:31] [Server thread/INFO] [minecraft/MinecraftServer]: Saving worlds
[15:45:31] [Server thread/INFO] [minecraft/MinecraftServer]: Saving chunks for level 'ServerLevel[Test Level]'/minecraft:overworld
[15:45:31] [Server thread/INFO] [minecraft/MinecraftServer]: Saving chunks for level 'ServerLevel[Test Level]'/minecraft:the_end
[15:45:31] [Server thread/INFO] [minecraft/MinecraftServer]: Saving chunks for level 'ServerLevel[Test Level]'/minecraft:the_nether
[15:45:31] [Server thread/INFO] [minecraft/MinecraftServer]: ThreadedAnvilChunkStorage (world): All chunks are saved
[15:45:31] [Server thread/INFO] [minecraft/MinecraftServer]: ThreadedAnvilChunkStorage (DIM1): All chunks are saved
[15:45:31] [Server thread/INFO] [minecraft/MinecraftServer]: ThreadedAnvilChunkStorage (DIM-1): All chunks are saved
[15:45:31] [Server thread/INFO] [minecraft/MinecraftServer]: ThreadedAnvilChunkStorage: All dimensions are saved
[15:45:31] [Server thread/INFO] [minecraft/GameTestServer]: Game test server shutting down

> Task :runGameTestServer FAILED

FAILURE: Build failed with an exception.

* What went wrong:
Execution failed for task ':runGameTestServer' (registered in build file 'build.gradle').
> Process 'command 'C:\Program Files\Java\jdk-25.0.3\bin\java.exe'' finished with non-zero exit value 2

* Try:
> Run with --stacktrace option to get the stack trace.
> Run with --info or --debug option to get more log output.
> Run with --scan to get full insights from a Build Scan (powered by Develocity).
> Get more help at https://help.gradle.org.

BUILD FAILED in 24s
15 actionable tasks: 6 executed, 9 up-to-date
