WARNING: A restricted method in java.lang.System has been called
WARNING: java.lang.System::load has been called by net.rubygrapefruit.platform.internal.NativeLibraryLoader in an unnamed module (file:/C:/Users/RNaim/.gradle/wrapper/dists/gradle-9.7.1-bin/1w1c7tv4s851m17nbqdsro2tv/gradle-9.7.1/lib/native-platform-0.22-milestone-29.jar)
WARNING: Use --enable-native-access=ALL-UNNAMED to avoid a warning for callers in this module
WARNING: Restricted methods will be blocked in a future release unless native access is enabled

To honour the JVM settings for this build a single-use Daemon process will be forked. For more on this, please refer to https://docs.gradle.org/9.7.1/userguide/gradle_daemon.html#sec:disabling_the_daemon in the Gradle documentation.
Daemon will be stopped at the end of the build 
> Task :clean
> Task :common:clean

> Task :createMinecraftArtifacts
Loaded 141 artifacts from D:\javaProjects\dndturn26.1\targets\neoforge-26.1\build\tmp\createMinecraftArtifacts\nfrt_artifact_manifest.properties
*** Started working on downloadManifest
  DL    https://launchermeta.mojang.com/mc/game/version_manifest_v2.json
 DONE  Completed downloadManifest in 5.71s
*** Started working on downloadJson
 DONE  Completed downloadJson in 0.00s
*** Started working on downloadClient
*** Started working on downloadServer
 DONE  Completed downloadServer in 0.01s
 DONE  Completed downloadClient in 0.01s
*** Started working on preProcessJar
 REUSE Used cache of preProcessJar in 0.00s
*** Started working on decompile
 REUSE Used cache of decompile in 0.00s
*** Started working on patch
 REUSE Used cache of patch in 0.00s
*** Started working on applyNeoforgePatches
 REUSE Used cache of applyNeoforgePatches in 0.00s
*** Started working on transformSources
 REUSE Used cache of transformSources in 0.00s
*** Started working on recompile
 REUSE Used cache of recompile in 0.00s
*** Started working on mergeWithSources
 REUSE Used cache of mergeWithSources in 0.00s
Total runtime: 6.32s


> Task :common:compileJava

> Task :compileJava
注: 某些输入文件使用或覆盖了已过时的 API。
注: 有关详细信息, 请使用 -Xlint:deprecation 重新编译。
注: 某些输入文件使用了未经检查或不安全的操作。
注: 有关详细信息, 请使用 -Xlint:unchecked 重新编译。

> Task :processResources
> Task :common:processResources NO-SOURCE
> Task :common:classes
> Task :classes
> Task :jarJar NO-SOURCE
> Task :jar
> Task :assemble

> Task :compileGameTestJava
D:\javaProjects\dndturn26.1\targets\neoforge-26.1\src\gameTest\java\cc\sighs\dndturn\combat\EnvironmentCircuitChecks.java:22: 警告: [removal] GameTestHelper 中的 makeMockServerPlayerInLevel() 已过时, 且标记为待删除
        var player=helper.makeMockServerPlayerInLevel();player.setPos(base.getX()+.5,base.getY(),base.getZ()+.5);
                         ^
D:\javaProjects\dndturn26.1\targets\neoforge-26.1\src\gameTest\java\cc\sighs\dndturn\combat\EnvironmentClassificationChecks.java:19: 警告: [removal] GameTestHelper 中的 makeMockServerPlayerInLevel() 已过时, 且标记为待删除
        var player = helper.makeMockServerPlayerInLevel();
                           ^
D:\javaProjects\dndturn26.1\targets\neoforge-26.1\src\gameTest\java\cc\sighs\dndturn\combat\EnvironmentClockChecks.java:19: 警告: [removal] GameTestHelper 中的 makeMockServerPlayerInLevel() 已过时, 且标记为待删除
        var player=helper.makeMockServerPlayerInLevel();player.setPos(base.getX()+.5,base.getY(),base.getZ()+.5);
                         ^
D:\javaProjects\dndturn26.1\targets\neoforge-26.1\src\gameTest\java\cc\sighs\dndturn\combat\EnvironmentDomainChecks.java:23: 警告: [removal] GameTestHelper 中的 makeMockServerPlayerInLevel() 已过时, 且标记为待删除
        var first=helper.makeMockServerPlayerInLevel();first.setPos(base.getX()+.5,base.getY(),base.getZ()+.5);
                        ^
D:\javaProjects\dndturn26.1\targets\neoforge-26.1\src\gameTest\java\cc\sighs\dndturn\combat\EnvironmentDomainChecks.java:24: 警告: [removal] GameTestHelper 中的 makeMockServerPlayerInLevel() 已过时, 且标记为待删除
        var second=helper.makeMockServerPlayerInLevel();second.setPos(base.getX()+20.5,base.getY(),base.getZ()+.5);
                         ^
D:\javaProjects\dndturn26.1\targets\neoforge-26.1\src\gameTest\java\cc\sighs\dndturn\combat\EnvironmentProcessChecks.java:34: 警告: [removal] GameTestHelper 中的 makeMockServerPlayerInLevel() 已过时, 且标记为待删除
        var player=helper.makeMockServerPlayerInLevel(); player.setPos(base.getX()+.5,base.getY(),base.getZ()+.5);
                         ^
D:\javaProjects\dndturn26.1\targets\neoforge-26.1\src\gameTest\java\cc\sighs\dndturn\combat\EnvironmentTntChecks.java:23: 警告: [removal] GameTestHelper 中的 makeMockServerPlayerInLevel() 已过时, 且标记为待删除
        var player=helper.makeMockServerPlayerInLevel(); player.setPos(base.getX()+.5,base.getY(),base.getZ()+.5);
                         ^
D:\javaProjects\dndturn26.1\targets\neoforge-26.1\src\gameTest\java\cc\sighs\dndturn\gametest\LocalTimeGameTests.java:401: 警告: [removal] GameTestHelper 中的 makeMockServerPlayerInLevel() 已过时, 且标记为待删除
            ServerPlayer player = helper.makeMockServerPlayerInLevel();
                                        ^
D:\javaProjects\dndturn26.1\targets\neoforge-26.1\src\gameTest\java\cc\sighs\dndturn\gametest\LocalTimeGameTests.java:543: 警告: [removal] GameTestHelper 中的 makeMockServerPlayerInLevel() 已过时, 且标记为待删除
        ServerPlayer first = helper.makeMockServerPlayerInLevel();
                                   ^
D:\javaProjects\dndturn26.1\targets\neoforge-26.1\src\gameTest\java\cc\sighs\dndturn\gametest\LocalTimeGameTests.java:544: 警告: [removal] GameTestHelper 中的 makeMockServerPlayerInLevel() 已过时, 且标记为待删除
        ServerPlayer second = helper.makeMockServerPlayerInLevel();
                                    ^
D:\javaProjects\dndturn26.1\targets\neoforge-26.1\src\gameTest\java\cc\sighs\dndturn\gametest\LocalTimeGameTests.java:750: 警告: [removal] GameTestHelper 中的 makeMockServerPlayerInLevel() 已过时, 且标记为待删除
            ServerPlayer player = helper.makeMockServerPlayerInLevel();
                                        ^
D:\javaProjects\dndturn26.1\targets\neoforge-26.1\src\gameTest\java\cc\sighs\dndturn\gametest\LocalTimeGameTests.java:855: 警告: [removal] GameTestHelper 中的 makeMockServerPlayerInLevel() 已过时, 且标记为待删除
            ServerPlayer player = helper.makeMockServerPlayerInLevel();
                                        ^
D:\javaProjects\dndturn26.1\targets\neoforge-26.1\src\gameTest\java\cc\sighs\dndturn\gametest\LocalTimeGameTests.java:916: 警告: [removal] GameTestHelper 中的 makeMockServerPlayerInLevel() 已过时, 且标记为待删除
        ServerPlayer player = helper.makeMockServerPlayerInLevel();
                                    ^
D:\javaProjects\dndturn26.1\targets\neoforge-26.1\src\gameTest\java\cc\sighs\dndturn\gametest\LocalTimeGameTests.java:1004: 警告: [removal] GameTestHelper 中的 makeMockServerPlayerInLevel() 已过时, 且标记为待删除
                players[i] = helper.makeMockServerPlayerInLevel();
                                   ^
D:\javaProjects\dndturn26.1\targets\neoforge-26.1\src\gameTest\java\cc\sighs\dndturn\gametest\LocalTimeGameTests.java:1085: 警告: [removal] GameTestHelper 中的 makeMockServerPlayerInLevel() 已过时, 且标记为待删除
            ServerPlayer firstPlayer = helper.makeMockServerPlayerInLevel();
                                             ^
D:\javaProjects\dndturn26.1\targets\neoforge-26.1\src\gameTest\java\cc\sighs\dndturn\gametest\LocalTimeGameTests.java:1086: 警告: [removal] GameTestHelper 中的 makeMockServerPlayerInLevel() 已过时, 且标记为待删除
            ServerPlayer secondPlayer = helper.makeMockServerPlayerInLevel();
                                              ^
D:\javaProjects\dndturn26.1\targets\neoforge-26.1\src\gameTest\java\cc\sighs\dndturn\gametest\LocalTimeGameTests.java:1263: 警告: [removal] GameTestHelper 中的 makeMockServerPlayerInLevel() 已过时, 且标记为待删除
        ServerPlayer player = helper.makeMockServerPlayerInLevel();
                                    ^
D:\javaProjects\dndturn26.1\targets\neoforge-26.1\src\gameTest\java\cc\sighs\dndturn\gametest\LocalTimeGameTests.java:1375: 警告: [removal] GameTestHelper 中的 makeMockServerPlayerInLevel() 已过时, 且标记为待删除
        ServerPlayer player = helper.makeMockServerPlayerInLevel();
                                    ^
D:\javaProjects\dndturn26.1\targets\neoforge-26.1\src\gameTest\java\cc\sighs\dndturn\gametest\LocalTimeGameTests.java:1386: 警告: [removal] GameTestHelper 中的 makeMockServerPlayerInLevel() 已过时, 且标记为待删除
        ServerPlayer other = helper.makeMockServerPlayerInLevel();
                                   ^
D:\javaProjects\dndturn26.1\targets\neoforge-26.1\src\gameTest\java\cc\sighs\dndturn\gametest\LocalTimeGameTests.java:1612: 警告: [removal] GameTestHelper 中的 makeMockServerPlayerInLevel() 已过时, 且标记为待删除
        ServerPlayer player = helper.makeMockServerPlayerInLevel();
                                    ^
D:\javaProjects\dndturn26.1\targets\neoforge-26.1\src\gameTest\java\cc\sighs\dndturn\gametest\LocalTimeGameTests.java:1654: 警告: [removal] GameTestHelper 中的 makeMockServerPlayerInLevel() 已过时, 且标记为待删除
            ServerPlayer player = helper.makeMockServerPlayerInLevel();
                                        ^
D:\javaProjects\dndturn26.1\targets\neoforge-26.1\src\gameTest\java\cc\sighs\dndturn\gametest\LocalTimeGameTests.java:2055: 警告: [removal] GameTestHelper 中的 makeMockServerPlayerInLevel() 已过时, 且标记为待删除
            ServerPlayer player = helper.makeMockServerPlayerInLevel();
                                        ^
D:\javaProjects\dndturn26.1\targets\neoforge-26.1\src\gameTest\java\cc\sighs\dndturn\gametest\LocalTimeGameTests.java:2120: 警告: [removal] GameTestHelper 中的 makeMockServerPlayerInLevel() 已过时, 且标记为待删除
            ServerPlayer player = helper.makeMockServerPlayerInLevel();
                                        ^
D:\javaProjects\dndturn26.1\targets\neoforge-26.1\src\gameTest\java\cc\sighs\dndturn\gametest\LocalTimeGameTests.java:2265: 警告: [removal] GameTestHelper 中的 makeMockServerPlayerInLevel() 已过时, 且标记为待删除
        ServerPlayer player = helper.makeMockServerPlayerInLevel();
                                    ^
D:\javaProjects\dndturn26.1\targets\neoforge-26.1\src\gameTest\java\cc\sighs\dndturn\gametest\LocalTimeGameTests.java:2325: 警告: [removal] GameTestHelper 中的 makeMockServerPlayerInLevel() 已过时, 且标记为待删除
        ServerPlayer player = helper.makeMockServerPlayerInLevel();
                                    ^
D:\javaProjects\dndturn26.1\targets\neoforge-26.1\src\gameTest\java\cc\sighs\dndturn\gametest\LocalTimeGameTests.java:2457: 警告: [removal] GameTestHelper 中的 makeMockServerPlayerInLevel() 已过时, 且标记为待删除
        ServerPlayer player = helper.makeMockServerPlayerInLevel();
                                    ^
D:\javaProjects\dndturn26.1\targets\neoforge-26.1\src\gameTest\java\cc\sighs\dndturn\gametest\RepairGameTests.java:127: 警告: [removal] GameTestHelper 中的 makeMockServerPlayerInLevel() 已过时, 且标记为待删除
        try { rejected.requestStart(helper.makeMockServerPlayerInLevel(), UUID.randomUUID()); }
                                          ^
D:\javaProjects\dndturn26.1\targets\neoforge-26.1\src\gameTest\java\cc\sighs\dndturn\gametest\RepairGameTests.java:228: 警告: [removal] GameTestHelper 中的 makeMockServerPlayerInLevel() 已过时, 且标记为待删除
        var player = helper.makeMockServerPlayerInLevel();
                           ^
注: D:\javaProjects\dndturn26.1\targets\neoforge-26.1\src\gameTest\java\cc\sighs\dndturn\gametest\LocalTimeGameTests.java使用或覆盖了已过时的 API。
注: 有关详细信息, 请使用 -Xlint:deprecation 重新编译。
28 个警告

> Task :processGameTestResources
> Task :gameTestClasses
> Task :compileTestJava NO-SOURCE
> Task :processTestResources NO-SOURCE
> Task :testClasses UP-TO-DATE
> Task :common:jar
> Task :test NO-SOURCE
> Task :compileUiTestJava
> Task :processUiTestResources NO-SOURCE
> Task :uiTestClasses

> Task :verifyControlPolicies
Control policy checks passed: subsystem isolation, stale decisions, environment classification, determinism

> Task :verifyDebugDiagnostics
[15:37:43] [main/INFO]: [DNDTurn/debug] DEBUG_ENABLED action diagnostics enabled; journal remains empty
[15:37:43] [main/INFO]: [DNDTurn/debug] ENABLED_CHECK enabled forwarding
Debug diagnostics checks passed: default no-op, exact argument, lazy forwarding, formatter failure isolation

> Task :verifyUiProjection
Movement preview geometry and budget checks passed
UI checks passed: stylesheet readiness, retained text updates, ring redraw/empty/surplus.

> Task :check
> Task :build
> Task :common:assemble
> Task :common:compileTestJava
> Task :common:processTestResources NO-SOURCE
> Task :common:testClasses
> Task :common:test
> Task :common:check
> Task :common:build

> Task :downloadAssets
Loaded 141 artifacts from D:\javaProjects\dndturn26.1\targets\neoforge-26.1\build\tmp\downloadAssets\nfrt_artifact_manifest.properties
Downloading asset index 30
Using Minecraft asset root: C:\Users\RNaim\.gradle\caches\neoformruntime\assets
  DL    https://piston-meta.mojang.com/v1/packages/52a9d8a61327baf0ec20ffa80208c020a14a4ff6/30.json

> Task :prepareGameTestServerRun

> Task :runGameTestServer
2026-09-30T07:37:46.518861800Z main WARN Advanced terminal features are not available in this environment
[15:37:46] [main/INFO] [ne.ne.fm.st.Entrypoint/]: JVM Uptime at startup: 95ms
[15:37:46] [main/INFO] [ne.ne.fm.lo.FMLLoader/]: Starting FancyModLoader version 11.0.15 (DEDICATED_SERVER in DEV)
[15:37:46] [main/INFO] [ne.ne.fm.lo.FMLLoader/]: Game directory: D:\javaProjects\dndturn26.1\targets\neoforge-26.1\build\gametest-run
[15:37:46] [main/INFO] [ne.ne.fm.lo.EarlyServiceDiscovery/]: Found 2 early service jars (out of 109) in 15ms
[15:37:46] [main/INFO] [ne.ne.fm.lo.FMLLoader/]: Loading FML Early Services:
[15:37:46] [main/INFO] [ne.ne.fm.lo.FMLLoader/]:  - C:/Users/RNaim/.gradle/caches/modules-2/files-2.1/net.neoforged.fancymodloader/loader/11.0.15/69ddd98736a6b095783523404d1af8992842722/loader-11.0.15.jar
[15:37:46] [main/INFO] [ne.ne.fm.lo.FMLLoader/]:  - C:/Users/RNaim/.gradle/caches/modules-2/files-2.1/net.neoforged.fancymodloader/earlydisplay/11.0.15/b254aa4ec40828f8ce65411dcb7fb9f6ce008064/earlydisplay-11.0.15.jar
[15:37:46] [main/INFO] [ne.ne.fm.lo.ImmediateWindowHandler/]: Not loading early display in headless mode.
[15:37:46] [main/INFO] [ne.ne.fm.lo.mo.lo.GameLocator/]: Detected a joined NeoForge and Minecraft configuration. Applying filtering...
[15:37:46] [main/INFO] [ne.ne.fm.lo.mo.lo.InDevFolderLocator/CORE]: Got mod coordinates dndturnTests%%D:\javaProjects\dndturn26.1\targets\neoforge-26.1\build\classes\java\main;dndturnTests%%D:\javaProjects\dndturn26.1\targets\neoforge-26.1\build\resources\main;dndturnTests%%D:\javaProjects\dndturn26.1\common\build\classes\java\main;dndturnTests%%D:\javaProjects\dndturn26.1\targets\neoforge-26.1\build\classes\java\gameTest;dndturnTests%%D:\javaProjects\dndturn26.1\targets\neoforge-26.1\build\resources\gameTest from env
[15:37:46] [main/INFO] [ne.ne.fm.lo.mo.lo.JarInJarDependencyLocator/]: Found 2 dependencies adding them to mods collection
[15:37:46] [main/INFO] [ne.ne.fm.lo.mo.ModDiscoverer/]: 
     Mod List:
		Name Version (Mod Id)

		ApricityUI 1.2.5 (apricityui)
		DNDTurn 1.0.0-SNAPSHOT (dndturn)
		Minecraft 26.1.2 (minecraft)
		NeoForge 26.1.2.84 (neoforge)
[15:37:46] [main/INFO] [mixin/]: SpongePowered MIXIN Subsystem Version=0.8.7 Source=file:/C:/Users/RNaim/.gradle/caches/modules-2/files-2.1/net.fabricmc/sponge-mixin/0.17.3+mixin.0.8.7/41c4a3984a80f4679e759fb9f495587acc5cdac7/sponge-mixin-0.17.3+mixin.0.8.7.jar Service=FML Env=SERVER
[15:37:46] [main/INFO] [ne.ne.fm.lo.FMLLoader/]: Loading FML Plugins:
[15:37:46] [main/INFO] [ne.ne.fm.lo.FMLLoader/]:  - C:/Users/RNaim/.gradle/caches/modules-2/files-2.1/net.neoforged/neoforge/26.1.2.84/b725526a2fab2163b9a0a8ce89d435d7cd5d8a88/neoforge-26.1.2.84-universal.jar > net.neoforged.neoforge-coremods-26.1.2.84.jar
[15:37:46] [main/INFO] [ne.ne.fm.lo.FMLLoader/]: Building game content classloader:
 - apricityui (jar(C:/Users/RNaim/.gradle/caches/modules-2/files-2.1/maven.modrinth/apricityui/wwrdhxiM/d4311449e5b1cdc9a59e33a7f2b02435d7441546/apricityui-wwrdhxiM.jar))
 - dndturn (composite(folder(D:/javaProjects/dndturn26.1/targets/neoforge-26.1/build/classes/java/main), folder(D:/javaProjects/dndturn26.1/targets/neoforge-26.1/build/resources/main), folder(D:/javaProjects/dndturn26.1/common/build/classes/java/main), folder(D:/javaProjects/dndturn26.1/targets/neoforge-26.1/build/classes/java/gameTest), folder(D:/javaProjects/dndturn26.1/targets/neoforge-26.1/build/resources/gameTest)))
 - minecraft (composite(filtered(jar(D:/javaProjects/dndturn26.1/targets/neoforge-26.1/build/moddev/artifacts/minecraft-patched-26.1.2.84.jar)), filtered(jar(D:/javaProjects/dndturn26.1/targets/neoforge-26.1/build/moddev/artifacts/minecraft-patched-26.1.2.84.jar))))
 - mixinextras.neoforge (jar(C:/Users/RNaim/.gradle/caches/modules-2/files-2.1/net.neoforged/neoforge/26.1.2.84/b725526a2fab2163b9a0a8ce89d435d7cd5d8a88/neoforge-26.1.2.84-universal.jar > mixinextras-neoforge-0.5.4.jar))
 - neoforge (composite(filtered(jar(C:/Users/RNaim/.gradle/caches/modules-2/files-2.1/net.neoforged/neoforge/26.1.2.84/b725526a2fab2163b9a0a8ce89d435d7cd5d8a88/neoforge-26.1.2.84-universal.jar))))
 - net.neoforged.fml.generated (empty(VirtualJar/net.neoforged.fml.generated))
[15:37:46] [main/INFO] [ne.ne.fm.lo.FMLLoader/]: Built game content classloader in 14ms
[15:37:47] [main/INFO] [mixin/]: Compatibility level set to JAVA_25
[15:37:47] [main/WARN] [mixin/]: Reference map 'apricityui.refmap.json' for apricityui.mixins.json could not be read. If this is a development environment you can ignore this message
[15:37:47] [main/INFO] [minecraft/GameTestMainUtil]: Running GameTestMain with cwd 'D:\javaProjects\dndturn26.1\targets\neoforge-26.1\build\gametest-run', universe path 'gametestserver'
[15:37:47] [main/INFO] [MixinExtras|Service/]: Initializing MixinExtras via com.llamalad7.mixinextras.service.MixinExtrasServiceImpl(version=0.5.4).
[15:37:49] [modloading-worker-0/INFO] [ne.ne.ne.co.NeoForgeMod/NEOFORGE-MOD]: NeoForge mod loading, version 26.1.2.84, for MC 26.1.2
[15:37:49] [modloading-sync-worker/INFO] [co.si.ap.ne.ap.NetworkAutoRegistration/]: [NetworkAutoReg] Metadata scan found: 4 | added: 4 | skipped: 0
[15:37:50] [main/INFO] [minecraft/RecipeManager]: Loaded 1515 recipes
[15:37:50] [main/INFO] [minecraft/AdvancementTree]: Loaded 1617 advancements
[15:37:50] [main/INFO] [ne.ne.ne.co.cr.RecipePriorityManager/]: Loaded 0 recipe priority overrides
[15:37:50] [Server thread/INFO] [minecraft/LoggingLevelLoadListener]: Selecting global world spawn...
[15:37:50] [Server thread/INFO] [minecraft/LoggingLevelLoadListener]: Loading 0 persistent chunks...
[15:37:50] [Server thread/INFO] [minecraft/LoggingLevelLoadListener]: Preparing spawn area: 100%
[15:37:50] [Server thread/INFO] [minecraft/LoggingLevelLoadListener]: Time elapsed: 159 ms
[15:37:50] [Server thread/INFO] [minecraft/GameTestServer]: Started game test server
[15:37:50] [Server thread/INFO] [ne.ne.ne.se.pe.PermissionAPI/]: Successfully initialized permission handler neoforge:default_handler
[15:37:50] [Server thread/INFO] [minecraft/GameTestServer]: 55 tests are now running at position 8533981, -59, 2448028!
[15:37:51] [Server thread/INFO] [minecraft/GameTestRunner]: Running test environment 'dndturn:movement_lease_exit' batch 0 (1 tests)...
[15:37:51] [Server thread/INFO] [minecraft/GameTestServer]: [                                                       ]
[15:37:51] [Server thread/INFO] [minecraft/GameTestServer]: [_                                                      ]
[15:37:51] [Server thread/INFO] [minecraft/GameTestServer]: [_                                                      ]
[15:37:51] [Server thread/INFO] [minecraft/GameTestServer]: [_                                                      ]
[15:37:51] [Server thread/INFO] [minecraft/PlayerList]: test-mock-player[embedded] logged in with entity id 1 at (0.0, 0.0, 0.0)
[15:37:51] [Server thread/INFO] [minecraft/MinecraftServer]: test-mock-player joined the game
[15:37:51] [Server thread/INFO] [minecraft/GameTestRunner]: Running test environment 'dndturn:arrow_regressions' batch 0 (9 tests)...
[15:37:51] [Server thread/INFO] [minecraft/PlayerList]: test-mock-player[embedded] logged in with entity id 3 at (0.0, 0.0, 0.0)
[15:37:51] [Server thread/INFO] [minecraft/MinecraftServer]: test-mock-player joined the game
[15:37:51] [Server thread/INFO] [minecraft/PlayerList]: test-mock-player[embedded] logged in with entity id 4 at (0.0, 0.0, 0.0)
[15:37:51] [Server thread/INFO] [minecraft/MinecraftServer]: test-mock-player joined the game
[15:37:52] [Server thread/INFO] [minecraft/PlayerList]: test-mock-player[embedded] logged in with entity id 7 at (0.0, 0.0, 0.0)
[15:37:52] [Server thread/INFO] [minecraft/MinecraftServer]: test-mock-player joined the game
[15:37:52] [Server thread/INFO] [minecraft/PlayerList]: test-mock-player[embedded] logged in with entity id 8 at (0.0, 0.0, 0.0)
[15:37:52] [Server thread/INFO] [minecraft/MinecraftServer]: test-mock-player joined the game
[15:37:52] [Server thread/INFO] [minecraft/PlayerList]: test-mock-player[embedded] logged in with entity id 11 at (0.0, 0.0, 0.0)
[15:37:52] [Server thread/INFO] [minecraft/MinecraftServer]: test-mock-player joined the game
[15:37:52] [Server thread/INFO] [minecraft/PlayerList]: test-mock-player[embedded] logged in with entity id 12 at (0.0, 0.0, 0.0)
[15:37:52] [Server thread/INFO] [minecraft/MinecraftServer]: test-mock-player joined the game
[15:37:52] [Server thread/INFO] [minecraft/PlayerList]: test-mock-player[embedded] logged in with entity id 15 at (0.0, 0.0, 0.0)
[15:37:52] [Server thread/INFO] [minecraft/MinecraftServer]: test-mock-player joined the game
[15:37:52] [Server thread/INFO] [minecraft/PlayerList]: test-mock-player[embedded] logged in with entity id 16 at (0.0, 0.0, 0.0)
[15:37:52] [Server thread/INFO] [minecraft/MinecraftServer]: test-mock-player joined the game
[15:37:52] [Server thread/INFO] [minecraft/PlayerList]: test-mock-player[embedded] logged in with entity id 19 at (0.0, 0.0, 0.0)
[15:37:52] [Server thread/INFO] [minecraft/MinecraftServer]: test-mock-player joined the game
[15:37:52] [Server thread/INFO] [minecraft/PlayerList]: test-mock-player[embedded] logged in with entity id 20 at (0.0, 0.0, 0.0)
[15:37:52] [Server thread/INFO] [minecraft/MinecraftServer]: test-mock-player joined the game
[15:37:52] [Server thread/INFO] [minecraft/PlayerList]: test-mock-player[embedded] logged in with entity id 27 at (0.0, 0.0, 0.0)
[15:37:52] [Server thread/INFO] [minecraft/MinecraftServer]: test-mock-player joined the game
[15:37:52] [Server thread/INFO] [minecraft/PlayerList]: test-mock-player[embedded] logged in with entity id 28 at (0.0, 0.0, 0.0)
[15:37:52] [Server thread/INFO] [minecraft/MinecraftServer]: test-mock-player joined the game
[15:37:52] [Server thread/INFO] [minecraft/PlayerList]: test-mock-player[embedded] logged in with entity id 30 at (0.0, 0.0, 0.0)
[15:37:52] [Server thread/INFO] [minecraft/MinecraftServer]: test-mock-player joined the game
[15:37:52] [Server thread/INFO] [minecraft/PlayerList]: test-mock-player[embedded] logged in with entity id 31 at (0.0, 0.0, 0.0)
[15:37:52] [Server thread/INFO] [minecraft/MinecraftServer]: test-mock-player joined the game
[15:37:52] [Server thread/INFO] [minecraft/GameTestServer]: [+__+_++_++                                             ]
[15:37:53] [Server thread/INFO] [minecraft/GameTestServer]: [++_+_+++++                                             ]
[15:37:53] [Server thread/INFO] [minecraft/GameTestServer]: [++_+_+++++                                             ]
[15:37:53] [Server thread/INFO] [minecraft/GameTestServer]: [++_+_+++++                                             ]
[15:37:53] [Server thread/INFO] [minecraft/GameTestServer]: [++_+_+++++                                             ]
[15:37:53] [Server thread/INFO] [minecraft/GameTestServer]: [++_+_+++++                                             ]
[15:37:53] [Server thread/INFO] [minecraft/GameTestRunner]: Running test environment 'dndturn:restart_history' batch 0 (1 tests)...
[15:37:53] [Server thread/INFO] [minecraft/GameTestServer]: [++++++++++                                             ]
[15:37:53] [Server thread/INFO] [minecraft/PlayerList]: tactical-test[embedded] logged in with entity id 40 at (0.0, 0.0, 0.0)
[15:37:53] [Server thread/INFO] [minecraft/MinecraftServer]: tactical-test joined the game
[15:37:53] [Server thread/INFO] [minecraft/GameTestServer]: [++++++++++_                                            ]
DNDTURN_RESTART_WRITE_READY encounter=5d567116-e2b6-4e0e-8639-3f4e54ad3f92 operation=7a7b6291-afa2-4672-9a57-190078d779c8
[15:37:53] [Server thread/INFO] [minecraft/GameTestRunner]: Running test environment 'dndturn:player_only_start' batch 0 (1 tests)...
[15:37:53] [Server thread/INFO] [minecraft/PlayerList]: test-mock-player[embedded] logged in with entity id 41 at (0.0, 0.0, 0.0)
[15:37:53] [Server thread/INFO] [minecraft/MinecraftServer]: test-mock-player joined the game
[15:37:53] [Server thread/INFO] [minecraft/GameTestServer]: [+++++++++++_                                           ]
[15:37:53] [Server thread/INFO] [minecraft/GameTestServer]: [+++++++++++_                                           ]
[15:37:53] [Server thread/INFO] [minecraft/GameTestServer]: [+++++++++++_                                           ]
[15:37:53] [Server thread/INFO] [minecraft/GameTestRunner]: Running test environment 'dndturn:navigation_regressions' batch 0 (1 tests)...
[15:37:53] [Server thread/INFO] [minecraft/GameTestServer]: [++++++++++++_                                          ]
[15:37:53] [Server thread/INFO] [minecraft/GameTestServer]: [++++++++++++_                                          ]
[15:37:53] [Server thread/INFO] [minecraft/PlayerList]: tactical-test[embedded] logged in with entity id 42 at (0.0, 0.0, 0.0)
[15:37:53] [Server thread/INFO] [minecraft/MinecraftServer]: tactical-test joined the game
[15:37:53] [Server thread/INFO] [minecraft/GameTestRunner]: Running test environment 'dndturn:environment_domains' batch 0 (1 tests)...
[15:37:53] [Server thread/INFO] [minecraft/GameTestServer]: [+++++++++++++                                          ]
[15:37:54] [Server thread/INFO] [minecraft/PlayerList]: test-mock-player[embedded] logged in with entity id 44 at (0.0, 0.0, 0.0)
[15:37:54] [Server thread/INFO] [minecraft/MinecraftServer]: test-mock-player joined the game
[15:37:54] [Server thread/INFO] [minecraft/PlayerList]: test-mock-player[embedded] logged in with entity id 45 at (0.0, 0.0, 0.0)
[15:37:54] [Server thread/INFO] [minecraft/MinecraftServer]: test-mock-player joined the game
[15:37:54] [Server thread/INFO] [minecraft/GameTestServer]: [+++++++++++++_                                         ]
[15:37:54] [Server thread/WARN] [cc.si.dn.co.EnvironmentExplosion/]: ENVIRONMENT_DOMAIN_MISMATCH step=fafde47e-6439-4407-9ee4-b74438fa2cd1 source=af96b6dd-d952-4965-96d1-01d05110740e rejectedEntities=1 rejectedBlocks=15
[15:37:54] [Server thread/INFO] [minecraft/GameTestRunner]: Running test environment 'dndturn:environment_processes' batch 0 (1 tests)...
[15:37:54] [Server thread/INFO] [minecraft/PlayerList]: test-mock-player[embedded] logged in with entity id 51 at (0.0, 0.0, 0.0)
[15:37:54] [Server thread/INFO] [minecraft/MinecraftServer]: test-mock-player joined the game
[15:37:54] [Server thread/INFO] [minecraft/GameTestServer]: [++++++++++++++_                                        ]
[15:37:54] [Server thread/INFO] [minecraft/GameTestServer]: [++++++++++++++_                                        ]
[15:37:54] [Server thread/INFO] [minecraft/GameTestServer]: [++++++++++++++_                                        ]
[15:37:54] [Server thread/INFO] [minecraft/GameTestRunner]: Running test environment 'minecraft:default' batch 0 (25 tests)...
[15:37:54] [Server thread/INFO] [minecraft/PlayerList]: test-mock-player[embedded] logged in with entity id 55 at (0.0, 0.0, 0.0)
[15:37:54] [Server thread/INFO] [minecraft/MinecraftServer]: test-mock-player joined the game
[15:37:54] [Server thread/INFO] [minecraft/PlayerList]: test-mock-player[embedded] logged in with entity id 57 at (0.0, 0.0, 0.0)
[15:37:54] [Server thread/INFO] [minecraft/MinecraftServer]: test-mock-player joined the game
[15:37:54] [Server thread/INFO] [minecraft/MinecraftServer]: test-mock-player has made the advancement [Monster Hunter]
[15:37:54] [Server thread/INFO] [minecraft/PlayerList]: test-mock-player[embedded] logged in with entity id 62 at (0.0, 0.0, 0.0)
[15:37:54] [Server thread/INFO] [minecraft/MinecraftServer]: test-mock-player joined the game
[15:37:54] [Server thread/INFO] [minecraft/PlayerList]: candidate-review-player[embedded] logged in with entity id 64 at (0.0, 0.0, 0.0)
[15:37:54] [Server thread/INFO] [minecraft/MinecraftServer]: candidate-review-player joined the game
[15:37:54] [Server thread/INFO] [minecraft/PlayerList]: test-mock-player[embedded] logged in with entity id 67 at (0.0, 0.0, 0.0)
[15:37:54] [Server thread/INFO] [minecraft/MinecraftServer]: test-mock-player joined the game
[15:37:55] [Server thread/INFO] [minecraft/PlayerList]: test-mock-player[embedded] logged in with entity id 69 at (0.0, 0.0, 0.0)
[15:37:55] [Server thread/INFO] [minecraft/MinecraftServer]: test-mock-player joined the game
[15:37:55] [Server thread/INFO] [minecraft/PlayerList]: tactical-test[embedded] logged in with entity id 70 at (0.0, 0.0, 0.0)
[15:37:55] [Server thread/INFO] [minecraft/MinecraftServer]: tactical-test joined the game
[15:37:55] [Server thread/INFO] [minecraft/PlayerList]: test-mock-player[embedded] logged in with entity id 73 at (0.0, 0.0, 0.0)
[15:37:55] [Server thread/INFO] [minecraft/MinecraftServer]: test-mock-player joined the game
[15:37:55] [Server thread/INFO] [minecraft/PlayerList]: exit-test-player[embedded] logged in with entity id 77 at (0.0, 0.0, 0.0)
[15:37:55] [Server thread/INFO] [minecraft/MinecraftServer]: exit-test-player joined the game
[15:37:55] [Server thread/INFO] [minecraft/PlayerList]: exit-test-player[embedded] logged in with entity id 79 at (0.0, 0.0, 0.0)
[15:37:55] [Server thread/INFO] [minecraft/MinecraftServer]: exit-test-player joined the game
[15:37:55] [Server thread/INFO] [minecraft/PlayerList]: tactical-test[embedded] logged in with entity id 82 at (0.0, 0.0, 0.0)
[15:37:55] [Server thread/INFO] [minecraft/MinecraftServer]: tactical-test joined the game
[15:37:55] [Server thread/INFO] [minecraft/PlayerList]: test-mock-player[embedded] logged in with entity id 86 at (0.0, 0.0, 0.0)
[15:37:55] [Server thread/INFO] [minecraft/MinecraftServer]: test-mock-player joined the game
[15:37:55] [Server thread/ERROR] [cc.si.dn.co.ServerCombatService/]: Combat save cannot be safely restored; preserving it and disabling new encounters
java.lang.IllegalArgumentException: active encounter lacks captured settings or session sequence
	at TRANSFORMER/dndturn@1.0.0-SNAPSHOT/cc.sighs.dndturn.combat.CombatRecoveryCandidate.validate(CombatRecoveryCandidate.java:13) ~[main/:?] {}
	at TRANSFORMER/dndturn@1.0.0-SNAPSHOT/cc.sighs.dndturn.combat.ServerCombatService.<init>(ServerCombatService.java:327) [main/:?] {}
	at TRANSFORMER/dndturn@1.0.0-SNAPSHOT/cc.sighs.dndturn.combat.ServerCombatService.restoreForGameTest(ServerCombatService.java:415) [main/:?] {}
	at TRANSFORMER/dndturn@1.0.0-SNAPSHOT/cc.sighs.dndturn.gametest.RepairGameTests.values(RepairGameTests.java:124) [main/:?] {}
	at TRANSFORMER/minecraft@26.1.2/net.minecraft.gametest.framework.FunctionGameTestInstance.run(FunctionGameTestInstance.java:34) [minecraft-patched-26.1.2.84.jar:?] {}
	at TRANSFORMER/minecraft@26.1.2/net.minecraft.gametest.framework.GameTestInfo.startTest(GameTestInfo.java:163) [minecraft-patched-26.1.2.84.jar:?] {neoforge:access_transformer}
	at TRANSFORMER/minecraft@26.1.2/net.minecraft.gametest.framework.GameTestInfo.tickInternal(GameTestInfo.java:119) [minecraft-patched-26.1.2.84.jar:?] {neoforge:access_transformer}
	at TRANSFORMER/minecraft@26.1.2/net.minecraft.gametest.framework.GameTestInfo.tick(GameTestInfo.java:104) [minecraft-patched-26.1.2.84.jar:?] {neoforge:access_transformer}
	at TRANSFORMER/minecraft@26.1.2/net.minecraft.gametest.framework.GameTestTicker.lambda$tick$0(GameTestTicker.java:47) [minecraft-patched-26.1.2.84.jar:?] {}
	at java.base/java.util.concurrent.CopyOnWriteArrayList.forEach(CopyOnWriteArrayList.java:905) [?:?] {}
	at TRANSFORMER/minecraft@26.1.2/net.minecraft.gametest.framework.GameTestTicker.tick(GameTestTicker.java:47) [minecraft-patched-26.1.2.84.jar:?] {}
	at TRANSFORMER/minecraft@26.1.2/net.minecraft.server.MinecraftServer.tickChildren(MinecraftServer.java:1171) [minecraft-patched-26.1.2.84.jar:?] {neoforge:access_transformer,neoforge:access_transformer,neoforge:mixin[APP:dndturn.mixins.json:MinecraftServerWorldTickBoundaryMixin from mod dndturn]}
	at TRANSFORMER/minecraft@26.1.2/net.minecraft.server.MinecraftServer.tickServer(MinecraftServer.java:1003) [minecraft-patched-26.1.2.84.jar:?] {neoforge:access_transformer,neoforge:access_transformer,neoforge:mixin[APP:dndturn.mixins.json:MinecraftServerWorldTickBoundaryMixin from mod dndturn]}
	at TRANSFORMER/minecraft@26.1.2/net.minecraft.gametest.framework.GameTestServer.tickServer(GameTestServer.java:255) [minecraft-patched-26.1.2.84.jar:?] {}
	at TRANSFORMER/minecraft@26.1.2/net.minecraft.server.MinecraftServer.processPacketsAndTick(MinecraftServer.java:1035) [minecraft-patched-26.1.2.84.jar:?] {neoforge:access_transformer,neoforge:access_transformer,neoforge:mixin[APP:dndturn.mixins.json:MinecraftServerWorldTickBoundaryMixin from mod dndturn]}
	at TRANSFORMER/minecraft@26.1.2/net.minecraft.server.MinecraftServer.runServer(MinecraftServer.java:776) [minecraft-patched-26.1.2.84.jar:?] {neoforge:access_transformer,neoforge:access_transformer,neoforge:mixin[APP:dndturn.mixins.json:MinecraftServerWorldTickBoundaryMixin from mod dndturn]}
	at TRANSFORMER/minecraft@26.1.2/net.minecraft.server.MinecraftServer.lambda$spin$0(MinecraftServer.java:300) [minecraft-patched-26.1.2.84.jar:?] {neoforge:access_transformer,neoforge:access_transformer,neoforge:mixin[APP:dndturn.mixins.json:MinecraftServerWorldTickBoundaryMixin from mod dndturn]}
	at java.base/java.lang.Thread.run(Thread.java:1474) [?:?] {}
[15:37:55] [Server thread/INFO] [minecraft/PlayerList]: test-mock-player[embedded] logged in with entity id 94 at (0.0, 0.0, 0.0)
[15:37:55] [Server thread/INFO] [minecraft/MinecraftServer]: test-mock-player joined the game
[15:37:55] [Server thread/WARN] [cc.si.dn.co.ServerCombatService/]: Restored encounter 0b9c7266-fa21-4f30-ba57-068c23161a33 released: membersPresent=false unknownOperations=1
[15:37:55] [Server thread/ERROR] [cc.si.dn.co.ActorStateService/]: Actor activation quarantined: actor=3c959cb0-ea53-4f25-a2b3-5f6655619017, event=f6ddb3f7-2d3c-4b38-8886-430b38d6d49d
cc.sighs.dndturn.rules.EffectWave$Fault: EFFECT_WRITE_CONFLICT
	at TRANSFORMER/dndturn@1.0.0-SNAPSHOT/cc.sighs.dndturn.rules.EffectWave.prepare(EffectWave.java:58) ~[main/:?] {}
	at TRANSFORMER/dndturn@1.0.0-SNAPSHOT/cc.sighs.dndturn.combat.ActorStateService.drain(ActorStateService.java:311) ~[main/:?] {}
	at TRANSFORMER/dndturn@1.0.0-SNAPSHOT/cc.sighs.dndturn.combat.ActorStateService.dispatch(ActorStateService.java:196) [main/:?] {}
	at TRANSFORMER/dndturn@1.0.0-SNAPSHOT/cc.sighs.dndturn.combat.EffectReactionChecks.fault(EffectReactionChecks.java:140) [main/:?] {}
	at TRANSFORMER/dndturn@1.0.0-SNAPSHOT/cc.sighs.dndturn.combat.EffectReactionChecks.run(EffectReactionChecks.java:110) [main/:?] {}
	at TRANSFORMER/minecraft@26.1.2/net.minecraft.gametest.framework.FunctionGameTestInstance.run(FunctionGameTestInstance.java:34) [minecraft-patched-26.1.2.84.jar:?] {}
	at TRANSFORMER/minecraft@26.1.2/net.minecraft.gametest.framework.GameTestInfo.startTest(GameTestInfo.java:163) [minecraft-patched-26.1.2.84.jar:?] {neoforge:access_transformer}
	at TRANSFORMER/minecraft@26.1.2/net.minecraft.gametest.framework.GameTestInfo.tickInternal(GameTestInfo.java:119) [minecraft-patched-26.1.2.84.jar:?] {neoforge:access_transformer}
	at TRANSFORMER/minecraft@26.1.2/net.minecraft.gametest.framework.GameTestInfo.tick(GameTestInfo.java:104) [minecraft-patched-26.1.2.84.jar:?] {neoforge:access_transformer}
	at TRANSFORMER/minecraft@26.1.2/net.minecraft.gametest.framework.GameTestTicker.lambda$tick$0(GameTestTicker.java:47) [minecraft-patched-26.1.2.84.jar:?] {}
	at java.base/java.util.concurrent.CopyOnWriteArrayList.forEach(CopyOnWriteArrayList.java:905) [?:?] {}
	at TRANSFORMER/minecraft@26.1.2/net.minecraft.gametest.framework.GameTestTicker.tick(GameTestTicker.java:47) [minecraft-patched-26.1.2.84.jar:?] {}
	at TRANSFORMER/minecraft@26.1.2/net.minecraft.server.MinecraftServer.tickChildren(MinecraftServer.java:1171) [minecraft-patched-26.1.2.84.jar:?] {neoforge:access_transformer,neoforge:access_transformer,neoforge:mixin[APP:dndturn.mixins.json:MinecraftServerWorldTickBoundaryMixin from mod dndturn]}
	at TRANSFORMER/minecraft@26.1.2/net.minecraft.server.MinecraftServer.tickServer(MinecraftServer.java:1003) [minecraft-patched-26.1.2.84.jar:?] {neoforge:access_transformer,neoforge:access_transformer,neoforge:mixin[APP:dndturn.mixins.json:MinecraftServerWorldTickBoundaryMixin from mod dndturn]}
	at TRANSFORMER/minecraft@26.1.2/net.minecraft.gametest.framework.GameTestServer.tickServer(GameTestServer.java:255) [minecraft-patched-26.1.2.84.jar:?] {}
	at TRANSFORMER/minecraft@26.1.2/net.minecraft.server.MinecraftServer.processPacketsAndTick(MinecraftServer.java:1035) [minecraft-patched-26.1.2.84.jar:?] {neoforge:access_transformer,neoforge:access_transformer,neoforge:mixin[APP:dndturn.mixins.json:MinecraftServerWorldTickBoundaryMixin from mod dndturn]}
	at TRANSFORMER/minecraft@26.1.2/net.minecraft.server.MinecraftServer.runServer(MinecraftServer.java:776) [minecraft-patched-26.1.2.84.jar:?] {neoforge:access_transformer,neoforge:access_transformer,neoforge:mixin[APP:dndturn.mixins.json:MinecraftServerWorldTickBoundaryMixin from mod dndturn]}
	at TRANSFORMER/minecraft@26.1.2/net.minecraft.server.MinecraftServer.lambda$spin$0(MinecraftServer.java:300) [minecraft-patched-26.1.2.84.jar:?] {neoforge:access_transformer,neoforge:access_transformer,neoforge:mixin[APP:dndturn.mixins.json:MinecraftServerWorldTickBoundaryMixin from mod dndturn]}
	at java.base/java.lang.Thread.run(Thread.java:1474) [?:?] {}
[15:37:55] [Server thread/INFO] [minecraft/PlayerList]: test-mock-player[embedded] logged in with entity id 103 at (0.0, 0.0, 0.0)
[15:37:55] [Server thread/INFO] [minecraft/MinecraftServer]: test-mock-player joined the game
[15:37:55] [Server thread/INFO] [minecraft/PlayerList]: test-mock-player[embedded] logged in with entity id 106 at (0.0, 0.0, 0.0)
[15:37:55] [Server thread/INFO] [minecraft/MinecraftServer]: test-mock-player joined the game
[15:37:55] [Server thread/INFO] [minecraft/PlayerList]: test-mock-player[embedded] logged in with entity id 107 at (0.0, 0.0, 0.0)
[15:37:55] [Server thread/INFO] [minecraft/MinecraftServer]: test-mock-player joined the game
[15:37:55] [Server thread/INFO] [minecraft/GameTestServer]: [++++++++++++++++__++++++++_++_++_+_++++_               ]
[15:37:56] [Server thread/INFO] [cc.si.dn.co.CreeperExplosion/]: CREEPER_EFFECT_SCOPE operation=f57fa2e3-d415-3cd9-a5f1-8411b3016950 rejectedEntities=1 rejectedBlocks=0
[15:37:56] [Server thread/INFO] [minecraft/GameTestServer]: [+++++++++++++++++++++++++++++_++_+++++++               ]
[15:37:56] [Server thread/INFO] [minecraft/PlayerList]: test-mock-player[embedded] logged in with entity id 123 at (0.0, 0.0, 0.0)
[15:37:56] [Server thread/INFO] [minecraft/MinecraftServer]: test-mock-player joined the game
[15:37:56] [Server thread/INFO] [minecraft/GameTestServer]: [+++++++++++++++++++++++++++++_++_+++++++               ]
[15:37:56] [Server thread/INFO] [minecraft/GameTestServer]: [++++++++++++++++++++++++++++++++_+++++++               ]
[15:37:56] [Server thread/INFO] [minecraft/GameTestServer]: [++++++++++++++++++++++++++++++++_+++++++               ]
[15:37:56] [Server thread/INFO] [minecraft/GameTestServer]: [++++++++++++++++++++++++++++++++_+++++++               ]
[15:37:56] [Server thread/INFO] [minecraft/GameTestServer]: [++++++++++++++++++++++++++++++++_+++++++               ]
[15:37:56] [Server thread/INFO] [minecraft/GameTestServer]: [++++++++++++++++++++++++++++++++_+++++++               ]
[15:37:56] [Server thread/INFO] [minecraft/GameTestRunner]: Running test environment 'dndturn:merge_world_boundary' batch 0 (1 tests)...
[15:37:56] [Server thread/INFO] [minecraft/GameTestServer]: [++++++++++++++++++++++++++++++++++++++++_              ]
[15:37:56] [Server thread/INFO] [minecraft/PlayerList]: test-mock-player[embedded] logged in with entity id 127 at (0.0, 0.0, 0.0)
[15:37:56] [Server thread/INFO] [minecraft/MinecraftServer]: test-mock-player joined the game
[15:37:56] [Server thread/INFO] [minecraft/PlayerList]: test-mock-player[embedded] logged in with entity id 128 at (0.0, 0.0, 0.0)
[15:37:56] [Server thread/INFO] [minecraft/MinecraftServer]: test-mock-player joined the game
[15:37:56] [Server thread/INFO] [minecraft/GameTestRunner]: Running test environment 'dndturn:consent_regressions' batch 0 (1 tests)...
[15:37:56] [Server thread/INFO] [minecraft/GameTestServer]: [+++++++++++++++++++++++++++++++++++++++++_             ]
[15:37:57] [Server thread/INFO] [minecraft/PlayerList]: exit-test-player[embedded] logged in with entity id 131 at (0.0, 0.0, 0.0)
[15:37:57] [Server thread/INFO] [minecraft/MinecraftServer]: exit-test-player joined the game
[15:37:57] [Server thread/INFO] [minecraft/PlayerList]: exit-test-player[embedded] logged in with entity id 132 at (0.0, 0.0, 0.0)
[15:37:57] [Server thread/INFO] [minecraft/MinecraftServer]: exit-test-player joined the game
[15:37:57] [Server thread/INFO] [minecraft/PlayerList]: exit-test-player[embedded] logged in with entity id 133 at (0.0, 0.0, 0.0)
[15:37:57] [Server thread/INFO] [minecraft/MinecraftServer]: exit-test-player joined the game
[15:37:57] [Server thread/INFO] [minecraft/GameTestServer]: [+++++++++++++++++++++++++++++++++++++++++_             ]
[15:37:57] [Server thread/INFO] [minecraft/GameTestServer]: [+++++++++++++++++++++++++++++++++++++++++_             ]
[15:37:57] [Server thread/INFO] [minecraft/GameTestServer]: [+++++++++++++++++++++++++++++++++++++++++_             ]
[15:37:57] [Server thread/INFO] [minecraft/GameTestServer]: [+++++++++++++++++++++++++++++++++++++++++_             ]
[15:37:57] [Server thread/INFO] [minecraft/GameTestServer]: [+++++++++++++++++++++++++++++++++++++++++_             ]
[15:37:57] [Server thread/INFO] [minecraft/GameTestServer]: [+++++++++++++++++++++++++++++++++++++++++_             ]
[15:37:57] [Server thread/INFO] [minecraft/GameTestServer]: [+++++++++++++++++++++++++++++++++++++++++_             ]
[15:37:57] [Server thread/INFO] [minecraft/GameTestServer]: [+++++++++++++++++++++++++++++++++++++++++_             ]
[15:37:57] [Server thread/INFO] [minecraft/GameTestServer]: [+++++++++++++++++++++++++++++++++++++++++_             ]
[15:37:57] [Server thread/INFO] [minecraft/GameTestServer]: [+++++++++++++++++++++++++++++++++++++++++_             ]
[15:37:57] [Server thread/INFO] [minecraft/GameTestServer]: [+++++++++++++++++++++++++++++++++++++++++_             ]
[15:37:57] [Server thread/INFO] [minecraft/GameTestServer]: [+++++++++++++++++++++++++++++++++++++++++_             ]
[15:37:57] [Server thread/INFO] [minecraft/GameTestServer]: [+++++++++++++++++++++++++++++++++++++++++_             ]
[15:37:57] [Server thread/INFO] [minecraft/GameTestServer]: [+++++++++++++++++++++++++++++++++++++++++_             ]
[15:37:57] [Server thread/INFO] [minecraft/GameTestServer]: [+++++++++++++++++++++++++++++++++++++++++_             ]
[15:37:57] [Server thread/INFO] [minecraft/GameTestServer]: [+++++++++++++++++++++++++++++++++++++++++_             ]
[15:37:57] [Server thread/INFO] [minecraft/GameTestServer]: [+++++++++++++++++++++++++++++++++++++++++_             ]
[15:37:57] [Server thread/INFO] [minecraft/GameTestServer]: [+++++++++++++++++++++++++++++++++++++++++_             ]
[15:37:57] [Server thread/INFO] [minecraft/GameTestServer]: [+++++++++++++++++++++++++++++++++++++++++_             ]
[15:37:57] [Server thread/INFO] [minecraft/GameTestServer]: [+++++++++++++++++++++++++++++++++++++++++_             ]
[15:37:57] [Server thread/INFO] [minecraft/GameTestRunner]: Running test environment 'dndturn:participant_effects' batch 0 (1 tests)...
[15:37:57] [Server thread/INFO] [minecraft/PlayerList]: tactical-test[embedded] logged in with entity id 137 at (0.0, 0.0, 0.0)
[15:37:57] [Server thread/INFO] [minecraft/MinecraftServer]: tactical-test joined the game
[15:37:57] [Server thread/INFO] [minecraft/GameTestServer]: [++++++++++++++++++++++++++++++++++++++++++_            ]
[15:37:57] [Server thread/INFO] [minecraft/GameTestServer]: [++++++++++++++++++++++++++++++++++++++++++_            ]
[15:37:57] [Server thread/INFO] [minecraft/GameTestServer]: [++++++++++++++++++++++++++++++++++++++++++_            ]
[15:37:57] [Server thread/INFO] [minecraft/GameTestServer]: [++++++++++++++++++++++++++++++++++++++++++_            ]
[15:37:57] [Server thread/INFO] [minecraft/GameTestServer]: [++++++++++++++++++++++++++++++++++++++++++_            ]
[15:37:57] [Server thread/INFO] [minecraft/GameTestServer]: [++++++++++++++++++++++++++++++++++++++++++_            ]
[15:37:57] [Server thread/INFO] [minecraft/GameTestServer]: [++++++++++++++++++++++++++++++++++++++++++_            ]
[15:37:57] [Server thread/INFO] [minecraft/GameTestServer]: [++++++++++++++++++++++++++++++++++++++++++_            ]
[15:37:57] [Server thread/INFO] [minecraft/GameTestServer]: [++++++++++++++++++++++++++++++++++++++++++_            ]
[15:37:57] [Server thread/INFO] [minecraft/GameTestServer]: [++++++++++++++++++++++++++++++++++++++++++_            ]
[15:37:57] [Server thread/INFO] [minecraft/GameTestServer]: [++++++++++++++++++++++++++++++++++++++++++_            ]
[15:37:57] [Server thread/INFO] [minecraft/GameTestServer]: [++++++++++++++++++++++++++++++++++++++++++_            ]
[15:37:57] [Server thread/INFO] [minecraft/GameTestServer]: [++++++++++++++++++++++++++++++++++++++++++_            ]
[15:37:57] [Server thread/INFO] [minecraft/GameTestServer]: [++++++++++++++++++++++++++++++++++++++++++_            ]
[15:37:57] [Server thread/INFO] [minecraft/MinecraftServer]: tactical-test withered away
[15:37:57] [Server thread/INFO] [minecraft/GameTestRunner]: Running test environment 'dndturn:environment_tnt' batch 0 (1 tests)...
[15:37:58] [Server thread/INFO] [minecraft/PlayerList]: test-mock-player[embedded] logged in with entity id 138 at (0.0, 0.0, 0.0)
[15:37:58] [Server thread/INFO] [minecraft/MinecraftServer]: test-mock-player joined the game
[15:37:58] [Server thread/INFO] [minecraft/GameTestServer]: [+++++++++++++++++++++++++++++++++++++++++++_           ]
[15:37:58] [Server thread/INFO] [minecraft/GameTestServer]: [+++++++++++++++++++++++++++++++++++++++++++_           ]
[15:37:58] [Server thread/INFO] [minecraft/GameTestServer]: [+++++++++++++++++++++++++++++++++++++++++++_           ]
[15:37:58] [Server thread/INFO] [minecraft/GameTestServer]: [+++++++++++++++++++++++++++++++++++++++++++_           ]
[15:37:58] [Server thread/INFO] [minecraft/GameTestServer]: [+++++++++++++++++++++++++++++++++++++++++++_           ]
[15:37:58] [Server thread/INFO] [minecraft/GameTestServer]: [+++++++++++++++++++++++++++++++++++++++++++_           ]
[15:37:58] [Server thread/INFO] [minecraft/GameTestServer]: [+++++++++++++++++++++++++++++++++++++++++++_           ]
[15:37:58] [Server thread/INFO] [minecraft/GameTestServer]: [+++++++++++++++++++++++++++++++++++++++++++_           ]
[15:37:58] [Server thread/INFO] [minecraft/GameTestServer]: [+++++++++++++++++++++++++++++++++++++++++++_           ]
[15:37:58] [Server thread/INFO] [minecraft/GameTestRunner]: Running test environment 'dndturn:environment_classification' batch 0 (1 tests)...
[15:37:58] [Server thread/INFO] [minecraft/PlayerList]: test-mock-player[embedded] logged in with entity id 144 at (0.0, 0.0, 0.0)
[15:37:58] [Server thread/INFO] [minecraft/MinecraftServer]: test-mock-player joined the game
[15:37:58] [Server thread/INFO] [minecraft/GameTestServer]: [++++++++++++++++++++++++++++++++++++++++++++_          ]
[15:37:58] [Server thread/INFO] [minecraft/GameTestServer]: [++++++++++++++++++++++++++++++++++++++++++++_          ]
[15:37:58] [Server thread/INFO] [minecraft/GameTestRunner]: Running test environment 'dndturn:environment_circuits' batch 0 (1 tests)...
[15:37:58] [Server thread/INFO] [minecraft/PlayerList]: test-mock-player[embedded] logged in with entity id 148 at (0.0, 0.0, 0.0)
[15:37:58] [Server thread/INFO] [minecraft/MinecraftServer]: test-mock-player joined the game
[15:37:58] [Server thread/INFO] [minecraft/GameTestServer]: [+++++++++++++++++++++++++++++++++++++++++++++_         ]
[15:37:58] [Server thread/INFO] [minecraft/GameTestServer]: [+++++++++++++++++++++++++++++++++++++++++++++_         ]
[15:37:58] [Server thread/INFO] [minecraft/GameTestServer]: [+++++++++++++++++++++++++++++++++++++++++++++_         ]
[15:37:58] [Server thread/INFO] [minecraft/GameTestServer]: [+++++++++++++++++++++++++++++++++++++++++++++_         ]
[15:37:58] [Server thread/INFO] [minecraft/GameTestServer]: [+++++++++++++++++++++++++++++++++++++++++++++_         ]
[15:37:58] [Server thread/INFO] [minecraft/GameTestServer]: [+++++++++++++++++++++++++++++++++++++++++++++_         ]
[15:37:58] [Server thread/INFO] [minecraft/GameTestServer]: [+++++++++++++++++++++++++++++++++++++++++++++_         ]
[15:37:58] [Server thread/INFO] [minecraft/GameTestServer]: [+++++++++++++++++++++++++++++++++++++++++++++_         ]
[15:37:58] [Server thread/INFO] [minecraft/GameTestServer]: [+++++++++++++++++++++++++++++++++++++++++++++_         ]
[15:37:58] [Server thread/INFO] [minecraft/GameTestRunner]: Running test environment 'dndturn:prototype_environment_loop' batch 0 (1 tests)...
[15:37:58] [Server thread/INFO] [minecraft/GameTestServer]: [++++++++++++++++++++++++++++++++++++++++++++++_        ]
[15:37:58] [Server thread/INFO] [minecraft/PlayerList]: test-mock-player[embedded] logged in with entity id 150 at (0.0, 0.0, 0.0)
[15:37:58] [Server thread/INFO] [minecraft/MinecraftServer]: test-mock-player joined the game
[15:37:58] [Server thread/INFO] [minecraft/GameTestRunner]: Running test environment 'dndturn:body_control' batch 0 (1 tests)...
[15:37:59] [Server thread/INFO] [minecraft/PlayerList]: tactical-test[embedded] logged in with entity id 155 at (0.0, 0.0, 0.0)
[15:37:59] [Server thread/INFO] [minecraft/MinecraftServer]: tactical-test joined the game
[15:37:59] [Server thread/INFO] [minecraft/GameTestServer]: [+++++++++++++++++++++++++++++++++++++++++++++++_       ]
[15:37:59] [Server thread/INFO] [minecraft/GameTestServer]: [+++++++++++++++++++++++++++++++++++++++++++++++_       ]
[15:37:59] [Server thread/INFO] [minecraft/GameTestServer]: [+++++++++++++++++++++++++++++++++++++++++++++++_       ]
[15:37:59] [Server thread/INFO] [minecraft/GameTestRunner]: Running test environment 'dndturn:participant_fire' batch 0 (1 tests)...
[15:37:59] [Server thread/INFO] [minecraft/PlayerList]: tactical-test[embedded] logged in with entity id 163 at (0.0, 0.0, 0.0)
[15:37:59] [Server thread/INFO] [minecraft/MinecraftServer]: tactical-test joined the game
[15:37:59] [Server thread/INFO] [minecraft/GameTestServer]: [++++++++++++++++++++++++++++++++++++++++++++++++_      ]
[15:37:59] [Server thread/INFO] [minecraft/GameTestServer]: [++++++++++++++++++++++++++++++++++++++++++++++++_      ]
[15:37:59] [Server thread/INFO] [minecraft/GameTestRunner]: Running test environment 'dndturn:merge_discovery_expansion' batch 0 (1 tests)...
[15:37:59] [Server thread/INFO] [minecraft/PlayerList]: test-mock-player[embedded] logged in with entity id 165 at (0.0, 0.0, 0.0)
[15:37:59] [Server thread/INFO] [minecraft/MinecraftServer]: test-mock-player joined the game
[15:37:59] [Server thread/INFO] [minecraft/PlayerList]: test-mock-player[embedded] logged in with entity id 167 at (0.0, 0.0, 0.0)
[15:37:59] [Server thread/INFO] [minecraft/MinecraftServer]: test-mock-player joined the game
[15:37:59] [Server thread/INFO] [minecraft/PlayerList]: test-mock-player[embedded] logged in with entity id 169 at (0.0, 0.0, 0.0)
[15:37:59] [Server thread/INFO] [minecraft/MinecraftServer]: test-mock-player joined the game
[15:37:59] [Server thread/INFO] [minecraft/GameTestServer]: [+++++++++++++++++++++++++++++++++++++++++++++++++_     ]
[15:37:59] [Server thread/INFO] [minecraft/GameTestServer]: [+++++++++++++++++++++++++++++++++++++++++++++++++_     ]
[15:37:59] [Server thread/INFO] [minecraft/GameTestServer]: [+++++++++++++++++++++++++++++++++++++++++++++++++_     ]
[15:37:59] [Server thread/INFO] [minecraft/GameTestServer]: [+++++++++++++++++++++++++++++++++++++++++++++++++_     ]
[15:37:59] [Server thread/INFO] [minecraft/GameTestServer]: [+++++++++++++++++++++++++++++++++++++++++++++++++_     ]
[15:37:59] [Server thread/INFO] [minecraft/GameTestRunner]: Running test environment 'dndturn:scheduled_tick_hold' batch 0 (1 tests)...
[15:37:59] [Server thread/INFO] [minecraft/GameTestServer]: [++++++++++++++++++++++++++++++++++++++++++++++++++_    ]
[15:37:59] [Server thread/INFO] [minecraft/PlayerList]: test-mock-player[embedded] logged in with entity id 178 at (0.0, 0.0, 0.0)
[15:37:59] [Server thread/INFO] [minecraft/MinecraftServer]: test-mock-player joined the game
[15:37:59] [Server thread/INFO] [minecraft/GameTestServer]: [++++++++++++++++++++++++++++++++++++++++++++++++++_    ]
[15:37:59] [Server thread/INFO] [minecraft/GameTestRunner]: Running test environment 'dndturn:movement_regressions' batch 0 (1 tests)...
[15:37:59] [Server thread/INFO] [minecraft/GameTestServer]: [+++++++++++++++++++++++++++++++++++++++++++++++++++_   ]
[15:37:59] [Server thread/INFO] [minecraft/GameTestServer]: [+++++++++++++++++++++++++++++++++++++++++++++++++++_   ]
[15:37:59] [Server thread/INFO] [minecraft/PlayerList]: tactical-test[embedded] logged in with entity id 186 at (0.0, 0.0, 0.0)
[15:37:59] [Server thread/INFO] [minecraft/MinecraftServer]: tactical-test joined the game
[15:37:59] [Server thread/INFO] [minecraft/GameTestServer]: [+++++++++++++++++++++++++++++++++++++++++++++++++++_   ]
[15:37:59] [Server thread/INFO] [minecraft/GameTestRunner]: Running test environment 'dndturn:environment_clock' batch 0 (1 tests)...
[15:37:59] [Server thread/INFO] [minecraft/PlayerList]: test-mock-player[embedded] logged in with entity id 194 at (0.0, 0.0, 0.0)
[15:37:59] [Server thread/INFO] [minecraft/MinecraftServer]: test-mock-player joined the game
[15:37:59] [Server thread/INFO] [minecraft/GameTestServer]: [++++++++++++++++++++++++++++++++++++++++++++++++++++_  ]
[15:37:59] [Server thread/INFO] [minecraft/GameTestServer]: [++++++++++++++++++++++++++++++++++++++++++++++++++++_  ]
[15:37:59] [Server thread/INFO] [minecraft/GameTestServer]: [++++++++++++++++++++++++++++++++++++++++++++++++++++_  ]
[15:37:59] [Server thread/INFO] [minecraft/GameTestServer]: [++++++++++++++++++++++++++++++++++++++++++++++++++++_  ]
[15:37:59] [Server thread/INFO] [minecraft/GameTestServer]: [++++++++++++++++++++++++++++++++++++++++++++++++++++_  ]
[15:37:59] [Server thread/INFO] [minecraft/GameTestServer]: [++++++++++++++++++++++++++++++++++++++++++++++++++++_  ]
[15:37:59] [Server thread/INFO] [minecraft/GameTestRunner]: Running test environment 'dndturn:environment_boundary_time' batch 0 (1 tests)...
[15:37:59] [Server thread/INFO] [minecraft/PlayerList]: tactical-test[embedded] logged in with entity id 195 at (0.0, 0.0, 0.0)
[15:37:59] [Server thread/INFO] [minecraft/MinecraftServer]: tactical-test joined the game
[15:38:00] [Server thread/INFO] [minecraft/GameTestServer]: [+++++++++++++++++++++++++++++++++++++++++++++++++++++_ ]
[15:38:00] [Server thread/INFO] [minecraft/GameTestServer]: [+++++++++++++++++++++++++++++++++++++++++++++++++++++_ ]
[15:38:00] [Server thread/INFO] [minecraft/GameTestRunner]: Running test environment 'dndturn:discovery_cursor' batch 0 (1 tests)...
[15:38:00] [Server thread/INFO] [minecraft/GameTestServer]: [++++++++++++++++++++++++++++++++++++++++++++++++++++++ ]
[15:38:00] [Server thread/INFO] [minecraft/GameTestServer]: [++++++++++++++++++++++++++++++++++++++++++++++++++++++_]
[15:38:00] [Server thread/INFO] [minecraft/GameTestServer]: [+++++++++++++++++++++++++++++++++++++++++++++++++++++++]
[15:38:00] [Server thread/INFO] [minecraft/GameTestServer]: ========= 55 GAME TESTS COMPLETE IN 9.887 s ======================
[15:38:00] [Server thread/INFO] [minecraft/GameTestServer]: All 55 required tests passed :)
[15:38:00] [Server thread/INFO] [minecraft/GameTestServer]: ====================================================
[15:38:00] [Server thread/INFO] [minecraft/MinecraftServer]: Stopping server
[15:38:00] [Server thread/INFO] [minecraft/MinecraftServer]: Saving players
[15:38:00] [Server thread/INFO] [minecraft/ServerGamePacketListenerImpl]: test-mock-player lost connection: Server closed
[15:38:00] [Server thread/INFO] [minecraft/MinecraftServer]: test-mock-player left the game
[15:38:00] [Server thread/INFO] [minecraft/ServerGamePacketListenerImpl]: test-mock-player lost connection: Server closed
[15:38:00] [Server thread/INFO] [minecraft/MinecraftServer]: test-mock-player left the game
[15:38:00] [Server thread/INFO] [minecraft/ServerGamePacketListenerImpl]: test-mock-player lost connection: Server closed
[15:38:00] [Server thread/INFO] [minecraft/MinecraftServer]: test-mock-player left the game
[15:38:00] [Server thread/INFO] [minecraft/ServerGamePacketListenerImpl]: test-mock-player lost connection: Server closed
[15:38:00] [Server thread/INFO] [minecraft/MinecraftServer]: test-mock-player left the game
[15:38:00] [Server thread/INFO] [minecraft/ServerGamePacketListenerImpl]: test-mock-player lost connection: Server closed
[15:38:00] [Server thread/INFO] [minecraft/MinecraftServer]: test-mock-player left the game
[15:38:00] [Server thread/INFO] [minecraft/ServerGamePacketListenerImpl]: test-mock-player lost connection: Server closed
[15:38:00] [Server thread/INFO] [minecraft/MinecraftServer]: test-mock-player left the game
[15:38:00] [Server thread/INFO] [minecraft/ServerGamePacketListenerImpl]: test-mock-player lost connection: Server closed
[15:38:00] [Server thread/INFO] [minecraft/MinecraftServer]: test-mock-player left the game
[15:38:00] [Server thread/INFO] [minecraft/ServerGamePacketListenerImpl]: test-mock-player lost connection: Server closed
[15:38:00] [Server thread/INFO] [minecraft/MinecraftServer]: test-mock-player left the game
[15:38:00] [Server thread/INFO] [minecraft/ServerGamePacketListenerImpl]: test-mock-player lost connection: Server closed
[15:38:00] [Server thread/INFO] [minecraft/MinecraftServer]: test-mock-player left the game
[15:38:00] [Server thread/INFO] [minecraft/ServerGamePacketListenerImpl]: test-mock-player lost connection: Server closed
[15:38:00] [Server thread/INFO] [minecraft/MinecraftServer]: test-mock-player left the game
[15:38:00] [Server thread/INFO] [minecraft/ServerGamePacketListenerImpl]: test-mock-player lost connection: Server closed
[15:38:00] [Server thread/INFO] [minecraft/MinecraftServer]: test-mock-player left the game
[15:38:00] [Server thread/INFO] [minecraft/ServerGamePacketListenerImpl]: test-mock-player lost connection: Server closed
[15:38:00] [Server thread/INFO] [minecraft/MinecraftServer]: test-mock-player left the game
[15:38:00] [Server thread/INFO] [minecraft/ServerGamePacketListenerImpl]: candidate-review-player lost connection: Server closed
[15:38:00] [Server thread/INFO] [minecraft/MinecraftServer]: candidate-review-player left the game
[15:38:00] [Server thread/INFO] [minecraft/ServerGamePacketListenerImpl]: test-mock-player lost connection: Server closed
[15:38:00] [Server thread/INFO] [minecraft/MinecraftServer]: test-mock-player left the game
[15:38:00] [Server thread/INFO] [minecraft/ServerGamePacketListenerImpl]: test-mock-player lost connection: Server closed
[15:38:00] [Server thread/INFO] [minecraft/MinecraftServer]: test-mock-player left the game
[15:38:00] [Server thread/INFO] [minecraft/ServerGamePacketListenerImpl]: exit-test-player lost connection: Server closed
[15:38:00] [Server thread/INFO] [minecraft/MinecraftServer]: exit-test-player left the game
[15:38:00] [Server thread/INFO] [minecraft/ServerGamePacketListenerImpl]: test-mock-player lost connection: Server closed
[15:38:00] [Server thread/INFO] [minecraft/MinecraftServer]: test-mock-player left the game
[15:38:00] [Server thread/INFO] [minecraft/ServerGamePacketListenerImpl]: test-mock-player lost connection: Server closed
[15:38:00] [Server thread/INFO] [minecraft/MinecraftServer]: test-mock-player left the game
[15:38:00] [Server thread/INFO] [minecraft/ServerGamePacketListenerImpl]: test-mock-player lost connection: Server closed
[15:38:00] [Server thread/INFO] [minecraft/MinecraftServer]: test-mock-player left the game
[15:38:00] [Server thread/INFO] [minecraft/ServerGamePacketListenerImpl]: test-mock-player lost connection: Server closed
[15:38:00] [Server thread/INFO] [minecraft/MinecraftServer]: test-mock-player left the game
[15:38:00] [Server thread/INFO] [minecraft/ServerGamePacketListenerImpl]: exit-test-player lost connection: Server closed
[15:38:00] [Server thread/INFO] [minecraft/MinecraftServer]: exit-test-player left the game
[15:38:00] [Server thread/INFO] [minecraft/ServerGamePacketListenerImpl]: exit-test-player lost connection: Server closed
[15:38:00] [Server thread/INFO] [minecraft/MinecraftServer]: exit-test-player left the game
[15:38:00] [Server thread/INFO] [minecraft/ServerGamePacketListenerImpl]: test-mock-player lost connection: Server closed
[15:38:00] [Server thread/INFO] [minecraft/MinecraftServer]: test-mock-player left the game
[15:38:00] [Server thread/INFO] [minecraft/ServerGamePacketListenerImpl]: test-mock-player lost connection: Server closed
[15:38:00] [Server thread/INFO] [minecraft/MinecraftServer]: test-mock-player left the game
[15:38:00] [Server thread/INFO] [minecraft/ServerGamePacketListenerImpl]: tactical-test lost connection: Server closed
[15:38:00] [Server thread/INFO] [minecraft/MinecraftServer]: tactical-test left the game
[15:38:00] [Server thread/INFO] [minecraft/ServerGamePacketListenerImpl]: test-mock-player lost connection: Server closed
[15:38:00] [Server thread/INFO] [minecraft/MinecraftServer]: test-mock-player left the game
[15:38:00] [Server thread/INFO] [minecraft/ServerGamePacketListenerImpl]: test-mock-player lost connection: Server closed
[15:38:00] [Server thread/INFO] [minecraft/MinecraftServer]: test-mock-player left the game
[15:38:00] [Server thread/INFO] [minecraft/ServerGamePacketListenerImpl]: tactical-test lost connection: Server closed
[15:38:00] [Server thread/INFO] [minecraft/MinecraftServer]: tactical-test left the game
[15:38:00] [Server thread/INFO] [minecraft/ServerGamePacketListenerImpl]: tactical-test lost connection: Server closed
[15:38:00] [Server thread/INFO] [minecraft/MinecraftServer]: tactical-test left the game
[15:38:00] [Server thread/INFO] [minecraft/MinecraftServer]: Saving worlds
[15:38:01] [Server thread/INFO] [minecraft/MinecraftServer]: Saving chunks for level 'ServerLevel[Test Level]'/minecraft:overworld
[15:38:02] [Server thread/INFO] [minecraft/MinecraftServer]: Saving chunks for level 'ServerLevel[Test Level]'/minecraft:the_nether
[15:38:02] [Server thread/INFO] [minecraft/MinecraftServer]: Saving chunks for level 'ServerLevel[Test Level]'/minecraft:the_end
[15:38:02] [Server thread/INFO] [minecraft/MinecraftServer]: ThreadedAnvilChunkStorage (world): All chunks are saved
[15:38:02] [Server thread/INFO] [minecraft/MinecraftServer]: ThreadedAnvilChunkStorage (DIM-1): All chunks are saved
[15:38:02] [Server thread/INFO] [minecraft/MinecraftServer]: ThreadedAnvilChunkStorage (DIM1): All chunks are saved
[15:38:02] [Server thread/INFO] [minecraft/MinecraftServer]: ThreadedAnvilChunkStorage: All dimensions are saved
[15:38:02] [Server thread/INFO] [minecraft/GameTestServer]: Game test server shutting down

[Incubating] Problems report is available at: file:///D:/javaProjects/dndturn26.1/targets/neoforge-26.1/build/reports/problems/problems-report.html

Deprecated Gradle features were used in this build, making it incompatible with Gradle 10.

You can use '--warning-mode all' to show the individual deprecation warnings and determine if they come from your own scripts or plugins.

For more on this, please refer to https://docs.gradle.org/9.7.1/userguide/command_line_interface.html#sec:command_line_warnings in the Gradle documentation.

BUILD SUCCESSFUL in 35s
19 actionable tasks: 19 executed
