WARNING: A restricted method in java.lang.System has been called
WARNING: java.lang.System::load has been called by net.rubygrapefruit.platform.internal.NativeLibraryLoader in an unnamed module (file:/C:/Users/RNaim/.gradle/wrapper/dists/gradle-9.7.1-bin/1w1c7tv4s851m17nbqdsro2tv/gradle-9.7.1/lib/native-platform-0.22-milestone-29.jar)
WARNING: Use --enable-native-access=ALL-UNNAMED to avoid a warning for callers in this module
WARNING: Restricted methods will be blocked in a future release unless native access is enabled

To honour the JVM settings for this build a single-use Daemon process will be forked. For more on this, please refer to https://docs.gradle.org/9.7.1/userguide/gradle_daemon.html#sec:disabling_the_daemon in the Gradle documentation.
Daemon will be stopped at the end of the build 
> Task :createMinecraftArtifacts UP-TO-DATE
> Task :common:compileJava UP-TO-DATE
> Task :compileJava UP-TO-DATE
> Task :processResources UP-TO-DATE
> Task :common:processResources NO-SOURCE
> Task :common:classes UP-TO-DATE
> Task :classes UP-TO-DATE
> Task :jarJar NO-SOURCE
> Task :jar UP-TO-DATE
> Task :assemble UP-TO-DATE
> Task :compileCompatTestJava UP-TO-DATE
> Task :processCompatTestResources NO-SOURCE
> Task :compatTestClasses UP-TO-DATE

> Task :compileGameTestJava
D:\javaProjects\dndturn26.1\targets\neoforge-26.1\src\gameTest\java\cc\sighs\dndturn\combat\EnvironmentBoundaryTimeChecks.java:27: 警告: [removal] GameTestHelper 中的 makeMockServerPlayerInLevel() 已过时, 且标记为待删除
        var player = h.makeMockServerPlayerInLevel();
                      ^
D:\javaProjects\dndturn26.1\targets\neoforge-26.1\src\gameTest\java\cc\sighs\dndturn\combat\EnvironmentCircuitChecks.java:21: 警告: [removal] GameTestHelper 中的 makeMockServerPlayerInLevel() 已过时, 且标记为待删除
        var player=helper.makeMockServerPlayerInLevel();player.setPos(base.getX()+.5,base.getY(),base.getZ()+.5);
                         ^
D:\javaProjects\dndturn26.1\targets\neoforge-26.1\src\gameTest\java\cc\sighs\dndturn\combat\EnvironmentClassificationChecks.java:19: 警告: [removal] GameTestHelper 中的 makeMockServerPlayerInLevel() 已过时, 且标记为待删除
        var player = helper.makeMockServerPlayerInLevel();
                           ^
D:\javaProjects\dndturn26.1\targets\neoforge-26.1\src\gameTest\java\cc\sighs\dndturn\combat\EnvironmentClockChecks.java:18: 警告: [removal] GameTestHelper 中的 makeMockServerPlayerInLevel() 已过时, 且标记为待删除
        var player=helper.makeMockServerPlayerInLevel();player.setPos(base.getX()+.5,base.getY(),base.getZ()+.5);
                         ^
D:\javaProjects\dndturn26.1\targets\neoforge-26.1\src\gameTest\java\cc\sighs\dndturn\combat\EnvironmentDomainChecks.java:21: 警告: [removal] GameTestHelper 中的 makeMockServerPlayerInLevel() 已过时, 且标记为待删除
        var first=helper.makeMockServerPlayerInLevel();first.setPos(base.getX()+.5,base.getY(),base.getZ()+.5);
                        ^
D:\javaProjects\dndturn26.1\targets\neoforge-26.1\src\gameTest\java\cc\sighs\dndturn\combat\EnvironmentDomainChecks.java:22: 警告: [removal] GameTestHelper 中的 makeMockServerPlayerInLevel() 已过时, 且标记为待删除
        var second=helper.makeMockServerPlayerInLevel();second.setPos(base.getX()+20.5,base.getY(),base.getZ()+.5);
                         ^
D:\javaProjects\dndturn26.1\targets\neoforge-26.1\src\gameTest\java\cc\sighs\dndturn\combat\EnvironmentProcessChecks.java:33: 警告: [removal] GameTestHelper 中的 makeMockServerPlayerInLevel() 已过时, 且标记为待删除
        var player=helper.makeMockServerPlayerInLevel(); player.setPos(base.getX()+.5,base.getY(),base.getZ()+.5);
                         ^
D:\javaProjects\dndturn26.1\targets\neoforge-26.1\src\gameTest\java\cc\sighs\dndturn\combat\EnvironmentTntChecks.java:22: 警告: [removal] GameTestHelper 中的 makeMockServerPlayerInLevel() 已过时, 且标记为待删除
        var player=helper.makeMockServerPlayerInLevel(); player.setPos(base.getX()+.5,base.getY(),base.getZ()+.5);
                         ^
D:\javaProjects\dndturn26.1\targets\neoforge-26.1\src\gameTest\java\cc\sighs\dndturn\combat\MobAbilityLoopChecks.java:71: 警告: [removal] GameTestHelper 中的 makeMockServerPlayerInLevel() 已过时, 且标记为待删除
        var player = helper.makeMockServerPlayerInLevel();
                           ^
D:\javaProjects\dndturn26.1\targets\neoforge-26.1\src\gameTest\java\cc\sighs\dndturn\combat\MobPlanMovementChecks.java:23: 警告: [removal] GameTestHelper 中的 makeMockServerPlayerInLevel() 已过时, 且标记为待删除
        var player=helper.makeMockServerPlayerInLevel();
                         ^
D:\javaProjects\dndturn26.1\targets\neoforge-26.1\src\gameTest\java\cc\sighs\dndturn\gametest\LocalTimeGameTests.java:420: 警告: [removal] GameTestHelper 中的 makeMockServerPlayerInLevel() 已过时, 且标记为待删除
            ServerPlayer player = helper.makeMockServerPlayerInLevel();
                                        ^
D:\javaProjects\dndturn26.1\targets\neoforge-26.1\src\gameTest\java\cc\sighs\dndturn\gametest\LocalTimeGameTests.java:558: 警告: [removal] GameTestHelper 中的 makeMockServerPlayerInLevel() 已过时, 且标记为待删除
        ServerPlayer first = helper.makeMockServerPlayerInLevel();
                                   ^
D:\javaProjects\dndturn26.1\targets\neoforge-26.1\src\gameTest\java\cc\sighs\dndturn\gametest\LocalTimeGameTests.java:559: 警告: [removal] GameTestHelper 中的 makeMockServerPlayerInLevel() 已过时, 且标记为待删除
        ServerPlayer second = helper.makeMockServerPlayerInLevel();
                                    ^
D:\javaProjects\dndturn26.1\targets\neoforge-26.1\src\gameTest\java\cc\sighs\dndturn\gametest\LocalTimeGameTests.java:745: 警告: [removal] GameTestHelper 中的 makeMockServerPlayerInLevel() 已过时, 且标记为待删除
            ServerPlayer player = helper.makeMockServerPlayerInLevel();
                                        ^
D:\javaProjects\dndturn26.1\targets\neoforge-26.1\src\gameTest\java\cc\sighs\dndturn\gametest\LocalTimeGameTests.java:850: 警告: [removal] GameTestHelper 中的 makeMockServerPlayerInLevel() 已过时, 且标记为待删除
            ServerPlayer player = helper.makeMockServerPlayerInLevel();
                                        ^
D:\javaProjects\dndturn26.1\targets\neoforge-26.1\src\gameTest\java\cc\sighs\dndturn\gametest\LocalTimeGameTests.java:911: 警告: [removal] GameTestHelper 中的 makeMockServerPlayerInLevel() 已过时, 且标记为待删除
        ServerPlayer player = helper.makeMockServerPlayerInLevel();
                                    ^
D:\javaProjects\dndturn26.1\targets\neoforge-26.1\src\gameTest\java\cc\sighs\dndturn\gametest\LocalTimeGameTests.java:997: 警告: [removal] GameTestHelper 中的 makeMockServerPlayerInLevel() 已过时, 且标记为待删除
                players[i] = helper.makeMockServerPlayerInLevel();
                                   ^
D:\javaProjects\dndturn26.1\targets\neoforge-26.1\src\gameTest\java\cc\sighs\dndturn\gametest\LocalTimeGameTests.java:1068: 警告: [removal] GameTestHelper 中的 makeMockServerPlayerInLevel() 已过时, 且标记为待删除
            ServerPlayer firstPlayer = helper.makeMockServerPlayerInLevel();
                                             ^
D:\javaProjects\dndturn26.1\targets\neoforge-26.1\src\gameTest\java\cc\sighs\dndturn\gametest\LocalTimeGameTests.java:1069: 警告: [removal] GameTestHelper 中的 makeMockServerPlayerInLevel() 已过时, 且标记为待删除
            ServerPlayer secondPlayer = helper.makeMockServerPlayerInLevel();
                                              ^
D:\javaProjects\dndturn26.1\targets\neoforge-26.1\src\gameTest\java\cc\sighs\dndturn\gametest\LocalTimeGameTests.java:1246: 警告: [removal] GameTestHelper 中的 makeMockServerPlayerInLevel() 已过时, 且标记为待删除
        ServerPlayer player = helper.makeMockServerPlayerInLevel();
                                    ^
D:\javaProjects\dndturn26.1\targets\neoforge-26.1\src\gameTest\java\cc\sighs\dndturn\gametest\LocalTimeGameTests.java:1358: 警告: [removal] GameTestHelper 中的 makeMockServerPlayerInLevel() 已过时, 且标记为待删除
        ServerPlayer player = helper.makeMockServerPlayerInLevel();
                                    ^
D:\javaProjects\dndturn26.1\targets\neoforge-26.1\src\gameTest\java\cc\sighs\dndturn\gametest\LocalTimeGameTests.java:1369: 警告: [removal] GameTestHelper 中的 makeMockServerPlayerInLevel() 已过时, 且标记为待删除
        ServerPlayer other = helper.makeMockServerPlayerInLevel();
                                   ^
D:\javaProjects\dndturn26.1\targets\neoforge-26.1\src\gameTest\java\cc\sighs\dndturn\gametest\LocalTimeGameTests.java:1585: 警告: [removal] GameTestHelper 中的 makeMockServerPlayerInLevel() 已过时, 且标记为待删除
        ServerPlayer player = helper.makeMockServerPlayerInLevel();
                                    ^
D:\javaProjects\dndturn26.1\targets\neoforge-26.1\src\gameTest\java\cc\sighs\dndturn\gametest\LocalTimeGameTests.java:1627: 警告: [removal] GameTestHelper 中的 makeMockServerPlayerInLevel() 已过时, 且标记为待删除
            ServerPlayer player = helper.makeMockServerPlayerInLevel();
                                        ^
D:\javaProjects\dndturn26.1\targets\neoforge-26.1\src\gameTest\java\cc\sighs\dndturn\gametest\LocalTimeGameTests.java:2003: 警告: [removal] GameTestHelper 中的 makeMockServerPlayerInLevel() 已过时, 且标记为待删除
            ServerPlayer player = helper.makeMockServerPlayerInLevel();
                                        ^
D:\javaProjects\dndturn26.1\targets\neoforge-26.1\src\gameTest\java\cc\sighs\dndturn\gametest\LocalTimeGameTests.java:2068: 警告: [removal] GameTestHelper 中的 makeMockServerPlayerInLevel() 已过时, 且标记为待删除
            ServerPlayer player = helper.makeMockServerPlayerInLevel();
                                        ^
D:\javaProjects\dndturn26.1\targets\neoforge-26.1\src\gameTest\java\cc\sighs\dndturn\gametest\LocalTimeGameTests.java:2213: 警告: [removal] GameTestHelper 中的 makeMockServerPlayerInLevel() 已过时, 且标记为待删除
        ServerPlayer player = helper.makeMockServerPlayerInLevel();
                                    ^
D:\javaProjects\dndturn26.1\targets\neoforge-26.1\src\gameTest\java\cc\sighs\dndturn\gametest\LocalTimeGameTests.java:2273: 警告: [removal] GameTestHelper 中的 makeMockServerPlayerInLevel() 已过时, 且标记为待删除
        ServerPlayer player = helper.makeMockServerPlayerInLevel();
                                    ^
D:\javaProjects\dndturn26.1\targets\neoforge-26.1\src\gameTest\java\cc\sighs\dndturn\gametest\LocalTimeGameTests.java:2405: 警告: [removal] GameTestHelper 中的 makeMockServerPlayerInLevel() 已过时, 且标记为待删除
        ServerPlayer player = helper.makeMockServerPlayerInLevel();
                                    ^
D:\javaProjects\dndturn26.1\targets\neoforge-26.1\src\gameTest\java\cc\sighs\dndturn\gametest\RepairGameTests.java:127: 警告: [removal] GameTestHelper 中的 makeMockServerPlayerInLevel() 已过时, 且标记为待删除
        try { rejected.requestStart(helper.makeMockServerPlayerInLevel(), UUID.randomUUID()); }
                                          ^
D:\javaProjects\dndturn26.1\targets\neoforge-26.1\src\gameTest\java\cc\sighs\dndturn\gametest\RepairGameTests.java:228: 警告: [removal] GameTestHelper 中的 makeMockServerPlayerInLevel() 已过时, 且标记为待删除
        var player = helper.makeMockServerPlayerInLevel();
                           ^
D:\javaProjects\dndturn26.1\targets\neoforge-26.1\src\gameTest\java\cc\sighs\dndturn\gametest\TacticalPlanGameTests.java:15: 警告: [removal] GameTestHelper 中的 makeMockServerPlayerInLevel() 已过时, 且标记为待删除
        ServerPlayer player = helper.makeMockServerPlayerInLevel();
                                    ^
D:\javaProjects\dndturn26.1\targets\neoforge-26.1\src\gameTest\java\cc\sighs\dndturn\gametest\TacticalPlanGameTests.java:207: 警告: [removal] GameTestHelper 中的 makeMockServerPlayerInLevel() 已过时, 且标记为待删除
        var player = helper.makeMockServerPlayerInLevel(); var level = helper.getLevel();
                           ^
D:\javaProjects\dndturn26.1\targets\neoforge-26.1\src\gameTest\java\cc\sighs\dndturn\gametest\TacticalPlanGameTests.java:518: 警告: [removal] GameTestHelper 中的 makeMockServerPlayerInLevel() 已过时, 且标记为待删除
        var player = helper.makeMockServerPlayerInLevel();
                           ^
注: D:\javaProjects\dndturn26.1\targets\neoforge-26.1\src\gameTest\java\cc\sighs\dndturn\gametest\LocalTimeGameTests.java使用或覆盖了已过时的 API。
注: 有关详细信息, 请使用 -Xlint:deprecation 重新编译。
34 个警告

> Task :processGameTestResources
> Task :gameTestClasses
> Task :compileTestJava NO-SOURCE
> Task :processTestResources NO-SOURCE
> Task :testClasses UP-TO-DATE
> Task :common:jar UP-TO-DATE
> Task :test NO-SOURCE
> Task :compileUiTestJava UP-TO-DATE
> Task :processUiTestResources NO-SOURCE
> Task :uiTestClasses UP-TO-DATE

> Task :verifyUiProjection
UI checks passed: stylesheet readiness, retained text updates, ring redraw/empty/surplus.

> Task :check
> Task :build
> Task :common:assemble UP-TO-DATE
> Task :common:compileTestJava UP-TO-DATE
> Task :common:processTestResources NO-SOURCE
> Task :common:testClasses UP-TO-DATE
> Task :common:test UP-TO-DATE
> Task :common:check UP-TO-DATE
> Task :common:build UP-TO-DATE
> Task :downloadAssets UP-TO-DATE
> Task :prepareGameTestServerRun

2026-09-28T15:31:58.863273400Z main WARN Advanced terminal features are not available in this environment
> Task :runGameTestServer
[23:31:58] [main/INFO] [ne.ne.fm.st.Entrypoint/]: JVM Uptime at startup: 118ms
[23:31:58] [main/INFO] [ne.ne.fm.lo.FMLLoader/]: Starting FancyModLoader version 11.0.15 (DEDICATED_SERVER in DEV)
[23:31:58] [main/INFO] [ne.ne.fm.lo.FMLLoader/]: Game directory: D:\javaProjects\dndturn26.1\targets\neoforge-26.1\build\gametest-run
[23:31:58] [main/INFO] [ne.ne.fm.lo.EarlyServiceDiscovery/]: Found 2 early service jars (out of 109) in 18ms
[23:31:58] [main/INFO] [ne.ne.fm.lo.FMLLoader/]: Loading FML Early Services:
[23:31:58] [main/INFO] [ne.ne.fm.lo.FMLLoader/]:  - C:/Users/RNaim/.gradle/caches/modules-2/files-2.1/net.neoforged.fancymodloader/loader/11.0.15/69ddd98736a6b095783523404d1af8992842722/loader-11.0.15.jar
[23:31:58] [main/INFO] [ne.ne.fm.lo.FMLLoader/]:  - C:/Users/RNaim/.gradle/caches/modules-2/files-2.1/net.neoforged.fancymodloader/earlydisplay/11.0.15/b254aa4ec40828f8ce65411dcb7fb9f6ce008064/earlydisplay-11.0.15.jar
[23:31:58] [main/INFO] [ne.ne.fm.lo.ImmediateWindowHandler/]: Not loading early display in headless mode.
[23:31:59] [main/INFO] [ne.ne.fm.lo.mo.lo.GameLocator/]: Detected a joined NeoForge and Minecraft configuration. Applying filtering...
[23:31:59] [main/INFO] [ne.ne.fm.lo.mo.lo.InDevFolderLocator/CORE]: Got mod coordinates dndturnTests%%D:\javaProjects\dndturn26.1\targets\neoforge-26.1\build\classes\java\main;dndturnTests%%D:\javaProjects\dndturn26.1\targets\neoforge-26.1\build\resources\main;dndturnTests%%D:\javaProjects\dndturn26.1\common\build\classes\java\main;dndturnTests%%D:\javaProjects\dndturn26.1\targets\neoforge-26.1\build\classes\java\compatTest;dndturnTests%%D:\javaProjects\dndturn26.1\targets\neoforge-26.1\build\resources\compatTest;dndturnTests%%D:\javaProjects\dndturn26.1\targets\neoforge-26.1\build\classes\java\gameTest;dndturnTests%%D:\javaProjects\dndturn26.1\targets\neoforge-26.1\build\resources\gameTest from env
[23:31:59] [main/INFO] [ne.ne.fm.lo.mo.lo.JarInJarDependencyLocator/]: Found 2 dependencies adding them to mods collection
[23:31:59] [main/INFO] [ne.ne.fm.lo.mo.ModDiscoverer/]: 
     Mod List:
		Name Version (Mod Id)

		ApricityUI 1.2.5 (apricityui)
		DNDTurn 1.0.0-SNAPSHOT (dndturn)
		Minecraft 26.1.2 (minecraft)
		NeoForge 26.1.2.84 (neoforge)
[23:31:59] [main/INFO] [mixin/]: SpongePowered MIXIN Subsystem Version=0.8.7 Source=file:/C:/Users/RNaim/.gradle/caches/modules-2/files-2.1/net.fabricmc/sponge-mixin/0.17.3+mixin.0.8.7/41c4a3984a80f4679e759fb9f495587acc5cdac7/sponge-mixin-0.17.3+mixin.0.8.7.jar Service=FML Env=SERVER
[23:31:59] [main/INFO] [ne.ne.fm.lo.FMLLoader/]: Loading FML Plugins:
[23:31:59] [main/INFO] [ne.ne.fm.lo.FMLLoader/]:  - C:/Users/RNaim/.gradle/caches/modules-2/files-2.1/net.neoforged/neoforge/26.1.2.84/b725526a2fab2163b9a0a8ce89d435d7cd5d8a88/neoforge-26.1.2.84-universal.jar > net.neoforged.neoforge-coremods-26.1.2.84.jar
[23:31:59] [main/INFO] [ne.ne.fm.lo.FMLLoader/]: Building game content classloader:
 - apricityui (jar(C:/Users/RNaim/.gradle/caches/modules-2/files-2.1/maven.modrinth/apricityui/wwrdhxiM/d4311449e5b1cdc9a59e33a7f2b02435d7441546/apricityui-wwrdhxiM.jar))
 - dndturn (composite(folder(D:/javaProjects/dndturn26.1/targets/neoforge-26.1/build/classes/java/main), folder(D:/javaProjects/dndturn26.1/targets/neoforge-26.1/build/resources/main), folder(D:/javaProjects/dndturn26.1/common/build/classes/java/main), folder(D:/javaProjects/dndturn26.1/targets/neoforge-26.1/build/classes/java/compatTest), folder(D:/javaProjects/dndturn26.1/targets/neoforge-26.1/build/classes/java/gameTest), folder(D:/javaProjects/dndturn26.1/targets/neoforge-26.1/build/resources/gameTest)))
 - minecraft (composite(filtered(jar(D:/javaProjects/dndturn26.1/targets/neoforge-26.1/build/moddev/artifacts/minecraft-patched-26.1.2.84.jar)), filtered(jar(D:/javaProjects/dndturn26.1/targets/neoforge-26.1/build/moddev/artifacts/minecraft-patched-26.1.2.84.jar))))
 - mixinextras.neoforge (jar(C:/Users/RNaim/.gradle/caches/modules-2/files-2.1/net.neoforged/neoforge/26.1.2.84/b725526a2fab2163b9a0a8ce89d435d7cd5d8a88/neoforge-26.1.2.84-universal.jar > mixinextras-neoforge-0.5.4.jar))
 - neoforge (composite(filtered(jar(C:/Users/RNaim/.gradle/caches/modules-2/files-2.1/net.neoforged/neoforge/26.1.2.84/b725526a2fab2163b9a0a8ce89d435d7cd5d8a88/neoforge-26.1.2.84-universal.jar))))
 - net.neoforged.fml.generated (empty(VirtualJar/net.neoforged.fml.generated))
[23:31:59] [main/INFO] [ne.ne.fm.lo.FMLLoader/]: Built game content classloader in 13ms
[23:31:59] [main/INFO] [mixin/]: Compatibility level set to JAVA_25
[23:31:59] [main/WARN] [mixin/]: Reference map 'apricityui.refmap.json' for apricityui.mixins.json could not be read. If this is a development environment you can ignore this message
[23:31:59] [main/INFO] [minecraft/GameTestMainUtil]: Running GameTestMain with cwd 'D:\javaProjects\dndturn26.1\targets\neoforge-26.1\build\gametest-run', universe path 'gametestserver'
[23:31:59] [main/INFO] [MixinExtras|Service/]: Initializing MixinExtras via com.llamalad7.mixinextras.service.MixinExtrasServiceImpl(version=0.5.4).
[23:32:01] [modloading-worker-0/INFO] [ne.ne.ne.co.NeoForgeMod/NEOFORGE-MOD]: NeoForge mod loading, version 26.1.2.84, for MC 26.1.2
[23:32:02] [modloading-sync-worker/INFO] [co.si.ap.ne.ap.NetworkAutoRegistration/]: [NetworkAutoReg] Metadata scan found: 4 | added: 4 | skipped: 0
[23:32:02] [main/INFO] [minecraft/RecipeManager]: Loaded 1515 recipes
[23:32:02] [main/INFO] [minecraft/AdvancementTree]: Loaded 1617 advancements
[23:32:02] [main/INFO] [ne.ne.ne.co.cr.RecipePriorityManager/]: Loaded 0 recipe priority overrides
[23:32:03] [Server thread/INFO] [minecraft/LoggingLevelLoadListener]: Selecting global world spawn...
[23:32:03] [Server thread/INFO] [minecraft/LoggingLevelLoadListener]: Loading 0 persistent chunks...
[23:32:03] [Server thread/INFO] [minecraft/LoggingLevelLoadListener]: Preparing spawn area: 100%
[23:32:03] [Server thread/INFO] [minecraft/LoggingLevelLoadListener]: Time elapsed: 193 ms
[23:32:03] [Server thread/INFO] [minecraft/GameTestServer]: Started game test server
[23:32:03] [Server thread/INFO] [ne.ne.ne.se.pe.PermissionAPI/]: Successfully initialized permission handler neoforge:default_handler
[23:32:03] [Server thread/INFO] [minecraft/GameTestServer]: 64 tests are now running at position 14201510, -59, 5478928!
[23:32:04] [Server thread/INFO] [minecraft/GameTestRunner]: Running test environment 'dndturn:movement_lease_exit' batch 0 (1 tests)...
[23:32:04] [Server thread/INFO] [minecraft/GameTestServer]: [                                                                ]
[23:32:04] [Server thread/INFO] [minecraft/GameTestServer]: [                                                                ]
[23:32:04] [Server thread/INFO] [minecraft/GameTestServer]: [                                                                ]
[23:32:04] [Server thread/INFO] [minecraft/GameTestServer]: [                                                                ]
[23:32:04] [Server thread/INFO] [minecraft/GameTestServer]: [                                                                ]
[23:32:04] [Server thread/INFO] [minecraft/GameTestServer]: [                                                                ]
[23:32:04] [Server thread/INFO] [minecraft/GameTestServer]: [                                                                ]
[23:32:04] [Server thread/INFO] [minecraft/GameTestServer]: [                                                                ]
[23:32:04] [Server thread/INFO] [minecraft/GameTestServer]: [                                                                ]
[23:32:04] [Server thread/INFO] [minecraft/GameTestServer]: [                                                                ]
[23:32:04] [Server thread/INFO] [minecraft/GameTestServer]: [                                                                ]
[23:32:04] [Server thread/INFO] [minecraft/GameTestServer]: [                                                                ]
[23:32:04] [Server thread/INFO] [minecraft/GameTestServer]: [                                                                ]
[23:32:04] [Server thread/INFO] [minecraft/GameTestServer]: [                                                                ]
[23:32:04] [Server thread/INFO] [minecraft/GameTestServer]: [                                                                ]
[23:32:04] [Server thread/INFO] [minecraft/GameTestServer]: [                                                                ]
[23:32:04] [Server thread/INFO] [minecraft/GameTestServer]: [                                                                ]
[23:32:04] [Server thread/INFO] [minecraft/GameTestServer]: [                                                                ]
[23:32:04] [Server thread/INFO] [minecraft/GameTestServer]: [                                                                ]
[23:32:04] [Server thread/INFO] [minecraft/GameTestServer]: [                                                                ]
[23:32:04] [Server thread/INFO] [minecraft/GameTestServer]: [                                                                ]
[23:32:04] [Server thread/INFO] [minecraft/GameTestServer]: [                                                                ]
[23:32:04] [Server thread/INFO] [minecraft/GameTestServer]: [                                                                ]
[23:32:04] [Server thread/INFO] [minecraft/GameTestServer]: [                                                                ]
[23:32:04] [Server thread/INFO] [minecraft/GameTestServer]: [                                                                ]
[23:32:04] [Server thread/INFO] [minecraft/GameTestServer]: [                                                                ]
[23:32:04] [Server thread/INFO] [minecraft/GameTestServer]: [                                                                ]
[23:32:04] [Server thread/INFO] [minecraft/GameTestServer]: [                                                                ]
[23:32:04] [Server thread/INFO] [minecraft/GameTestServer]: [                                                                ]
[23:32:04] [Server thread/INFO] [minecraft/GameTestServer]: [                                                                ]
[23:32:04] [Server thread/INFO] [minecraft/GameTestServer]: [                                                                ]
[23:32:04] [Server thread/INFO] [minecraft/GameTestServer]: [                                                                ]
[23:32:04] [Server thread/INFO] [minecraft/GameTestServer]: [                                                                ]
[23:32:04] [Server thread/INFO] [minecraft/GameTestServer]: [                                                                ]
[23:32:04] [Server thread/INFO] [minecraft/GameTestServer]: [                                                                ]
[23:32:04] [Server thread/INFO] [minecraft/GameTestServer]: [                                                                ]
[23:32:04] [Server thread/INFO] [minecraft/GameTestServer]: [                                                                ]
[23:32:04] [Server thread/INFO] [minecraft/GameTestServer]: [                                                                ]
[23:32:04] [Server thread/INFO] [minecraft/GameTestServer]: [                                                                ]
[23:32:04] [Server thread/INFO] [minecraft/GameTestServer]: [                                                                ]
[23:32:04] [Server thread/INFO] [minecraft/GameTestServer]: [                                                                ]
[23:32:04] [Server thread/INFO] [minecraft/GameTestServer]: [                                                                ]
[23:32:04] [Server thread/INFO] [minecraft/GameTestServer]: [                                                                ]
[23:32:04] [Server thread/INFO] [minecraft/GameTestServer]: [                                                                ]
[23:32:04] [Server thread/INFO] [minecraft/GameTestServer]: [                                                                ]
[23:32:04] [Server thread/INFO] [minecraft/GameTestServer]: [                                                                ]
[23:32:04] [Server thread/INFO] [minecraft/GameTestServer]: [                                                                ]
[23:32:04] [Server thread/INFO] [minecraft/GameTestServer]: [                                                                ]
[23:32:04] [Server thread/INFO] [minecraft/GameTestServer]: [                                                                ]
[23:32:04] [Server thread/INFO] [minecraft/GameTestServer]: [                                                                ]
[23:32:04] [Server thread/INFO] [minecraft/GameTestServer]: [                                                                ]
[23:32:04] [Server thread/INFO] [minecraft/GameTestServer]: [                                                                ]
[23:32:04] [Server thread/INFO] [minecraft/GameTestServer]: [                                                                ]
[23:32:04] [Server thread/INFO] [minecraft/GameTestServer]: [                                                                ]
[23:32:04] [Server thread/INFO] [minecraft/GameTestServer]: [                                                                ]
[23:32:04] [Server thread/INFO] [minecraft/GameTestServer]: [                                                                ]
[23:32:04] [Server thread/INFO] [minecraft/GameTestServer]: [                                                                ]
[23:32:04] [Server thread/INFO] [minecraft/GameTestServer]: [                                                                ]
[23:32:04] [Server thread/INFO] [minecraft/GameTestServer]: [                                                                ]
[23:32:04] [Server thread/INFO] [minecraft/GameTestServer]: [                                                                ]
[23:32:04] [Server thread/INFO] [minecraft/GameTestServer]: [                                                                ]
[23:32:04] [Server thread/INFO] [minecraft/GameTestServer]: [                                                                ]
[23:32:04] [Server thread/INFO] [minecraft/GameTestServer]: [                                                                ]
[23:32:04] [Server thread/INFO] [minecraft/GameTestServer]: [                                                                ]
[23:32:04] [Server thread/INFO] [minecraft/GameTestServer]: [                                                                ]
[23:32:04] [Server thread/INFO] [minecraft/GameTestServer]: [                                                                ]
[23:32:04] [Server thread/INFO] [minecraft/GameTestServer]: [                                                                ]
[23:32:04] [Server thread/INFO] [minecraft/GameTestServer]: [                                                                ]
[23:32:04] [Server thread/INFO] [minecraft/GameTestServer]: [                                                                ]
[23:32:04] [Server thread/INFO] [minecraft/GameTestServer]: [                                                                ]
[23:32:04] [Server thread/INFO] [minecraft/GameTestServer]: [                                                                ]
[23:32:04] [Server thread/INFO] [minecraft/GameTestServer]: [                                                                ]
[23:32:04] [Server thread/INFO] [minecraft/GameTestServer]: [                                                                ]
[23:32:04] [Server thread/INFO] [minecraft/GameTestServer]: [                                                                ]
[23:32:04] [Server thread/INFO] [minecraft/GameTestServer]: [                                                                ]
[23:32:04] [Server thread/INFO] [minecraft/GameTestServer]: [                                                                ]
[23:32:04] [Server thread/INFO] [minecraft/GameTestServer]: [                                                                ]
[23:32:04] [Server thread/INFO] [minecraft/GameTestServer]: [                                                                ]
[23:32:04] [Server thread/INFO] [minecraft/GameTestServer]: [                                                                ]
[23:32:04] [Server thread/INFO] [minecraft/GameTestServer]: [                                                                ]
[23:32:04] [Server thread/INFO] [minecraft/GameTestServer]: [                                                                ]
[23:32:04] [Server thread/INFO] [minecraft/GameTestServer]: [                                                                ]
[23:32:04] [Server thread/INFO] [minecraft/GameTestServer]: [                                                                ]
[23:32:04] [Server thread/INFO] [minecraft/GameTestServer]: [                                                                ]
[23:32:04] [Server thread/INFO] [minecraft/GameTestServer]: [                                                                ]
[23:32:04] [Server thread/INFO] [minecraft/GameTestServer]: [                                                                ]
[23:32:04] [Server thread/INFO] [minecraft/GameTestServer]: [                                                                ]
[23:32:04] [Server thread/INFO] [minecraft/GameTestServer]: [                                                                ]
[23:32:04] [Server thread/INFO] [minecraft/GameTestServer]: [                                                                ]
[23:32:04] [Server thread/INFO] [minecraft/GameTestServer]: [                                                                ]
[23:32:04] [Server thread/INFO] [minecraft/GameTestServer]: [                                                                ]
[23:32:04] [Server thread/INFO] [minecraft/GameTestServer]: [                                                                ]
[23:32:04] [Server thread/INFO] [minecraft/GameTestServer]: [                                                                ]
[23:32:04] [Server thread/INFO] [minecraft/GameTestServer]: [                                                                ]
[23:32:04] [Server thread/INFO] [minecraft/GameTestServer]: [                                                                ]
[23:32:04] [Server thread/INFO] [minecraft/GameTestServer]: [                                                                ]
[23:32:04] [Server thread/INFO] [minecraft/GameTestServer]: [                                                                ]
[23:32:04] [Server thread/INFO] [minecraft/GameTestServer]: [                                                                ]
[23:32:04] [Server thread/INFO] [minecraft/GameTestServer]: [                                                                ]
[23:32:04] [Server thread/INFO] [minecraft/GameTestServer]: [                                                                ]
[23:32:04] [Server thread/INFO] [minecraft/GameTestServer]: [                                                                ]
[23:32:04] [Server thread/INFO] [minecraft/GameTestServer]: [                                                                ]
[23:32:04] [Server thread/INFO] [minecraft/GameTestServer]: [                                                                ]
[23:32:04] [Server thread/INFO] [minecraft/GameTestServer]: [                                                                ]
[23:32:04] [Server thread/INFO] [minecraft/GameTestServer]: [                                                                ]
[23:32:04] [Server thread/INFO] [minecraft/GameTestServer]: [                                                                ]
[23:32:04] [Server thread/INFO] [minecraft/GameTestServer]: [                                                                ]
[23:32:04] [Server thread/INFO] [minecraft/GameTestServer]: [                                                                ]
[23:32:04] [Server thread/INFO] [minecraft/GameTestServer]: [                                                                ]
[23:32:04] [Server thread/INFO] [minecraft/GameTestServer]: [                                                                ]
[23:32:04] [Server thread/INFO] [minecraft/GameTestServer]: [                                                                ]
[23:32:04] [Server thread/INFO] [minecraft/GameTestServer]: [                                                                ]
[23:32:04] [Server thread/INFO] [minecraft/GameTestServer]: [                                                                ]
[23:32:04] [Server thread/INFO] [minecraft/GameTestServer]: [                                                                ]
[23:32:04] [Server thread/INFO] [minecraft/GameTestServer]: [                                                                ]
[23:32:04] [Server thread/INFO] [minecraft/GameTestServer]: [                                                                ]
[23:32:04] [Server thread/INFO] [minecraft/GameTestServer]: [                                                                ]
[23:32:04] [Server thread/INFO] [minecraft/GameTestServer]: [                                                                ]
[23:32:04] [Server thread/INFO] [minecraft/GameTestServer]: [                                                                ]
[23:32:04] [Server thread/INFO] [minecraft/GameTestServer]: [                                                                ]
[23:32:04] [Server thread/INFO] [minecraft/GameTestServer]: [                                                                ]
[23:32:04] [Server thread/INFO] [minecraft/GameTestServer]: [                                                                ]
[23:32:04] [Server thread/INFO] [minecraft/GameTestServer]: [                                                                ]
[23:32:04] [Server thread/INFO] [minecraft/GameTestServer]: [                                                                ]
[23:32:04] [Server thread/INFO] [minecraft/GameTestServer]: [                                                                ]
[23:32:04] [Server thread/INFO] [minecraft/GameTestServer]: [                                                                ]
[23:32:04] [Server thread/INFO] [minecraft/GameTestServer]: [                                                                ]
[23:32:04] [Server thread/INFO] [minecraft/GameTestServer]: [                                                                ]
[23:32:04] [Server thread/INFO] [minecraft/GameTestServer]: [                                                                ]
[23:32:04] [Server thread/INFO] [minecraft/GameTestServer]: [                                                                ]
[23:32:04] [Server thread/INFO] [minecraft/GameTestServer]: [                                                                ]
[23:32:04] [Server thread/INFO] [minecraft/GameTestServer]: [                                                                ]
[23:32:04] [Server thread/INFO] [minecraft/GameTestServer]: [                                                                ]
[23:32:04] [Server thread/INFO] [minecraft/GameTestServer]: [                                                                ]
[23:32:04] [Server thread/INFO] [minecraft/GameTestServer]: [                                                                ]
[23:32:04] [Server thread/INFO] [minecraft/GameTestServer]: [                                                                ]
[23:32:04] [Server thread/INFO] [minecraft/GameTestServer]: [                                                                ]
[23:32:04] [Server thread/INFO] [minecraft/GameTestServer]: [                                                                ]
[23:32:04] [Server thread/INFO] [minecraft/GameTestServer]: [                                                                ]
[23:32:04] [Server thread/INFO] [minecraft/GameTestServer]: [                                                                ]
[23:32:04] [Server thread/INFO] [minecraft/GameTestServer]: [                                                                ]
[23:32:04] [Server thread/INFO] [minecraft/GameTestServer]: [                                                                ]
[23:32:04] [Server thread/INFO] [minecraft/GameTestServer]: [                                                                ]
[23:32:04] [Server thread/INFO] [minecraft/GameTestServer]: [_                                                               ]
[23:32:04] [Server thread/INFO] [minecraft/GameTestServer]: [_                                                               ]
[23:32:04] [Server thread/INFO] [minecraft/GameTestServer]: [_                                                               ]
[23:32:04] [Server thread/INFO] [minecraft/PlayerList]: test-mock-player[embedded] logged in with entity id 1 at (0.0, 0.0, 0.0)
[23:32:04] [Server thread/INFO] [minecraft/MinecraftServer]: test-mock-player joined the game
[23:32:04] [Server thread/INFO] [minecraft/GameTestRunner]: Running test environment 'dndturn:arrow_regressions' batch 0 (9 tests)...
[23:32:04] [Server thread/INFO] [minecraft/PlayerList]: test-mock-player[embedded] logged in with entity id 3 at (0.0, 0.0, 0.0)
[23:32:04] [Server thread/INFO] [minecraft/MinecraftServer]: test-mock-player joined the game
[23:32:04] [Server thread/INFO] [minecraft/PlayerList]: test-mock-player[embedded] logged in with entity id 4 at (0.0, 0.0, 0.0)
[23:32:04] [Server thread/INFO] [minecraft/MinecraftServer]: test-mock-player joined the game
[23:32:05] [Server thread/INFO] [minecraft/PlayerList]: test-mock-player[embedded] logged in with entity id 7 at (0.0, 0.0, 0.0)
[23:32:05] [Server thread/INFO] [minecraft/MinecraftServer]: test-mock-player joined the game
[23:32:05] [Server thread/INFO] [minecraft/PlayerList]: test-mock-player[embedded] logged in with entity id 8 at (0.0, 0.0, 0.0)
[23:32:05] [Server thread/INFO] [minecraft/MinecraftServer]: test-mock-player joined the game
[23:32:05] [Server thread/INFO] [minecraft/PlayerList]: test-mock-player[embedded] logged in with entity id 11 at (0.0, 0.0, 0.0)
[23:32:05] [Server thread/INFO] [minecraft/MinecraftServer]: test-mock-player joined the game
[23:32:05] [Server thread/INFO] [minecraft/PlayerList]: test-mock-player[embedded] logged in with entity id 12 at (0.0, 0.0, 0.0)
[23:32:05] [Server thread/INFO] [minecraft/MinecraftServer]: test-mock-player joined the game
[23:32:05] [Server thread/INFO] [minecraft/PlayerList]: test-mock-player[embedded] logged in with entity id 15 at (0.0, 0.0, 0.0)
[23:32:05] [Server thread/INFO] [minecraft/MinecraftServer]: test-mock-player joined the game
[23:32:05] [Server thread/INFO] [minecraft/PlayerList]: test-mock-player[embedded] logged in with entity id 16 at (0.0, 0.0, 0.0)
[23:32:05] [Server thread/INFO] [minecraft/MinecraftServer]: test-mock-player joined the game
[23:32:05] [Server thread/INFO] [minecraft/PlayerList]: test-mock-player[embedded] logged in with entity id 19 at (0.0, 0.0, 0.0)
[23:32:05] [Server thread/INFO] [minecraft/MinecraftServer]: test-mock-player joined the game
[23:32:05] [Server thread/INFO] [minecraft/PlayerList]: test-mock-player[embedded] logged in with entity id 20 at (0.0, 0.0, 0.0)
[23:32:05] [Server thread/INFO] [minecraft/MinecraftServer]: test-mock-player joined the game
[23:32:05] [Server thread/INFO] [minecraft/PlayerList]: test-mock-player[embedded] logged in with entity id 28 at (0.0, 0.0, 0.0)
[23:32:05] [Server thread/INFO] [minecraft/MinecraftServer]: test-mock-player joined the game
[23:32:05] [Server thread/INFO] [minecraft/PlayerList]: test-mock-player[embedded] logged in with entity id 29 at (0.0, 0.0, 0.0)
[23:32:05] [Server thread/INFO] [minecraft/MinecraftServer]: test-mock-player joined the game
[23:32:05] [Server thread/INFO] [minecraft/PlayerList]: test-mock-player[embedded] logged in with entity id 32 at (0.0, 0.0, 0.0)
[23:32:05] [Server thread/INFO] [minecraft/MinecraftServer]: test-mock-player joined the game
[23:32:06] [Server thread/INFO] [minecraft/PlayerList]: test-mock-player[embedded] logged in with entity id 33 at (0.0, 0.0, 0.0)
[23:32:06] [Server thread/INFO] [minecraft/MinecraftServer]: test-mock-player joined the game
[23:32:06] [Server thread/INFO] [minecraft/GameTestServer]: [+__+_++_+_                                                      ]
[23:32:06] [Server thread/INFO] [minecraft/GameTestServer]: [+_++_+++++                                                      ]
[23:32:06] [Server thread/INFO] [minecraft/GameTestServer]: [+_++_+++++                                                      ]
[23:32:06] [Server thread/INFO] [minecraft/GameTestServer]: [+_++_+++++                                                      ]
[23:32:06] [Server thread/INFO] [minecraft/GameTestServer]: [+_++_+++++                                                      ]
[23:32:06] [Server thread/INFO] [minecraft/GameTestServer]: [+_++_+++++                                                      ]
[23:32:06] [Server thread/INFO] [minecraft/GameTestServer]: [++++_+++++                                                      ]
[23:32:06] [Server thread/INFO] [minecraft/GameTestRunner]: Running test environment 'dndturn:tactical_behaviors' batch 0 (3 tests)...
[23:32:06] [Server thread/INFO] [minecraft/PlayerList]: test-mock-player[embedded] logged in with entity id 40 at (0.0, 0.0, 0.0)
[23:32:06] [Server thread/INFO] [minecraft/MinecraftServer]: test-mock-player joined the game
[23:32:07] [Server thread/INFO] [minecraft/PlayerList]: test-mock-player[embedded] logged in with entity id 42 at (0.0, 0.0, 0.0)
[23:32:07] [Server thread/INFO] [minecraft/MinecraftServer]: test-mock-player joined the game
[23:32:07] [Server thread/INFO] [minecraft/PlayerList]: test-mock-player[embedded] logged in with entity id 44 at (0.0, 0.0, 0.0)
[23:32:07] [Server thread/INFO] [minecraft/MinecraftServer]: test-mock-player joined the game
[23:32:07] [Server thread/INFO] [minecraft/MinecraftServer]: test-mock-player has made the advancement [Monster Hunter]
[23:32:07] [Server thread/INFO] [minecraft/LivingEntity]: Named entity Zombie['Behavior target'/45, l='ServerLevel[Test Level]', x=14262552.50, y=93.00, z=5478942.50] died: death.attack.dndturn.tactical
[23:32:07] [Server thread/INFO] [minecraft/GameTestServer]: [++++++++++__+                                                   ]
[23:32:07] [Server thread/INFO] [minecraft/GameTestServer]: [++++++++++__+                                                   ]
[23:32:07] [Server thread/INFO] [minecraft/GameTestServer]: [++++++++++_++                                                   ]
[23:32:07] [Server thread/INFO] [minecraft/GameTestRunner]: Running test environment 'dndturn:participant_effects' batch 0 (1 tests)...
[23:32:07] [Server thread/INFO] [minecraft/PlayerList]: tactical-test[embedded] logged in with entity id 48 at (0.0, 0.0, 0.0)
[23:32:07] [Server thread/INFO] [minecraft/MinecraftServer]: tactical-test joined the game
[23:32:07] [Server thread/INFO] [minecraft/GameTestServer]: [+++++++++++++_                                                  ]
[23:32:07] [Server thread/INFO] [minecraft/GameTestServer]: [+++++++++++++_                                                  ]
[23:32:07] [Server thread/INFO] [minecraft/GameTestServer]: [+++++++++++++_                                                  ]
[23:32:07] [Server thread/INFO] [minecraft/GameTestServer]: [+++++++++++++_                                                  ]
[23:32:07] [Server thread/INFO] [minecraft/GameTestServer]: [+++++++++++++_                                                  ]
[23:32:07] [Server thread/INFO] [minecraft/GameTestServer]: [+++++++++++++_                                                  ]
[23:32:07] [Server thread/INFO] [minecraft/GameTestServer]: [+++++++++++++_                                                  ]
[23:32:07] [Server thread/INFO] [minecraft/GameTestServer]: [+++++++++++++_                                                  ]
[23:32:07] [Server thread/INFO] [minecraft/GameTestServer]: [+++++++++++++_                                                  ]
[23:32:07] [Server thread/INFO] [minecraft/GameTestServer]: [+++++++++++++_                                                  ]
[23:32:07] [Server thread/INFO] [minecraft/GameTestServer]: [+++++++++++++_                                                  ]
[23:32:07] [Server thread/INFO] [minecraft/GameTestServer]: [+++++++++++++_                                                  ]
[23:32:07] [Server thread/INFO] [minecraft/GameTestServer]: [+++++++++++++_                                                  ]
[23:32:07] [Server thread/INFO] [minecraft/GameTestServer]: [+++++++++++++_                                                  ]
[23:32:08] [Server thread/INFO] [minecraft/MinecraftServer]: tactical-test withered away
[23:32:08] [Server thread/INFO] [minecraft/GameTestRunner]: Running test environment 'dndturn:environment_clock' batch 0 (1 tests)...
[23:32:08] [Server thread/INFO] [minecraft/GameTestServer]: [++++++++++++++                                                  ]
[23:32:08] [Server thread/INFO] [minecraft/PlayerList]: test-mock-player[embedded] logged in with entity id 49 at (0.0, 0.0, 0.0)
[23:32:08] [Server thread/INFO] [minecraft/MinecraftServer]: test-mock-player joined the game
[23:32:08] [Server thread/INFO] [minecraft/GameTestServer]: [++++++++++++++_                                                 ]
[23:32:08] [Server thread/INFO] [minecraft/GameTestServer]: [++++++++++++++_                                                 ]
[23:32:08] [Server thread/INFO] [minecraft/GameTestServer]: [++++++++++++++_                                                 ]
[23:32:08] [Server thread/INFO] [minecraft/GameTestServer]: [++++++++++++++_                                                 ]
[23:32:08] [Server thread/INFO] [minecraft/GameTestServer]: [++++++++++++++_                                                 ]
[23:32:08] [Server thread/INFO] [minecraft/GameTestRunner]: Running test environment 'dndturn:consent_regressions' batch 0 (1 tests)...
[23:32:08] [Server thread/INFO] [minecraft/GameTestServer]: [+++++++++++++++                                                 ]
[23:32:08] [Server thread/INFO] [minecraft/PlayerList]: exit-test-player[embedded] logged in with entity id 50 at (0.0, 0.0, 0.0)
[23:32:08] [Server thread/INFO] [minecraft/MinecraftServer]: exit-test-player joined the game
[23:32:08] [Server thread/INFO] [minecraft/PlayerList]: exit-test-player[embedded] logged in with entity id 51 at (0.0, 0.0, 0.0)
[23:32:08] [Server thread/INFO] [minecraft/MinecraftServer]: exit-test-player joined the game
[23:32:08] [Server thread/INFO] [minecraft/PlayerList]: exit-test-player[embedded] logged in with entity id 52 at (0.0, 0.0, 0.0)
[23:32:08] [Server thread/INFO] [minecraft/MinecraftServer]: exit-test-player joined the game
[23:32:08] [Server thread/INFO] [minecraft/GameTestServer]: [+++++++++++++++_                                                ]
[23:32:08] [Server thread/INFO] [minecraft/GameTestServer]: [+++++++++++++++_                                                ]
[23:32:08] [Server thread/INFO] [minecraft/GameTestServer]: [+++++++++++++++_                                                ]
[23:32:08] [Server thread/INFO] [minecraft/GameTestServer]: [+++++++++++++++_                                                ]
[23:32:08] [Server thread/INFO] [minecraft/GameTestServer]: [+++++++++++++++_                                                ]
[23:32:08] [Server thread/INFO] [minecraft/GameTestServer]: [+++++++++++++++_                                                ]
[23:32:08] [Server thread/INFO] [minecraft/GameTestServer]: [+++++++++++++++_                                                ]
[23:32:08] [Server thread/INFO] [minecraft/GameTestServer]: [+++++++++++++++_                                                ]
[23:32:08] [Server thread/INFO] [minecraft/GameTestServer]: [+++++++++++++++_                                                ]
[23:32:08] [Server thread/INFO] [minecraft/GameTestServer]: [+++++++++++++++_                                                ]
[23:32:08] [Server thread/INFO] [minecraft/GameTestServer]: [+++++++++++++++_                                                ]
[23:32:08] [Server thread/INFO] [minecraft/GameTestServer]: [+++++++++++++++_                                                ]
[23:32:08] [Server thread/INFO] [minecraft/GameTestServer]: [+++++++++++++++_                                                ]
[23:32:08] [Server thread/INFO] [minecraft/GameTestServer]: [+++++++++++++++_                                                ]
[23:32:08] [Server thread/INFO] [minecraft/GameTestServer]: [+++++++++++++++_                                                ]
[23:32:08] [Server thread/INFO] [minecraft/GameTestServer]: [+++++++++++++++_                                                ]
[23:32:08] [Server thread/INFO] [minecraft/GameTestServer]: [+++++++++++++++_                                                ]
[23:32:08] [Server thread/INFO] [minecraft/GameTestServer]: [+++++++++++++++_                                                ]
[23:32:08] [Server thread/INFO] [minecraft/GameTestServer]: [+++++++++++++++_                                                ]
[23:32:08] [Server thread/INFO] [minecraft/GameTestServer]: [+++++++++++++++_                                                ]
[23:32:08] [Server thread/INFO] [minecraft/GameTestRunner]: Running test environment 'dndturn:tactical_snowball' batch 0 (1 tests)...
[23:32:08] [Server thread/INFO] [minecraft/GameTestServer]: [++++++++++++++++_                                               ]
[23:32:08] [Server thread/INFO] [minecraft/GameTestServer]: [++++++++++++++++_                                               ]
[23:32:08] [Server thread/INFO] [minecraft/GameTestServer]: [++++++++++++++++_                                               ]
[23:32:08] [Server thread/INFO] [minecraft/PlayerList]: test-mock-player[embedded] logged in with entity id 55 at (0.0, 0.0, 0.0)
[23:32:08] [Server thread/INFO] [minecraft/MinecraftServer]: test-mock-player joined the game
[23:32:09] [Server thread/INFO] [minecraft/GameTestServer]: [++++++++++++++++_                                               ]
[23:32:09] [Server thread/INFO] [minecraft/GameTestRunner]: Running test environment 'dndturn:external_melee' batch 0 (1 tests)...
[23:32:09] [Server thread/INFO] [minecraft/PlayerList]: tactical-test[embedded] logged in with entity id 58 at (0.0, 0.0, 0.0)
[23:32:09] [Server thread/INFO] [minecraft/MinecraftServer]: tactical-test joined the game
[23:32:09] [Server thread/INFO] [minecraft/GameTestServer]: [+++++++++++++++++_                                              ]
[23:32:09] [Server thread/INFO] [minecraft/GameTestRunner]: Running test environment 'dndturn:participant_fire' batch 0 (1 tests)...
[23:32:09] [Server thread/INFO] [minecraft/GameTestServer]: [++++++++++++++++++                                              ]
[23:32:09] [Server thread/INFO] [minecraft/PlayerList]: tactical-test[embedded] logged in with entity id 60 at (0.0, 0.0, 0.0)
[23:32:09] [Server thread/INFO] [minecraft/MinecraftServer]: tactical-test joined the game
[23:32:09] [Server thread/INFO] [minecraft/GameTestServer]: [++++++++++++++++++_                                             ]
[23:32:09] [Server thread/INFO] [minecraft/GameTestServer]: [++++++++++++++++++_                                             ]
[23:32:09] [Server thread/INFO] [minecraft/GameTestRunner]: Running test environment 'dndturn:environment_classification' batch 0 (1 tests)...
[23:32:09] [Server thread/INFO] [minecraft/PlayerList]: test-mock-player[embedded] logged in with entity id 62 at (0.0, 0.0, 0.0)
[23:32:09] [Server thread/INFO] [minecraft/MinecraftServer]: test-mock-player joined the game
[23:32:09] [Server thread/INFO] [minecraft/GameTestServer]: [+++++++++++++++++++_                                            ]
[23:32:09] [Server thread/INFO] [minecraft/GameTestServer]: [+++++++++++++++++++_                                            ]
[23:32:09] [Server thread/INFO] [minecraft/GameTestRunner]: Running test environment 'dndturn:environment_processes' batch 0 (1 tests)...
[23:32:09] [Server thread/INFO] [minecraft/PlayerList]: test-mock-player[embedded] logged in with entity id 66 at (0.0, 0.0, 0.0)
[23:32:09] [Server thread/INFO] [minecraft/MinecraftServer]: test-mock-player joined the game
[23:32:09] [Server thread/INFO] [minecraft/GameTestServer]: [++++++++++++++++++++_                                           ]
[23:32:09] [Server thread/INFO] [minecraft/GameTestServer]: [++++++++++++++++++++_                                           ]
[23:32:09] [Server thread/INFO] [minecraft/GameTestServer]: [++++++++++++++++++++_                                           ]
[23:32:09] [Server thread/INFO] [minecraft/GameTestRunner]: Running test environment 'dndturn:environment_boundary_time' batch 0 (1 tests)...
[23:32:10] [Server thread/INFO] [minecraft/PlayerList]: test-mock-player[embedded] logged in with entity id 70 at (0.0, 0.0, 0.0)
[23:32:10] [Server thread/INFO] [minecraft/MinecraftServer]: test-mock-player joined the game
[23:32:10] [Server thread/INFO] [minecraft/GameTestServer]: [+++++++++++++++++++++_                                          ]
[23:32:10] [Server thread/INFO] [minecraft/GameTestServer]: [+++++++++++++++++++++_                                          ]
[23:32:10] [Server thread/INFO] [minecraft/GameTestServer]: [+++++++++++++++++++++_                                          ]
[23:32:10] [Server thread/INFO] [minecraft/GameTestServer]: [+++++++++++++++++++++_                                          ]
[23:32:10] [Server thread/INFO] [minecraft/GameTestRunner]: Running test environment 'dndturn:native_melee' batch 0 (1 tests)...
[23:32:10] [Server thread/INFO] [minecraft/PlayerList]: tactical-test[embedded] logged in with entity id 71 at (0.0, 0.0, 0.0)
[23:32:10] [Server thread/INFO] [minecraft/MinecraftServer]: tactical-test joined the game
[23:32:10] [Server thread/INFO] [minecraft/GameTestServer]: [++++++++++++++++++++++_                                         ]
[23:32:10] [Server thread/INFO] [minecraft/GameTestServer]: [++++++++++++++++++++++_                                         ]
[23:32:10] [Server thread/INFO] [minecraft/GameTestRunner]: Running test environment 'dndturn:tactical_ranged' batch 0 (1 tests)...
[23:32:10] [Server thread/INFO] [minecraft/GameTestServer]: [+++++++++++++++++++++++_                                        ]
[23:32:10] [Server thread/INFO] [minecraft/GameTestServer]: [+++++++++++++++++++++++_                                        ]
[23:32:10] [Server thread/INFO] [minecraft/PlayerList]: test-mock-player[embedded] logged in with entity id 73 at (0.0, 0.0, 0.0)
[23:32:10] [Server thread/INFO] [minecraft/MinecraftServer]: test-mock-player joined the game
[23:32:10] [Server thread/INFO] [minecraft/GameTestServer]: [+++++++++++++++++++++++_                                        ]
[23:32:10] [Server thread/INFO] [minecraft/GameTestServer]: [+++++++++++++++++++++++_                                        ]
[23:32:10] [Server thread/INFO] [minecraft/GameTestRunner]: Running test environment 'dndturn:environment_circuits' batch 0 (1 tests)...
[23:32:10] [Server thread/INFO] [minecraft/PlayerList]: test-mock-player[embedded] logged in with entity id 76 at (0.0, 0.0, 0.0)
[23:32:10] [Server thread/INFO] [minecraft/MinecraftServer]: test-mock-player joined the game
[23:32:10] [Server thread/INFO] [minecraft/GameTestServer]: [++++++++++++++++++++++++_                                       ]
[23:32:10] [Server thread/INFO] [minecraft/GameTestServer]: [++++++++++++++++++++++++_                                       ]
[23:32:10] [Server thread/INFO] [minecraft/GameTestServer]: [++++++++++++++++++++++++_                                       ]
[23:32:10] [Server thread/INFO] [minecraft/GameTestServer]: [++++++++++++++++++++++++_                                       ]
[23:32:10] [Server thread/INFO] [minecraft/GameTestServer]: [++++++++++++++++++++++++_                                       ]
[23:32:10] [Server thread/INFO] [minecraft/GameTestServer]: [++++++++++++++++++++++++_                                       ]
[23:32:10] [Server thread/INFO] [minecraft/GameTestServer]: [++++++++++++++++++++++++_                                       ]
[23:32:10] [Server thread/INFO] [minecraft/GameTestServer]: [++++++++++++++++++++++++_                                       ]
[23:32:10] [Server thread/INFO] [minecraft/GameTestServer]: [++++++++++++++++++++++++_                                       ]
[23:32:10] [Server thread/INFO] [minecraft/GameTestRunner]: Running test environment 'dndturn:scheduled_tick_hold' batch 0 (1 tests)...
[23:32:10] [Server thread/INFO] [minecraft/GameTestServer]: [+++++++++++++++++++++++++_                                      ]
[23:32:10] [Server thread/INFO] [minecraft/PlayerList]: test-mock-player[embedded] logged in with entity id 78 at (0.0, 0.0, 0.0)
[23:32:10] [Server thread/INFO] [minecraft/MinecraftServer]: test-mock-player joined the game
[23:32:10] [Server thread/INFO] [minecraft/GameTestServer]: [+++++++++++++++++++++++++_                                      ]
[23:32:10] [Server thread/INFO] [minecraft/GameTestRunner]: Running test environment 'dndturn:navigation_regressions' batch 0 (1 tests)...
[23:32:10] [Server thread/INFO] [minecraft/GameTestServer]: [++++++++++++++++++++++++++_                                     ]
[23:32:10] [Server thread/INFO] [minecraft/PlayerList]: tactical-test[embedded] logged in with entity id 80 at (0.0, 0.0, 0.0)
[23:32:10] [Server thread/INFO] [minecraft/MinecraftServer]: tactical-test joined the game
[23:32:10] [Server thread/INFO] [minecraft/GameTestServer]: [++++++++++++++++++++++++++_                                     ]
[23:32:11] [Server thread/INFO] [minecraft/GameTestRunner]: Running test environment 'dndturn:merge_discovery_expansion' batch 0 (1 tests)...
[23:32:11] [Server thread/INFO] [minecraft/PlayerList]: test-mock-player[embedded] logged in with entity id 82 at (0.0, 0.0, 0.0)
[23:32:11] [Server thread/INFO] [minecraft/MinecraftServer]: test-mock-player joined the game
[23:32:11] [Server thread/INFO] [minecraft/PlayerList]: test-mock-player[embedded] logged in with entity id 84 at (0.0, 0.0, 0.0)
[23:32:11] [Server thread/INFO] [minecraft/MinecraftServer]: test-mock-player joined the game
[23:32:11] [Server thread/INFO] [minecraft/PlayerList]: test-mock-player[embedded] logged in with entity id 86 at (0.0, 0.0, 0.0)
[23:32:11] [Server thread/INFO] [minecraft/MinecraftServer]: test-mock-player joined the game
[23:32:11] [Server thread/INFO] [minecraft/GameTestServer]: [+++++++++++++++++++++++++++_                                    ]
[23:32:11] [Server thread/INFO] [minecraft/GameTestServer]: [+++++++++++++++++++++++++++_                                    ]
[23:32:11] [Server thread/INFO] [minecraft/GameTestServer]: [+++++++++++++++++++++++++++_                                    ]
[23:32:11] [Server thread/INFO] [minecraft/GameTestServer]: [+++++++++++++++++++++++++++_                                    ]
[23:32:11] [Server thread/INFO] [minecraft/GameTestServer]: [+++++++++++++++++++++++++++_                                    ]
[23:32:11] [Server thread/INFO] [minecraft/GameTestRunner]: Running test environment 'dndturn:environment_domains' batch 0 (1 tests)...
[23:32:11] [Server thread/INFO] [minecraft/PlayerList]: test-mock-player[embedded] logged in with entity id 89 at (0.0, 0.0, 0.0)
[23:32:11] [Server thread/INFO] [minecraft/MinecraftServer]: test-mock-player joined the game
[23:32:11] [Server thread/INFO] [minecraft/PlayerList]: test-mock-player[embedded] logged in with entity id 90 at (0.0, 0.0, 0.0)
[23:32:11] [Server thread/INFO] [minecraft/MinecraftServer]: test-mock-player joined the game
[23:32:11] [Server thread/INFO] [minecraft/GameTestServer]: [++++++++++++++++++++++++++++_                                   ]
[23:32:11] [Server thread/WARN] [cc.si.dn.co.EnvironmentExplosion/]: ENVIRONMENT_DOMAIN_MISMATCH step=ae608fe5-e94c-4918-9af9-75331b48b2ae source=a67e7c4e-2004-43b6-9277-c22d78136111 rejectedEntities=1 rejectedBlocks=13
[23:32:11] [Server thread/INFO] [minecraft/GameTestServer]: [++++++++++++++++++++++++++++_                                   ]
[23:32:11] [Server thread/INFO] [minecraft/GameTestRunner]: Running test environment 'dndturn:action_preview' batch 0 (1 tests)...
[23:32:11] [Server thread/INFO] [minecraft/PlayerList]: tactical-test[embedded] logged in with entity id 96 at (0.0, 0.0, 0.0)
[23:32:11] [Server thread/INFO] [minecraft/MinecraftServer]: tactical-test joined the game
action_preview flat A*: slices=4, charged probes=73
[23:32:11] [Server thread/INFO] [minecraft/MinecraftServer]: tactical-test has made the advancement [Take Aim]
[23:32:11] [Server thread/INFO] [minecraft/GameTestRunner]: Running test environment 'dndturn:player_only_start' batch 0 (1 tests)...
[23:32:11] [Server thread/INFO] [minecraft/PlayerList]: test-mock-player[embedded] logged in with entity id 103 at (0.0, 0.0, 0.0)
[23:32:11] [Server thread/INFO] [minecraft/MinecraftServer]: test-mock-player joined the game
[23:32:12] [Server thread/INFO] [minecraft/GameTestServer]: [++++++++++++++++++++++++++++++_                                 ]
[23:32:12] [Server thread/INFO] [minecraft/GameTestServer]: [++++++++++++++++++++++++++++++_                                 ]
[23:32:12] [Server thread/INFO] [minecraft/GameTestServer]: [++++++++++++++++++++++++++++++_                                 ]
[23:32:12] [Server thread/INFO] [minecraft/GameTestRunner]: Running test environment 'dndturn:body_control' batch 0 (1 tests)...
[23:32:12] [Server thread/INFO] [minecraft/PlayerList]: tactical-test[embedded] logged in with entity id 104 at (0.0, 0.0, 0.0)
[23:32:12] [Server thread/INFO] [minecraft/MinecraftServer]: tactical-test joined the game
[23:32:12] [Server thread/INFO] [minecraft/GameTestServer]: [+++++++++++++++++++++++++++++++_                                ]
[23:32:12] [Server thread/INFO] [minecraft/GameTestServer]: [+++++++++++++++++++++++++++++++_                                ]
[23:32:12] [Server thread/INFO] [minecraft/GameTestServer]: [+++++++++++++++++++++++++++++++_                                ]
[23:32:12] [Server thread/INFO] [minecraft/GameTestRunner]: Running test environment 'dndturn:tactical_crossbow' batch 0 (1 tests)...
[23:32:12] [Server thread/INFO] [minecraft/GameTestServer]: [++++++++++++++++++++++++++++++++_                               ]
[23:32:12] [Server thread/INFO] [minecraft/GameTestServer]: [++++++++++++++++++++++++++++++++_                               ]
[23:32:12] [Server thread/INFO] [minecraft/PlayerList]: test-mock-player[embedded] logged in with entity id 109 at (0.0, 0.0, 0.0)
[23:32:12] [Server thread/INFO] [minecraft/MinecraftServer]: test-mock-player joined the game
[23:32:12] [Server thread/INFO] [minecraft/GameTestServer]: [++++++++++++++++++++++++++++++++_                               ]
[23:32:12] [Server thread/INFO] [minecraft/GameTestServer]: [++++++++++++++++++++++++++++++++_                               ]
[23:32:12] [Server thread/INFO] [minecraft/MinecraftServer]: test-mock-player has made the advancement [Ol' Betsy]
[23:32:12] [Server thread/INFO] [minecraft/GameTestRunner]: Running test environment 'minecraft:default' batch 0 (21 tests)...
[23:32:12] [Server thread/INFO] [minecraft/GameTestServer]: [+++++++++++++++++++++++++++++++++                               ]
[23:32:12] [Server thread/INFO] [minecraft/PlayerList]: test-mock-player[embedded] logged in with entity id 116 at (0.0, 0.0, 0.0)
[23:32:12] [Server thread/INFO] [minecraft/MinecraftServer]: test-mock-player joined the game
[23:32:12] [Server thread/INFO] [minecraft/PlayerList]: test-mock-player[embedded] logged in with entity id 118 at (0.0, 0.0, 0.0)
[23:32:12] [Server thread/INFO] [minecraft/MinecraftServer]: test-mock-player joined the game
[23:32:12] [Server thread/INFO] [minecraft/MinecraftServer]: test-mock-player has made the advancement [Monster Hunter]
[23:32:12] [Server thread/INFO] [minecraft/PlayerList]: test-mock-player[embedded] logged in with entity id 124 at (0.0, 0.0, 0.0)
[23:32:12] [Server thread/INFO] [minecraft/MinecraftServer]: test-mock-player joined the game
[23:32:12] [Server thread/INFO] [minecraft/PlayerList]: candidate-review-player[embedded] logged in with entity id 126 at (0.0, 0.0, 0.0)
[23:32:12] [Server thread/INFO] [minecraft/MinecraftServer]: candidate-review-player joined the game
[23:32:12] [Server thread/INFO] [minecraft/PlayerList]: test-mock-player[embedded] logged in with entity id 128 at (0.0, 0.0, 0.0)
[23:32:13] [Server thread/INFO] [minecraft/MinecraftServer]: test-mock-player joined the game
[23:32:13] [Server thread/INFO] [minecraft/PlayerList]: test-mock-player[embedded] logged in with entity id 130 at (0.0, 0.0, 0.0)
[23:32:13] [Server thread/INFO] [minecraft/MinecraftServer]: test-mock-player joined the game
[23:32:13] [Server thread/INFO] [minecraft/PlayerList]: test-mock-player[embedded] logged in with entity id 131 at (0.0, 0.0, 0.0)
[23:32:13] [Server thread/INFO] [minecraft/MinecraftServer]: test-mock-player joined the game
[23:32:13] [Server thread/INFO] [minecraft/PlayerList]: exit-test-player[embedded] logged in with entity id 135 at (0.0, 0.0, 0.0)
[23:32:13] [Server thread/INFO] [minecraft/MinecraftServer]: exit-test-player joined the game
[23:32:13] [Server thread/INFO] [minecraft/PlayerList]: exit-test-player[embedded] logged in with entity id 137 at (0.0, 0.0, 0.0)
[23:32:13] [Server thread/INFO] [minecraft/MinecraftServer]: exit-test-player joined the game
[23:32:13] [Server thread/INFO] [minecraft/PlayerList]: test-mock-player[embedded] logged in with entity id 140 at (0.0, 0.0, 0.0)
[23:32:13] [Server thread/INFO] [minecraft/MinecraftServer]: test-mock-player joined the game
[23:32:13] [Server thread/ERROR] [cc.si.dn.co.ServerCombatService/]: Combat save cannot be safely restored; preserving it and disabling new encounters
java.lang.IllegalArgumentException: active encounter lacks captured settings or session sequence
	at TRANSFORMER/dndturn@1.0.0-SNAPSHOT/cc.sighs.dndturn.combat.CombatRecoveryCandidate.validate(CombatRecoveryCandidate.java:13) ~[main/:?] {}
	at TRANSFORMER/dndturn@1.0.0-SNAPSHOT/cc.sighs.dndturn.combat.ServerCombatService.<init>(ServerCombatService.java:298) [main/:?] {}
	at TRANSFORMER/dndturn@1.0.0-SNAPSHOT/cc.sighs.dndturn.combat.ServerCombatService.restoreForGameTest(ServerCombatService.java:384) [main/:?] {}
	at TRANSFORMER/dndturn@1.0.0-SNAPSHOT/cc.sighs.dndturn.gametest.RepairGameTests.values(RepairGameTests.java:124) [main/:?] {}
	at TRANSFORMER/minecraft@26.1.2/net.minecraft.gametest.framework.FunctionGameTestInstance.run(FunctionGameTestInstance.java:34) [minecraft-patched-26.1.2.84.jar:?] {}
	at TRANSFORMER/minecraft@26.1.2/net.minecraft.gametest.framework.GameTestInfo.startTest(GameTestInfo.java:163) [minecraft-patched-26.1.2.84.jar:?] {neoforge:access_transformer}
	at TRANSFORMER/minecraft@26.1.2/net.minecraft.gametest.framework.GameTestInfo.tickInternal(GameTestInfo.java:119) [minecraft-patched-26.1.2.84.jar:?] {neoforge:access_transformer}
	at TRANSFORMER/minecraft@26.1.2/net.minecraft.gametest.framework.GameTestInfo.tick(GameTestInfo.java:104) [minecraft-patched-26.1.2.84.jar:?] {neoforge:access_transformer}
	at TRANSFORMER/minecraft@26.1.2/net.minecraft.gametest.framework.GameTestTicker.lambda$tick$0(GameTestTicker.java:47) [minecraft-patched-26.1.2.84.jar:?] {}
	at java.base/java.util.concurrent.CopyOnWriteArrayList.forEach(CopyOnWriteArrayList.java:905) [?:?] {}
	at TRANSFORMER/minecraft@26.1.2/net.minecraft.gametest.framework.GameTestTicker.tick(GameTestTicker.java:47) [minecraft-patched-26.1.2.84.jar:?] {}
	at TRANSFORMER/minecraft@26.1.2/net.minecraft.server.MinecraftServer.tickChildren(MinecraftServer.java:1171) [minecraft-patched-26.1.2.84.jar:?] {neoforge:access_transformer,neoforge:access_transformer,neoforge:mixin[APP:dndturn.mixins.json:MinecraftServerWorldTickBoundaryMixin from mod dndturn]}
	at TRANSFORMER/minecraft@26.1.2/net.minecraft.server.MinecraftServer.tickServer(MinecraftServer.java:1003) [minecraft-patched-26.1.2.84.jar:?] {neoforge:access_transformer,neoforge:access_transformer,neoforge:mixin[APP:dndturn.mixins.json:MinecraftServerWorldTickBoundaryMixin from mod dndturn]}
	at TRANSFORMER/minecraft@26.1.2/net.minecraft.gametest.framework.GameTestServer.tickServer(GameTestServer.java:255) [minecraft-patched-26.1.2.84.jar:?] {}
	at TRANSFORMER/minecraft@26.1.2/net.minecraft.server.MinecraftServer.processPacketsAndTick(MinecraftServer.java:1035) [minecraft-patched-26.1.2.84.jar:?] {neoforge:access_transformer,neoforge:access_transformer,neoforge:mixin[APP:dndturn.mixins.json:MinecraftServerWorldTickBoundaryMixin from mod dndturn]}
	at TRANSFORMER/minecraft@26.1.2/net.minecraft.server.MinecraftServer.runServer(MinecraftServer.java:776) [minecraft-patched-26.1.2.84.jar:?] {neoforge:access_transformer,neoforge:access_transformer,neoforge:mixin[APP:dndturn.mixins.json:MinecraftServerWorldTickBoundaryMixin from mod dndturn]}
	at TRANSFORMER/minecraft@26.1.2/net.minecraft.server.MinecraftServer.lambda$spin$0(MinecraftServer.java:300) [minecraft-patched-26.1.2.84.jar:?] {neoforge:access_transformer,neoforge:access_transformer,neoforge:mixin[APP:dndturn.mixins.json:MinecraftServerWorldTickBoundaryMixin from mod dndturn]}
	at java.base/java.lang.Thread.run(Thread.java:1474) [?:?] {}
[23:32:13] [Server thread/INFO] [minecraft/PlayerList]: test-mock-player[embedded] logged in with entity id 148 at (0.0, 0.0, 0.0)
[23:32:13] [Server thread/INFO] [minecraft/MinecraftServer]: test-mock-player joined the game
[23:32:13] [Server thread/WARN] [cc.si.dn.co.ServerCombatService/]: Restored encounter 8860ca3c-76ba-40d7-99e3-b04402113c93 released: membersPresent=false unknownOperations=1
[23:32:13] [Server thread/INFO] [minecraft/PlayerList]: test-mock-player[embedded] logged in with entity id 150 at (0.0, 0.0, 0.0)
[23:32:13] [Server thread/INFO] [minecraft/MinecraftServer]: test-mock-player joined the game
[23:32:13] [Server thread/INFO] [minecraft/PlayerList]: tactical-test[embedded] logged in with entity id 153 at (0.0, 0.0, 0.0)
[23:32:13] [Server thread/INFO] [minecraft/MinecraftServer]: tactical-test joined the game
[23:32:13] [Server thread/INFO] [minecraft/PlayerList]: test-mock-player[embedded] logged in with entity id 157 at (0.0, 0.0, 0.0)
[23:32:13] [Server thread/INFO] [minecraft/MinecraftServer]: test-mock-player joined the game
[23:32:13] [Server thread/INFO] [minecraft/PlayerList]: test-mock-player[embedded] logged in with entity id 159 at (0.0, 0.0, 0.0)
[23:32:13] [Server thread/INFO] [minecraft/MinecraftServer]: test-mock-player joined the game
[23:32:13] [Server thread/INFO] [minecraft/GameTestServer]: [+++++++++++++++++++++++++++++++++++++++++++++_++_+_+++          ]
[23:32:13] [Server thread/INFO] [minecraft/PlayerList]: test-mock-player[embedded] logged in with entity id 166 at (0.0, 0.0, 0.0)
[23:32:13] [Server thread/INFO] [minecraft/MinecraftServer]: test-mock-player joined the game
[23:32:13] [Server thread/INFO] [minecraft/GameTestServer]: [+++++++++++++++++++++++++++++++++++++++++++++_++_+++++          ]
[23:32:14] [Server thread/INFO] [minecraft/GameTestServer]: [+++++++++++++++++++++++++++++++++++++++++++++_++_+++++          ]
[23:32:14] [Server thread/INFO] [minecraft/GameTestServer]: [++++++++++++++++++++++++++++++++++++++++++++++++_+++++          ]
[23:32:14] [Server thread/INFO] [minecraft/GameTestServer]: [++++++++++++++++++++++++++++++++++++++++++++++++_+++++          ]
[23:32:14] [Server thread/INFO] [minecraft/GameTestServer]: [++++++++++++++++++++++++++++++++++++++++++++++++_+++++          ]
[23:32:14] [Server thread/INFO] [minecraft/GameTestServer]: [++++++++++++++++++++++++++++++++++++++++++++++++_+++++          ]
[23:32:14] [Server thread/INFO] [minecraft/GameTestServer]: [++++++++++++++++++++++++++++++++++++++++++++++++_+++++          ]
[23:32:14] [Server thread/INFO] [minecraft/GameTestRunner]: Running test environment 'dndturn:environment_tnt' batch 0 (1 tests)...
[23:32:14] [Server thread/INFO] [minecraft/PlayerList]: test-mock-player[embedded] logged in with entity id 168 at (0.0, 0.0, 0.0)
[23:32:14] [Server thread/INFO] [minecraft/MinecraftServer]: test-mock-player joined the game
[23:32:14] [Server thread/INFO] [minecraft/GameTestServer]: [++++++++++++++++++++++++++++++++++++++++++++++++++++++_         ]
[23:32:14] [Server thread/INFO] [minecraft/GameTestServer]: [++++++++++++++++++++++++++++++++++++++++++++++++++++++_         ]
[23:32:14] [Server thread/INFO] [minecraft/GameTestServer]: [++++++++++++++++++++++++++++++++++++++++++++++++++++++_         ]
[23:32:14] [Server thread/INFO] [minecraft/GameTestServer]: [++++++++++++++++++++++++++++++++++++++++++++++++++++++_         ]
[23:32:14] [Server thread/INFO] [minecraft/GameTestServer]: [++++++++++++++++++++++++++++++++++++++++++++++++++++++_         ]
[23:32:14] [Server thread/INFO] [minecraft/GameTestServer]: [++++++++++++++++++++++++++++++++++++++++++++++++++++++_         ]
[23:32:14] [Server thread/INFO] [minecraft/GameTestServer]: [++++++++++++++++++++++++++++++++++++++++++++++++++++++_         ]
[23:32:14] [Server thread/INFO] [minecraft/GameTestServer]: [++++++++++++++++++++++++++++++++++++++++++++++++++++++_         ]
[23:32:14] [Server thread/INFO] [minecraft/GameTestRunner]: Running test environment 'dndturn:prototype_environment_loop' batch 0 (1 tests)...
[23:32:14] [Server thread/INFO] [minecraft/GameTestServer]: [+++++++++++++++++++++++++++++++++++++++++++++++++++++++         ]
[23:32:14] [Server thread/INFO] [minecraft/GameTestServer]: [+++++++++++++++++++++++++++++++++++++++++++++++++++++++_        ]
[23:32:14] [Server thread/INFO] [minecraft/PlayerList]: test-mock-player[embedded] logged in with entity id 174 at (0.0, 0.0, 0.0)
[23:32:14] [Server thread/INFO] [minecraft/MinecraftServer]: test-mock-player joined the game
[23:32:14] [Server thread/INFO] [minecraft/GameTestRunner]: Running test environment 'dndturn:tactical_plan' batch 0 (1 tests)...
[23:32:14] [Server thread/INFO] [minecraft/PlayerList]: test-mock-player[embedded] logged in with entity id 178 at (0.0, 0.0, 0.0)
[23:32:14] [Server thread/INFO] [minecraft/MinecraftServer]: test-mock-player joined the game
[23:32:15] [Server thread/INFO] [minecraft/GameTestServer]: [++++++++++++++++++++++++++++++++++++++++++++++++++++++++_       ]
[23:32:15] [Server thread/INFO] [minecraft/GameTestServer]: [++++++++++++++++++++++++++++++++++++++++++++++++++++++++_       ]
[23:32:15] [Server thread/INFO] [minecraft/MinecraftServer]: test-mock-player has made the advancement [Isn't It Iron Pick]
[23:32:15] [Server thread/INFO] [minecraft/GameTestServer]: [++++++++++++++++++++++++++++++++++++++++++++++++++++++++_       ]
[23:32:15] [Server thread/INFO] [minecraft/GameTestRunner]: Running test environment 'dndturn:discovery_cursor' batch 0 (1 tests)...
[23:32:15] [Server thread/INFO] [minecraft/GameTestServer]: [+++++++++++++++++++++++++++++++++++++++++++++++++++++++++_      ]
[23:32:15] [Server thread/INFO] [minecraft/GameTestRunner]: Running test environment 'dndturn:player_items' batch 0 (2 tests)...
[23:32:16] [Server thread/INFO] [minecraft/PlayerList]: tactical-test[embedded] logged in with entity id 274 at (0.0, 0.0, 0.0)
[23:32:16] [Server thread/INFO] [minecraft/MinecraftServer]: tactical-test joined the game
[23:32:16] [Server thread/INFO] [minecraft/PlayerList]: tactical-test[embedded] logged in with entity id 275 at (0.0, 0.0, 0.0)
[23:32:16] [Server thread/INFO] [minecraft/MinecraftServer]: tactical-test joined the game
[23:32:16] [Server thread/INFO] [minecraft/GameTestServer]: [++++++++++++++++++++++++++++++++++++++++++++++++++++++++++__    ]
[23:32:16] [Server thread/INFO] [minecraft/MinecraftServer]: tactical-test has made the advancement [Wax On]
[23:32:16] [Server thread/INFO] [minecraft/MinecraftServer]: tactical-test has made the advancement [Suit Up]
[23:32:16] [Server thread/INFO] [minecraft/GameTestServer]: [++++++++++++++++++++++++++++++++++++++++++++++++++++++++++__    ]
[23:32:16] [Server thread/INFO] [minecraft/GameTestServer]: [+++++++++++++++++++++++++++++++++++++++++++++++++++++++++++_    ]
[23:32:17] [Server thread/INFO] [minecraft/GameTestServer]: [+++++++++++++++++++++++++++++++++++++++++++++++++++++++++++_    ]
[23:32:17] [Server thread/INFO] [minecraft/GameTestServer]: [+++++++++++++++++++++++++++++++++++++++++++++++++++++++++++_    ]
[23:32:17] [Server thread/INFO] [minecraft/GameTestServer]: [+++++++++++++++++++++++++++++++++++++++++++++++++++++++++++_    ]
[23:32:17] [Server thread/INFO] [minecraft/GameTestRunner]: Running test environment 'dndturn:player_item_projectiles' batch 0 (1 tests)...
[23:32:17] [Server thread/INFO] [minecraft/PlayerList]: tactical-test[embedded] logged in with entity id 279 at (0.0, 0.0, 0.0)
[23:32:17] [Server thread/INFO] [minecraft/MinecraftServer]: tactical-test joined the game
[23:32:17] [Server thread/INFO] [minecraft/GameTestServer]: [++++++++++++++++++++++++++++++++++++++++++++++++++++++++++++_   ]
[23:32:17] [Server thread/INFO] [minecraft/GameTestServer]: [++++++++++++++++++++++++++++++++++++++++++++++++++++++++++++_   ]
[23:32:17] [Server thread/INFO] [minecraft/GameTestRunner]: Running test environment 'dndturn:merge_world_boundary' batch 0 (1 tests)...
[23:32:17] [Server thread/INFO] [minecraft/PlayerList]: test-mock-player[embedded] logged in with entity id 285 at (0.0, 0.0, 0.0)
[23:32:17] [Server thread/INFO] [minecraft/MinecraftServer]: test-mock-player joined the game
[23:32:17] [Server thread/INFO] [minecraft/PlayerList]: test-mock-player[embedded] logged in with entity id 286 at (0.0, 0.0, 0.0)
[23:32:17] [Server thread/INFO] [minecraft/MinecraftServer]: test-mock-player joined the game
[23:32:17] [Server thread/INFO] [minecraft/GameTestServer]: [+++++++++++++++++++++++++++++++++++++++++++++++++++++++++++++_  ]
[23:32:17] [Server thread/INFO] [minecraft/GameTestRunner]: Running test environment 'dndturn:movement_regressions' batch 0 (1 tests)...
[23:32:17] [Server thread/INFO] [minecraft/GameTestServer]: [++++++++++++++++++++++++++++++++++++++++++++++++++++++++++++++_ ]
[23:32:17] [Server thread/INFO] [minecraft/GameTestServer]: [++++++++++++++++++++++++++++++++++++++++++++++++++++++++++++++_ ]
[23:32:17] [Server thread/INFO] [minecraft/PlayerList]: tactical-test[embedded] logged in with entity id 289 at (0.0, 0.0, 0.0)
[23:32:17] [Server thread/INFO] [minecraft/MinecraftServer]: tactical-test joined the game
[23:32:17] [Server thread/INFO] [minecraft/GameTestServer]: [++++++++++++++++++++++++++++++++++++++++++++++++++++++++++++++_ ]
[23:32:17] [Server thread/INFO] [minecraft/GameTestRunner]: Running test environment 'dndturn:restart_history' batch 0 (1 tests)...
[23:32:17] [Server thread/INFO] [minecraft/PlayerList]: tactical-test[embedded] logged in with entity id 293 at (0.0, 0.0, 0.0)
[23:32:17] [Server thread/INFO] [minecraft/MinecraftServer]: tactical-test joined the game
[23:32:17] [Server thread/INFO] [minecraft/GameTestServer]: [+++++++++++++++++++++++++++++++++++++++++++++++++++++++++++++++_]
DNDTURN_RESTART_WRITE_READY encounter=3c53e30e-2697-401f-a86b-a22071ea064b operation=5a32a1a9-3743-42d6-b8e6-b8fa6d3b56d4
[23:32:17] [Server thread/INFO] [minecraft/GameTestServer]: [++++++++++++++++++++++++++++++++++++++++++++++++++++++++++++++++]
[23:32:17] [Server thread/INFO] [minecraft/GameTestServer]: ========= 64 GAME TESTS COMPLETE IN 14.30 s ======================
[23:32:17] [Server thread/INFO] [minecraft/GameTestServer]: All 64 required tests passed :)
[23:32:17] [Server thread/INFO] [minecraft/GameTestServer]: ====================================================
[23:32:17] [Server thread/INFO] [minecraft/MinecraftServer]: Stopping server
[23:32:17] [Server thread/INFO] [minecraft/MinecraftServer]: Saving players
[23:32:17] [Server thread/INFO] [minecraft/ServerGamePacketListenerImpl]: test-mock-player lost connection: Server closed
[23:32:17] [Server thread/INFO] [minecraft/MinecraftServer]: test-mock-player left the game
[23:32:18] [Server thread/INFO] [minecraft/ServerGamePacketListenerImpl]: test-mock-player lost connection: Server closed
[23:32:18] [Server thread/INFO] [minecraft/MinecraftServer]: test-mock-player left the game
[23:32:18] [Server thread/INFO] [minecraft/ServerGamePacketListenerImpl]: test-mock-player lost connection: Server closed
[23:32:18] [Server thread/INFO] [minecraft/MinecraftServer]: test-mock-player left the game
[23:32:18] [Server thread/INFO] [minecraft/ServerGamePacketListenerImpl]: test-mock-player lost connection: Server closed
[23:32:18] [Server thread/INFO] [minecraft/MinecraftServer]: test-mock-player left the game
[23:32:18] [Server thread/INFO] [minecraft/ServerGamePacketListenerImpl]: test-mock-player lost connection: Server closed
[23:32:18] [Server thread/INFO] [minecraft/MinecraftServer]: test-mock-player left the game
[23:32:18] [Server thread/INFO] [minecraft/ServerGamePacketListenerImpl]: test-mock-player lost connection: Server closed
[23:32:18] [Server thread/INFO] [minecraft/MinecraftServer]: test-mock-player left the game
[23:32:18] [Server thread/INFO] [minecraft/ServerGamePacketListenerImpl]: test-mock-player lost connection: Server closed
[23:32:18] [Server thread/INFO] [minecraft/MinecraftServer]: test-mock-player left the game
[23:32:18] [Server thread/INFO] [minecraft/ServerGamePacketListenerImpl]: test-mock-player lost connection: Server closed
[23:32:18] [Server thread/INFO] [minecraft/MinecraftServer]: test-mock-player left the game
[23:32:18] [Server thread/INFO] [minecraft/ServerGamePacketListenerImpl]: test-mock-player lost connection: Server closed
[23:32:18] [Server thread/INFO] [minecraft/MinecraftServer]: test-mock-player left the game
[23:32:18] [Server thread/INFO] [minecraft/ServerGamePacketListenerImpl]: tactical-test lost connection: Server closed
[23:32:18] [Server thread/INFO] [minecraft/MinecraftServer]: tactical-test left the game
[23:32:18] [Server thread/INFO] [minecraft/ServerGamePacketListenerImpl]: exit-test-player lost connection: Server closed
[23:32:18] [Server thread/INFO] [minecraft/MinecraftServer]: exit-test-player left the game
[23:32:18] [Server thread/INFO] [minecraft/ServerGamePacketListenerImpl]: exit-test-player lost connection: Server closed
[23:32:18] [Server thread/INFO] [minecraft/MinecraftServer]: exit-test-player left the game
[23:32:18] [Server thread/INFO] [minecraft/ServerGamePacketListenerImpl]: tactical-test lost connection: Server closed
[23:32:18] [Server thread/INFO] [minecraft/MinecraftServer]: tactical-test left the game
[23:32:18] [Server thread/INFO] [minecraft/ServerGamePacketListenerImpl]: test-mock-player lost connection: Server closed
[23:32:18] [Server thread/INFO] [minecraft/MinecraftServer]: test-mock-player left the game
[23:32:18] [Server thread/INFO] [minecraft/ServerGamePacketListenerImpl]: test-mock-player lost connection: Server closed
[23:32:18] [Server thread/INFO] [minecraft/MinecraftServer]: test-mock-player left the game
[23:32:18] [Server thread/INFO] [minecraft/ServerGamePacketListenerImpl]: test-mock-player lost connection: Server closed
[23:32:18] [Server thread/INFO] [minecraft/MinecraftServer]: test-mock-player left the game
[23:32:18] [Server thread/INFO] [minecraft/ServerGamePacketListenerImpl]: test-mock-player lost connection: Server closed
[23:32:18] [Server thread/INFO] [minecraft/MinecraftServer]: test-mock-player left the game
[23:32:18] [Server thread/INFO] [minecraft/ServerGamePacketListenerImpl]: test-mock-player lost connection: Server closed
[23:32:18] [Server thread/INFO] [minecraft/MinecraftServer]: test-mock-player left the game
[23:32:18] [Server thread/INFO] [minecraft/ServerGamePacketListenerImpl]: test-mock-player lost connection: Server closed
[23:32:18] [Server thread/INFO] [minecraft/MinecraftServer]: test-mock-player left the game
[23:32:18] [Server thread/INFO] [minecraft/ServerGamePacketListenerImpl]: test-mock-player lost connection: Server closed
[23:32:18] [Server thread/INFO] [minecraft/MinecraftServer]: test-mock-player left the game
[23:32:18] [Server thread/INFO] [minecraft/ServerGamePacketListenerImpl]: test-mock-player lost connection: Server closed
[23:32:18] [Server thread/INFO] [minecraft/MinecraftServer]: test-mock-player left the game
[23:32:18] [Server thread/INFO] [minecraft/ServerGamePacketListenerImpl]: test-mock-player lost connection: Server closed
[23:32:18] [Server thread/INFO] [minecraft/MinecraftServer]: test-mock-player left the game
[23:32:18] [Server thread/INFO] [minecraft/ServerGamePacketListenerImpl]: test-mock-player lost connection: Server closed
[23:32:18] [Server thread/INFO] [minecraft/MinecraftServer]: test-mock-player left the game
[23:32:18] [Server thread/INFO] [minecraft/ServerGamePacketListenerImpl]: candidate-review-player lost connection: Server closed
[23:32:18] [Server thread/INFO] [minecraft/MinecraftServer]: candidate-review-player left the game
[23:32:18] [Server thread/INFO] [minecraft/ServerGamePacketListenerImpl]: test-mock-player lost connection: Server closed
[23:32:18] [Server thread/INFO] [minecraft/MinecraftServer]: test-mock-player left the game
[23:32:18] [Server thread/INFO] [minecraft/ServerGamePacketListenerImpl]: exit-test-player lost connection: Server closed
[23:32:18] [Server thread/INFO] [minecraft/MinecraftServer]: exit-test-player left the game
[23:32:18] [Server thread/INFO] [minecraft/ServerGamePacketListenerImpl]: test-mock-player lost connection: Server closed
[23:32:18] [Server thread/INFO] [minecraft/MinecraftServer]: test-mock-player left the game
[23:32:18] [Server thread/INFO] [minecraft/ServerGamePacketListenerImpl]: test-mock-player lost connection: Server closed
[23:32:18] [Server thread/INFO] [minecraft/MinecraftServer]: test-mock-player left the game
[23:32:18] [Server thread/INFO] [minecraft/ServerGamePacketListenerImpl]: test-mock-player lost connection: Server closed
[23:32:18] [Server thread/INFO] [minecraft/MinecraftServer]: test-mock-player left the game
[23:32:18] [Server thread/INFO] [minecraft/ServerGamePacketListenerImpl]: test-mock-player lost connection: Server closed
[23:32:18] [Server thread/INFO] [minecraft/MinecraftServer]: test-mock-player left the game
[23:32:18] [Server thread/INFO] [minecraft/ServerGamePacketListenerImpl]: test-mock-player lost connection: Server closed
[23:32:18] [Server thread/INFO] [minecraft/MinecraftServer]: test-mock-player left the game
[23:32:18] [Server thread/INFO] [minecraft/ServerGamePacketListenerImpl]: tactical-test lost connection: Server closed
[23:32:18] [Server thread/INFO] [minecraft/MinecraftServer]: tactical-test left the game
[23:32:18] [Server thread/INFO] [minecraft/ServerGamePacketListenerImpl]: tactical-test lost connection: Server closed
[23:32:18] [Server thread/INFO] [minecraft/MinecraftServer]: tactical-test left the game
[23:32:18] [Server thread/INFO] [minecraft/ServerGamePacketListenerImpl]: test-mock-player lost connection: Server closed
[23:32:18] [Server thread/INFO] [minecraft/MinecraftServer]: test-mock-player left the game
[23:32:18] [Server thread/INFO] [minecraft/ServerGamePacketListenerImpl]: tactical-test lost connection: Server closed
[23:32:18] [Server thread/INFO] [minecraft/MinecraftServer]: tactical-test left the game
[23:32:18] [Server thread/INFO] [minecraft/MinecraftServer]: Saving worlds
[23:32:18] [Server thread/INFO] [minecraft/MinecraftServer]: Saving chunks for level 'ServerLevel[Test Level]'/minecraft:overworld
[23:32:22] [Server thread/INFO] [minecraft/MinecraftServer]: Saving chunks for level 'ServerLevel[Test Level]'/minecraft:the_end
[23:32:22] [Server thread/INFO] [minecraft/MinecraftServer]: Saving chunks for level 'ServerLevel[Test Level]'/minecraft:the_nether
[23:32:22] [Server thread/INFO] [minecraft/MinecraftServer]: ThreadedAnvilChunkStorage (world): All chunks are saved
[23:32:22] [Server thread/INFO] [minecraft/MinecraftServer]: ThreadedAnvilChunkStorage (DIM1): All chunks are saved
[23:32:22] [Server thread/INFO] [minecraft/MinecraftServer]: ThreadedAnvilChunkStorage (DIM-1): All chunks are saved
[23:32:22] [Server thread/INFO] [minecraft/MinecraftServer]: ThreadedAnvilChunkStorage: All dimensions are saved
[23:32:23] [Server thread/INFO] [minecraft/GameTestServer]: Game test server shutting down

[Incubating] Problems report is available at: file:///D:/javaProjects/dndturn26.1/targets/neoforge-26.1/build/reports/problems/problems-report.html

BUILD SUCCESSFUL in 32s
16 actionable tasks: 5 executed, 11 up-to-date
Consider enabling configuration cache to speed up this build: https://docs.gradle.org/9.7.1/userguide/configuration_cache_enabling.html
