WARNING: A restricted method in java.lang.System has been called
WARNING: java.lang.System::load has been called by net.rubygrapefruit.platform.internal.NativeLibraryLoader in an unnamed module (file:/C:/Users/RNaim/.gradle/wrapper/dists/gradle-9.7.1-bin/1w1c7tv4s851m17nbqdsro2tv/gradle-9.7.1/lib/native-platform-0.22-milestone-29.jar)
WARNING: Use --enable-native-access=ALL-UNNAMED to avoid a warning for callers in this module
WARNING: Restricted methods will be blocked in a future release unless native access is enabled

To honour the JVM settings for this build a single-use Daemon process will be forked. For more on this, please refer to https://docs.gradle.org/9.7.1/userguide/gradle_daemon.html#sec:disabling_the_daemon in the Gradle documentation.
Daemon will be stopped at the end of the build 
> Task :common:compileJava
> Task :common:processResources NO-SOURCE
> Task :common:classes
> Task :common:compileTestJava
> Task :common:processTestResources NO-SOURCE
> Task :common:testClasses
> Task :common:test
> Task :clean
> Task :common:check

> Task :createMinecraftArtifacts
Performing periodic cache maintenance on C:\Users\RNaim\.gradle\caches\neoformruntime
Cleaning intermediate results cache in C:\Users\RNaim\.gradle\caches\neoformruntime\intermediate_results
 Maximum age: 744h
 Maximum cache size: 10 GiB
 343 files found
 2.5 GiB overall size
 0 expired keys found
 Deleted 18 outdated lock files
Loaded 141 artifacts from D:\javaProjects\dndturn26.1\targets\neoforge-26.1\build\tmp\createMinecraftArtifacts\nfrt_artifact_manifest.properties
*** Started working on downloadManifest
  DL    https://launchermeta.mojang.com/mc/game/version_manifest_v2.json
 DONE  Completed downloadManifest in 1.95s
*** Started working on downloadJson
 DONE  Completed downloadJson in 0.00s
*** Started working on downloadServer
*** Started working on downloadClient
 DONE  Completed downloadServer in 0.01s
 DONE  Completed downloadClient in 0.01s
*** Started working on preProcessJar
 REUSE Used cache of preProcessJar in 0.00s
*** Started working on decompile
 REUSE Used cache of decompile in 0.00s
*** Started working on patch
 REUSE Used cache of patch in 0.00s
*** Started working on applyNeoforgePatches
 REUSE Used cache of applyNeoforgePatches in 0.00s
*** Started working on transformSources
 REUSE Used cache of transformSources in 0.00s
*** Started working on recompile
 REUSE Used cache of recompile in 0.00s
*** Started working on mergeWithSources
 REUSE Used cache of mergeWithSources in 0.00s
Total runtime: 2.58s


> Task :compileJava
注: 某些输入文件使用或覆盖了已过时的 API。
注: 有关详细信息, 请使用 -Xlint:deprecation 重新编译。
注: 某些输入文件使用了未经检查或不安全的操作。
注: 有关详细信息, 请使用 -Xlint:unchecked 重新编译。

> Task :processResources
> Task :classes
> Task :jarJar NO-SOURCE
> Task :jar
> Task :assemble

> Task :compileGameTestJava
D:\javaProjects\dndturn26.1\targets\neoforge-26.1\src\gameTest\java\cc\sighs\dndturn\combat\EnvironmentBoundaryTimeChecks.java:27: 警告: [removal] GameTestHelper 中的 makeMockServerPlayerInLevel() 已过时, 且标记为待删除
        var player = h.makeMockServerPlayerInLevel();
                      ^
D:\javaProjects\dndturn26.1\targets\neoforge-26.1\src\gameTest\java\cc\sighs\dndturn\combat\EnvironmentCircuitChecks.java:21: 警告: [removal] GameTestHelper 中的 makeMockServerPlayerInLevel() 已过时, 且标记为待删除
        var player=helper.makeMockServerPlayerInLevel();player.setPos(base.getX()+.5,base.getY(),base.getZ()+.5);
                         ^
D:\javaProjects\dndturn26.1\targets\neoforge-26.1\src\gameTest\java\cc\sighs\dndturn\combat\EnvironmentClassificationChecks.java:19: 警告: [removal] GameTestHelper 中的 makeMockServerPlayerInLevel() 已过时, 且标记为待删除
        var player = helper.makeMockServerPlayerInLevel();
                           ^
D:\javaProjects\dndturn26.1\targets\neoforge-26.1\src\gameTest\java\cc\sighs\dndturn\combat\EnvironmentClockChecks.java:18: 警告: [removal] GameTestHelper 中的 makeMockServerPlayerInLevel() 已过时, 且标记为待删除
        var player=helper.makeMockServerPlayerInLevel();player.setPos(base.getX()+.5,base.getY(),base.getZ()+.5);
                         ^
D:\javaProjects\dndturn26.1\targets\neoforge-26.1\src\gameTest\java\cc\sighs\dndturn\combat\EnvironmentDomainChecks.java:21: 警告: [removal] GameTestHelper 中的 makeMockServerPlayerInLevel() 已过时, 且标记为待删除
        var first=helper.makeMockServerPlayerInLevel();first.setPos(base.getX()+.5,base.getY(),base.getZ()+.5);
                        ^
D:\javaProjects\dndturn26.1\targets\neoforge-26.1\src\gameTest\java\cc\sighs\dndturn\combat\EnvironmentDomainChecks.java:22: 警告: [removal] GameTestHelper 中的 makeMockServerPlayerInLevel() 已过时, 且标记为待删除
        var second=helper.makeMockServerPlayerInLevel();second.setPos(base.getX()+20.5,base.getY(),base.getZ()+.5);
                         ^
D:\javaProjects\dndturn26.1\targets\neoforge-26.1\src\gameTest\java\cc\sighs\dndturn\combat\EnvironmentProcessChecks.java:33: 警告: [removal] GameTestHelper 中的 makeMockServerPlayerInLevel() 已过时, 且标记为待删除
        var player=helper.makeMockServerPlayerInLevel(); player.setPos(base.getX()+.5,base.getY(),base.getZ()+.5);
                         ^
D:\javaProjects\dndturn26.1\targets\neoforge-26.1\src\gameTest\java\cc\sighs\dndturn\combat\EnvironmentTntChecks.java:22: 警告: [removal] GameTestHelper 中的 makeMockServerPlayerInLevel() 已过时, 且标记为待删除
        var player=helper.makeMockServerPlayerInLevel(); player.setPos(base.getX()+.5,base.getY(),base.getZ()+.5);
                         ^
D:\javaProjects\dndturn26.1\targets\neoforge-26.1\src\gameTest\java\cc\sighs\dndturn\combat\MobAbilityLoopChecks.java:71: 警告: [removal] GameTestHelper 中的 makeMockServerPlayerInLevel() 已过时, 且标记为待删除
        var player = helper.makeMockServerPlayerInLevel();
                           ^
D:\javaProjects\dndturn26.1\targets\neoforge-26.1\src\gameTest\java\cc\sighs\dndturn\combat\MobPlanMovementChecks.java:23: 警告: [removal] GameTestHelper 中的 makeMockServerPlayerInLevel() 已过时, 且标记为待删除
        var player=helper.makeMockServerPlayerInLevel();
                         ^
D:\javaProjects\dndturn26.1\targets\neoforge-26.1\src\gameTest\java\cc\sighs\dndturn\gametest\LocalTimeGameTests.java:408: 警告: [removal] GameTestHelper 中的 makeMockServerPlayerInLevel() 已过时, 且标记为待删除
            ServerPlayer player = helper.makeMockServerPlayerInLevel();
                                        ^
D:\javaProjects\dndturn26.1\targets\neoforge-26.1\src\gameTest\java\cc\sighs\dndturn\gametest\LocalTimeGameTests.java:546: 警告: [removal] GameTestHelper 中的 makeMockServerPlayerInLevel() 已过时, 且标记为待删除
        ServerPlayer first = helper.makeMockServerPlayerInLevel();
                                   ^
D:\javaProjects\dndturn26.1\targets\neoforge-26.1\src\gameTest\java\cc\sighs\dndturn\gametest\LocalTimeGameTests.java:547: 警告: [removal] GameTestHelper 中的 makeMockServerPlayerInLevel() 已过时, 且标记为待删除
        ServerPlayer second = helper.makeMockServerPlayerInLevel();
                                    ^
D:\javaProjects\dndturn26.1\targets\neoforge-26.1\src\gameTest\java\cc\sighs\dndturn\gametest\LocalTimeGameTests.java:722: 警告: [removal] GameTestHelper 中的 makeMockServerPlayerInLevel() 已过时, 且标记为待删除
            ServerPlayer player = helper.makeMockServerPlayerInLevel();
                                        ^
D:\javaProjects\dndturn26.1\targets\neoforge-26.1\src\gameTest\java\cc\sighs\dndturn\gametest\LocalTimeGameTests.java:827: 警告: [removal] GameTestHelper 中的 makeMockServerPlayerInLevel() 已过时, 且标记为待删除
            ServerPlayer player = helper.makeMockServerPlayerInLevel();
                                        ^
D:\javaProjects\dndturn26.1\targets\neoforge-26.1\src\gameTest\java\cc\sighs\dndturn\gametest\LocalTimeGameTests.java:888: 警告: [removal] GameTestHelper 中的 makeMockServerPlayerInLevel() 已过时, 且标记为待删除
        ServerPlayer player = helper.makeMockServerPlayerInLevel();
                                    ^
D:\javaProjects\dndturn26.1\targets\neoforge-26.1\src\gameTest\java\cc\sighs\dndturn\gametest\LocalTimeGameTests.java:974: 警告: [removal] GameTestHelper 中的 makeMockServerPlayerInLevel() 已过时, 且标记为待删除
                players[i] = helper.makeMockServerPlayerInLevel();
                                   ^
D:\javaProjects\dndturn26.1\targets\neoforge-26.1\src\gameTest\java\cc\sighs\dndturn\gametest\LocalTimeGameTests.java:1032: 警告: [removal] GameTestHelper 中的 makeMockServerPlayerInLevel() 已过时, 且标记为待删除
            ServerPlayer firstPlayer = helper.makeMockServerPlayerInLevel();
                                             ^
D:\javaProjects\dndturn26.1\targets\neoforge-26.1\src\gameTest\java\cc\sighs\dndturn\gametest\LocalTimeGameTests.java:1033: 警告: [removal] GameTestHelper 中的 makeMockServerPlayerInLevel() 已过时, 且标记为待删除
            ServerPlayer secondPlayer = helper.makeMockServerPlayerInLevel();
                                              ^
D:\javaProjects\dndturn26.1\targets\neoforge-26.1\src\gameTest\java\cc\sighs\dndturn\gametest\LocalTimeGameTests.java:1210: 警告: [removal] GameTestHelper 中的 makeMockServerPlayerInLevel() 已过时, 且标记为待删除
        ServerPlayer player = helper.makeMockServerPlayerInLevel();
                                    ^
D:\javaProjects\dndturn26.1\targets\neoforge-26.1\src\gameTest\java\cc\sighs\dndturn\gametest\LocalTimeGameTests.java:1322: 警告: [removal] GameTestHelper 中的 makeMockServerPlayerInLevel() 已过时, 且标记为待删除
        ServerPlayer player = helper.makeMockServerPlayerInLevel();
                                    ^
D:\javaProjects\dndturn26.1\targets\neoforge-26.1\src\gameTest\java\cc\sighs\dndturn\gametest\LocalTimeGameTests.java:1333: 警告: [removal] GameTestHelper 中的 makeMockServerPlayerInLevel() 已过时, 且标记为待删除
        ServerPlayer other = helper.makeMockServerPlayerInLevel();
                                   ^
D:\javaProjects\dndturn26.1\targets\neoforge-26.1\src\gameTest\java\cc\sighs\dndturn\gametest\LocalTimeGameTests.java:1549: 警告: [removal] GameTestHelper 中的 makeMockServerPlayerInLevel() 已过时, 且标记为待删除
        ServerPlayer player = helper.makeMockServerPlayerInLevel();
                                    ^
D:\javaProjects\dndturn26.1\targets\neoforge-26.1\src\gameTest\java\cc\sighs\dndturn\gametest\LocalTimeGameTests.java:1591: 警告: [removal] GameTestHelper 中的 makeMockServerPlayerInLevel() 已过时, 且标记为待删除
            ServerPlayer player = helper.makeMockServerPlayerInLevel();
                                        ^
D:\javaProjects\dndturn26.1\targets\neoforge-26.1\src\gameTest\java\cc\sighs\dndturn\gametest\LocalTimeGameTests.java:1960: 警告: [removal] GameTestHelper 中的 makeMockServerPlayerInLevel() 已过时, 且标记为待删除
            ServerPlayer player = helper.makeMockServerPlayerInLevel();
                                        ^
D:\javaProjects\dndturn26.1\targets\neoforge-26.1\src\gameTest\java\cc\sighs\dndturn\gametest\LocalTimeGameTests.java:2021: 警告: [removal] GameTestHelper 中的 makeMockServerPlayerInLevel() 已过时, 且标记为待删除
            ServerPlayer player = helper.makeMockServerPlayerInLevel();
                                        ^
D:\javaProjects\dndturn26.1\targets\neoforge-26.1\src\gameTest\java\cc\sighs\dndturn\gametest\LocalTimeGameTests.java:2166: 警告: [removal] GameTestHelper 中的 makeMockServerPlayerInLevel() 已过时, 且标记为待删除
        ServerPlayer player = helper.makeMockServerPlayerInLevel();
                                    ^
D:\javaProjects\dndturn26.1\targets\neoforge-26.1\src\gameTest\java\cc\sighs\dndturn\gametest\LocalTimeGameTests.java:2226: 警告: [removal] GameTestHelper 中的 makeMockServerPlayerInLevel() 已过时, 且标记为待删除
        ServerPlayer player = helper.makeMockServerPlayerInLevel();
                                    ^
D:\javaProjects\dndturn26.1\targets\neoforge-26.1\src\gameTest\java\cc\sighs\dndturn\gametest\LocalTimeGameTests.java:2356: 警告: [removal] GameTestHelper 中的 makeMockServerPlayerInLevel() 已过时, 且标记为待删除
        ServerPlayer player = helper.makeMockServerPlayerInLevel();
                                    ^
D:\javaProjects\dndturn26.1\targets\neoforge-26.1\src\gameTest\java\cc\sighs\dndturn\gametest\RepairGameTests.java:127: 警告: [removal] GameTestHelper 中的 makeMockServerPlayerInLevel() 已过时, 且标记为待删除
        try { rejected.requestStart(helper.makeMockServerPlayerInLevel(), UUID.randomUUID()); }
                                          ^
D:\javaProjects\dndturn26.1\targets\neoforge-26.1\src\gameTest\java\cc\sighs\dndturn\gametest\RepairGameTests.java:228: 警告: [removal] GameTestHelper 中的 makeMockServerPlayerInLevel() 已过时, 且标记为待删除
        var player = helper.makeMockServerPlayerInLevel();
                           ^
D:\javaProjects\dndturn26.1\targets\neoforge-26.1\src\gameTest\java\cc\sighs\dndturn\gametest\TacticalPlanGameTests.java:15: 警告: [removal] GameTestHelper 中的 makeMockServerPlayerInLevel() 已过时, 且标记为待删除
        ServerPlayer player = helper.makeMockServerPlayerInLevel();
                                    ^
D:\javaProjects\dndturn26.1\targets\neoforge-26.1\src\gameTest\java\cc\sighs\dndturn\gametest\TacticalPlanGameTests.java:207: 警告: [removal] GameTestHelper 中的 makeMockServerPlayerInLevel() 已过时, 且标记为待删除
        var player = helper.makeMockServerPlayerInLevel(); var level = helper.getLevel();
                           ^
D:\javaProjects\dndturn26.1\targets\neoforge-26.1\src\gameTest\java\cc\sighs\dndturn\gametest\TacticalPlanGameTests.java:518: 警告: [removal] GameTestHelper 中的 makeMockServerPlayerInLevel() 已过时, 且标记为待删除
        var player = helper.makeMockServerPlayerInLevel();
                           ^
注: D:\javaProjects\dndturn26.1\targets\neoforge-26.1\src\gameTest\java\cc\sighs\dndturn\gametest\LocalTimeGameTests.java使用或覆盖了已过时的 API。
注: 有关详细信息, 请使用 -Xlint:deprecation 重新编译。
34 个警告

> Task :processGameTestResources
> Task :gameTestClasses
> Task :compileTestJava NO-SOURCE
> Task :processTestResources NO-SOURCE
> Task :testClasses UP-TO-DATE
> Task :compileUiTestJava
> Task :processUiTestResources NO-SOURCE
> Task :uiTestClasses

> Task :downloadAssets
Loaded 141 artifacts from D:\javaProjects\dndturn26.1\targets\neoforge-26.1\build\tmp\downloadAssets\nfrt_artifact_manifest.properties
Downloading asset index 30
Using Minecraft asset root: C:\Users\RNaim\.gradle\caches\neoformruntime\assets
  DL    https://piston-meta.mojang.com/v1/packages/52a9d8a61327baf0ec20ffa80208c020a14a4ff6/30.json

> Task :prepareGameTestServerRun
Unable to make progress running work. The following items are queued for execution but none of them can be started:
  - Build ':':
      - Waiting for nodes:
          - :runGameTestServer (state=SHOULD_RUN, dependencies=NOT_COMPLETE, group=task group 3, dependencies=[:classes (EXECUTED), :compileGameTestJava (EXECUTED), :compileJava (EXECUTED), :createMinecraftArtifacts (EXECUTED), :gameTestClasses (EXECUTED), :prepareGameTestServerRun (EXECUTED), :common:classes (EXECUTED), :common:jar (SHOULD_RUN), work action resolve common-1.0.0-SNAPSHOT.jar (project ':common') (SHOULD_RUN)], waiting-for=[:common:jar (SHOULD_RUN), work action resolve common-1.0.0-SNAPSHOT.jar (project ':common') (SHOULD_RUN)], has-failed-dependency=false )
          - :common:build (state=SHOULD_RUN, dependencies=NOT_COMPLETE, group=task group 2, dependencies=[:common:assemble (SHOULD_RUN), :common:check (EXECUTED)], waiting-for=[:common:assemble (SHOULD_RUN)], has-failed-dependency=false )
          - :build (state=SHOULD_RUN, dependencies=NOT_COMPLETE, group=task group 2, dependencies=[:assemble (EXECUTED), :check (SHOULD_RUN)], waiting-for=[:check (SHOULD_RUN)], has-failed-dependency=false )
          - :common:clean (state=SHOULD_RUN, dependencies=COMPLETE_AND_SUCCESSFUL, group=task group 1, dependencies=[producer locations for task group 0 (EXECUTED), Resolve mutations for :common:clean (EXECUTED)], has-failed-dependency=false )
      - Nodes ready to start:
          - :common:jar
          - :common:clean
      - Reachable nodes:
          - :common:jar (state=SHOULD_RUN, dependencies=COMPLETE_AND_SUCCESSFUL, group=task group 2, dependencies=[destroyer locations for task group 1 (EXECUTED), Resolve mutations for :common:jar (EXECUTED), :common:classes (EXECUTED), :common:compileJava (EXECUTED)], has-failed-dependency=false )
          - work action resolve common-1.0.0-SNAPSHOT.jar (project ':common') (state=SHOULD_RUN, dependencies=NOT_COMPLETE, group=task group 2, dependencies=[:common:jar (SHOULD_RUN)], waiting-for=[:common:jar (SHOULD_RUN)], has-failed-dependency=false )
          - :common:assemble (state=SHOULD_RUN, dependencies=NOT_COMPLETE, group=task group 2, dependencies=[:common:jar (SHOULD_RUN)], waiting-for=[:common:jar (SHOULD_RUN)], has-failed-dependency=false )
          - :test (state=SHOULD_RUN, dependencies=NOT_COMPLETE, group=task group 2, dependencies=[destroyer locations for task group 1 (EXECUTED), :classes (EXECUTED), :compileJava (EXECUTED), :compileTestJava (EXECUTED), :testClasses (EXECUTED), :common:classes (EXECUTED), :common:jar (SHOULD_RUN), work action resolve common-1.0.0-SNAPSHOT.jar (project ':common') (SHOULD_RUN)], waiting-for=[:common:jar (SHOULD_RUN), work action resolve common-1.0.0-SNAPSHOT.jar (project ':common') (SHOULD_RUN)], has-failed-dependency=false )
          - :verifyUiProjection (state=SHOULD_RUN, dependencies=NOT_COMPLETE, group=task group 2, dependencies=[:classes (EXECUTED), :compileJava (EXECUTED), :compileUiTestJava (EXECUTED), :createMinecraftArtifacts (EXECUTED), :uiTestClasses (EXECUTED), :common:classes (EXECUTED), :common:jar (SHOULD_RUN), work action resolve common-1.0.0-SNAPSHOT.jar (project ':common') (SHOULD_RUN)], waiting-for=[:common:jar (SHOULD_RUN), work action resolve common-1.0.0-SNAPSHOT.jar (project ':common') (SHOULD_RUN)], has-failed-dependency=false )
          - :check (state=SHOULD_RUN, dependencies=NOT_COMPLETE, group=task group 2, dependencies=[:gameTestClasses (EXECUTED), :test (SHOULD_RUN), :verifyUiProjection (SHOULD_RUN)], waiting-for=[:test (SHOULD_RUN), :verifyUiProjection (SHOULD_RUN)], has-failed-dependency=false )
      - Scheduling events:
          - node added to plan: destroyer locations for task group 0, when: scheduled, state: SHOULD_RUN, dependencies: 0, is ready node? true
          - node added to plan: destroyer locations for task group 1, when: scheduled, state: SHOULD_RUN, dependencies: 3, is ready node? false
          - node added to plan: producer locations for task group 0, when: scheduled, state: SHOULD_RUN, dependencies: 5, is ready node? false
          - node added to plan: destroyer locations for task group 2, when: scheduled, state: SHOULD_RUN, dependencies: 1, is ready node? false
      - Ordinal groups:
          - group 0 entry nodes: [:common:test (EXECUTED)]
          - group 1 entry nodes: [:clean (EXECUTED), :common:clean (SHOULD_RUN)]
          - group 2 entry nodes: [:build (SHOULD_RUN), :common:build (SHOULD_RUN)]
          - group 3 entry nodes: [:runGameTestServer (SHOULD_RUN)]
  - Workers waiting for work: 32
  - Stopped workers: 0

[Incubating] Problems report is available at: file:///D:/javaProjects/dndturn26.1/targets/neoforge-26.1/build/reports/problems/problems-report.html

FAILURE: Build failed with an exception.

* What went wrong:
Unable to make progress running work. There are items queued for execution but none of them can be started

* Try:
> Run with --stacktrace option to get the stack trace.
> Run with --info or --debug option to get more log output.
> Run with --scan to get full insights from a Build Scan (powered by Develocity).
> Get more help at https://help.gradle.org.

Deprecated Gradle features were used in this build, making it incompatible with Gradle 10.

You can use '--warning-mode all' to show the individual deprecation warnings and determine if they come from your own scripts or plugins.

For more on this, please refer to https://docs.gradle.org/9.7.1/userguide/command_line_interface.html#sec:command_line_warnings in the Gradle documentation.

BUILD FAILED in 35s
13 actionable tasks: 13 executed
