WARNING: A restricted method in java.lang.System has been called
WARNING: java.lang.System::load has been called by net.rubygrapefruit.platform.internal.NativeLibraryLoader in an unnamed module (file:/C:/Users/RNaim/.gradle/wrapper/dists/gradle-9.7.1-bin/1w1c7tv4s851m17nbqdsro2tv/gradle-9.7.1/lib/native-platform-0.22-milestone-29.jar)
WARNING: Use --enable-native-access=ALL-UNNAMED to avoid a warning for callers in this module
WARNING: Restricted methods will be blocked in a future release unless native access is enabled

To honour the JVM settings for this build a single-use Daemon process will be forked. For more on this, please refer to https://docs.gradle.org/9.7.1/userguide/gradle_daemon.html#sec:disabling_the_daemon in the Gradle documentation.
Daemon will be stopped at the end of the build 
> Task :createMinecraftArtifacts UP-TO-DATE
> Task :common:compileJava UP-TO-DATE

> Task :compileJava
注: 某些输入文件使用或覆盖了已过时的 API。
注: 有关详细信息, 请使用 -Xlint:deprecation 重新编译。

> Task :processResources
> Task :common:processResources NO-SOURCE
> Task :common:classes UP-TO-DATE
> Task :classes
> Task :jarJar NO-SOURCE
> Task :jar
> Task :assemble

> Task :compileGameTestJava
D:\javaProjects\dndturn26.1\targets\neoforge-26.1\src\gameTest\java\cc\sighs\dndturn\combat\EnvironmentCircuitChecks.java:21: 警告: [removal] GameTestHelper 中的 makeMockServerPlayerInLevel() 已过时, 且标记为待删除
        var player=helper.makeMockServerPlayerInLevel();player.setPos(base.getX()+.5,base.getY(),base.getZ()+.5);
                         ^
D:\javaProjects\dndturn26.1\targets\neoforge-26.1\src\gameTest\java\cc\sighs\dndturn\combat\EnvironmentClassificationChecks.java:19: 警告: [removal] GameTestHelper 中的 makeMockServerPlayerInLevel() 已过时, 且标记为待删除
        var player = helper.makeMockServerPlayerInLevel();
                           ^
D:\javaProjects\dndturn26.1\targets\neoforge-26.1\src\gameTest\java\cc\sighs\dndturn\combat\EnvironmentClockChecks.java:18: 警告: [removal] GameTestHelper 中的 makeMockServerPlayerInLevel() 已过时, 且标记为待删除
        var player=helper.makeMockServerPlayerInLevel();player.setPos(base.getX()+.5,base.getY(),base.getZ()+.5);
                         ^
D:\javaProjects\dndturn26.1\targets\neoforge-26.1\src\gameTest\java\cc\sighs\dndturn\combat\EnvironmentDomainChecks.java:21: 警告: [removal] GameTestHelper 中的 makeMockServerPlayerInLevel() 已过时, 且标记为待删除
        var first=helper.makeMockServerPlayerInLevel();first.setPos(base.getX()+.5,base.getY(),base.getZ()+.5);
                        ^
D:\javaProjects\dndturn26.1\targets\neoforge-26.1\src\gameTest\java\cc\sighs\dndturn\combat\EnvironmentDomainChecks.java:22: 警告: [removal] GameTestHelper 中的 makeMockServerPlayerInLevel() 已过时, 且标记为待删除
        var second=helper.makeMockServerPlayerInLevel();second.setPos(base.getX()+20.5,base.getY(),base.getZ()+.5);
                         ^
D:\javaProjects\dndturn26.1\targets\neoforge-26.1\src\gameTest\java\cc\sighs\dndturn\combat\EnvironmentProcessChecks.java:33: 警告: [removal] GameTestHelper 中的 makeMockServerPlayerInLevel() 已过时, 且标记为待删除
        var player=helper.makeMockServerPlayerInLevel(); player.setPos(base.getX()+.5,base.getY(),base.getZ()+.5);
                         ^
D:\javaProjects\dndturn26.1\targets\neoforge-26.1\src\gameTest\java\cc\sighs\dndturn\combat\EnvironmentTntChecks.java:22: 警告: [removal] GameTestHelper 中的 makeMockServerPlayerInLevel() 已过时, 且标记为待删除
        var player=helper.makeMockServerPlayerInLevel(); player.setPos(base.getX()+.5,base.getY(),base.getZ()+.5);
                         ^
D:\javaProjects\dndturn26.1\targets\neoforge-26.1\src\gameTest\java\cc\sighs\dndturn\combat\MobAbilityLoopChecks.java:71: 警告: [removal] GameTestHelper 中的 makeMockServerPlayerInLevel() 已过时, 且标记为待删除
        var player = helper.makeMockServerPlayerInLevel();
                           ^
D:\javaProjects\dndturn26.1\targets\neoforge-26.1\src\gameTest\java\cc\sighs\dndturn\combat\MobPlanMovementChecks.java:23: 警告: [removal] GameTestHelper 中的 makeMockServerPlayerInLevel() 已过时, 且标记为待删除
        var player=helper.makeMockServerPlayerInLevel();
                         ^
D:\javaProjects\dndturn26.1\targets\neoforge-26.1\src\gameTest\java\cc\sighs\dndturn\gametest\LocalTimeGameTests.java:400: 警告: [removal] GameTestHelper 中的 makeMockServerPlayerInLevel() 已过时, 且标记为待删除
            ServerPlayer player = helper.makeMockServerPlayerInLevel();
                                        ^
D:\javaProjects\dndturn26.1\targets\neoforge-26.1\src\gameTest\java\cc\sighs\dndturn\gametest\LocalTimeGameTests.java:538: 警告: [removal] GameTestHelper 中的 makeMockServerPlayerInLevel() 已过时, 且标记为待删除
        ServerPlayer first = helper.makeMockServerPlayerInLevel();
                                   ^
D:\javaProjects\dndturn26.1\targets\neoforge-26.1\src\gameTest\java\cc\sighs\dndturn\gametest\LocalTimeGameTests.java:539: 警告: [removal] GameTestHelper 中的 makeMockServerPlayerInLevel() 已过时, 且标记为待删除
        ServerPlayer second = helper.makeMockServerPlayerInLevel();
                                    ^
D:\javaProjects\dndturn26.1\targets\neoforge-26.1\src\gameTest\java\cc\sighs\dndturn\gametest\LocalTimeGameTests.java:714: 警告: [removal] GameTestHelper 中的 makeMockServerPlayerInLevel() 已过时, 且标记为待删除
            ServerPlayer player = helper.makeMockServerPlayerInLevel();
                                        ^
D:\javaProjects\dndturn26.1\targets\neoforge-26.1\src\gameTest\java\cc\sighs\dndturn\gametest\LocalTimeGameTests.java:819: 警告: [removal] GameTestHelper 中的 makeMockServerPlayerInLevel() 已过时, 且标记为待删除
            ServerPlayer player = helper.makeMockServerPlayerInLevel();
                                        ^
D:\javaProjects\dndturn26.1\targets\neoforge-26.1\src\gameTest\java\cc\sighs\dndturn\gametest\LocalTimeGameTests.java:880: 警告: [removal] GameTestHelper 中的 makeMockServerPlayerInLevel() 已过时, 且标记为待删除
        ServerPlayer player = helper.makeMockServerPlayerInLevel();
                                    ^
D:\javaProjects\dndturn26.1\targets\neoforge-26.1\src\gameTest\java\cc\sighs\dndturn\gametest\LocalTimeGameTests.java:966: 警告: [removal] GameTestHelper 中的 makeMockServerPlayerInLevel() 已过时, 且标记为待删除
                players[i] = helper.makeMockServerPlayerInLevel();
                                   ^
D:\javaProjects\dndturn26.1\targets\neoforge-26.1\src\gameTest\java\cc\sighs\dndturn\gametest\LocalTimeGameTests.java:1024: 警告: [removal] GameTestHelper 中的 makeMockServerPlayerInLevel() 已过时, 且标记为待删除
            ServerPlayer firstPlayer = helper.makeMockServerPlayerInLevel();
                                             ^
D:\javaProjects\dndturn26.1\targets\neoforge-26.1\src\gameTest\java\cc\sighs\dndturn\gametest\LocalTimeGameTests.java:1025: 警告: [removal] GameTestHelper 中的 makeMockServerPlayerInLevel() 已过时, 且标记为待删除
            ServerPlayer secondPlayer = helper.makeMockServerPlayerInLevel();
                                              ^
D:\javaProjects\dndturn26.1\targets\neoforge-26.1\src\gameTest\java\cc\sighs\dndturn\gametest\LocalTimeGameTests.java:1202: 警告: [removal] GameTestHelper 中的 makeMockServerPlayerInLevel() 已过时, 且标记为待删除
        ServerPlayer player = helper.makeMockServerPlayerInLevel();
                                    ^
D:\javaProjects\dndturn26.1\targets\neoforge-26.1\src\gameTest\java\cc\sighs\dndturn\gametest\LocalTimeGameTests.java:1314: 警告: [removal] GameTestHelper 中的 makeMockServerPlayerInLevel() 已过时, 且标记为待删除
        ServerPlayer player = helper.makeMockServerPlayerInLevel();
                                    ^
D:\javaProjects\dndturn26.1\targets\neoforge-26.1\src\gameTest\java\cc\sighs\dndturn\gametest\LocalTimeGameTests.java:1325: 警告: [removal] GameTestHelper 中的 makeMockServerPlayerInLevel() 已过时, 且标记为待删除
        ServerPlayer other = helper.makeMockServerPlayerInLevel();
                                   ^
D:\javaProjects\dndturn26.1\targets\neoforge-26.1\src\gameTest\java\cc\sighs\dndturn\gametest\LocalTimeGameTests.java:1541: 警告: [removal] GameTestHelper 中的 makeMockServerPlayerInLevel() 已过时, 且标记为待删除
        ServerPlayer player = helper.makeMockServerPlayerInLevel();
                                    ^
D:\javaProjects\dndturn26.1\targets\neoforge-26.1\src\gameTest\java\cc\sighs\dndturn\gametest\LocalTimeGameTests.java:1583: 警告: [removal] GameTestHelper 中的 makeMockServerPlayerInLevel() 已过时, 且标记为待删除
            ServerPlayer player = helper.makeMockServerPlayerInLevel();
                                        ^
D:\javaProjects\dndturn26.1\targets\neoforge-26.1\src\gameTest\java\cc\sighs\dndturn\gametest\LocalTimeGameTests.java:1951: 警告: [removal] GameTestHelper 中的 makeMockServerPlayerInLevel() 已过时, 且标记为待删除
            ServerPlayer player = helper.makeMockServerPlayerInLevel();
                                        ^
D:\javaProjects\dndturn26.1\targets\neoforge-26.1\src\gameTest\java\cc\sighs\dndturn\gametest\LocalTimeGameTests.java:2012: 警告: [removal] GameTestHelper 中的 makeMockServerPlayerInLevel() 已过时, 且标记为待删除
            ServerPlayer player = helper.makeMockServerPlayerInLevel();
                                        ^
D:\javaProjects\dndturn26.1\targets\neoforge-26.1\src\gameTest\java\cc\sighs\dndturn\gametest\LocalTimeGameTests.java:2157: 警告: [removal] GameTestHelper 中的 makeMockServerPlayerInLevel() 已过时, 且标记为待删除
        ServerPlayer player = helper.makeMockServerPlayerInLevel();
                                    ^
D:\javaProjects\dndturn26.1\targets\neoforge-26.1\src\gameTest\java\cc\sighs\dndturn\gametest\LocalTimeGameTests.java:2217: 警告: [removal] GameTestHelper 中的 makeMockServerPlayerInLevel() 已过时, 且标记为待删除
        ServerPlayer player = helper.makeMockServerPlayerInLevel();
                                    ^
D:\javaProjects\dndturn26.1\targets\neoforge-26.1\src\gameTest\java\cc\sighs\dndturn\gametest\LocalTimeGameTests.java:2347: 警告: [removal] GameTestHelper 中的 makeMockServerPlayerInLevel() 已过时, 且标记为待删除
        ServerPlayer player = helper.makeMockServerPlayerInLevel();
                                    ^
D:\javaProjects\dndturn26.1\targets\neoforge-26.1\src\gameTest\java\cc\sighs\dndturn\gametest\RepairGameTests.java:127: 警告: [removal] GameTestHelper 中的 makeMockServerPlayerInLevel() 已过时, 且标记为待删除
        try { rejected.requestStart(helper.makeMockServerPlayerInLevel(), UUID.randomUUID()); }
                                          ^
D:\javaProjects\dndturn26.1\targets\neoforge-26.1\src\gameTest\java\cc\sighs\dndturn\gametest\RepairGameTests.java:228: 警告: [removal] GameTestHelper 中的 makeMockServerPlayerInLevel() 已过时, 且标记为待删除
        var player = helper.makeMockServerPlayerInLevel();
                           ^
D:\javaProjects\dndturn26.1\targets\neoforge-26.1\src\gameTest\java\cc\sighs\dndturn\gametest\TacticalPlanGameTests.java:15: 警告: [removal] GameTestHelper 中的 makeMockServerPlayerInLevel() 已过时, 且标记为待删除
        ServerPlayer player = helper.makeMockServerPlayerInLevel();
                                    ^
D:\javaProjects\dndturn26.1\targets\neoforge-26.1\src\gameTest\java\cc\sighs\dndturn\gametest\TacticalPlanGameTests.java:207: 警告: [removal] GameTestHelper 中的 makeMockServerPlayerInLevel() 已过时, 且标记为待删除
        var player = helper.makeMockServerPlayerInLevel(); var level = helper.getLevel();
                           ^
D:\javaProjects\dndturn26.1\targets\neoforge-26.1\src\gameTest\java\cc\sighs\dndturn\gametest\TacticalPlanGameTests.java:518: 警告: [removal] GameTestHelper 中的 makeMockServerPlayerInLevel() 已过时, 且标记为待删除
        var player = helper.makeMockServerPlayerInLevel();
                           ^
注: D:\javaProjects\dndturn26.1\targets\neoforge-26.1\src\gameTest\java\cc\sighs\dndturn\gametest\LocalTimeGameTests.java使用或覆盖了已过时的 API。
注: 有关详细信息, 请使用 -Xlint:deprecation 重新编译。
33 个警告

> Task :processGameTestResources UP-TO-DATE
> Task :gameTestClasses
> Task :compileTestJava NO-SOURCE
> Task :processTestResources NO-SOURCE
> Task :testClasses UP-TO-DATE
> Task :common:jar UP-TO-DATE
> Task :test NO-SOURCE
> Task :check
> Task :build
> Task :common:assemble UP-TO-DATE
> Task :common:compileTestJava UP-TO-DATE
> Task :common:processTestResources NO-SOURCE
> Task :common:testClasses UP-TO-DATE
> Task :common:test UP-TO-DATE
> Task :common:check UP-TO-DATE
> Task :common:build UP-TO-DATE
> Task :downloadAssets UP-TO-DATE
> Task :prepareGameTestServerRun UP-TO-DATE

2026-09-28T05:11:00.637604400Z main WARN Advanced terminal features are not available in this environment
> Task :runGameTestServer
[13:11:00] [main/INFO] [ne.ne.fm.st.Entrypoint/]: JVM Uptime at startup: 113ms
[13:11:00] [main/INFO] [ne.ne.fm.lo.FMLLoader/]: Starting FancyModLoader version 11.0.15 (DEDICATED_SERVER in DEV)
[13:11:00] [main/INFO] [ne.ne.fm.lo.FMLLoader/]: Game directory: D:\javaProjects\dndturn26.1\targets\neoforge-26.1\build\gametest-run
[13:11:00] [main/INFO] [ne.ne.fm.lo.EarlyServiceDiscovery/]: Found 2 early service jars (out of 109) in 14ms
[13:11:00] [main/INFO] [ne.ne.fm.lo.FMLLoader/]: Loading FML Early Services:
[13:11:00] [main/INFO] [ne.ne.fm.lo.FMLLoader/]:  - C:/Users/RNaim/.gradle/caches/modules-2/files-2.1/net.neoforged.fancymodloader/loader/11.0.15/69ddd98736a6b095783523404d1af8992842722/loader-11.0.15.jar
[13:11:00] [main/INFO] [ne.ne.fm.lo.FMLLoader/]:  - C:/Users/RNaim/.gradle/caches/modules-2/files-2.1/net.neoforged.fancymodloader/earlydisplay/11.0.15/b254aa4ec40828f8ce65411dcb7fb9f6ce008064/earlydisplay-11.0.15.jar
[13:11:00] [main/INFO] [ne.ne.fm.lo.ImmediateWindowHandler/]: Not loading early display in headless mode.
[13:11:00] [main/INFO] [ne.ne.fm.lo.mo.lo.GameLocator/]: Detected a joined NeoForge and Minecraft configuration. Applying filtering...
[13:11:00] [main/INFO] [ne.ne.fm.lo.mo.lo.InDevFolderLocator/CORE]: Got mod coordinates dndturnTests%%D:\javaProjects\dndturn26.1\targets\neoforge-26.1\build\classes\java\main;dndturnTests%%D:\javaProjects\dndturn26.1\targets\neoforge-26.1\build\resources\main;dndturnTests%%D:\javaProjects\dndturn26.1\common\build\classes\java\main;dndturnTests%%D:\javaProjects\dndturn26.1\targets\neoforge-26.1\build\classes\java\gameTest;dndturnTests%%D:\javaProjects\dndturn26.1\targets\neoforge-26.1\build\resources\gameTest from env
[13:11:00] [main/INFO] [ne.ne.fm.lo.mo.lo.JarInJarDependencyLocator/]: Found 2 dependencies adding them to mods collection
[13:11:00] [main/INFO] [ne.ne.fm.lo.mo.ModDiscoverer/]: 
     Mod List:
		Name Version (Mod Id)

		ApricityUI 1.2.5 (apricityui)
		DNDTurn 1.0.0-SNAPSHOT (dndturn)
		Minecraft 26.1.2 (minecraft)
		NeoForge 26.1.2.84 (neoforge)
[13:11:01] [main/INFO] [mixin/]: SpongePowered MIXIN Subsystem Version=0.8.7 Source=file:/C:/Users/RNaim/.gradle/caches/modules-2/files-2.1/net.fabricmc/sponge-mixin/0.17.3+mixin.0.8.7/41c4a3984a80f4679e759fb9f495587acc5cdac7/sponge-mixin-0.17.3+mixin.0.8.7.jar Service=FML Env=SERVER
[13:11:01] [main/INFO] [ne.ne.fm.lo.FMLLoader/]: Loading FML Plugins:
[13:11:01] [main/INFO] [ne.ne.fm.lo.FMLLoader/]:  - C:/Users/RNaim/.gradle/caches/modules-2/files-2.1/net.neoforged/neoforge/26.1.2.84/b725526a2fab2163b9a0a8ce89d435d7cd5d8a88/neoforge-26.1.2.84-universal.jar > net.neoforged.neoforge-coremods-26.1.2.84.jar
[13:11:01] [main/INFO] [ne.ne.fm.lo.FMLLoader/]: Building game content classloader:
 - apricityui (jar(C:/Users/RNaim/.gradle/caches/modules-2/files-2.1/maven.modrinth/apricityui/wwrdhxiM/d4311449e5b1cdc9a59e33a7f2b02435d7441546/apricityui-wwrdhxiM.jar))
 - dndturn (composite(folder(D:/javaProjects/dndturn26.1/targets/neoforge-26.1/build/classes/java/main), folder(D:/javaProjects/dndturn26.1/targets/neoforge-26.1/build/resources/main), folder(D:/javaProjects/dndturn26.1/common/build/classes/java/main), folder(D:/javaProjects/dndturn26.1/targets/neoforge-26.1/build/classes/java/gameTest), folder(D:/javaProjects/dndturn26.1/targets/neoforge-26.1/build/resources/gameTest)))
 - minecraft (composite(filtered(jar(D:/javaProjects/dndturn26.1/targets/neoforge-26.1/build/moddev/artifacts/minecraft-patched-26.1.2.84.jar)), filtered(jar(D:/javaProjects/dndturn26.1/targets/neoforge-26.1/build/moddev/artifacts/minecraft-patched-26.1.2.84.jar))))
 - mixinextras.neoforge (jar(C:/Users/RNaim/.gradle/caches/modules-2/files-2.1/net.neoforged/neoforge/26.1.2.84/b725526a2fab2163b9a0a8ce89d435d7cd5d8a88/neoforge-26.1.2.84-universal.jar > mixinextras-neoforge-0.5.4.jar))
 - neoforge (composite(filtered(jar(C:/Users/RNaim/.gradle/caches/modules-2/files-2.1/net.neoforged/neoforge/26.1.2.84/b725526a2fab2163b9a0a8ce89d435d7cd5d8a88/neoforge-26.1.2.84-universal.jar))))
 - net.neoforged.fml.generated (empty(VirtualJar/net.neoforged.fml.generated))
[13:11:01] [main/INFO] [ne.ne.fm.lo.FMLLoader/]: Built game content classloader in 14ms
[13:11:01] [main/INFO] [mixin/]: Compatibility level set to JAVA_25
[13:11:01] [main/WARN] [mixin/]: Reference map 'apricityui.refmap.json' for apricityui.mixins.json could not be read. If this is a development environment you can ignore this message
[13:11:01] [main/INFO] [minecraft/GameTestMainUtil]: Running GameTestMain with cwd 'D:\javaProjects\dndturn26.1\targets\neoforge-26.1\build\gametest-run', universe path 'gametestserver'
[13:11:01] [main/INFO] [MixinExtras|Service/]: Initializing MixinExtras via com.llamalad7.mixinextras.service.MixinExtrasServiceImpl(version=0.5.4).
[13:11:03] [modloading-worker-0/INFO] [ne.ne.ne.co.NeoForgeMod/NEOFORGE-MOD]: NeoForge mod loading, version 26.1.2.84, for MC 26.1.2
[13:11:03] [modloading-sync-worker/INFO] [co.si.ap.ne.ap.NetworkAutoRegistration/]: [NetworkAutoReg] Metadata scan found: 4 | added: 4 | skipped: 0
[13:11:04] [main/INFO] [minecraft/RecipeManager]: Loaded 1515 recipes
[13:11:04] [main/INFO] [minecraft/AdvancementTree]: Loaded 1617 advancements
[13:11:04] [main/INFO] [ne.ne.ne.co.cr.RecipePriorityManager/]: Loaded 0 recipe priority overrides
[13:11:04] [Server thread/INFO] [minecraft/LoggingLevelLoadListener]: Selecting global world spawn...
[13:11:04] [Server thread/INFO] [minecraft/LoggingLevelLoadListener]: Loading 0 persistent chunks...
[13:11:04] [Server thread/INFO] [minecraft/LoggingLevelLoadListener]: Preparing spawn area: 100%
[13:11:04] [Server thread/INFO] [minecraft/LoggingLevelLoadListener]: Time elapsed: 176 ms
[13:11:04] [Server thread/INFO] [minecraft/GameTestServer]: Started game test server
[13:11:04] [Server thread/INFO] [ne.ne.ne.se.pe.PermissionAPI/]: Successfully initialized permission handler neoforge:default_handler
[13:11:04] [Server thread/INFO] [minecraft/GameTestServer]: 54 tests are now running at position -12020596, -59, -877313!
[13:11:05] [Server thread/INFO] [minecraft/GameTestRunner]: Running test environment 'dndturn:environment_tnt' batch 0 (1 tests)...
[13:11:05] [Server thread/INFO] [minecraft/GameTestServer]: [                                                      ]
[13:11:05] [Server thread/INFO] [minecraft/GameTestServer]: [                                                      ]
[13:11:05] [Server thread/INFO] [minecraft/PlayerList]: test-mock-player[embedded] logged in with entity id 1 at (0.0, 0.0, 0.0)
[13:11:05] [Server thread/INFO] [minecraft/MinecraftServer]: test-mock-player joined the game
[13:11:06] [Server thread/INFO] [minecraft/GameTestServer]: [_                                                     ]
[13:11:06] [Server thread/INFO] [minecraft/GameTestServer]: [_                                                     ]
[13:11:06] [Server thread/INFO] [minecraft/GameTestServer]: [_                                                     ]
[13:11:06] [Server thread/INFO] [minecraft/GameTestServer]: [_                                                     ]
[13:11:06] [Server thread/INFO] [minecraft/GameTestServer]: [_                                                     ]
[13:11:06] [Server thread/INFO] [minecraft/GameTestServer]: [_                                                     ]
[13:11:06] [Server thread/INFO] [minecraft/GameTestServer]: [_                                                     ]
[13:11:06] [Server thread/INFO] [minecraft/GameTestServer]: [_                                                     ]
[13:11:06] [Server thread/INFO] [minecraft/GameTestServer]: [_                                                     ]
[13:11:06] [Server thread/INFO] [minecraft/GameTestRunner]: Running test environment 'dndturn:tactical_plan' batch 0 (1 tests)...
[13:11:06] [Server thread/INFO] [minecraft/PlayerList]: test-mock-player[embedded] logged in with entity id 7 at (0.0, 0.0, 0.0)
[13:11:06] [Server thread/INFO] [minecraft/MinecraftServer]: test-mock-player joined the game
[13:11:06] [Server thread/INFO] [minecraft/GameTestServer]: [+_                                                    ]
[13:11:06] [Server thread/INFO] [minecraft/MinecraftServer]: test-mock-player has made the advancement [Isn't It Iron Pick]
[13:11:06] [Server thread/INFO] [minecraft/GameTestServer]: [+_                                                    ]
[13:11:06] [Server thread/INFO] [minecraft/GameTestRunner]: Running test environment 'dndturn:tactical_behaviors' batch 0 (3 tests)...
[13:11:06] [Server thread/INFO] [minecraft/GameTestServer]: [++                                                    ]
[13:11:06] [Server thread/INFO] [minecraft/GameTestServer]: [++                                                    ]
[13:11:06] [Server thread/INFO] [minecraft/GameTestServer]: [++                                                    ]
[13:11:06] [Server thread/INFO] [minecraft/GameTestServer]: [++                                                    ]
[13:11:06] [Server thread/INFO] [minecraft/GameTestServer]: [++                                                    ]
[13:11:06] [Server thread/INFO] [minecraft/GameTestServer]: [++                                                    ]
[13:11:06] [Server thread/INFO] [minecraft/GameTestServer]: [++                                                    ]
[13:11:06] [Server thread/INFO] [minecraft/GameTestServer]: [++                                                    ]
[13:11:06] [Server thread/INFO] [minecraft/GameTestServer]: [++                                                    ]
[13:11:06] [Server thread/INFO] [minecraft/GameTestServer]: [++                                                    ]
[13:11:06] [Server thread/INFO] [minecraft/GameTestServer]: [++                                                    ]
[13:11:06] [Server thread/INFO] [minecraft/PlayerList]: test-mock-player[embedded] logged in with entity id 14 at (0.0, 0.0, 0.0)
[13:11:06] [Server thread/INFO] [minecraft/MinecraftServer]: test-mock-player joined the game
[13:11:07] [Server thread/INFO] [minecraft/PlayerList]: test-mock-player[embedded] logged in with entity id 16 at (0.0, 0.0, 0.0)
[13:11:07] [Server thread/INFO] [minecraft/MinecraftServer]: test-mock-player joined the game
[13:11:07] [Server thread/INFO] [minecraft/PlayerList]: test-mock-player[embedded] logged in with entity id 18 at (0.0, 0.0, 0.0)
[13:11:07] [Server thread/INFO] [minecraft/MinecraftServer]: test-mock-player joined the game
[13:11:07] [Server thread/INFO] [minecraft/MinecraftServer]: test-mock-player has made the advancement [Monster Hunter]
[13:11:07] [Server thread/INFO] [minecraft/LivingEntity]: Named entity Zombie['Behavior target'/19, l='ServerLevel[Test Level]', x=-11959553.50, y=93.00, z=-877310.50] died: death.attack.dndturn.tactical
[13:11:07] [Server thread/INFO] [minecraft/GameTestServer]: [++__+                                                 ]
[13:11:07] [Server thread/INFO] [minecraft/GameTestServer]: [++__+                                                 ]
[13:11:07] [Server thread/INFO] [minecraft/GameTestServer]: [++_++                                                 ]
[13:11:07] [Server thread/INFO] [minecraft/GameTestRunner]: Running test environment 'dndturn:movement_regressions' batch 0 (1 tests)...
[13:11:07] [Server thread/INFO] [minecraft/GameTestServer]: [+++++_                                                ]
[13:11:07] [Server thread/INFO] [minecraft/GameTestServer]: [+++++_                                                ]
[13:11:07] [Server thread/INFO] [minecraft/GameTestServer]: [+++++_                                                ]
[13:11:07] [Server thread/INFO] [minecraft/PlayerList]: tactical-test[embedded] logged in with entity id 23 at (0.0, 0.0, 0.0)
[13:11:07] [Server thread/INFO] [minecraft/MinecraftServer]: tactical-test joined the game
[13:11:07] [Server thread/INFO] [minecraft/GameTestRunner]: Running test environment 'dndturn:environment_classification' batch 0 (1 tests)...
[13:11:07] [Server thread/INFO] [minecraft/PlayerList]: test-mock-player[embedded] logged in with entity id 25 at (0.0, 0.0, 0.0)
[13:11:07] [Server thread/INFO] [minecraft/MinecraftServer]: test-mock-player joined the game
[13:11:07] [Server thread/INFO] [minecraft/GameTestServer]: [++++++_                                               ]
[13:11:07] [Server thread/INFO] [minecraft/GameTestServer]: [++++++_                                               ]
[13:11:07] [Server thread/INFO] [minecraft/GameTestRunner]: Running test environment 'dndturn:body_control' batch 0 (1 tests)...
[13:11:08] [Server thread/INFO] [minecraft/PlayerList]: tactical-test[embedded] logged in with entity id 29 at (0.0, 0.0, 0.0)
[13:11:08] [Server thread/INFO] [minecraft/MinecraftServer]: tactical-test joined the game
[13:11:08] [Server thread/INFO] [minecraft/GameTestServer]: [+++++++_                                              ]
[13:11:08] [Server thread/INFO] [minecraft/GameTestServer]: [+++++++_                                              ]
[13:11:08] [Server thread/INFO] [minecraft/GameTestServer]: [+++++++_                                              ]
[13:11:08] [Server thread/INFO] [minecraft/GameTestRunner]: Running test environment 'dndturn:merge_world_boundary' batch 0 (1 tests)...
[13:11:08] [Server thread/INFO] [minecraft/PlayerList]: test-mock-player[embedded] logged in with entity id 34 at (0.0, 0.0, 0.0)
[13:11:08] [Server thread/INFO] [minecraft/MinecraftServer]: test-mock-player joined the game
[13:11:08] [Server thread/INFO] [minecraft/PlayerList]: test-mock-player[embedded] logged in with entity id 35 at (0.0, 0.0, 0.0)
[13:11:08] [Server thread/INFO] [minecraft/MinecraftServer]: test-mock-player joined the game
[13:11:08] [Server thread/INFO] [minecraft/GameTestServer]: [++++++++_                                             ]
[13:11:08] [Server thread/INFO] [minecraft/GameTestRunner]: Running test environment 'dndturn:action_preview' batch 0 (1 tests)...
[13:11:08] [Server thread/INFO] [minecraft/PlayerList]: tactical-test[embedded] logged in with entity id 39 at (0.0, 0.0, 0.0)
[13:11:08] [Server thread/INFO] [minecraft/MinecraftServer]: tactical-test joined the game
action_preview flat A*: slices=4, charged probes=73
[13:11:08] [Server thread/INFO] [minecraft/MinecraftServer]: tactical-test has made the advancement [Take Aim]
[13:11:08] [Server thread/INFO] [minecraft/GameTestRunner]: Running test environment 'dndturn:tactical_ranged' batch 0 (1 tests)...
[13:11:08] [Server thread/INFO] [minecraft/GameTestServer]: [++++++++++_                                           ]
[13:11:08] [Server thread/INFO] [minecraft/GameTestServer]: [++++++++++_                                           ]
[13:11:08] [Server thread/INFO] [minecraft/GameTestServer]: [++++++++++_                                           ]
[13:11:08] [Server thread/INFO] [minecraft/PlayerList]: test-mock-player[embedded] logged in with entity id 44 at (0.0, 0.0, 0.0)
[13:11:08] [Server thread/INFO] [minecraft/MinecraftServer]: test-mock-player joined the game
[13:11:09] [Server thread/INFO] [minecraft/GameTestServer]: [++++++++++_                                           ]
[13:11:09] [Server thread/INFO] [minecraft/GameTestServer]: [++++++++++_                                           ]
[13:11:09] [Server thread/INFO] [minecraft/GameTestRunner]: Running test environment 'dndturn:environment_processes' batch 0 (1 tests)...
[13:11:09] [Server thread/INFO] [minecraft/PlayerList]: test-mock-player[embedded] logged in with entity id 47 at (0.0, 0.0, 0.0)
[13:11:09] [Server thread/INFO] [minecraft/MinecraftServer]: test-mock-player joined the game
[13:11:09] [Server thread/INFO] [minecraft/GameTestServer]: [+++++++++++_                                          ]
[13:11:09] [Server thread/INFO] [minecraft/GameTestServer]: [+++++++++++_                                          ]
[13:11:09] [Server thread/INFO] [minecraft/GameTestRunner]: Running test environment 'dndturn:tactical_snowball' batch 0 (1 tests)...
[13:11:09] [Server thread/INFO] [minecraft/GameTestServer]: [++++++++++++_                                         ]
[13:11:09] [Server thread/INFO] [minecraft/GameTestServer]: [++++++++++++_                                         ]
[13:11:09] [Server thread/INFO] [minecraft/GameTestServer]: [++++++++++++_                                         ]
[13:11:09] [Server thread/INFO] [minecraft/PlayerList]: test-mock-player[embedded] logged in with entity id 51 at (0.0, 0.0, 0.0)
[13:11:09] [Server thread/INFO] [minecraft/MinecraftServer]: test-mock-player joined the game
[13:11:09] [Server thread/INFO] [minecraft/GameTestServer]: [++++++++++++_                                         ]
[13:11:09] [Server thread/INFO] [minecraft/GameTestRunner]: Running test environment 'dndturn:player_only_start' batch 0 (1 tests)...
[13:11:09] [Server thread/INFO] [minecraft/PlayerList]: test-mock-player[embedded] logged in with entity id 54 at (0.0, 0.0, 0.0)
[13:11:09] [Server thread/INFO] [minecraft/MinecraftServer]: test-mock-player joined the game
[13:11:09] [Server thread/INFO] [minecraft/GameTestServer]: [+++++++++++++_                                        ]
[13:11:09] [Server thread/INFO] [minecraft/GameTestServer]: [+++++++++++++_                                        ]
[13:11:09] [Server thread/INFO] [minecraft/GameTestRunner]: Running test environment 'dndturn:consent_regressions' batch 0 (1 tests)...
[13:11:09] [Server thread/INFO] [minecraft/PlayerList]: exit-test-player[embedded] logged in with entity id 55 at (0.0, 0.0, 0.0)
[13:11:09] [Server thread/INFO] [minecraft/MinecraftServer]: exit-test-player joined the game
[13:11:09] [Server thread/INFO] [minecraft/PlayerList]: exit-test-player[embedded] logged in with entity id 56 at (0.0, 0.0, 0.0)
[13:11:09] [Server thread/INFO] [minecraft/MinecraftServer]: exit-test-player joined the game
[13:11:09] [Server thread/INFO] [minecraft/PlayerList]: exit-test-player[embedded] logged in with entity id 57 at (0.0, 0.0, 0.0)
[13:11:09] [Server thread/INFO] [minecraft/MinecraftServer]: exit-test-player joined the game
[13:11:09] [Server thread/INFO] [minecraft/GameTestServer]: [++++++++++++++_                                       ]
[13:11:09] [Server thread/INFO] [minecraft/GameTestServer]: [++++++++++++++_                                       ]
[13:11:09] [Server thread/INFO] [minecraft/GameTestServer]: [++++++++++++++_                                       ]
[13:11:09] [Server thread/INFO] [minecraft/GameTestServer]: [++++++++++++++_                                       ]
[13:11:09] [Server thread/INFO] [minecraft/GameTestServer]: [++++++++++++++_                                       ]
[13:11:09] [Server thread/INFO] [minecraft/GameTestServer]: [++++++++++++++_                                       ]
[13:11:09] [Server thread/INFO] [minecraft/GameTestServer]: [++++++++++++++_                                       ]
[13:11:09] [Server thread/INFO] [minecraft/GameTestServer]: [++++++++++++++_                                       ]
[13:11:09] [Server thread/INFO] [minecraft/GameTestServer]: [++++++++++++++_                                       ]
[13:11:09] [Server thread/INFO] [minecraft/GameTestServer]: [++++++++++++++_                                       ]
[13:11:09] [Server thread/INFO] [minecraft/GameTestServer]: [++++++++++++++_                                       ]
[13:11:09] [Server thread/INFO] [minecraft/GameTestServer]: [++++++++++++++_                                       ]
[13:11:09] [Server thread/INFO] [minecraft/GameTestServer]: [++++++++++++++_                                       ]
[13:11:09] [Server thread/INFO] [minecraft/GameTestServer]: [++++++++++++++_                                       ]
[13:11:09] [Server thread/INFO] [minecraft/GameTestServer]: [++++++++++++++_                                       ]
[13:11:09] [Server thread/INFO] [minecraft/GameTestServer]: [++++++++++++++_                                       ]
[13:11:09] [Server thread/INFO] [minecraft/GameTestServer]: [++++++++++++++_                                       ]
[13:11:09] [Server thread/INFO] [minecraft/GameTestServer]: [++++++++++++++_                                       ]
[13:11:10] [Server thread/INFO] [minecraft/GameTestServer]: [++++++++++++++_                                       ]
[13:11:10] [Server thread/INFO] [minecraft/GameTestServer]: [++++++++++++++_                                       ]
[13:11:10] [Server thread/INFO] [minecraft/GameTestServer]: [++++++++++++++_                                       ]
[13:11:10] [Server thread/INFO] [minecraft/GameTestRunner]: Running test environment 'dndturn:merge_discovery_expansion' batch 0 (1 tests)...
[13:11:10] [Server thread/INFO] [minecraft/PlayerList]: test-mock-player[embedded] logged in with entity id 59 at (0.0, 0.0, 0.0)
[13:11:10] [Server thread/INFO] [minecraft/MinecraftServer]: test-mock-player joined the game
[13:11:10] [Server thread/INFO] [minecraft/PlayerList]: test-mock-player[embedded] logged in with entity id 61 at (0.0, 0.0, 0.0)
[13:11:10] [Server thread/INFO] [minecraft/MinecraftServer]: test-mock-player joined the game
[13:11:10] [Server thread/INFO] [minecraft/PlayerList]: test-mock-player[embedded] logged in with entity id 63 at (0.0, 0.0, 0.0)
[13:11:10] [Server thread/INFO] [minecraft/MinecraftServer]: test-mock-player joined the game
[13:11:10] [Server thread/INFO] [minecraft/GameTestRunner]: Running test environment 'dndturn:navigation_regressions' batch 0 (1 tests)...
[13:11:10] [Server thread/INFO] [minecraft/GameTestServer]: [++++++++++++++++                                      ]
[13:11:10] [Server thread/INFO] [minecraft/GameTestServer]: [++++++++++++++++_                                     ]
[13:11:10] [Server thread/INFO] [minecraft/PlayerList]: tactical-test[embedded] logged in with entity id 68 at (0.0, 0.0, 0.0)
[13:11:10] [Server thread/INFO] [minecraft/MinecraftServer]: tactical-test joined the game
[13:11:10] [Server thread/INFO] [minecraft/GameTestServer]: [++++++++++++++++_                                     ]
[13:11:10] [Server thread/INFO] [minecraft/GameTestRunner]: Running test environment 'minecraft:default' batch 0 (21 tests)...
[13:11:10] [Server thread/INFO] [minecraft/PlayerList]: test-mock-player[embedded] logged in with entity id 73 at (0.0, 0.0, 0.0)
[13:11:10] [Server thread/INFO] [minecraft/MinecraftServer]: test-mock-player joined the game
[13:11:10] [Server thread/INFO] [minecraft/PlayerList]: test-mock-player[embedded] logged in with entity id 75 at (0.0, 0.0, 0.0)
[13:11:10] [Server thread/INFO] [minecraft/MinecraftServer]: test-mock-player joined the game
[13:11:10] [Server thread/INFO] [minecraft/MinecraftServer]: test-mock-player has made the advancement [Monster Hunter]
[13:11:10] [Server thread/INFO] [minecraft/PlayerList]: test-mock-player[embedded] logged in with entity id 81 at (0.0, 0.0, 0.0)
[13:11:10] [Server thread/INFO] [minecraft/MinecraftServer]: test-mock-player joined the game
[13:11:10] [Server thread/INFO] [minecraft/PlayerList]: candidate-review-player[embedded] logged in with entity id 83 at (0.0, 0.0, 0.0)
[13:11:10] [Server thread/INFO] [minecraft/MinecraftServer]: candidate-review-player joined the game
[13:11:10] [Server thread/INFO] [minecraft/PlayerList]: test-mock-player[embedded] logged in with entity id 86 at (0.0, 0.0, 0.0)
[13:11:10] [Server thread/INFO] [minecraft/MinecraftServer]: test-mock-player joined the game
[13:11:10] [Server thread/INFO] [minecraft/PlayerList]: test-mock-player[embedded] logged in with entity id 88 at (0.0, 0.0, 0.0)
[13:11:10] [Server thread/INFO] [minecraft/MinecraftServer]: test-mock-player joined the game
[13:11:10] [Server thread/INFO] [minecraft/PlayerList]: test-mock-player[embedded] logged in with entity id 89 at (0.0, 0.0, 0.0)
[13:11:10] [Server thread/INFO] [minecraft/MinecraftServer]: test-mock-player joined the game
[13:11:10] [Server thread/INFO] [minecraft/PlayerList]: exit-test-player[embedded] logged in with entity id 93 at (0.0, 0.0, 0.0)
[13:11:10] [Server thread/INFO] [minecraft/MinecraftServer]: exit-test-player joined the game
[13:11:10] [Server thread/INFO] [minecraft/PlayerList]: exit-test-player[embedded] logged in with entity id 95 at (0.0, 0.0, 0.0)
[13:11:10] [Server thread/INFO] [minecraft/MinecraftServer]: exit-test-player joined the game
[13:11:10] [Server thread/INFO] [minecraft/PlayerList]: tactical-test[embedded] logged in with entity id 96 at (0.0, 0.0, 0.0)
[13:11:10] [Server thread/INFO] [minecraft/MinecraftServer]: tactical-test joined the game
[13:11:10] [Server thread/INFO] [minecraft/PlayerList]: test-mock-player[embedded] logged in with entity id 100 at (0.0, 0.0, 0.0)
[13:11:10] [Server thread/INFO] [minecraft/MinecraftServer]: test-mock-player joined the game
[13:11:11] [Server thread/ERROR] [cc.si.dn.co.ServerCombatService/]: Combat save cannot be safely restored; preserving it and disabling new encounters
java.lang.IllegalArgumentException: active encounter lacks captured settings or session sequence
	at TRANSFORMER/dndturn@1.0.0-SNAPSHOT/cc.sighs.dndturn.combat.CombatRecoveryCandidate.validate(CombatRecoveryCandidate.java:13) ~[main/:?] {}
	at TRANSFORMER/dndturn@1.0.0-SNAPSHOT/cc.sighs.dndturn.combat.ServerCombatService.<init>(ServerCombatService.java:290) [main/:?] {}
	at TRANSFORMER/dndturn@1.0.0-SNAPSHOT/cc.sighs.dndturn.combat.ServerCombatService.restoreForGameTest(ServerCombatService.java:374) [main/:?] {}
	at TRANSFORMER/dndturn@1.0.0-SNAPSHOT/cc.sighs.dndturn.gametest.RepairGameTests.values(RepairGameTests.java:124) [main/:?] {}
	at TRANSFORMER/minecraft@26.1.2/net.minecraft.gametest.framework.FunctionGameTestInstance.run(FunctionGameTestInstance.java:34) [minecraft-patched-26.1.2.84.jar:?] {}
	at TRANSFORMER/minecraft@26.1.2/net.minecraft.gametest.framework.GameTestInfo.startTest(GameTestInfo.java:163) [minecraft-patched-26.1.2.84.jar:?] {neoforge:access_transformer}
	at TRANSFORMER/minecraft@26.1.2/net.minecraft.gametest.framework.GameTestInfo.tickInternal(GameTestInfo.java:119) [minecraft-patched-26.1.2.84.jar:?] {neoforge:access_transformer}
	at TRANSFORMER/minecraft@26.1.2/net.minecraft.gametest.framework.GameTestInfo.tick(GameTestInfo.java:104) [minecraft-patched-26.1.2.84.jar:?] {neoforge:access_transformer}
	at TRANSFORMER/minecraft@26.1.2/net.minecraft.gametest.framework.GameTestTicker.lambda$tick$0(GameTestTicker.java:47) [minecraft-patched-26.1.2.84.jar:?] {}
	at java.base/java.util.concurrent.CopyOnWriteArrayList.forEach(CopyOnWriteArrayList.java:905) [?:?] {}
	at TRANSFORMER/minecraft@26.1.2/net.minecraft.gametest.framework.GameTestTicker.tick(GameTestTicker.java:47) [minecraft-patched-26.1.2.84.jar:?] {}
	at TRANSFORMER/minecraft@26.1.2/net.minecraft.server.MinecraftServer.tickChildren(MinecraftServer.java:1171) [minecraft-patched-26.1.2.84.jar:?] {neoforge:access_transformer,neoforge:access_transformer,neoforge:mixin[APP:dndturn.mixins.json:MinecraftServerWorldTickBoundaryMixin from mod dndturn]}
	at TRANSFORMER/minecraft@26.1.2/net.minecraft.server.MinecraftServer.tickServer(MinecraftServer.java:1003) [minecraft-patched-26.1.2.84.jar:?] {neoforge:access_transformer,neoforge:access_transformer,neoforge:mixin[APP:dndturn.mixins.json:MinecraftServerWorldTickBoundaryMixin from mod dndturn]}
	at TRANSFORMER/minecraft@26.1.2/net.minecraft.gametest.framework.GameTestServer.tickServer(GameTestServer.java:255) [minecraft-patched-26.1.2.84.jar:?] {}
	at TRANSFORMER/minecraft@26.1.2/net.minecraft.server.MinecraftServer.processPacketsAndTick(MinecraftServer.java:1035) [minecraft-patched-26.1.2.84.jar:?] {neoforge:access_transformer,neoforge:access_transformer,neoforge:mixin[APP:dndturn.mixins.json:MinecraftServerWorldTickBoundaryMixin from mod dndturn]}
	at TRANSFORMER/minecraft@26.1.2/net.minecraft.server.MinecraftServer.runServer(MinecraftServer.java:776) [minecraft-patched-26.1.2.84.jar:?] {neoforge:access_transformer,neoforge:access_transformer,neoforge:mixin[APP:dndturn.mixins.json:MinecraftServerWorldTickBoundaryMixin from mod dndturn]}
	at TRANSFORMER/minecraft@26.1.2/net.minecraft.server.MinecraftServer.lambda$spin$0(MinecraftServer.java:300) [minecraft-patched-26.1.2.84.jar:?] {neoforge:access_transformer,neoforge:access_transformer,neoforge:mixin[APP:dndturn.mixins.json:MinecraftServerWorldTickBoundaryMixin from mod dndturn]}
	at java.base/java.lang.Thread.run(Thread.java:1474) [?:?] {}
[13:11:11] [Server thread/INFO] [minecraft/PlayerList]: test-mock-player[embedded] logged in with entity id 108 at (0.0, 0.0, 0.0)
[13:11:11] [Server thread/INFO] [minecraft/MinecraftServer]: test-mock-player joined the game
[13:11:11] [Server thread/WARN] [cc.si.dn.co.ServerCombatService/]: Restored encounter 6083c236-de65-42d1-af7d-d22c461f7430 released: membersPresent=false unknownOperations=1
[13:11:11] [Server thread/INFO] [minecraft/PlayerList]: test-mock-player[embedded] logged in with entity id 109 at (0.0, 0.0, 0.0)
[13:11:11] [Server thread/INFO] [minecraft/MinecraftServer]: test-mock-player joined the game
[13:11:11] [Server thread/INFO] [minecraft/PlayerList]: test-mock-player[embedded] logged in with entity id 113 at (0.0, 0.0, 0.0)
[13:11:11] [Server thread/INFO] [minecraft/MinecraftServer]: test-mock-player joined the game
[13:11:11] [Server thread/INFO] [minecraft/PlayerList]: test-mock-player[embedded] logged in with entity id 115 at (0.0, 0.0, 0.0)
[13:11:11] [Server thread/INFO] [minecraft/MinecraftServer]: test-mock-player joined the game
[13:11:11] [Server thread/INFO] [minecraft/GameTestServer]: [+++++++++++++++++++++++++++++_+_+_+_++                ]
[13:11:11] [Server thread/INFO] [minecraft/PlayerList]: test-mock-player[embedded] logged in with entity id 121 at (0.0, 0.0, 0.0)
[13:11:11] [Server thread/INFO] [minecraft/MinecraftServer]: test-mock-player joined the game
[13:11:11] [Server thread/INFO] [minecraft/PlayerList]: test-mock-player[embedded] logged in with entity id 130 at (0.0, 0.0, 0.0)
[13:11:11] [Server thread/INFO] [minecraft/MinecraftServer]: test-mock-player joined the game
[13:11:11] [Server thread/INFO] [minecraft/GameTestServer]: [+++++++++++++++++++++++++++++_+++_++++                ]
[13:11:11] [Server thread/INFO] [minecraft/GameTestServer]: [+++++++++++++++++++++++++++++_+++_++++                ]
[13:11:12] [Server thread/INFO] [minecraft/GameTestServer]: [+++++++++++++++++++++++++++++++++_++++                ]
[13:11:12] [Server thread/INFO] [minecraft/GameTestServer]: [+++++++++++++++++++++++++++++++++_++++                ]
[13:11:12] [Server thread/INFO] [minecraft/GameTestRunner]: Running test environment 'dndturn:arrow_regressions' batch 0 (9 tests)...
[13:11:12] [Server thread/INFO] [minecraft/PlayerList]: test-mock-player[embedded] logged in with entity id 143 at (0.0, 0.0, 0.0)
[13:11:12] [Server thread/INFO] [minecraft/MinecraftServer]: test-mock-player joined the game
[13:11:12] [Server thread/INFO] [minecraft/PlayerList]: test-mock-player[embedded] logged in with entity id 144 at (0.0, 0.0, 0.0)
[13:11:12] [Server thread/INFO] [minecraft/MinecraftServer]: test-mock-player joined the game
[13:11:12] [Server thread/INFO] [minecraft/PlayerList]: test-mock-player[embedded] logged in with entity id 147 at (0.0, 0.0, 0.0)
[13:11:12] [Server thread/INFO] [minecraft/MinecraftServer]: test-mock-player joined the game
[13:11:12] [Server thread/INFO] [minecraft/PlayerList]: test-mock-player[embedded] logged in with entity id 148 at (0.0, 0.0, 0.0)
[13:11:12] [Server thread/INFO] [minecraft/MinecraftServer]: test-mock-player joined the game
[13:11:12] [Server thread/INFO] [minecraft/PlayerList]: test-mock-player[embedded] logged in with entity id 151 at (0.0, 0.0, 0.0)
[13:11:12] [Server thread/INFO] [minecraft/MinecraftServer]: test-mock-player joined the game
[13:11:12] [Server thread/INFO] [minecraft/PlayerList]: test-mock-player[embedded] logged in with entity id 152 at (0.0, 0.0, 0.0)
[13:11:12] [Server thread/INFO] [minecraft/MinecraftServer]: test-mock-player joined the game
[13:11:12] [Server thread/INFO] [minecraft/PlayerList]: test-mock-player[embedded] logged in with entity id 155 at (0.0, 0.0, 0.0)
[13:11:12] [Server thread/INFO] [minecraft/MinecraftServer]: test-mock-player joined the game
[13:11:12] [Server thread/INFO] [minecraft/PlayerList]: test-mock-player[embedded] logged in with entity id 156 at (0.0, 0.0, 0.0)
[13:11:12] [Server thread/INFO] [minecraft/MinecraftServer]: test-mock-player joined the game
[13:11:13] [Server thread/INFO] [minecraft/PlayerList]: test-mock-player[embedded] logged in with entity id 159 at (0.0, 0.0, 0.0)
[13:11:13] [Server thread/INFO] [minecraft/MinecraftServer]: test-mock-player joined the game
[13:11:13] [Server thread/INFO] [minecraft/PlayerList]: test-mock-player[embedded] logged in with entity id 160 at (0.0, 0.0, 0.0)
[13:11:13] [Server thread/INFO] [minecraft/MinecraftServer]: test-mock-player joined the game
[13:11:13] [Server thread/INFO] [minecraft/GameTestServer]: [++++++++++++++++++++++++++++++++++++++_________       ]
[13:11:13] [Server thread/INFO] [minecraft/PlayerList]: test-mock-player[embedded] logged in with entity id 171 at (0.0, 0.0, 0.0)
[13:11:13] [Server thread/INFO] [minecraft/MinecraftServer]: test-mock-player joined the game
[13:11:13] [Server thread/INFO] [minecraft/PlayerList]: test-mock-player[embedded] logged in with entity id 172 at (0.0, 0.0, 0.0)
[13:11:13] [Server thread/INFO] [minecraft/MinecraftServer]: test-mock-player joined the game
[13:11:13] [Server thread/INFO] [minecraft/PlayerList]: test-mock-player[embedded] logged in with entity id 173 at (0.0, 0.0, 0.0)
[13:11:13] [Server thread/INFO] [minecraft/MinecraftServer]: test-mock-player joined the game
[13:11:13] [Server thread/INFO] [minecraft/PlayerList]: test-mock-player[embedded] logged in with entity id 174 at (0.0, 0.0, 0.0)
[13:11:13] [Server thread/INFO] [minecraft/MinecraftServer]: test-mock-player joined the game
[13:11:13] [Server thread/INFO] [minecraft/GameTestServer]: [++++++++++++++++++++++++++++++++++++++__+__+++_       ]
[13:11:14] [Server thread/INFO] [minecraft/GameTestServer]: [++++++++++++++++++++++++++++++++++++++__+_+++++       ]
[13:11:14] [Server thread/INFO] [minecraft/GameTestServer]: [++++++++++++++++++++++++++++++++++++++__+_+++++       ]
[13:11:14] [Server thread/INFO] [minecraft/GameTestServer]: [++++++++++++++++++++++++++++++++++++++__+_+++++       ]
[13:11:14] [Server thread/INFO] [minecraft/GameTestServer]: [++++++++++++++++++++++++++++++++++++++__+_+++++       ]
[13:11:14] [Server thread/INFO] [minecraft/GameTestServer]: [++++++++++++++++++++++++++++++++++++++_++_+++++       ]
[13:11:14] [Server thread/INFO] [minecraft/GameTestRunner]: Running test environment 'dndturn:environment_clock' batch 0 (1 tests)...
[13:11:14] [Server thread/INFO] [minecraft/GameTestServer]: [+++++++++++++++++++++++++++++++++++++++++++++++       ]
[13:11:14] [Server thread/INFO] [minecraft/GameTestServer]: [+++++++++++++++++++++++++++++++++++++++++++++++       ]
[13:11:14] [Server thread/INFO] [minecraft/PlayerList]: test-mock-player[embedded] logged in with entity id 185 at (0.0, 0.0, 0.0)
[13:11:14] [Server thread/INFO] [minecraft/MinecraftServer]: test-mock-player joined the game
[13:11:14] [Server thread/INFO] [minecraft/GameTestServer]: [+++++++++++++++++++++++++++++++++++++++++++++++_      ]
[13:11:14] [Server thread/INFO] [minecraft/GameTestServer]: [+++++++++++++++++++++++++++++++++++++++++++++++_      ]
[13:11:14] [Server thread/INFO] [minecraft/GameTestServer]: [+++++++++++++++++++++++++++++++++++++++++++++++_      ]
[13:11:14] [Server thread/INFO] [minecraft/GameTestServer]: [+++++++++++++++++++++++++++++++++++++++++++++++_      ]
[13:11:14] [Server thread/INFO] [minecraft/GameTestServer]: [+++++++++++++++++++++++++++++++++++++++++++++++_      ]
[13:11:14] [Server thread/INFO] [minecraft/GameTestRunner]: Running test environment 'dndturn:environment_circuits' batch 0 (1 tests)...
[13:11:14] [Server thread/INFO] [minecraft/PlayerList]: test-mock-player[embedded] logged in with entity id 186 at (0.0, 0.0, 0.0)
[13:11:14] [Server thread/INFO] [minecraft/MinecraftServer]: test-mock-player joined the game
[13:11:14] [Server thread/INFO] [minecraft/GameTestServer]: [++++++++++++++++++++++++++++++++++++++++++++++++_     ]
[13:11:14] [Server thread/INFO] [minecraft/GameTestServer]: [++++++++++++++++++++++++++++++++++++++++++++++++_     ]
[13:11:14] [Server thread/INFO] [minecraft/GameTestServer]: [++++++++++++++++++++++++++++++++++++++++++++++++_     ]
[13:11:14] [Server thread/INFO] [minecraft/GameTestServer]: [++++++++++++++++++++++++++++++++++++++++++++++++_     ]
[13:11:14] [Server thread/INFO] [minecraft/GameTestServer]: [++++++++++++++++++++++++++++++++++++++++++++++++_     ]
[13:11:14] [Server thread/INFO] [minecraft/GameTestServer]: [++++++++++++++++++++++++++++++++++++++++++++++++_     ]
[13:11:14] [Server thread/INFO] [minecraft/GameTestServer]: [++++++++++++++++++++++++++++++++++++++++++++++++_     ]
[13:11:14] [Server thread/INFO] [minecraft/GameTestServer]: [++++++++++++++++++++++++++++++++++++++++++++++++_     ]
[13:11:14] [Server thread/INFO] [minecraft/GameTestServer]: [++++++++++++++++++++++++++++++++++++++++++++++++_     ]
[13:11:14] [Server thread/INFO] [minecraft/GameTestRunner]: Running test environment 'dndturn:restart_history' batch 0 (1 tests)...
[13:11:14] [Server thread/INFO] [minecraft/PlayerList]: tactical-test[embedded] logged in with entity id 188 at (0.0, 0.0, 0.0)
[13:11:14] [Server thread/INFO] [minecraft/MinecraftServer]: tactical-test joined the game
[13:11:14] [Server thread/INFO] [minecraft/GameTestServer]: [+++++++++++++++++++++++++++++++++++++++++++++++++_    ]
DNDTURN_RESTART_WRITE_READY encounter=f8c3c937-d33e-40ad-b7df-f7c8e836d0e7 operation=f2b77eaa-1d32-4c72-8077-4cb56e5d0056
[13:11:14] [Server thread/INFO] [minecraft/GameTestRunner]: Running test environment 'dndturn:environment_domains' batch 0 (1 tests)...
[13:11:14] [Server thread/INFO] [minecraft/PlayerList]: test-mock-player[embedded] logged in with entity id 189 at (0.0, 0.0, 0.0)
[13:11:14] [Server thread/INFO] [minecraft/MinecraftServer]: test-mock-player joined the game
[13:11:14] [Server thread/INFO] [minecraft/PlayerList]: test-mock-player[embedded] logged in with entity id 190 at (0.0, 0.0, 0.0)
[13:11:14] [Server thread/INFO] [minecraft/MinecraftServer]: test-mock-player joined the game
[13:11:14] [Server thread/INFO] [minecraft/GameTestServer]: [++++++++++++++++++++++++++++++++++++++++++++++++++_   ]
[13:11:14] [Server thread/INFO] [minecraft/GameTestServer]: [++++++++++++++++++++++++++++++++++++++++++++++++++_   ]
[13:11:14] [Server thread/WARN] [cc.si.dn.co.EnvironmentExplosion/]: ENVIRONMENT_DOMAIN_MISMATCH step=00ffec45-5be3-4f21-8d49-722b6d0b5f72 source=6317f3e7-210e-4b02-949b-732362d3852b rejectedEntities=1 rejectedBlocks=14
[13:11:15] [Server thread/INFO] [minecraft/GameTestRunner]: Running test environment 'dndturn:tactical_crossbow' batch 0 (1 tests)...
[13:11:15] [Server thread/INFO] [minecraft/GameTestServer]: [+++++++++++++++++++++++++++++++++++++++++++++++++++_  ]
[13:11:15] [Server thread/INFO] [minecraft/GameTestServer]: [+++++++++++++++++++++++++++++++++++++++++++++++++++_  ]
[13:11:15] [Server thread/INFO] [minecraft/GameTestServer]: [+++++++++++++++++++++++++++++++++++++++++++++++++++_  ]
[13:11:15] [Server thread/INFO] [minecraft/PlayerList]: test-mock-player[embedded] logged in with entity id 196 at (0.0, 0.0, 0.0)
[13:11:15] [Server thread/INFO] [minecraft/MinecraftServer]: test-mock-player joined the game
[13:11:15] [Server thread/INFO] [minecraft/GameTestServer]: [+++++++++++++++++++++++++++++++++++++++++++++++++++_  ]
[13:11:15] [Server thread/INFO] [minecraft/GameTestServer]: [+++++++++++++++++++++++++++++++++++++++++++++++++++_  ]
[13:11:15] [Server thread/INFO] [minecraft/MinecraftServer]: test-mock-player has made the advancement [Ol' Betsy]
[13:11:15] [Server thread/INFO] [minecraft/GameTestRunner]: Running test environment 'dndturn:scheduled_tick_hold' batch 0 (1 tests)...
[13:11:15] [Server thread/INFO] [minecraft/GameTestServer]: [++++++++++++++++++++++++++++++++++++++++++++++++++++_ ]
[13:11:15] [Server thread/INFO] [minecraft/PlayerList]: test-mock-player[embedded] logged in with entity id 199 at (0.0, 0.0, 0.0)
[13:11:15] [Server thread/INFO] [minecraft/MinecraftServer]: test-mock-player joined the game
[13:11:15] [Server thread/INFO] [minecraft/GameTestServer]: [++++++++++++++++++++++++++++++++++++++++++++++++++++_ ]
[13:11:15] [Server thread/INFO] [minecraft/GameTestRunner]: Running test environment 'dndturn:movement_lease_exit' batch 0 (1 tests)...
[13:11:15] [Server thread/INFO] [minecraft/GameTestServer]: [+++++++++++++++++++++++++++++++++++++++++++++++++++++_]
[13:11:15] [Server thread/INFO] [minecraft/GameTestServer]: [+++++++++++++++++++++++++++++++++++++++++++++++++++++_]
[13:11:15] [Server thread/INFO] [minecraft/PlayerList]: test-mock-player[embedded] logged in with entity id 211 at (0.0, 0.0, 0.0)
[13:11:15] [Server thread/INFO] [minecraft/MinecraftServer]: test-mock-player joined the game
[13:11:15] [Server thread/INFO] [minecraft/GameTestServer]: [++++++++++++++++++++++++++++++++++++++++++++++++++++++]
[13:11:15] [Server thread/INFO] [minecraft/GameTestServer]: ========= 54 GAME TESTS COMPLETE IN 10.53 s ======================
[13:11:15] [Server thread/INFO] [minecraft/GameTestServer]: All 54 required tests passed :)
[13:11:15] [Server thread/INFO] [minecraft/GameTestServer]: ====================================================
[13:11:15] [Server thread/INFO] [minecraft/MinecraftServer]: Stopping server
[13:11:15] [Server thread/INFO] [minecraft/MinecraftServer]: Saving players
[13:11:16] [Server thread/INFO] [minecraft/ServerGamePacketListenerImpl]: test-mock-player lost connection: Server closed
[13:11:16] [Server thread/INFO] [minecraft/MinecraftServer]: test-mock-player left the game
[13:11:16] [Server thread/INFO] [minecraft/ServerGamePacketListenerImpl]: test-mock-player lost connection: Server closed
[13:11:16] [Server thread/INFO] [minecraft/MinecraftServer]: test-mock-player left the game
[13:11:16] [Server thread/INFO] [minecraft/ServerGamePacketListenerImpl]: test-mock-player lost connection: Server closed
[13:11:16] [Server thread/INFO] [minecraft/MinecraftServer]: test-mock-player left the game
[13:11:16] [Server thread/INFO] [minecraft/ServerGamePacketListenerImpl]: test-mock-player lost connection: Server closed
[13:11:16] [Server thread/INFO] [minecraft/MinecraftServer]: test-mock-player left the game
[13:11:16] [Server thread/INFO] [minecraft/ServerGamePacketListenerImpl]: test-mock-player lost connection: Server closed
[13:11:16] [Server thread/INFO] [minecraft/MinecraftServer]: test-mock-player left the game
[13:11:16] [Server thread/INFO] [minecraft/ServerGamePacketListenerImpl]: tactical-test lost connection: Server closed
[13:11:16] [Server thread/INFO] [minecraft/MinecraftServer]: tactical-test left the game
[13:11:16] [Server thread/INFO] [minecraft/ServerGamePacketListenerImpl]: test-mock-player lost connection: Server closed
[13:11:16] [Server thread/INFO] [minecraft/MinecraftServer]: test-mock-player left the game
[13:11:16] [Server thread/INFO] [minecraft/ServerGamePacketListenerImpl]: test-mock-player lost connection: Server closed
[13:11:16] [Server thread/INFO] [minecraft/MinecraftServer]: test-mock-player left the game
[13:11:16] [Server thread/INFO] [minecraft/ServerGamePacketListenerImpl]: exit-test-player lost connection: Server closed
[13:11:16] [Server thread/INFO] [minecraft/MinecraftServer]: exit-test-player left the game
[13:11:16] [Server thread/INFO] [minecraft/ServerGamePacketListenerImpl]: test-mock-player lost connection: Server closed
[13:11:16] [Server thread/INFO] [minecraft/MinecraftServer]: test-mock-player left the game
[13:11:16] [Server thread/INFO] [minecraft/ServerGamePacketListenerImpl]: test-mock-player lost connection: Server closed
[13:11:16] [Server thread/INFO] [minecraft/MinecraftServer]: test-mock-player left the game
[13:11:16] [Server thread/INFO] [minecraft/ServerGamePacketListenerImpl]: test-mock-player lost connection: Server closed
[13:11:16] [Server thread/INFO] [minecraft/MinecraftServer]: test-mock-player left the game
[13:11:16] [Server thread/INFO] [minecraft/ServerGamePacketListenerImpl]: test-mock-player lost connection: Server closed
[13:11:16] [Server thread/INFO] [minecraft/MinecraftServer]: test-mock-player left the game
[13:11:16] [Server thread/INFO] [minecraft/ServerGamePacketListenerImpl]: test-mock-player lost connection: Server closed
[13:11:16] [Server thread/INFO] [minecraft/MinecraftServer]: test-mock-player left the game
[13:11:16] [Server thread/INFO] [minecraft/ServerGamePacketListenerImpl]: test-mock-player lost connection: Server closed
[13:11:16] [Server thread/INFO] [minecraft/MinecraftServer]: test-mock-player left the game
[13:11:16] [Server thread/INFO] [minecraft/ServerGamePacketListenerImpl]: exit-test-player lost connection: Server closed
[13:11:16] [Server thread/INFO] [minecraft/MinecraftServer]: exit-test-player left the game
[13:11:16] [Server thread/INFO] [minecraft/ServerGamePacketListenerImpl]: test-mock-player lost connection: Server closed
[13:11:16] [Server thread/INFO] [minecraft/MinecraftServer]: test-mock-player left the game
[13:11:16] [Server thread/INFO] [minecraft/ServerGamePacketListenerImpl]: test-mock-player lost connection: Server closed
[13:11:16] [Server thread/INFO] [minecraft/MinecraftServer]: test-mock-player left the game
[13:11:16] [Server thread/INFO] [minecraft/ServerGamePacketListenerImpl]: test-mock-player lost connection: Server closed
[13:11:16] [Server thread/INFO] [minecraft/MinecraftServer]: test-mock-player left the game
[13:11:16] [Server thread/INFO] [minecraft/ServerGamePacketListenerImpl]: test-mock-player lost connection: Server closed
[13:11:16] [Server thread/INFO] [minecraft/MinecraftServer]: test-mock-player left the game
[13:11:16] [Server thread/INFO] [minecraft/ServerGamePacketListenerImpl]: test-mock-player lost connection: Server closed
[13:11:16] [Server thread/INFO] [minecraft/MinecraftServer]: test-mock-player left the game
[13:11:16] [Server thread/INFO] [minecraft/ServerGamePacketListenerImpl]: test-mock-player lost connection: Server closed
[13:11:16] [Server thread/INFO] [minecraft/MinecraftServer]: test-mock-player left the game
[13:11:16] [Server thread/INFO] [minecraft/ServerGamePacketListenerImpl]: test-mock-player lost connection: Server closed
[13:11:16] [Server thread/INFO] [minecraft/MinecraftServer]: test-mock-player left the game
[13:11:16] [Server thread/INFO] [minecraft/ServerGamePacketListenerImpl]: test-mock-player lost connection: Server closed
[13:11:16] [Server thread/INFO] [minecraft/MinecraftServer]: test-mock-player left the game
[13:11:16] [Server thread/INFO] [minecraft/ServerGamePacketListenerImpl]: test-mock-player lost connection: Server closed
[13:11:16] [Server thread/INFO] [minecraft/MinecraftServer]: test-mock-player left the game
[13:11:16] [Server thread/INFO] [minecraft/ServerGamePacketListenerImpl]: test-mock-player lost connection: Server closed
[13:11:16] [Server thread/INFO] [minecraft/MinecraftServer]: test-mock-player left the game
[13:11:16] [Server thread/INFO] [minecraft/ServerGamePacketListenerImpl]: test-mock-player lost connection: Server closed
[13:11:16] [Server thread/INFO] [minecraft/MinecraftServer]: test-mock-player left the game
[13:11:16] [Server thread/INFO] [minecraft/ServerGamePacketListenerImpl]: test-mock-player lost connection: Server closed
[13:11:16] [Server thread/INFO] [minecraft/MinecraftServer]: test-mock-player left the game
[13:11:16] [Server thread/INFO] [minecraft/ServerGamePacketListenerImpl]: test-mock-player lost connection: Server closed
[13:11:16] [Server thread/INFO] [minecraft/MinecraftServer]: test-mock-player left the game
[13:11:16] [Server thread/INFO] [minecraft/ServerGamePacketListenerImpl]: test-mock-player lost connection: Server closed
[13:11:16] [Server thread/INFO] [minecraft/MinecraftServer]: test-mock-player left the game
[13:11:16] [Server thread/INFO] [minecraft/ServerGamePacketListenerImpl]: test-mock-player lost connection: Server closed
[13:11:16] [Server thread/INFO] [minecraft/MinecraftServer]: test-mock-player left the game
[13:11:16] [Server thread/INFO] [minecraft/MinecraftServer]: Saving worlds
[13:11:16] [Server thread/INFO] [minecraft/MinecraftServer]: Saving chunks for level 'ServerLevel[Test Level]'/minecraft:overworld
[13:11:18] [Server thread/INFO] [minecraft/MinecraftServer]: Saving chunks for level 'ServerLevel[Test Level]'/minecraft:the_nether
[13:11:18] [Server thread/INFO] [minecraft/MinecraftServer]: Saving chunks for level 'ServerLevel[Test Level]'/minecraft:the_end
[13:11:18] [Server thread/INFO] [minecraft/MinecraftServer]: ThreadedAnvilChunkStorage (world): All chunks are saved
[13:11:18] [Server thread/INFO] [minecraft/MinecraftServer]: ThreadedAnvilChunkStorage (DIM-1): All chunks are saved
[13:11:18] [Server thread/INFO] [minecraft/MinecraftServer]: ThreadedAnvilChunkStorage (DIM1): All chunks are saved
[13:11:18] [Server thread/INFO] [minecraft/MinecraftServer]: ThreadedAnvilChunkStorage: All dimensions are saved
[13:11:19] [Server thread/INFO] [minecraft/GameTestServer]: Game test server shutting down

[Incubating] Problems report is available at: file:///D:/javaProjects/dndturn26.1/targets/neoforge-26.1/build/reports/problems/problems-report.html

Deprecated Gradle features were used in this build, making it incompatible with Gradle 10.

You can use '--warning-mode all' to show the individual deprecation warnings and determine if they come from your own scripts or plugins.

For more on this, please refer to https://docs.gradle.org/9.7.1/userguide/command_line_interface.html#sec:command_line_warnings in the Gradle documentation.

BUILD SUCCESSFUL in 26s
13 actionable tasks: 5 executed, 8 up-to-date
