WARNING: A restricted method in java.lang.System has been called
WARNING: java.lang.System::load has been called by net.rubygrapefruit.platform.internal.NativeLibraryLoader in an unnamed module (file:/C:/Users/RNaim/.gradle/wrapper/dists/gradle-9.7.1-bin/1w1c7tv4s851m17nbqdsro2tv/gradle-9.7.1/lib/native-platform-0.22-milestone-29.jar)
WARNING: Use --enable-native-access=ALL-UNNAMED to avoid a warning for callers in this module
WARNING: Restricted methods will be blocked in a future release unless native access is enabled

To honour the JVM settings for this build a single-use Daemon process will be forked. For more on this, please refer to https://docs.gradle.org/9.7.1/userguide/gradle_daemon.html#sec:disabling_the_daemon in the Gradle documentation.
Daemon will be stopped at the end of the build 
> Task :createMinecraftArtifacts UP-TO-DATE
> Task :common:compileJava UP-TO-DATE

> Task :compileJava
注: 某些输入文件使用或覆盖了已过时的 API。
注: 有关详细信息, 请使用 -Xlint:deprecation 重新编译。

> Task :processResources UP-TO-DATE
> Task :common:processResources NO-SOURCE
> Task :common:classes UP-TO-DATE
> Task :classes
> Task :jarJar NO-SOURCE
> Task :jar
> Task :assemble
> Task :compileCompatTestJava
> Task :processCompatTestResources NO-SOURCE
> Task :compatTestClasses

> Task :compileGameTestJava
D:\javaProjects\dndturn26.1\targets\neoforge-26.1\src\gameTest\java\cc\sighs\dndturn\combat\EnvironmentBoundaryTimeChecks.java:27: 警告: [removal] GameTestHelper 中的 makeMockServerPlayerInLevel() 已过时, 且标记为待删除
        var player = h.makeMockServerPlayerInLevel();
                      ^
D:\javaProjects\dndturn26.1\targets\neoforge-26.1\src\gameTest\java\cc\sighs\dndturn\combat\EnvironmentCircuitChecks.java:21: 警告: [removal] GameTestHelper 中的 makeMockServerPlayerInLevel() 已过时, 且标记为待删除
        var player=helper.makeMockServerPlayerInLevel();player.setPos(base.getX()+.5,base.getY(),base.getZ()+.5);
                         ^
D:\javaProjects\dndturn26.1\targets\neoforge-26.1\src\gameTest\java\cc\sighs\dndturn\combat\EnvironmentClassificationChecks.java:19: 警告: [removal] GameTestHelper 中的 makeMockServerPlayerInLevel() 已过时, 且标记为待删除
        var player = helper.makeMockServerPlayerInLevel();
                           ^
D:\javaProjects\dndturn26.1\targets\neoforge-26.1\src\gameTest\java\cc\sighs\dndturn\combat\EnvironmentClockChecks.java:18: 警告: [removal] GameTestHelper 中的 makeMockServerPlayerInLevel() 已过时, 且标记为待删除
        var player=helper.makeMockServerPlayerInLevel();player.setPos(base.getX()+.5,base.getY(),base.getZ()+.5);
                         ^
D:\javaProjects\dndturn26.1\targets\neoforge-26.1\src\gameTest\java\cc\sighs\dndturn\combat\EnvironmentDomainChecks.java:21: 警告: [removal] GameTestHelper 中的 makeMockServerPlayerInLevel() 已过时, 且标记为待删除
        var first=helper.makeMockServerPlayerInLevel();first.setPos(base.getX()+.5,base.getY(),base.getZ()+.5);
                        ^
D:\javaProjects\dndturn26.1\targets\neoforge-26.1\src\gameTest\java\cc\sighs\dndturn\combat\EnvironmentDomainChecks.java:22: 警告: [removal] GameTestHelper 中的 makeMockServerPlayerInLevel() 已过时, 且标记为待删除
        var second=helper.makeMockServerPlayerInLevel();second.setPos(base.getX()+20.5,base.getY(),base.getZ()+.5);
                         ^
D:\javaProjects\dndturn26.1\targets\neoforge-26.1\src\gameTest\java\cc\sighs\dndturn\combat\EnvironmentProcessChecks.java:33: 警告: [removal] GameTestHelper 中的 makeMockServerPlayerInLevel() 已过时, 且标记为待删除
        var player=helper.makeMockServerPlayerInLevel(); player.setPos(base.getX()+.5,base.getY(),base.getZ()+.5);
                         ^
D:\javaProjects\dndturn26.1\targets\neoforge-26.1\src\gameTest\java\cc\sighs\dndturn\combat\EnvironmentTntChecks.java:22: 警告: [removal] GameTestHelper 中的 makeMockServerPlayerInLevel() 已过时, 且标记为待删除
        var player=helper.makeMockServerPlayerInLevel(); player.setPos(base.getX()+.5,base.getY(),base.getZ()+.5);
                         ^
D:\javaProjects\dndturn26.1\targets\neoforge-26.1\src\gameTest\java\cc\sighs\dndturn\combat\MobAbilityLoopChecks.java:71: 警告: [removal] GameTestHelper 中的 makeMockServerPlayerInLevel() 已过时, 且标记为待删除
        var player = helper.makeMockServerPlayerInLevel();
                           ^
D:\javaProjects\dndturn26.1\targets\neoforge-26.1\src\gameTest\java\cc\sighs\dndturn\combat\MobPlanMovementChecks.java:23: 警告: [removal] GameTestHelper 中的 makeMockServerPlayerInLevel() 已过时, 且标记为待删除
        var player=helper.makeMockServerPlayerInLevel();
                         ^
D:\javaProjects\dndturn26.1\targets\neoforge-26.1\src\gameTest\java\cc\sighs\dndturn\gametest\LocalTimeGameTests.java:410: 警告: [removal] GameTestHelper 中的 makeMockServerPlayerInLevel() 已过时, 且标记为待删除
            ServerPlayer player = helper.makeMockServerPlayerInLevel();
                                        ^
D:\javaProjects\dndturn26.1\targets\neoforge-26.1\src\gameTest\java\cc\sighs\dndturn\gametest\LocalTimeGameTests.java:548: 警告: [removal] GameTestHelper 中的 makeMockServerPlayerInLevel() 已过时, 且标记为待删除
        ServerPlayer first = helper.makeMockServerPlayerInLevel();
                                   ^
D:\javaProjects\dndturn26.1\targets\neoforge-26.1\src\gameTest\java\cc\sighs\dndturn\gametest\LocalTimeGameTests.java:549: 警告: [removal] GameTestHelper 中的 makeMockServerPlayerInLevel() 已过时, 且标记为待删除
        ServerPlayer second = helper.makeMockServerPlayerInLevel();
                                    ^
D:\javaProjects\dndturn26.1\targets\neoforge-26.1\src\gameTest\java\cc\sighs\dndturn\gametest\LocalTimeGameTests.java:731: 警告: [removal] GameTestHelper 中的 makeMockServerPlayerInLevel() 已过时, 且标记为待删除
            ServerPlayer player = helper.makeMockServerPlayerInLevel();
                                        ^
D:\javaProjects\dndturn26.1\targets\neoforge-26.1\src\gameTest\java\cc\sighs\dndturn\gametest\LocalTimeGameTests.java:836: 警告: [removal] GameTestHelper 中的 makeMockServerPlayerInLevel() 已过时, 且标记为待删除
            ServerPlayer player = helper.makeMockServerPlayerInLevel();
                                        ^
D:\javaProjects\dndturn26.1\targets\neoforge-26.1\src\gameTest\java\cc\sighs\dndturn\gametest\LocalTimeGameTests.java:897: 警告: [removal] GameTestHelper 中的 makeMockServerPlayerInLevel() 已过时, 且标记为待删除
        ServerPlayer player = helper.makeMockServerPlayerInLevel();
                                    ^
D:\javaProjects\dndturn26.1\targets\neoforge-26.1\src\gameTest\java\cc\sighs\dndturn\gametest\LocalTimeGameTests.java:983: 警告: [removal] GameTestHelper 中的 makeMockServerPlayerInLevel() 已过时, 且标记为待删除
                players[i] = helper.makeMockServerPlayerInLevel();
                                   ^
D:\javaProjects\dndturn26.1\targets\neoforge-26.1\src\gameTest\java\cc\sighs\dndturn\gametest\LocalTimeGameTests.java:1041: 警告: [removal] GameTestHelper 中的 makeMockServerPlayerInLevel() 已过时, 且标记为待删除
            ServerPlayer firstPlayer = helper.makeMockServerPlayerInLevel();
                                             ^
D:\javaProjects\dndturn26.1\targets\neoforge-26.1\src\gameTest\java\cc\sighs\dndturn\gametest\LocalTimeGameTests.java:1042: 警告: [removal] GameTestHelper 中的 makeMockServerPlayerInLevel() 已过时, 且标记为待删除
            ServerPlayer secondPlayer = helper.makeMockServerPlayerInLevel();
                                              ^
D:\javaProjects\dndturn26.1\targets\neoforge-26.1\src\gameTest\java\cc\sighs\dndturn\gametest\LocalTimeGameTests.java:1219: 警告: [removal] GameTestHelper 中的 makeMockServerPlayerInLevel() 已过时, 且标记为待删除
        ServerPlayer player = helper.makeMockServerPlayerInLevel();
                                    ^
D:\javaProjects\dndturn26.1\targets\neoforge-26.1\src\gameTest\java\cc\sighs\dndturn\gametest\LocalTimeGameTests.java:1331: 警告: [removal] GameTestHelper 中的 makeMockServerPlayerInLevel() 已过时, 且标记为待删除
        ServerPlayer player = helper.makeMockServerPlayerInLevel();
                                    ^
D:\javaProjects\dndturn26.1\targets\neoforge-26.1\src\gameTest\java\cc\sighs\dndturn\gametest\LocalTimeGameTests.java:1342: 警告: [removal] GameTestHelper 中的 makeMockServerPlayerInLevel() 已过时, 且标记为待删除
        ServerPlayer other = helper.makeMockServerPlayerInLevel();
                                   ^
D:\javaProjects\dndturn26.1\targets\neoforge-26.1\src\gameTest\java\cc\sighs\dndturn\gametest\LocalTimeGameTests.java:1558: 警告: [removal] GameTestHelper 中的 makeMockServerPlayerInLevel() 已过时, 且标记为待删除
        ServerPlayer player = helper.makeMockServerPlayerInLevel();
                                    ^
D:\javaProjects\dndturn26.1\targets\neoforge-26.1\src\gameTest\java\cc\sighs\dndturn\gametest\LocalTimeGameTests.java:1600: 警告: [removal] GameTestHelper 中的 makeMockServerPlayerInLevel() 已过时, 且标记为待删除
            ServerPlayer player = helper.makeMockServerPlayerInLevel();
                                        ^
D:\javaProjects\dndturn26.1\targets\neoforge-26.1\src\gameTest\java\cc\sighs\dndturn\gametest\LocalTimeGameTests.java:1969: 警告: [removal] GameTestHelper 中的 makeMockServerPlayerInLevel() 已过时, 且标记为待删除
            ServerPlayer player = helper.makeMockServerPlayerInLevel();
                                        ^
D:\javaProjects\dndturn26.1\targets\neoforge-26.1\src\gameTest\java\cc\sighs\dndturn\gametest\LocalTimeGameTests.java:2034: 警告: [removal] GameTestHelper 中的 makeMockServerPlayerInLevel() 已过时, 且标记为待删除
            ServerPlayer player = helper.makeMockServerPlayerInLevel();
                                        ^
D:\javaProjects\dndturn26.1\targets\neoforge-26.1\src\gameTest\java\cc\sighs\dndturn\gametest\LocalTimeGameTests.java:2179: 警告: [removal] GameTestHelper 中的 makeMockServerPlayerInLevel() 已过时, 且标记为待删除
        ServerPlayer player = helper.makeMockServerPlayerInLevel();
                                    ^
D:\javaProjects\dndturn26.1\targets\neoforge-26.1\src\gameTest\java\cc\sighs\dndturn\gametest\LocalTimeGameTests.java:2239: 警告: [removal] GameTestHelper 中的 makeMockServerPlayerInLevel() 已过时, 且标记为待删除
        ServerPlayer player = helper.makeMockServerPlayerInLevel();
                                    ^
D:\javaProjects\dndturn26.1\targets\neoforge-26.1\src\gameTest\java\cc\sighs\dndturn\gametest\LocalTimeGameTests.java:2369: 警告: [removal] GameTestHelper 中的 makeMockServerPlayerInLevel() 已过时, 且标记为待删除
        ServerPlayer player = helper.makeMockServerPlayerInLevel();
                                    ^
D:\javaProjects\dndturn26.1\targets\neoforge-26.1\src\gameTest\java\cc\sighs\dndturn\gametest\RepairGameTests.java:127: 警告: [removal] GameTestHelper 中的 makeMockServerPlayerInLevel() 已过时, 且标记为待删除
        try { rejected.requestStart(helper.makeMockServerPlayerInLevel(), UUID.randomUUID()); }
                                          ^
D:\javaProjects\dndturn26.1\targets\neoforge-26.1\src\gameTest\java\cc\sighs\dndturn\gametest\RepairGameTests.java:228: 警告: [removal] GameTestHelper 中的 makeMockServerPlayerInLevel() 已过时, 且标记为待删除
        var player = helper.makeMockServerPlayerInLevel();
                           ^
D:\javaProjects\dndturn26.1\targets\neoforge-26.1\src\gameTest\java\cc\sighs\dndturn\gametest\TacticalPlanGameTests.java:15: 警告: [removal] GameTestHelper 中的 makeMockServerPlayerInLevel() 已过时, 且标记为待删除
        ServerPlayer player = helper.makeMockServerPlayerInLevel();
                                    ^
D:\javaProjects\dndturn26.1\targets\neoforge-26.1\src\gameTest\java\cc\sighs\dndturn\gametest\TacticalPlanGameTests.java:207: 警告: [removal] GameTestHelper 中的 makeMockServerPlayerInLevel() 已过时, 且标记为待删除
        var player = helper.makeMockServerPlayerInLevel(); var level = helper.getLevel();
                           ^
D:\javaProjects\dndturn26.1\targets\neoforge-26.1\src\gameTest\java\cc\sighs\dndturn\gametest\TacticalPlanGameTests.java:518: 警告: [removal] GameTestHelper 中的 makeMockServerPlayerInLevel() 已过时, 且标记为待删除
        var player = helper.makeMockServerPlayerInLevel();
                           ^
注: D:\javaProjects\dndturn26.1\targets\neoforge-26.1\src\gameTest\java\cc\sighs\dndturn\gametest\LocalTimeGameTests.java使用或覆盖了已过时的 API。
注: 有关详细信息, 请使用 -Xlint:deprecation 重新编译。
34 个警告

> Task :processGameTestResources
> Task :gameTestClasses
> Task :compileTestJava NO-SOURCE
> Task :processTestResources NO-SOURCE
> Task :testClasses UP-TO-DATE
> Task :common:jar UP-TO-DATE
> Task :test NO-SOURCE
> Task :compileUiTestJava UP-TO-DATE
> Task :processUiTestResources NO-SOURCE
> Task :uiTestClasses UP-TO-DATE

> Task :verifyUiProjection
UI checks passed: stylesheet readiness, retained text updates, ring redraw/empty/surplus.

> Task :check
> Task :build
> Task :common:assemble UP-TO-DATE
> Task :common:compileTestJava UP-TO-DATE
> Task :common:processTestResources NO-SOURCE
> Task :common:testClasses UP-TO-DATE
> Task :common:test UP-TO-DATE
> Task :common:check UP-TO-DATE
> Task :common:build UP-TO-DATE
> Task :downloadAssets UP-TO-DATE
> Task :prepareGameTestServerRun UP-TO-DATE

> Task :runGameTestServer
2026-09-28T07:58:26.441246800Z main WARN Advanced terminal features are not available in this environment
[15:58:26] [main/INFO] [ne.ne.fm.st.Entrypoint/]: JVM Uptime at startup: 118ms
[15:58:26] [main/INFO] [ne.ne.fm.lo.FMLLoader/]: Starting FancyModLoader version 11.0.15 (DEDICATED_SERVER in DEV)
[15:58:26] [main/INFO] [ne.ne.fm.lo.FMLLoader/]: Game directory: D:\javaProjects\dndturn26.1\targets\neoforge-26.1\build\gametest-run
[15:58:26] [main/INFO] [ne.ne.fm.lo.EarlyServiceDiscovery/]: Found 2 early service jars (out of 109) in 14ms
[15:58:26] [main/INFO] [ne.ne.fm.lo.FMLLoader/]: Loading FML Early Services:
[15:58:26] [main/INFO] [ne.ne.fm.lo.FMLLoader/]:  - C:/Users/RNaim/.gradle/caches/modules-2/files-2.1/net.neoforged.fancymodloader/loader/11.0.15/69ddd98736a6b095783523404d1af8992842722/loader-11.0.15.jar
[15:58:26] [main/INFO] [ne.ne.fm.lo.FMLLoader/]:  - C:/Users/RNaim/.gradle/caches/modules-2/files-2.1/net.neoforged.fancymodloader/earlydisplay/11.0.15/b254aa4ec40828f8ce65411dcb7fb9f6ce008064/earlydisplay-11.0.15.jar
[15:58:26] [main/INFO] [ne.ne.fm.lo.ImmediateWindowHandler/]: Not loading early display in headless mode.
[15:58:26] [main/INFO] [ne.ne.fm.lo.mo.lo.GameLocator/]: Detected a joined NeoForge and Minecraft configuration. Applying filtering...
[15:58:26] [main/INFO] [ne.ne.fm.lo.mo.lo.InDevFolderLocator/CORE]: Got mod coordinates dndturnTests%%D:\javaProjects\dndturn26.1\targets\neoforge-26.1\build\classes\java\main;dndturnTests%%D:\javaProjects\dndturn26.1\targets\neoforge-26.1\build\resources\main;dndturnTests%%D:\javaProjects\dndturn26.1\common\build\classes\java\main;dndturnTests%%D:\javaProjects\dndturn26.1\targets\neoforge-26.1\build\classes\java\compatTest;dndturnTests%%D:\javaProjects\dndturn26.1\targets\neoforge-26.1\build\resources\compatTest;dndturnTests%%D:\javaProjects\dndturn26.1\targets\neoforge-26.1\build\classes\java\gameTest;dndturnTests%%D:\javaProjects\dndturn26.1\targets\neoforge-26.1\build\resources\gameTest from env
[15:58:26] [main/INFO] [ne.ne.fm.lo.mo.lo.JarInJarDependencyLocator/]: Found 2 dependencies adding them to mods collection
[15:58:26] [main/INFO] [ne.ne.fm.lo.mo.ModDiscoverer/]: 
     Mod List:
		Name Version (Mod Id)

		ApricityUI 1.2.5 (apricityui)
		DNDTurn 1.0.0-SNAPSHOT (dndturn)
		Minecraft 26.1.2 (minecraft)
		NeoForge 26.1.2.84 (neoforge)
[15:58:26] [main/INFO] [mixin/]: SpongePowered MIXIN Subsystem Version=0.8.7 Source=file:/C:/Users/RNaim/.gradle/caches/modules-2/files-2.1/net.fabricmc/sponge-mixin/0.17.3+mixin.0.8.7/41c4a3984a80f4679e759fb9f495587acc5cdac7/sponge-mixin-0.17.3+mixin.0.8.7.jar Service=FML Env=SERVER
[15:58:26] [main/INFO] [ne.ne.fm.lo.FMLLoader/]: Loading FML Plugins:
[15:58:26] [main/INFO] [ne.ne.fm.lo.FMLLoader/]:  - C:/Users/RNaim/.gradle/caches/modules-2/files-2.1/net.neoforged/neoforge/26.1.2.84/b725526a2fab2163b9a0a8ce89d435d7cd5d8a88/neoforge-26.1.2.84-universal.jar > net.neoforged.neoforge-coremods-26.1.2.84.jar
[15:58:26] [main/INFO] [ne.ne.fm.lo.FMLLoader/]: Building game content classloader:
 - apricityui (jar(C:/Users/RNaim/.gradle/caches/modules-2/files-2.1/maven.modrinth/apricityui/wwrdhxiM/d4311449e5b1cdc9a59e33a7f2b02435d7441546/apricityui-wwrdhxiM.jar))
 - dndturn (composite(folder(D:/javaProjects/dndturn26.1/targets/neoforge-26.1/build/classes/java/main), folder(D:/javaProjects/dndturn26.1/targets/neoforge-26.1/build/resources/main), folder(D:/javaProjects/dndturn26.1/common/build/classes/java/main), folder(D:/javaProjects/dndturn26.1/targets/neoforge-26.1/build/classes/java/compatTest), folder(D:/javaProjects/dndturn26.1/targets/neoforge-26.1/build/classes/java/gameTest), folder(D:/javaProjects/dndturn26.1/targets/neoforge-26.1/build/resources/gameTest)))
 - minecraft (composite(filtered(jar(D:/javaProjects/dndturn26.1/targets/neoforge-26.1/build/moddev/artifacts/minecraft-patched-26.1.2.84.jar)), filtered(jar(D:/javaProjects/dndturn26.1/targets/neoforge-26.1/build/moddev/artifacts/minecraft-patched-26.1.2.84.jar))))
 - mixinextras.neoforge (jar(C:/Users/RNaim/.gradle/caches/modules-2/files-2.1/net.neoforged/neoforge/26.1.2.84/b725526a2fab2163b9a0a8ce89d435d7cd5d8a88/neoforge-26.1.2.84-universal.jar > mixinextras-neoforge-0.5.4.jar))
 - neoforge (composite(filtered(jar(C:/Users/RNaim/.gradle/caches/modules-2/files-2.1/net.neoforged/neoforge/26.1.2.84/b725526a2fab2163b9a0a8ce89d435d7cd5d8a88/neoforge-26.1.2.84-universal.jar))))
 - net.neoforged.fml.generated (empty(VirtualJar/net.neoforged.fml.generated))
[15:58:26] [main/INFO] [ne.ne.fm.lo.FMLLoader/]: Built game content classloader in 14ms
[15:58:26] [main/INFO] [mixin/]: Compatibility level set to JAVA_25
[15:58:26] [main/WARN] [mixin/]: Reference map 'apricityui.refmap.json' for apricityui.mixins.json could not be read. If this is a development environment you can ignore this message
[15:58:27] [main/INFO] [minecraft/GameTestMainUtil]: Running GameTestMain with cwd 'D:\javaProjects\dndturn26.1\targets\neoforge-26.1\build\gametest-run', universe path 'gametestserver'
[15:58:27] [main/INFO] [MixinExtras|Service/]: Initializing MixinExtras via com.llamalad7.mixinextras.service.MixinExtrasServiceImpl(version=0.5.4).
[15:58:29] [modloading-worker-0/INFO] [ne.ne.ne.co.NeoForgeMod/NEOFORGE-MOD]: NeoForge mod loading, version 26.1.2.84, for MC 26.1.2
[15:58:29] [modloading-sync-worker/INFO] [co.si.ap.ne.ap.NetworkAutoRegistration/]: [NetworkAutoReg] Metadata scan found: 4 | added: 4 | skipped: 0
[15:58:30] [main/INFO] [minecraft/RecipeManager]: Loaded 1515 recipes
[15:58:30] [main/INFO] [minecraft/AdvancementTree]: Loaded 1617 advancements
[15:58:30] [main/INFO] [ne.ne.ne.co.cr.RecipePriorityManager/]: Loaded 0 recipe priority overrides
[15:58:30] [Server thread/INFO] [minecraft/LoggingLevelLoadListener]: Selecting global world spawn...
[15:58:30] [Server thread/INFO] [minecraft/LoggingLevelLoadListener]: Loading 0 persistent chunks...
[15:58:30] [Server thread/INFO] [minecraft/LoggingLevelLoadListener]: Preparing spawn area: 100%
[15:58:30] [Server thread/INFO] [minecraft/LoggingLevelLoadListener]: Time elapsed: 188 ms
[15:58:30] [Server thread/INFO] [minecraft/GameTestServer]: Started game test server
[15:58:30] [Server thread/INFO] [ne.ne.ne.se.pe.PermissionAPI/]: Successfully initialized permission handler neoforge:default_handler
[15:58:31] [Server thread/INFO] [minecraft/GameTestServer]: 59 tests are now running at position -7283137, -59, 9254690!
[15:58:31] [Server thread/INFO] [minecraft/GameTestRunner]: Running test environment 'dndturn:tactical_plan' batch 0 (1 tests)...
[15:58:31] [Server thread/INFO] [minecraft/GameTestServer]: [                                                           ]
[15:58:31] [Server thread/INFO] [minecraft/GameTestServer]: [                                                           ]
[15:58:31] [Server thread/INFO] [minecraft/GameTestServer]: [                                                           ]
[15:58:31] [Server thread/INFO] [minecraft/GameTestServer]: [                                                           ]
[15:58:31] [Server thread/INFO] [minecraft/GameTestServer]: [                                                           ]
[15:58:31] [Server thread/INFO] [minecraft/GameTestServer]: [                                                           ]
[15:58:31] [Server thread/INFO] [minecraft/GameTestServer]: [                                                           ]
[15:58:31] [Server thread/INFO] [minecraft/GameTestServer]: [                                                           ]
[15:58:31] [Server thread/INFO] [minecraft/GameTestServer]: [                                                           ]
[15:58:31] [Server thread/INFO] [minecraft/GameTestServer]: [                                                           ]
[15:58:31] [Server thread/INFO] [minecraft/GameTestServer]: [                                                           ]
[15:58:31] [Server thread/INFO] [minecraft/GameTestServer]: [                                                           ]
[15:58:31] [Server thread/INFO] [minecraft/GameTestServer]: [                                                           ]
[15:58:31] [Server thread/INFO] [minecraft/GameTestServer]: [                                                           ]
[15:58:31] [Server thread/INFO] [minecraft/GameTestServer]: [                                                           ]
[15:58:31] [Server thread/INFO] [minecraft/PlayerList]: test-mock-player[embedded] logged in with entity id 1 at (0.0, 0.0, 0.0)
[15:58:31] [Server thread/INFO] [minecraft/MinecraftServer]: test-mock-player joined the game
[15:58:32] [Server thread/INFO] [minecraft/GameTestServer]: [_                                                          ]
[15:58:32] [Server thread/INFO] [minecraft/MinecraftServer]: test-mock-player has made the advancement [Isn't It Iron Pick]
[15:58:32] [Server thread/INFO] [minecraft/GameTestServer]: [_                                                          ]
[15:58:32] [Server thread/INFO] [minecraft/GameTestRunner]: Running test environment 'dndturn:restart_history' batch 0 (1 tests)...
[15:58:32] [Server thread/INFO] [minecraft/PlayerList]: tactical-test[embedded] logged in with entity id 8 at (0.0, 0.0, 0.0)
[15:58:32] [Server thread/INFO] [minecraft/MinecraftServer]: tactical-test joined the game
[15:58:32] [Server thread/INFO] [minecraft/GameTestServer]: [+_                                                         ]
[15:58:32] [Server thread/INFO] [minecraft/GameTestServer]: [+_                                                         ]
DNDTURN_RESTART_WRITE_READY encounter=e7bb1880-1392-41bc-82fe-f6dbf3ebc605 operation=e19b008c-e67a-4a44-b819-5b5f2c6e5244
[15:58:32] [Server thread/INFO] [minecraft/GameTestRunner]: Running test environment 'dndturn:tactical_behaviors' batch 0 (3 tests)...
[15:58:32] [Server thread/INFO] [minecraft/PlayerList]: test-mock-player[embedded] logged in with entity id 9 at (0.0, 0.0, 0.0)
[15:58:32] [Server thread/INFO] [minecraft/MinecraftServer]: test-mock-player joined the game
[15:58:33] [Server thread/INFO] [minecraft/PlayerList]: test-mock-player[embedded] logged in with entity id 11 at (0.0, 0.0, 0.0)
[15:58:33] [Server thread/INFO] [minecraft/MinecraftServer]: test-mock-player joined the game
[15:58:33] [Server thread/INFO] [minecraft/PlayerList]: test-mock-player[embedded] logged in with entity id 13 at (0.0, 0.0, 0.0)
[15:58:33] [Server thread/INFO] [minecraft/MinecraftServer]: test-mock-player joined the game
[15:58:33] [Server thread/INFO] [minecraft/MinecraftServer]: test-mock-player has made the advancement [Monster Hunter]
[15:58:33] [Server thread/INFO] [minecraft/LivingEntity]: Named entity Zombie['Behavior target'/14, l='ServerLevel[Test Level]', x=-7222094.50, y=93.00, z=9254692.50] died: death.attack.dndturn.tactical
[15:58:33] [Server thread/INFO] [minecraft/GameTestServer]: [++__+                                                      ]
[15:58:33] [Server thread/INFO] [minecraft/GameTestServer]: [++__+                                                      ]
[15:58:33] [Server thread/INFO] [minecraft/GameTestServer]: [++_++                                                      ]
[15:58:33] [Server thread/INFO] [minecraft/GameTestRunner]: Running test environment 'dndturn:scheduled_tick_hold' batch 0 (1 tests)...
[15:58:33] [Server thread/INFO] [minecraft/GameTestServer]: [+++++                                                      ]
[15:58:33] [Server thread/INFO] [minecraft/GameTestServer]: [+++++_                                                     ]
[15:58:33] [Server thread/INFO] [minecraft/PlayerList]: test-mock-player[embedded] logged in with entity id 18 at (0.0, 0.0, 0.0)
[15:58:33] [Server thread/INFO] [minecraft/MinecraftServer]: test-mock-player joined the game
[15:58:33] [Server thread/INFO] [minecraft/GameTestServer]: [+++++_                                                     ]
[15:58:33] [Server thread/INFO] [minecraft/GameTestRunner]: Running test environment 'dndturn:tactical_ranged' batch 0 (1 tests)...
[15:58:33] [Server thread/INFO] [minecraft/GameTestServer]: [++++++_                                                    ]
[15:58:33] [Server thread/INFO] [minecraft/GameTestServer]: [++++++_                                                    ]
[15:58:33] [Server thread/INFO] [minecraft/PlayerList]: test-mock-player[embedded] logged in with entity id 20 at (0.0, 0.0, 0.0)
[15:58:33] [Server thread/INFO] [minecraft/MinecraftServer]: test-mock-player joined the game
[15:58:33] [Server thread/INFO] [minecraft/GameTestServer]: [++++++_                                                    ]
[15:58:33] [Server thread/INFO] [minecraft/GameTestServer]: [++++++_                                                    ]
[15:58:33] [Server thread/INFO] [minecraft/GameTestRunner]: Running test environment 'dndturn:tactical_snowball' batch 0 (1 tests)...
[15:58:33] [Server thread/INFO] [minecraft/GameTestServer]: [+++++++_                                                   ]
[15:58:33] [Server thread/INFO] [minecraft/GameTestServer]: [+++++++_                                                   ]
[15:58:33] [Server thread/INFO] [minecraft/GameTestServer]: [+++++++_                                                   ]
[15:58:33] [Server thread/INFO] [minecraft/PlayerList]: test-mock-player[embedded] logged in with entity id 23 at (0.0, 0.0, 0.0)
[15:58:33] [Server thread/INFO] [minecraft/MinecraftServer]: test-mock-player joined the game
[15:58:33] [Server thread/INFO] [minecraft/GameTestServer]: [+++++++_                                                   ]
[15:58:33] [Server thread/INFO] [minecraft/GameTestRunner]: Running test environment 'dndturn:movement_lease_exit' batch 0 (1 tests)...
[15:58:33] [Server thread/INFO] [minecraft/GameTestServer]: [++++++++                                                   ]
[15:58:33] [Server thread/INFO] [minecraft/GameTestServer]: [++++++++                                                   ]
[15:58:33] [Server thread/INFO] [minecraft/GameTestServer]: [++++++++_                                                  ]
[15:58:34] [Server thread/INFO] [minecraft/GameTestServer]: [++++++++_                                                  ]
[15:58:34] [Server thread/INFO] [minecraft/PlayerList]: test-mock-player[embedded] logged in with entity id 26 at (0.0, 0.0, 0.0)
[15:58:34] [Server thread/INFO] [minecraft/MinecraftServer]: test-mock-player joined the game
[15:58:34] [Server thread/INFO] [minecraft/GameTestRunner]: Running test environment 'dndturn:environment_circuits' batch 0 (1 tests)...
[15:58:34] [Server thread/INFO] [minecraft/PlayerList]: test-mock-player[embedded] logged in with entity id 28 at (0.0, 0.0, 0.0)
[15:58:34] [Server thread/INFO] [minecraft/MinecraftServer]: test-mock-player joined the game
[15:58:34] [Server thread/INFO] [minecraft/GameTestServer]: [+++++++++_                                                 ]
[15:58:34] [Server thread/INFO] [minecraft/GameTestServer]: [+++++++++_                                                 ]
[15:58:34] [Server thread/INFO] [minecraft/GameTestServer]: [+++++++++_                                                 ]
[15:58:34] [Server thread/INFO] [minecraft/GameTestServer]: [+++++++++_                                                 ]
[15:58:34] [Server thread/INFO] [minecraft/GameTestServer]: [+++++++++_                                                 ]
[15:58:34] [Server thread/INFO] [minecraft/GameTestServer]: [+++++++++_                                                 ]
[15:58:34] [Server thread/INFO] [minecraft/GameTestServer]: [+++++++++_                                                 ]
[15:58:34] [Server thread/INFO] [minecraft/GameTestServer]: [+++++++++_                                                 ]
[15:58:34] [Server thread/INFO] [minecraft/GameTestServer]: [+++++++++_                                                 ]
[15:58:34] [Server thread/INFO] [minecraft/GameTestRunner]: Running test environment 'dndturn:discovery_cursor' batch 0 (1 tests)...
[15:58:34] [Server thread/INFO] [minecraft/GameTestServer]: [++++++++++_                                                ]
[15:58:34] [Server thread/INFO] [minecraft/GameTestServer]: [++++++++++_                                                ]
[15:58:34] [Server thread/INFO] [minecraft/GameTestRunner]: Running test environment 'dndturn:action_preview' batch 0 (1 tests)...
[15:58:34] [Server thread/INFO] [minecraft/PlayerList]: tactical-test[embedded] logged in with entity id 111 at (0.0, 0.0, 0.0)
[15:58:34] [Server thread/INFO] [minecraft/MinecraftServer]: tactical-test joined the game
[15:58:35] [Server thread/INFO] [minecraft/GameTestServer]: [+++++++++++_                                               ]
[15:58:35] [Server thread/INFO] [minecraft/GameTestServer]: [+++++++++++_                                               ]
[15:58:35] [Server thread/INFO] [minecraft/GameTestServer]: [+++++++++++_                                               ]
[15:58:35] [Server thread/INFO] [minecraft/GameTestServer]: [+++++++++++_                                               ]
[15:58:35] [Server thread/INFO] [minecraft/GameTestServer]: [+++++++++++_                                               ]
[15:58:35] [Server thread/INFO] [minecraft/GameTestServer]: [+++++++++++_                                               ]
[15:58:35] [Server thread/INFO] [minecraft/GameTestServer]: [+++++++++++_                                               ]
[15:58:35] [Server thread/INFO] [minecraft/GameTestServer]: [+++++++++++_                                               ]
[15:58:35] [Server thread/INFO] [minecraft/GameTestServer]: [+++++++++++_                                               ]
[15:58:35] [Server thread/INFO] [minecraft/GameTestServer]: [+++++++++++_                                               ]
[15:58:35] [Server thread/INFO] [minecraft/GameTestServer]: [+++++++++++_                                               ]
[15:58:35] [Server thread/INFO] [minecraft/GameTestServer]: [+++++++++++_                                               ]
[15:58:35] [Server thread/INFO] [minecraft/GameTestServer]: [+++++++++++_                                               ]
[15:58:35] [Server thread/INFO] [minecraft/GameTestServer]: [+++++++++++_                                               ]
[15:58:35] [Server thread/INFO] [minecraft/GameTestServer]: [+++++++++++_                                               ]
[15:58:35] [Server thread/ERROR] [minecraft/LogTestReporter]: dndturn:action_preview failed at -7283107, -59, 9254702! waiting for preview fixture entity registration: found=false alive=false mob=(-7189113.5, 93.0, 9254705.5) player=(-7189118.5, 93.0, 9254705.5) on tick 302
[15:58:35] [Server thread/INFO] [minecraft/GameTestRunner]: Running test environment 'dndturn:native_melee' batch 0 (1 tests)...
[15:58:35] [Server thread/INFO] [minecraft/PlayerList]: tactical-test[embedded] logged in with entity id 113 at (0.0, 0.0, 0.0)
[15:58:35] [Server thread/INFO] [minecraft/MinecraftServer]: tactical-test joined the game
[15:58:35] [Server thread/INFO] [minecraft/GameTestServer]: [+++++++++++X_                                              ]
[15:58:35] [Server thread/INFO] [minecraft/GameTestRunner]: Running test environment 'dndturn:navigation_regressions' batch 0 (1 tests)...
[15:58:35] [Server thread/INFO] [minecraft/GameTestServer]: [+++++++++++X+                                              ]
[15:58:35] [Server thread/INFO] [minecraft/GameTestServer]: [+++++++++++X+_                                             ]
[15:58:35] [Server thread/INFO] [minecraft/PlayerList]: tactical-test[embedded] logged in with entity id 115 at (0.0, 0.0, 0.0)
[15:58:35] [Server thread/INFO] [minecraft/MinecraftServer]: tactical-test joined the game
[15:58:35] [Server thread/INFO] [minecraft/GameTestServer]: [+++++++++++X+_                                             ]
[15:58:35] [Server thread/INFO] [minecraft/GameTestRunner]: Running test environment 'dndturn:prototype_environment_loop' batch 0 (1 tests)...
[15:58:35] [Server thread/INFO] [minecraft/GameTestServer]: [+++++++++++X++_                                            ]
[15:58:35] [Server thread/INFO] [minecraft/PlayerList]: test-mock-player[embedded] logged in with entity id 117 at (0.0, 0.0, 0.0)
[15:58:35] [Server thread/INFO] [minecraft/MinecraftServer]: test-mock-player joined the game
[15:58:35] [Server thread/INFO] [minecraft/GameTestRunner]: Running test environment 'dndturn:merge_discovery_expansion' batch 0 (1 tests)...
[15:58:35] [Server thread/INFO] [minecraft/PlayerList]: test-mock-player[embedded] logged in with entity id 119 at (0.0, 0.0, 0.0)
[15:58:35] [Server thread/INFO] [minecraft/MinecraftServer]: test-mock-player joined the game
[15:58:35] [Server thread/INFO] [minecraft/PlayerList]: test-mock-player[embedded] logged in with entity id 121 at (0.0, 0.0, 0.0)
[15:58:35] [Server thread/INFO] [minecraft/MinecraftServer]: test-mock-player joined the game
[15:58:35] [Server thread/INFO] [minecraft/PlayerList]: test-mock-player[embedded] logged in with entity id 123 at (0.0, 0.0, 0.0)
[15:58:35] [Server thread/INFO] [minecraft/MinecraftServer]: test-mock-player joined the game
[15:58:35] [Server thread/INFO] [minecraft/GameTestServer]: [+++++++++++X+++_                                           ]
[15:58:35] [Server thread/INFO] [minecraft/GameTestRunner]: Running test environment 'dndturn:environment_boundary_time' batch 0 (1 tests)...
[15:58:35] [Server thread/INFO] [minecraft/PlayerList]: test-mock-player[embedded] logged in with entity id 126 at (0.0, 0.0, 0.0)
[15:58:35] [Server thread/INFO] [minecraft/MinecraftServer]: test-mock-player joined the game
[15:58:35] [Server thread/INFO] [minecraft/GameTestServer]: [+++++++++++X++++_                                          ]
[15:58:35] [Server thread/INFO] [minecraft/GameTestServer]: [+++++++++++X++++_                                          ]
[15:58:35] [Server thread/INFO] [minecraft/GameTestServer]: [+++++++++++X++++_                                          ]
[15:58:35] [Server thread/INFO] [minecraft/GameTestServer]: [+++++++++++X++++_                                          ]
[15:58:35] [Server thread/ERROR] [minecraft/LogTestReporter]: dndturn:environment_boundary_time failed at -7283137, -59, 9254714! authorized destination never accepted native hopper transfer on tick 85
[15:58:35] [Server thread/INFO] [minecraft/GameTestRunner]: Running test environment 'dndturn:player_only_start' batch 0 (1 tests)...
[15:58:35] [Server thread/INFO] [minecraft/PlayerList]: test-mock-player[embedded] logged in with entity id 127 at (0.0, 0.0, 0.0)
[15:58:35] [Server thread/INFO] [minecraft/MinecraftServer]: test-mock-player joined the game
[15:58:36] [Server thread/INFO] [minecraft/GameTestServer]: [+++++++++++X++++X_                                         ]
[15:58:36] [Server thread/INFO] [minecraft/GameTestServer]: [+++++++++++X++++X_                                         ]
[15:58:36] [Server thread/INFO] [minecraft/GameTestServer]: [+++++++++++X++++X_                                         ]
[15:58:36] [Server thread/INFO] [minecraft/GameTestRunner]: Running test environment 'dndturn:movement_regressions' batch 0 (1 tests)...
[15:58:36] [Server thread/INFO] [minecraft/GameTestServer]: [+++++++++++X++++X+_                                        ]
[15:58:36] [Server thread/INFO] [minecraft/GameTestServer]: [+++++++++++X++++X+_                                        ]
[15:58:36] [Server thread/INFO] [minecraft/GameTestServer]: [+++++++++++X++++X+_                                        ]
[15:58:36] [Server thread/INFO] [minecraft/PlayerList]: tactical-test[embedded] logged in with entity id 128 at (0.0, 0.0, 0.0)
[15:58:36] [Server thread/INFO] [minecraft/MinecraftServer]: tactical-test joined the game
[15:58:36] [Server thread/INFO] [minecraft/GameTestRunner]: Running test environment 'dndturn:tactical_crossbow' batch 0 (1 tests)...
[15:58:36] [Server thread/INFO] [minecraft/GameTestServer]: [+++++++++++X++++X++_                                       ]
[15:58:36] [Server thread/INFO] [minecraft/GameTestServer]: [+++++++++++X++++X++_                                       ]
[15:58:36] [Server thread/INFO] [minecraft/GameTestServer]: [+++++++++++X++++X++_                                       ]
[15:58:36] [Server thread/INFO] [minecraft/PlayerList]: test-mock-player[embedded] logged in with entity id 131 at (0.0, 0.0, 0.0)
[15:58:36] [Server thread/INFO] [minecraft/MinecraftServer]: test-mock-player joined the game
[15:58:36] [Server thread/INFO] [minecraft/GameTestServer]: [+++++++++++X++++X++_                                       ]
[15:58:36] [Server thread/INFO] [minecraft/GameTestServer]: [+++++++++++X++++X++_                                       ]
[15:58:36] [Server thread/INFO] [minecraft/MinecraftServer]: test-mock-player has made the advancement [Ol' Betsy]
[15:58:36] [Server thread/INFO] [minecraft/GameTestRunner]: Running test environment 'dndturn:environment_domains' batch 0 (1 tests)...
[15:58:36] [Server thread/INFO] [minecraft/PlayerList]: test-mock-player[embedded] logged in with entity id 134 at (0.0, 0.0, 0.0)
[15:58:36] [Server thread/INFO] [minecraft/MinecraftServer]: test-mock-player joined the game
[15:58:36] [Server thread/INFO] [minecraft/PlayerList]: test-mock-player[embedded] logged in with entity id 135 at (0.0, 0.0, 0.0)
[15:58:36] [Server thread/INFO] [minecraft/MinecraftServer]: test-mock-player joined the game
[15:58:36] [Server thread/INFO] [minecraft/GameTestServer]: [+++++++++++X++++X+++_                                      ]
[15:58:36] [Server thread/INFO] [minecraft/GameTestServer]: [+++++++++++X++++X+++_                                      ]
[15:58:36] [Server thread/WARN] [cc.si.dn.co.EnvironmentExplosion/]: ENVIRONMENT_DOMAIN_MISMATCH step=d9dcd343-1c76-4b29-b9c7-67270ad6e09b source=8490105d-77d5-4e35-9129-8befebe84bf2 rejectedEntities=1 rejectedBlocks=14
[15:58:36] [Server thread/INFO] [minecraft/GameTestRunner]: Running test environment 'dndturn:merge_world_boundary' batch 0 (1 tests)...
[15:58:36] [Server thread/INFO] [minecraft/PlayerList]: test-mock-player[embedded] logged in with entity id 142 at (0.0, 0.0, 0.0)
[15:58:36] [Server thread/INFO] [minecraft/MinecraftServer]: test-mock-player joined the game
[15:58:36] [Server thread/INFO] [minecraft/PlayerList]: test-mock-player[embedded] logged in with entity id 143 at (0.0, 0.0, 0.0)
[15:58:36] [Server thread/INFO] [minecraft/MinecraftServer]: test-mock-player joined the game
[15:58:36] [Server thread/INFO] [minecraft/GameTestServer]: [+++++++++++X++++X++++_                                     ]
[15:58:36] [Server thread/INFO] [minecraft/GameTestRunner]: Running test environment 'dndturn:external_melee' batch 0 (1 tests)...
[15:58:36] [Server thread/INFO] [minecraft/PlayerList]: tactical-test[embedded] logged in with entity id 149 at (0.0, 0.0, 0.0)
[15:58:36] [Server thread/INFO] [minecraft/MinecraftServer]: tactical-test joined the game
[15:58:36] [Server thread/INFO] [minecraft/GameTestServer]: [+++++++++++X++++X+++++_                                    ]
[15:58:36] [Server thread/INFO] [minecraft/GameTestRunner]: Running test environment 'dndturn:body_control' batch 0 (1 tests)...
[15:58:36] [Server thread/INFO] [minecraft/GameTestServer]: [+++++++++++X++++X++++++                                    ]
[15:58:37] [Server thread/INFO] [minecraft/PlayerList]: tactical-test[embedded] logged in with entity id 153 at (0.0, 0.0, 0.0)
[15:58:37] [Server thread/INFO] [minecraft/MinecraftServer]: tactical-test joined the game
[15:58:37] [Server thread/INFO] [minecraft/GameTestServer]: [+++++++++++X++++X++++++_                                   ]
[15:58:37] [Server thread/INFO] [minecraft/GameTestServer]: [+++++++++++X++++X++++++_                                   ]
[15:58:37] [Server thread/INFO] [minecraft/GameTestRunner]: Running test environment 'minecraft:default' batch 0 (21 tests)...
[15:58:37] [Server thread/INFO] [minecraft/PlayerList]: test-mock-player[embedded] logged in with entity id 159 at (0.0, 0.0, 0.0)
[15:58:37] [Server thread/INFO] [minecraft/MinecraftServer]: test-mock-player joined the game
[15:58:37] [Server thread/INFO] [minecraft/PlayerList]: test-mock-player[embedded] logged in with entity id 161 at (0.0, 0.0, 0.0)
[15:58:37] [Server thread/INFO] [minecraft/MinecraftServer]: test-mock-player joined the game
[15:58:37] [Server thread/INFO] [minecraft/MinecraftServer]: test-mock-player has made the advancement [Monster Hunter]
[15:58:37] [Server thread/INFO] [minecraft/PlayerList]: test-mock-player[embedded] logged in with entity id 167 at (0.0, 0.0, 0.0)
[15:58:37] [Server thread/INFO] [minecraft/MinecraftServer]: test-mock-player joined the game
[15:58:37] [Server thread/INFO] [minecraft/PlayerList]: candidate-review-player[embedded] logged in with entity id 169 at (0.0, 0.0, 0.0)
[15:58:37] [Server thread/INFO] [minecraft/MinecraftServer]: candidate-review-player joined the game
[15:58:37] [Server thread/INFO] [minecraft/PlayerList]: test-mock-player[embedded] logged in with entity id 172 at (0.0, 0.0, 0.0)
[15:58:37] [Server thread/INFO] [minecraft/MinecraftServer]: test-mock-player joined the game
[15:58:37] [Server thread/INFO] [minecraft/PlayerList]: test-mock-player[embedded] logged in with entity id 174 at (0.0, 0.0, 0.0)
[15:58:37] [Server thread/INFO] [minecraft/MinecraftServer]: test-mock-player joined the game
[15:58:37] [Server thread/INFO] [minecraft/PlayerList]: test-mock-player[embedded] logged in with entity id 175 at (0.0, 0.0, 0.0)
[15:58:37] [Server thread/INFO] [minecraft/MinecraftServer]: test-mock-player joined the game
[15:58:37] [Server thread/INFO] [minecraft/PlayerList]: exit-test-player[embedded] logged in with entity id 179 at (0.0, 0.0, 0.0)
[15:58:37] [Server thread/INFO] [minecraft/MinecraftServer]: exit-test-player joined the game
[15:58:38] [Server thread/INFO] [minecraft/PlayerList]: exit-test-player[embedded] logged in with entity id 181 at (0.0, 0.0, 0.0)
[15:58:38] [Server thread/INFO] [minecraft/MinecraftServer]: exit-test-player joined the game
[15:58:38] [Server thread/INFO] [minecraft/PlayerList]: tactical-test[embedded] logged in with entity id 182 at (0.0, 0.0, 0.0)
[15:58:38] [Server thread/INFO] [minecraft/MinecraftServer]: tactical-test joined the game
[15:58:38] [Server thread/INFO] [minecraft/PlayerList]: test-mock-player[embedded] logged in with entity id 186 at (0.0, 0.0, 0.0)
[15:58:38] [Server thread/INFO] [minecraft/MinecraftServer]: test-mock-player joined the game
[15:58:38] [Server thread/ERROR] [cc.si.dn.co.ServerCombatService/]: Combat save cannot be safely restored; preserving it and disabling new encounters
java.lang.IllegalArgumentException: active encounter lacks captured settings or session sequence
	at TRANSFORMER/dndturn@1.0.0-SNAPSHOT/cc.sighs.dndturn.combat.CombatRecoveryCandidate.validate(CombatRecoveryCandidate.java:13) ~[main/:?] {}
	at TRANSFORMER/dndturn@1.0.0-SNAPSHOT/cc.sighs.dndturn.combat.ServerCombatService.<init>(ServerCombatService.java:290) [main/:?] {}
	at TRANSFORMER/dndturn@1.0.0-SNAPSHOT/cc.sighs.dndturn.combat.ServerCombatService.restoreForGameTest(ServerCombatService.java:374) [main/:?] {}
	at TRANSFORMER/dndturn@1.0.0-SNAPSHOT/cc.sighs.dndturn.gametest.RepairGameTests.values(RepairGameTests.java:124) [main/:?] {}
	at TRANSFORMER/minecraft@26.1.2/net.minecraft.gametest.framework.FunctionGameTestInstance.run(FunctionGameTestInstance.java:34) [minecraft-patched-26.1.2.84.jar:?] {}
	at TRANSFORMER/minecraft@26.1.2/net.minecraft.gametest.framework.GameTestInfo.startTest(GameTestInfo.java:163) [minecraft-patched-26.1.2.84.jar:?] {neoforge:access_transformer}
	at TRANSFORMER/minecraft@26.1.2/net.minecraft.gametest.framework.GameTestInfo.tickInternal(GameTestInfo.java:119) [minecraft-patched-26.1.2.84.jar:?] {neoforge:access_transformer}
	at TRANSFORMER/minecraft@26.1.2/net.minecraft.gametest.framework.GameTestInfo.tick(GameTestInfo.java:104) [minecraft-patched-26.1.2.84.jar:?] {neoforge:access_transformer}
	at TRANSFORMER/minecraft@26.1.2/net.minecraft.gametest.framework.GameTestTicker.lambda$tick$0(GameTestTicker.java:47) [minecraft-patched-26.1.2.84.jar:?] {}
	at java.base/java.util.concurrent.CopyOnWriteArrayList.forEach(CopyOnWriteArrayList.java:905) [?:?] {}
	at TRANSFORMER/minecraft@26.1.2/net.minecraft.gametest.framework.GameTestTicker.tick(GameTestTicker.java:47) [minecraft-patched-26.1.2.84.jar:?] {}
	at TRANSFORMER/minecraft@26.1.2/net.minecraft.server.MinecraftServer.tickChildren(MinecraftServer.java:1171) [minecraft-patched-26.1.2.84.jar:?] {neoforge:access_transformer,neoforge:access_transformer,neoforge:mixin[APP:dndturn.mixins.json:MinecraftServerWorldTickBoundaryMixin from mod dndturn]}
	at TRANSFORMER/minecraft@26.1.2/net.minecraft.server.MinecraftServer.tickServer(MinecraftServer.java:1003) [minecraft-patched-26.1.2.84.jar:?] {neoforge:access_transformer,neoforge:access_transformer,neoforge:mixin[APP:dndturn.mixins.json:MinecraftServerWorldTickBoundaryMixin from mod dndturn]}
	at TRANSFORMER/minecraft@26.1.2/net.minecraft.gametest.framework.GameTestServer.tickServer(GameTestServer.java:255) [minecraft-patched-26.1.2.84.jar:?] {}
	at TRANSFORMER/minecraft@26.1.2/net.minecraft.server.MinecraftServer.processPacketsAndTick(MinecraftServer.java:1035) [minecraft-patched-26.1.2.84.jar:?] {neoforge:access_transformer,neoforge:access_transformer,neoforge:mixin[APP:dndturn.mixins.json:MinecraftServerWorldTickBoundaryMixin from mod dndturn]}
	at TRANSFORMER/minecraft@26.1.2/net.minecraft.server.MinecraftServer.runServer(MinecraftServer.java:776) [minecraft-patched-26.1.2.84.jar:?] {neoforge:access_transformer,neoforge:access_transformer,neoforge:mixin[APP:dndturn.mixins.json:MinecraftServerWorldTickBoundaryMixin from mod dndturn]}
	at TRANSFORMER/minecraft@26.1.2/net.minecraft.server.MinecraftServer.lambda$spin$0(MinecraftServer.java:300) [minecraft-patched-26.1.2.84.jar:?] {neoforge:access_transformer,neoforge:access_transformer,neoforge:mixin[APP:dndturn.mixins.json:MinecraftServerWorldTickBoundaryMixin from mod dndturn]}
	at java.base/java.lang.Thread.run(Thread.java:1474) [?:?] {}
[15:58:38] [Server thread/INFO] [minecraft/PlayerList]: test-mock-player[embedded] logged in with entity id 194 at (0.0, 0.0, 0.0)
[15:58:38] [Server thread/INFO] [minecraft/MinecraftServer]: test-mock-player joined the game
[15:58:38] [Server thread/WARN] [cc.si.dn.co.ServerCombatService/]: Restored encounter 7706e587-d9b1-483e-8901-0f7888fe1f3a released: membersPresent=false unknownOperations=1
[15:58:38] [Server thread/INFO] [minecraft/PlayerList]: test-mock-player[embedded] logged in with entity id 196 at (0.0, 0.0, 0.0)
[15:58:38] [Server thread/INFO] [minecraft/MinecraftServer]: test-mock-player joined the game
[15:58:38] [Server thread/INFO] [minecraft/PlayerList]: test-mock-player[embedded] logged in with entity id 200 at (0.0, 0.0, 0.0)
[15:58:38] [Server thread/INFO] [minecraft/MinecraftServer]: test-mock-player joined the game
[15:58:38] [Server thread/INFO] [minecraft/PlayerList]: test-mock-player[embedded] logged in with entity id 202 at (0.0, 0.0, 0.0)
[15:58:38] [Server thread/INFO] [minecraft/MinecraftServer]: test-mock-player joined the game
[15:58:38] [Server thread/INFO] [minecraft/GameTestServer]: [+++++++++++X++++X++++++++__+++++++++_++_+_++_              ]
[15:58:38] [Server thread/INFO] [minecraft/GameTestServer]: [+++++++++++X++++X+++++++++++++++++++_++_+++++              ]
[15:58:38] [Server thread/INFO] [minecraft/PlayerList]: test-mock-player[embedded] logged in with entity id 210 at (0.0, 0.0, 0.0)
[15:58:38] [Server thread/INFO] [minecraft/MinecraftServer]: test-mock-player joined the game
[15:58:38] [Server thread/INFO] [minecraft/GameTestServer]: [+++++++++++X++++X+++++++++++++++++++_++_+++++              ]
[15:58:38] [Server thread/INFO] [minecraft/GameTestServer]: [+++++++++++X++++X++++++++++++++++++++++_+++++              ]
[15:58:38] [Server thread/INFO] [minecraft/GameTestServer]: [+++++++++++X++++X++++++++++++++++++++++_+++++              ]
[15:58:38] [Server thread/INFO] [minecraft/GameTestServer]: [+++++++++++X++++X++++++++++++++++++++++_+++++              ]
[15:58:39] [Server thread/INFO] [minecraft/GameTestServer]: [+++++++++++X++++X++++++++++++++++++++++_+++++              ]
[15:58:39] [Server thread/INFO] [minecraft/GameTestServer]: [+++++++++++X++++X++++++++++++++++++++++_+++++              ]
[15:58:39] [Server thread/INFO] [minecraft/GameTestRunner]: Running test environment 'dndturn:consent_regressions' batch 0 (1 tests)...
[15:58:39] [Server thread/INFO] [minecraft/PlayerList]: exit-test-player[embedded] logged in with entity id 211 at (0.0, 0.0, 0.0)
[15:58:39] [Server thread/INFO] [minecraft/MinecraftServer]: exit-test-player joined the game
[15:58:39] [Server thread/INFO] [minecraft/PlayerList]: exit-test-player[embedded] logged in with entity id 212 at (0.0, 0.0, 0.0)
[15:58:39] [Server thread/INFO] [minecraft/MinecraftServer]: exit-test-player joined the game
[15:58:39] [Server thread/INFO] [minecraft/PlayerList]: exit-test-player[embedded] logged in with entity id 213 at (0.0, 0.0, 0.0)
[15:58:39] [Server thread/INFO] [minecraft/MinecraftServer]: exit-test-player joined the game
[15:58:39] [Server thread/INFO] [minecraft/GameTestServer]: [+++++++++++X++++X++++++++++++++++++++++++++++_             ]
[15:58:39] [Server thread/INFO] [minecraft/GameTestServer]: [+++++++++++X++++X++++++++++++++++++++++++++++_             ]
[15:58:39] [Server thread/INFO] [minecraft/GameTestServer]: [+++++++++++X++++X++++++++++++++++++++++++++++_             ]
[15:58:39] [Server thread/INFO] [minecraft/GameTestServer]: [+++++++++++X++++X++++++++++++++++++++++++++++_             ]
[15:58:39] [Server thread/INFO] [minecraft/GameTestServer]: [+++++++++++X++++X++++++++++++++++++++++++++++_             ]
[15:58:39] [Server thread/INFO] [minecraft/GameTestServer]: [+++++++++++X++++X++++++++++++++++++++++++++++_             ]
[15:58:39] [Server thread/INFO] [minecraft/GameTestServer]: [+++++++++++X++++X++++++++++++++++++++++++++++_             ]
[15:58:39] [Server thread/INFO] [minecraft/GameTestServer]: [+++++++++++X++++X++++++++++++++++++++++++++++_             ]
[15:58:39] [Server thread/INFO] [minecraft/GameTestServer]: [+++++++++++X++++X++++++++++++++++++++++++++++_             ]
[15:58:39] [Server thread/INFO] [minecraft/GameTestServer]: [+++++++++++X++++X++++++++++++++++++++++++++++_             ]
[15:58:39] [Server thread/INFO] [minecraft/GameTestServer]: [+++++++++++X++++X++++++++++++++++++++++++++++_             ]
[15:58:39] [Server thread/INFO] [minecraft/GameTestServer]: [+++++++++++X++++X++++++++++++++++++++++++++++_             ]
[15:58:39] [Server thread/INFO] [minecraft/GameTestServer]: [+++++++++++X++++X++++++++++++++++++++++++++++_             ]
[15:58:39] [Server thread/INFO] [minecraft/GameTestServer]: [+++++++++++X++++X++++++++++++++++++++++++++++_             ]
[15:58:39] [Server thread/INFO] [minecraft/GameTestServer]: [+++++++++++X++++X++++++++++++++++++++++++++++_             ]
[15:58:39] [Server thread/INFO] [minecraft/GameTestServer]: [+++++++++++X++++X++++++++++++++++++++++++++++_             ]
[15:58:39] [Server thread/INFO] [minecraft/GameTestServer]: [+++++++++++X++++X++++++++++++++++++++++++++++_             ]
[15:58:39] [Server thread/INFO] [minecraft/GameTestServer]: [+++++++++++X++++X++++++++++++++++++++++++++++_             ]
[15:58:39] [Server thread/INFO] [minecraft/GameTestServer]: [+++++++++++X++++X++++++++++++++++++++++++++++_             ]
[15:58:39] [Server thread/INFO] [minecraft/GameTestServer]: [+++++++++++X++++X++++++++++++++++++++++++++++_             ]
[15:58:39] [Server thread/INFO] [minecraft/GameTestServer]: [+++++++++++X++++X++++++++++++++++++++++++++++_             ]
[15:58:39] [Server thread/INFO] [minecraft/GameTestRunner]: Running test environment 'dndturn:arrow_regressions' batch 0 (9 tests)...
[15:58:39] [Server thread/INFO] [minecraft/PlayerList]: test-mock-player[embedded] logged in with entity id 219 at (0.0, 0.0, 0.0)
[15:58:39] [Server thread/INFO] [minecraft/MinecraftServer]: test-mock-player joined the game
[15:58:39] [Server thread/INFO] [minecraft/PlayerList]: test-mock-player[embedded] logged in with entity id 220 at (0.0, 0.0, 0.0)
[15:58:39] [Server thread/INFO] [minecraft/MinecraftServer]: test-mock-player joined the game
[15:58:39] [Server thread/INFO] [minecraft/PlayerList]: test-mock-player[embedded] logged in with entity id 223 at (0.0, 0.0, 0.0)
[15:58:39] [Server thread/INFO] [minecraft/MinecraftServer]: test-mock-player joined the game
[15:58:39] [Server thread/INFO] [minecraft/PlayerList]: test-mock-player[embedded] logged in with entity id 224 at (0.0, 0.0, 0.0)
[15:58:39] [Server thread/INFO] [minecraft/MinecraftServer]: test-mock-player joined the game
[15:58:39] [Server thread/INFO] [minecraft/PlayerList]: test-mock-player[embedded] logged in with entity id 227 at (0.0, 0.0, 0.0)
[15:58:39] [Server thread/INFO] [minecraft/MinecraftServer]: test-mock-player joined the game
[15:58:39] [Server thread/INFO] [minecraft/PlayerList]: test-mock-player[embedded] logged in with entity id 228 at (0.0, 0.0, 0.0)
[15:58:39] [Server thread/INFO] [minecraft/MinecraftServer]: test-mock-player joined the game
[15:58:39] [Server thread/INFO] [minecraft/PlayerList]: test-mock-player[embedded] logged in with entity id 234 at (0.0, 0.0, 0.0)
[15:58:39] [Server thread/INFO] [minecraft/MinecraftServer]: test-mock-player joined the game
[15:58:39] [Server thread/INFO] [minecraft/PlayerList]: test-mock-player[embedded] logged in with entity id 235 at (0.0, 0.0, 0.0)
[15:58:39] [Server thread/INFO] [minecraft/MinecraftServer]: test-mock-player joined the game
[15:58:39] [Server thread/INFO] [minecraft/PlayerList]: test-mock-player[embedded] logged in with entity id 238 at (0.0, 0.0, 0.0)
[15:58:39] [Server thread/INFO] [minecraft/MinecraftServer]: test-mock-player joined the game
[15:58:39] [Server thread/INFO] [minecraft/PlayerList]: test-mock-player[embedded] logged in with entity id 239 at (0.0, 0.0, 0.0)
[15:58:39] [Server thread/INFO] [minecraft/MinecraftServer]: test-mock-player joined the game
[15:58:40] [Server thread/INFO] [minecraft/PlayerList]: test-mock-player[embedded] logged in with entity id 249 at (0.0, 0.0, 0.0)
[15:58:40] [Server thread/INFO] [minecraft/MinecraftServer]: test-mock-player joined the game
[15:58:40] [Server thread/INFO] [minecraft/PlayerList]: test-mock-player[embedded] logged in with entity id 250 at (0.0, 0.0, 0.0)
[15:58:40] [Server thread/INFO] [minecraft/MinecraftServer]: test-mock-player joined the game
[15:58:40] [Server thread/INFO] [minecraft/PlayerList]: test-mock-player[embedded] logged in with entity id 251 at (0.0, 0.0, 0.0)
[15:58:40] [Server thread/INFO] [minecraft/MinecraftServer]: test-mock-player joined the game
[15:58:40] [Server thread/INFO] [minecraft/PlayerList]: test-mock-player[embedded] logged in with entity id 252 at (0.0, 0.0, 0.0)
[15:58:40] [Server thread/INFO] [minecraft/MinecraftServer]: test-mock-player joined the game
[15:58:40] [Server thread/INFO] [minecraft/GameTestServer]: [+++++++++++X++++X+++++++++++++++++++++++++++++_______++    ]
[15:58:40] [Server thread/INFO] [minecraft/GameTestServer]: [+++++++++++X++++X+++++++++++++++++++++++++++++__+_+++++    ]
[15:58:40] [Server thread/INFO] [minecraft/GameTestServer]: [+++++++++++X++++X+++++++++++++++++++++++++++++__+_+++++    ]
[15:58:40] [Server thread/INFO] [minecraft/GameTestServer]: [+++++++++++X++++X+++++++++++++++++++++++++++++__+_+++++    ]
[15:58:40] [Server thread/INFO] [minecraft/GameTestServer]: [+++++++++++X++++X+++++++++++++++++++++++++++++__+_+++++    ]
[15:58:40] [Server thread/INFO] [minecraft/GameTestServer]: [+++++++++++X++++X+++++++++++++++++++++++++++++__+_+++++    ]
[15:58:40] [Server thread/INFO] [minecraft/GameTestServer]: [+++++++++++X++++X+++++++++++++++++++++++++++++__+_+++++    ]
[15:58:40] [Server thread/INFO] [minecraft/MinecraftServer]: exit-test-player was slain by Zombie
[15:58:40] [Server thread/INFO] [minecraft/GameTestServer]: [+++++++++++X++++X+++++++++++++++++++++++++++++__+_+++++    ]
[15:58:40] [Server thread/INFO] [minecraft/GameTestServer]: [+++++++++++X++++X+++++++++++++++++++++++++++++__+_+++++    ]
[15:58:40] [Server thread/INFO] [minecraft/GameTestServer]: [+++++++++++X++++X+++++++++++++++++++++++++++++__+++++++    ]
[15:58:40] [Server thread/ERROR] [minecraft/LogTestReporter]: dndturn:arrow_cross_session failed at -7283077, -59, 9254750! A arrow did not causally merge B: ticks=1 removed=false position=(-7279979.800000012, 84.0, 9254752.5) stateA=StateView[id=44e2578a-fff1-4506-b4e8-bdcc1f8977b6, phase=ENVIRONMENT, version=62, order=[ba6179ba-60ef-40ad-9430-bd313694a546, 8a8363ca-15df-4d17-a3cc-39373c35b25a, e9c75493-d310-3ef3-8070-91f120d28329], current=e9c75493-d310-3ef3-8070-91f120d28329, members={8a8363ca-15df-4d17-a3cc-39373c35b25a=MemberView[id=8a8363ca-15df-4d17-a3cc-39373c35b25a, initiative=15, tieBreak=-1992190648, movementTicks=30, action=true, reaction=true, dodging=false, disengaged=false, eligibleRound=0], ba6179ba-60ef-40ad-9430-bd313694a546=MemberView[id=ba6179ba-60ef-40ad-9430-bd313694a546, initiative=20, tieBreak=1626179801, movementTicks=30, action=true, reaction=true, dodging=false, disengaged=false, eligibleRound=0]}, round=0, environmentRemaining=1, region=cc.sighs.dndturn.combat.EncounterRegion@3b60e864] A=[Result[snapshot=Snapshot[operationId=4e03c4a4-e538-40bd-8535-488be794365b, parentId=null, encounterId=44e2578a-fff1-4506-b4e8-bdcc1f8977b6, owner=ba6179ba-60ef-40ad-9430-bd313694a546, source=ba6179ba-60ef-40ad-9430-bd313694a546, target=null, serverTick=2405, encounterVersion=0, sourceCell=GridCell[x=-7280005, y=83, z=9254754], targetCell=null, kind=END_TURN, observationEpoch=01b96c0c-6d84-4671-8d44-1cdf5789999f, intent=null], step=0, outcome=COMPLETED, reason=turn ended, actualMovementTicks=0, actualDamage=0.0, publishedVersion=2, terminal=true, damageTrace=null, conclusion=null, failure=Details[code=NONE, retry=NONE]], Result[snapshot=Snapshot[operationId=4def3467-ba13-4005-86de-b78c8df71a5d, parentId=null, encounterId=44e2578a-fff1-4506-b4e8-bdcc1f8977b6, owner=8a8363ca-15df-4d17-a3cc-39373c35b25a, source=8a8363ca-15df-4d17-a3cc-39373c35b25a, target=null, serverTick=2405, encounterVersion=2, sourceCell=GridCell[x=-7280004, y=83, z=9254755], targetCell=null, kind=END_TURN, observationEpoch=01b96c0c-6d84-4671-8d44-1cdf5789999f, intent=null], step=0, outcome=COMPLETED, reason=turn ended, actualMovementTicks=0, actualDamage=0.0, publishedVersion=4, terminal=true, damageTrace=null, conclusion=null, failure=Details[code=NONE, retry=NONE]]] B=[Result[snapshot=Snapshot[operationId=cc56bc86-2c47-4682-8085-5d9393f2c55c, parentId=null, encounterId=df20c40b-d9a5-4139-b41e-e5ae85437156, owner=0cbd0780-b381-4c14-9e00-7088987816b7, source=0cbd0780-b381-4c14-9e00-7088987816b7, target=null, serverTick=2405, encounterVersion=0, sourceCell=GridCell[x=-7279980, y=83, z=9254752], targetCell=null, kind=END_TURN, observationEpoch=01b96c0c-6d84-4671-8d44-1cdf5789999f, intent=null], step=0, outcome=COMPLETED, reason=turn ended, actualMovementTicks=0, actualDamage=0.0, publishedVersion=2, terminal=true, damageTrace=null, conclusion=null, failure=Details[code=NONE, retry=NONE]], Result[snapshot=Snapshot[operationId=df0e1353-8a25-4df1-866f-4070b61bc7b9, parentId=null, encounterId=df20c40b-d9a5-4139-b41e-e5ae85437156, owner=c7ca0223-bddf-4730-9915-ce81e4f565b0, source=c7ca0223-bddf-4730-9915-ce81e4f565b0, target=null, serverTick=2405, encounterVersion=2, sourceCell=GridCell[x=-7279981, y=83, z=9254754], targetCell=null, kind=END_TURN, observationEpoch=01b96c0c-6d84-4671-8d44-1cdf5789999f, intent=null], step=0, outcome=COMPLETED, reason=turn ended, actualMovementTicks=0, actualDamage=0.0, publishedVersion=4, terminal=true, damageTrace=null, conclusion=null, failure=Details[code=NONE, retry=NONE]], Result[snapshot=Snapshot[operationId=7eff4791-637e-4254-af92-3ad33ce67502, parentId=null, encounterId=df20c40b-d9a5-4139-b41e-e5ae85437156, owner=0cbd0780-b381-4c14-9e00-7088987816b7, source=0cbd0780-b381-4c14-9e00-7088987816b7, target=null, serverTick=2596, encounterVersion=64, sourceCell=GridCell[x=-7279980, y=83, z=9254752], targetCell=null, kind=END_TURN, observationEpoch=01b96c0c-6d84-4671-8d44-1cdf5789999f, intent=null], step=0, outcome=COMPLETED, reason=turn ended, actualMovementTicks=0, actualDamage=0.0, publishedVersion=66, terminal=true, damageTrace=null, conclusion=null, failure=Details[code=NONE, retry=NONE]], Result[snapshot=Snapshot[operationId=ebf64225-b7a2-4b43-a8b0-f20d9bb53374, parentId=null, encounterId=df20c40b-d9a5-4139-b41e-e5ae85437156, owner=c7ca0223-bddf-4730-9915-ce81e4f565b0, source=c7ca0223-bddf-4730-9915-ce81e4f565b0, target=null, serverTick=2598, encounterVersion=66, sourceCell=GridCell[x=-7279981, y=83, z=9254754], targetCell=null, kind=END_TURN, observationEpoch=01b96c0c-6d84-4671-8d44-1cdf5789999f, intent=null], step=0, outcome=COMPLETED, reason=turn ended, actualMovementTicks=0, actualDamage=0.0, publishedVersion=68, terminal=true, damageTrace=null, conclusion=null, failure=Details[code=NONE, retry=NONE]]] on tick 200
[15:58:40] [Server thread/ERROR] [minecraft/LogTestReporter]: dndturn:arrow_cross_session_miss failed at -7283067, -59, 9254750! A arrow did not causally merge B: ticks=1 removed=false position=(-7274849.800000012, 84.0, 9254752.5) stateA=StateView[id=1077d5b6-7183-4b49-a0fa-f45db3d2d81d, phase=CANDIDATE, version=64, order=[71a7713d-7efa-41ad-a2a2-2a3b1389c484, ee8ec8e2-66ec-42b6-bcbf-739f9ac77127, 7a600264-ca6b-3e46-913c-7c7c10594dbd], current=71a7713d-7efa-41ad-a2a2-2a3b1389c484, members={71a7713d-7efa-41ad-a2a2-2a3b1389c484=MemberView[id=71a7713d-7efa-41ad-a2a2-2a3b1389c484, initiative=19, tieBreak=186935186, movementTicks=30, action=true, reaction=true, dodging=false, disengaged=false, eligibleRound=0], ee8ec8e2-66ec-42b6-bcbf-739f9ac77127=MemberView[id=ee8ec8e2-66ec-42b6-bcbf-739f9ac77127, initiative=13, tieBreak=-1572205489, movementTicks=30, action=true, reaction=true, dodging=false, disengaged=false, eligibleRound=0]}, round=1, environmentRemaining=0, region=cc.sighs.dndturn.combat.EncounterRegion@5df910c4] A=[Result[snapshot=Snapshot[operationId=cd00c9bf-2189-4922-92a0-9738b1eab87c, parentId=null, encounterId=1077d5b6-7183-4b49-a0fa-f45db3d2d81d, owner=71a7713d-7efa-41ad-a2a2-2a3b1389c484, source=71a7713d-7efa-41ad-a2a2-2a3b1389c484, target=null, serverTick=2405, encounterVersion=0, sourceCell=GridCell[x=-7274875, y=83, z=9254754], targetCell=null, kind=END_TURN, observationEpoch=01b96c0c-6d84-4671-8d44-1cdf5789999f, intent=null], step=0, outcome=COMPLETED, reason=turn ended, actualMovementTicks=0, actualDamage=0.0, publishedVersion=2, terminal=true, damageTrace=null, conclusion=null, failure=Details[code=NONE, retry=NONE]], Result[snapshot=Snapshot[operationId=d9008fee-a6d2-481b-97cb-521a8282732b, parentId=null, encounterId=1077d5b6-7183-4b49-a0fa-f45db3d2d81d, owner=ee8ec8e2-66ec-42b6-bcbf-739f9ac77127, source=ee8ec8e2-66ec-42b6-bcbf-739f9ac77127, target=null, serverTick=2405, encounterVersion=2, sourceCell=GridCell[x=-7274874, y=83, z=9254755], targetCell=null, kind=END_TURN, observationEpoch=01b96c0c-6d84-4671-8d44-1cdf5789999f, intent=null], step=0, outcome=COMPLETED, reason=turn ended, actualMovementTicks=0, actualDamage=0.0, publishedVersion=4, terminal=true, damageTrace=null, conclusion=null, failure=Details[code=NONE, retry=NONE]]] B=[Result[snapshot=Snapshot[operationId=2d626f00-2a18-4531-972f-bc6a9e556823, parentId=null, encounterId=c335c616-9391-465a-ab42-325c94b9a345, owner=08ba400c-17f4-4194-88bc-0d192b7c5d4a, source=08ba400c-17f4-4194-88bc-0d192b7c5d4a, target=null, serverTick=2405, encounterVersion=0, sourceCell=GridCell[x=-7274851, y=83, z=9254754], targetCell=null, kind=END_TURN, observationEpoch=01b96c0c-6d84-4671-8d44-1cdf5789999f, intent=null], step=0, outcome=COMPLETED, reason=turn ended, actualMovementTicks=0, actualDamage=0.0, publishedVersion=2, terminal=true, damageTrace=null, conclusion=null, failure=Details[code=NONE, retry=NONE]], Result[snapshot=Snapshot[operationId=411ee82c-a07e-40b8-bce9-cfb2365b254b, parentId=null, encounterId=c335c616-9391-465a-ab42-325c94b9a345, owner=ef170b87-9724-4bcc-b504-3fec084bd5cc, source=ef170b87-9724-4bcc-b504-3fec084bd5cc, target=null, serverTick=2405, encounterVersion=2, sourceCell=GridCell[x=-7274850, y=83, z=9254752], targetCell=null, kind=END_TURN, observationEpoch=01b96c0c-6d84-4671-8d44-1cdf5789999f, intent=null], step=0, outcome=COMPLETED, reason=turn ended, actualMovementTicks=0, actualDamage=0.0, publishedVersion=4, terminal=true, damageTrace=null, conclusion=null, failure=Details[code=NONE, retry=NONE]], Result[snapshot=Snapshot[operationId=792370de-5e6f-458f-b1d0-c9479194b2b2, parentId=null, encounterId=c335c616-9391-465a-ab42-325c94b9a345, owner=08ba400c-17f4-4194-88bc-0d192b7c5d4a, source=08ba400c-17f4-4194-88bc-0d192b7c5d4a, target=null, serverTick=2592, encounterVersion=64, sourceCell=GridCell[x=-7274851, y=83, z=9254754], targetCell=null, kind=END_TURN, observationEpoch=01b96c0c-6d84-4671-8d44-1cdf5789999f, intent=null], step=0, outcome=COMPLETED, reason=turn ended, actualMovementTicks=0, actualDamage=0.0, publishedVersion=66, terminal=true, damageTrace=null, conclusion=null, failure=Details[code=NONE, retry=NONE]], Result[snapshot=Snapshot[operationId=69047071-0971-499b-8833-6451a33e96d2, parentId=null, encounterId=c335c616-9391-465a-ab42-325c94b9a345, owner=ef170b87-9724-4bcc-b504-3fec084bd5cc, source=ef170b87-9724-4bcc-b504-3fec084bd5cc, target=null, serverTick=2592, encounterVersion=66, sourceCell=GridCell[x=-7274850, y=83, z=9254752], targetCell=null, kind=END_TURN, observationEpoch=01b96c0c-6d84-4671-8d44-1cdf5789999f, intent=null], step=0, outcome=COMPLETED, reason=turn ended, actualMovementTicks=0, actualDamage=0.0, publishedVersion=68, terminal=true, damageTrace=null, conclusion=null, failure=Details[code=NONE, retry=NONE]]] on tick 200
[15:58:40] [Server thread/INFO] [minecraft/GameTestRunner]: Running test environment 'dndturn:environment_clock' batch 0 (1 tests)...
[15:58:41] [Server thread/INFO] [minecraft/PlayerList]: test-mock-player[embedded] logged in with entity id 262 at (0.0, 0.0, 0.0)
[15:58:41] [Server thread/INFO] [minecraft/MinecraftServer]: test-mock-player joined the game
[15:58:41] [Server thread/INFO] [minecraft/GameTestServer]: [+++++++++++X++++X+++++++++++++++++++++++++++++XX+++++++_   ]
[15:58:41] [Server thread/INFO] [minecraft/GameTestServer]: [+++++++++++X++++X+++++++++++++++++++++++++++++XX+++++++_   ]
[15:58:41] [Server thread/INFO] [minecraft/GameTestServer]: [+++++++++++X++++X+++++++++++++++++++++++++++++XX+++++++_   ]
[15:58:41] [Server thread/INFO] [minecraft/GameTestServer]: [+++++++++++X++++X+++++++++++++++++++++++++++++XX+++++++_   ]
[15:58:41] [Server thread/INFO] [minecraft/GameTestServer]: [+++++++++++X++++X+++++++++++++++++++++++++++++XX+++++++_   ]
[15:58:41] [Server thread/INFO] [minecraft/GameTestServer]: [+++++++++++X++++X+++++++++++++++++++++++++++++XX+++++++_   ]
[15:58:41] [Server thread/INFO] [minecraft/GameTestRunner]: Running test environment 'dndturn:environment_classification' batch 0 (1 tests)...
[15:58:41] [Server thread/INFO] [minecraft/PlayerList]: test-mock-player[embedded] logged in with entity id 263 at (0.0, 0.0, 0.0)
[15:58:41] [Server thread/INFO] [minecraft/MinecraftServer]: test-mock-player joined the game
[15:58:41] [Server thread/INFO] [minecraft/GameTestServer]: [+++++++++++X++++X+++++++++++++++++++++++++++++XX++++++++_  ]
[15:58:41] [Server thread/INFO] [minecraft/GameTestServer]: [+++++++++++X++++X+++++++++++++++++++++++++++++XX++++++++_  ]
[15:58:41] [Server thread/INFO] [minecraft/GameTestServer]: [+++++++++++X++++X+++++++++++++++++++++++++++++XX++++++++_  ]
[15:58:41] [Server thread/INFO] [minecraft/GameTestRunner]: Running test environment 'dndturn:environment_processes' batch 0 (1 tests)...
[15:58:41] [Server thread/INFO] [minecraft/PlayerList]: test-mock-player[embedded] logged in with entity id 267 at (0.0, 0.0, 0.0)
[15:58:41] [Server thread/INFO] [minecraft/MinecraftServer]: test-mock-player joined the game
[15:58:41] [Server thread/INFO] [minecraft/GameTestServer]: [+++++++++++X++++X+++++++++++++++++++++++++++++XX+++++++++_ ]
[15:58:41] [Server thread/INFO] [minecraft/GameTestServer]: [+++++++++++X++++X+++++++++++++++++++++++++++++XX+++++++++_ ]
[15:58:41] [Server thread/INFO] [minecraft/GameTestRunner]: Running test environment 'dndturn:environment_tnt' batch 0 (1 tests)...
[15:58:41] [Server thread/INFO] [minecraft/PlayerList]: test-mock-player[embedded] logged in with entity id 271 at (0.0, 0.0, 0.0)
[15:58:41] [Server thread/INFO] [minecraft/MinecraftServer]: test-mock-player joined the game
[15:58:41] [Server thread/INFO] [minecraft/GameTestServer]: [+++++++++++X++++X+++++++++++++++++++++++++++++XX++++++++++_]
[15:58:41] [Server thread/INFO] [minecraft/GameTestServer]: [+++++++++++X++++X+++++++++++++++++++++++++++++XX++++++++++_]
[15:58:41] [Server thread/INFO] [minecraft/GameTestServer]: [+++++++++++X++++X+++++++++++++++++++++++++++++XX++++++++++_]
[15:58:41] [Server thread/INFO] [minecraft/GameTestServer]: [+++++++++++X++++X+++++++++++++++++++++++++++++XX++++++++++_]
[15:58:41] [Server thread/INFO] [minecraft/GameTestServer]: [+++++++++++X++++X+++++++++++++++++++++++++++++XX++++++++++_]
[15:58:41] [Server thread/INFO] [minecraft/GameTestServer]: [+++++++++++X++++X+++++++++++++++++++++++++++++XX++++++++++_]
[15:58:41] [Server thread/INFO] [minecraft/GameTestServer]: [+++++++++++X++++X+++++++++++++++++++++++++++++XX++++++++++_]
[15:58:41] [Server thread/INFO] [minecraft/GameTestServer]: [+++++++++++X++++X+++++++++++++++++++++++++++++XX++++++++++_]
[15:58:41] [Server thread/INFO] [minecraft/GameTestServer]: [+++++++++++X++++X+++++++++++++++++++++++++++++XX++++++++++_]
[15:58:41] [Server thread/INFO] [minecraft/GameTestServer]: [+++++++++++X++++X+++++++++++++++++++++++++++++XX+++++++++++]
[15:58:41] [Server thread/INFO] [minecraft/GameTestServer]: ========= 59 GAME TESTS COMPLETE IN 10.98 s ======================
[15:58:41] [Server thread/ERROR] [minecraft/GameTestServer]: 4 required tests failed :(
[15:58:41] [Server thread/ERROR] [minecraft/GameTestServer]:    - dndturn:action_preview: waiting for preview fixture entity registration: found=false alive=false mob=(-7189113.5, 93.0, 9254705.5) player=(-7189118.5, 93.0, 9254705.5) on tick 302
[15:58:41] [Server thread/ERROR] [minecraft/GameTestServer]:    - dndturn:environment_boundary_time: authorized destination never accepted native hopper transfer on tick 85
[15:58:41] [Server thread/ERROR] [minecraft/GameTestServer]:    - dndturn:arrow_cross_session: A arrow did not causally merge B: ticks=1 removed=false position=(-7279979.800000012, 84.0, 9254752.5) stateA=StateView[id=44e2578a-fff1-4506-b4e8-bdcc1f8977b6, phase=ENVIRONMENT, version=62, order=[ba6179ba-60ef-40ad-9430-bd313694a546, 8a8363ca-15df-4d17-a3cc-39373c35b25a, e9c75493-d310-3ef3-8070-91f120d28329], current=e9c75493-d310-3ef3-8070-91f120d28329, members={8a8363ca-15df-4d17-a3cc-39373c35b25a=MemberView[id=8a8363ca-15df-4d17-a3cc-39373c35b25a, initiative=15, tieBreak=-1992190648, movementTicks=30, action=true, reaction=true, dodging=false, disengaged=false, eligibleRound=0], ba6179ba-60ef-40ad-9430-bd313694a546=MemberView[id=ba6179ba-60ef-40ad-9430-bd313694a546, initiative=20, tieBreak=1626179801, movementTicks=30, action=true, reaction=true, dodging=false, disengaged=false, eligibleRound=0]}, round=0, environmentRemaining=1, region=cc.sighs.dndturn.combat.EncounterRegion@3b60e864] A=[Result[snapshot=Snapshot[operationId=4e03c4a4-e538-40bd-8535-488be794365b, parentId=null, encounterId=44e2578a-fff1-4506-b4e8-bdcc1f8977b6, owner=ba6179ba-60ef-40ad-9430-bd313694a546, source=ba6179ba-60ef-40ad-9430-bd313694a546, target=null, serverTick=2405, encounterVersion=0, sourceCell=GridCell[x=-7280005, y=83, z=9254754], targetCell=null, kind=END_TURN, observationEpoch=01b96c0c-6d84-4671-8d44-1cdf5789999f, intent=null], step=0, outcome=COMPLETED, reason=turn ended, actualMovementTicks=0, actualDamage=0.0, publishedVersion=2, terminal=true, damageTrace=null, conclusion=null, failure=Details[code=NONE, retry=NONE]], Result[snapshot=Snapshot[operationId=4def3467-ba13-4005-86de-b78c8df71a5d, parentId=null, encounterId=44e2578a-fff1-4506-b4e8-bdcc1f8977b6, owner=8a8363ca-15df-4d17-a3cc-39373c35b25a, source=8a8363ca-15df-4d17-a3cc-39373c35b25a, target=null, serverTick=2405, encounterVersion=2, sourceCell=GridCell[x=-7280004, y=83, z=9254755], targetCell=null, kind=END_TURN, observationEpoch=01b96c0c-6d84-4671-8d44-1cdf5789999f, intent=null], step=0, outcome=COMPLETED, reason=turn ended, actualMovementTicks=0, actualDamage=0.0, publishedVersion=4, terminal=true, damageTrace=null, conclusion=null, failure=Details[code=NONE, retry=NONE]]] B=[Result[snapshot=Snapshot[operationId=cc56bc86-2c47-4682-8085-5d9393f2c55c, parentId=null, encounterId=df20c40b-d9a5-4139-b41e-e5ae85437156, owner=0cbd0780-b381-4c14-9e00-7088987816b7, source=0cbd0780-b381-4c14-9e00-7088987816b7, target=null, serverTick=2405, encounterVersion=0, sourceCell=GridCell[x=-7279980, y=83, z=9254752], targetCell=null, kind=END_TURN, observationEpoch=01b96c0c-6d84-4671-8d44-1cdf5789999f, intent=null], step=0, outcome=COMPLETED, reason=turn ended, actualMovementTicks=0, actualDamage=0.0, publishedVersion=2, terminal=true, damageTrace=null, conclusion=null, failure=Details[code=NONE, retry=NONE]], Result[snapshot=Snapshot[operationId=df0e1353-8a25-4df1-866f-4070b61bc7b9, parentId=null, encounterId=df20c40b-d9a5-4139-b41e-e5ae85437156, owner=c7ca0223-bddf-4730-9915-ce81e4f565b0, source=c7ca0223-bddf-4730-9915-ce81e4f565b0, target=null, serverTick=2405, encounterVersion=2, sourceCell=GridCell[x=-7279981, y=83, z=9254754], targetCell=null, kind=END_TURN, observationEpoch=01b96c0c-6d84-4671-8d44-1cdf5789999f, intent=null], step=0, outcome=COMPLETED, reason=turn ended, actualMovementTicks=0, actualDamage=0.0, publishedVersion=4, terminal=true, damageTrace=null, conclusion=null, failure=Details[code=NONE, retry=NONE]], Result[snapshot=Snapshot[operationId=7eff4791-637e-4254-af92-3ad33ce67502, parentId=null, encounterId=df20c40b-d9a5-4139-b41e-e5ae85437156, owner=0cbd0780-b381-4c14-9e00-7088987816b7, source=0cbd0780-b381-4c14-9e00-7088987816b7, target=null, serverTick=2596, encounterVersion=64, sourceCell=GridCell[x=-7279980, y=83, z=9254752], targetCell=null, kind=END_TURN, observationEpoch=01b96c0c-6d84-4671-8d44-1cdf5789999f, intent=null], step=0, outcome=COMPLETED, reason=turn ended, actualMovementTicks=0, actualDamage=0.0, publishedVersion=66, terminal=true, damageTrace=null, conclusion=null, failure=Details[code=NONE, retry=NONE]], Result[snapshot=Snapshot[operationId=ebf64225-b7a2-4b43-a8b0-f20d9bb53374, parentId=null, encounterId=df20c40b-d9a5-4139-b41e-e5ae85437156, owner=c7ca0223-bddf-4730-9915-ce81e4f565b0, source=c7ca0223-bddf-4730-9915-ce81e4f565b0, target=null, serverTick=2598, encounterVersion=66, sourceCell=GridCell[x=-7279981, y=83, z=9254754], targetCell=null, kind=END_TURN, observationEpoch=01b96c0c-6d84-4671-8d44-1cdf5789999f, intent=null], step=0, outcome=COMPLETED, reason=turn ended, actualMovementTicks=0, actualDamage=0.0, publishedVersion=68, terminal=true, damageTrace=null, conclusion=null, failure=Details[code=NONE, retry=NONE]]] on tick 200
[15:58:41] [Server thread/ERROR] [minecraft/GameTestServer]:    - dndturn:arrow_cross_session_miss: A arrow did not causally merge B: ticks=1 removed=false position=(-7274849.800000012, 84.0, 9254752.5) stateA=StateView[id=1077d5b6-7183-4b49-a0fa-f45db3d2d81d, phase=CANDIDATE, version=64, order=[71a7713d-7efa-41ad-a2a2-2a3b1389c484, ee8ec8e2-66ec-42b6-bcbf-739f9ac77127, 7a600264-ca6b-3e46-913c-7c7c10594dbd], current=71a7713d-7efa-41ad-a2a2-2a3b1389c484, members={71a7713d-7efa-41ad-a2a2-2a3b1389c484=MemberView[id=71a7713d-7efa-41ad-a2a2-2a3b1389c484, initiative=19, tieBreak=186935186, movementTicks=30, action=true, reaction=true, dodging=false, disengaged=false, eligibleRound=0], ee8ec8e2-66ec-42b6-bcbf-739f9ac77127=MemberView[id=ee8ec8e2-66ec-42b6-bcbf-739f9ac77127, initiative=13, tieBreak=-1572205489, movementTicks=30, action=true, reaction=true, dodging=false, disengaged=false, eligibleRound=0]}, round=1, environmentRemaining=0, region=cc.sighs.dndturn.combat.EncounterRegion@5df910c4] A=[Result[snapshot=Snapshot[operationId=cd00c9bf-2189-4922-92a0-9738b1eab87c, parentId=null, encounterId=1077d5b6-7183-4b49-a0fa-f45db3d2d81d, owner=71a7713d-7efa-41ad-a2a2-2a3b1389c484, source=71a7713d-7efa-41ad-a2a2-2a3b1389c484, target=null, serverTick=2405, encounterVersion=0, sourceCell=GridCell[x=-7274875, y=83, z=9254754], targetCell=null, kind=END_TURN, observationEpoch=01b96c0c-6d84-4671-8d44-1cdf5789999f, intent=null], step=0, outcome=COMPLETED, reason=turn ended, actualMovementTicks=0, actualDamage=0.0, publishedVersion=2, terminal=true, damageTrace=null, conclusion=null, failure=Details[code=NONE, retry=NONE]], Result[snapshot=Snapshot[operationId=d9008fee-a6d2-481b-97cb-521a8282732b, parentId=null, encounterId=1077d5b6-7183-4b49-a0fa-f45db3d2d81d, owner=ee8ec8e2-66ec-42b6-bcbf-739f9ac77127, source=ee8ec8e2-66ec-42b6-bcbf-739f9ac77127, target=null, serverTick=2405, encounterVersion=2, sourceCell=GridCell[x=-7274874, y=83, z=9254755], targetCell=null, kind=END_TURN, observationEpoch=01b96c0c-6d84-4671-8d44-1cdf5789999f, intent=null], step=0, outcome=COMPLETED, reason=turn ended, actualMovementTicks=0, actualDamage=0.0, publishedVersion=4, terminal=true, damageTrace=null, conclusion=null, failure=Details[code=NONE, retry=NONE]]] B=[Result[snapshot=Snapshot[operationId=2d626f00-2a18-4531-972f-bc6a9e556823, parentId=null, encounterId=c335c616-9391-465a-ab42-325c94b9a345, owner=08ba400c-17f4-4194-88bc-0d192b7c5d4a, source=08ba400c-17f4-4194-88bc-0d192b7c5d4a, target=null, serverTick=2405, encounterVersion=0, sourceCell=GridCell[x=-7274851, y=83, z=9254754], targetCell=null, kind=END_TURN, observationEpoch=01b96c0c-6d84-4671-8d44-1cdf5789999f, intent=null], step=0, outcome=COMPLETED, reason=turn ended, actualMovementTicks=0, actualDamage=0.0, publishedVersion=2, terminal=true, damageTrace=null, conclusion=null, failure=Details[code=NONE, retry=NONE]], Result[snapshot=Snapshot[operationId=411ee82c-a07e-40b8-bce9-cfb2365b254b, parentId=null, encounterId=c335c616-9391-465a-ab42-325c94b9a345, owner=ef170b87-9724-4bcc-b504-3fec084bd5cc, source=ef170b87-9724-4bcc-b504-3fec084bd5cc, target=null, serverTick=2405, encounterVersion=2, sourceCell=GridCell[x=-7274850, y=83, z=9254752], targetCell=null, kind=END_TURN, observationEpoch=01b96c0c-6d84-4671-8d44-1cdf5789999f, intent=null], step=0, outcome=COMPLETED, reason=turn ended, actualMovementTicks=0, actualDamage=0.0, publishedVersion=4, terminal=true, damageTrace=null, conclusion=null, failure=Details[code=NONE, retry=NONE]], Result[snapshot=Snapshot[operationId=792370de-5e6f-458f-b1d0-c9479194b2b2, parentId=null, encounterId=c335c616-9391-465a-ab42-325c94b9a345, owner=08ba400c-17f4-4194-88bc-0d192b7c5d4a, source=08ba400c-17f4-4194-88bc-0d192b7c5d4a, target=null, serverTick=2592, encounterVersion=64, sourceCell=GridCell[x=-7274851, y=83, z=9254754], targetCell=null, kind=END_TURN, observationEpoch=01b96c0c-6d84-4671-8d44-1cdf5789999f, intent=null], step=0, outcome=COMPLETED, reason=turn ended, actualMovementTicks=0, actualDamage=0.0, publishedVersion=66, terminal=true, damageTrace=null, conclusion=null, failure=Details[code=NONE, retry=NONE]], Result[snapshot=Snapshot[operationId=69047071-0971-499b-8833-6451a33e96d2, parentId=null, encounterId=c335c616-9391-465a-ab42-325c94b9a345, owner=ef170b87-9724-4bcc-b504-3fec084bd5cc, source=ef170b87-9724-4bcc-b504-3fec084bd5cc, target=null, serverTick=2592, encounterVersion=66, sourceCell=GridCell[x=-7274850, y=83, z=9254752], targetCell=null, kind=END_TURN, observationEpoch=01b96c0c-6d84-4671-8d44-1cdf5789999f, intent=null], step=0, outcome=COMPLETED, reason=turn ended, actualMovementTicks=0, actualDamage=0.0, publishedVersion=68, terminal=true, damageTrace=null, conclusion=null, failure=Details[code=NONE, retry=NONE]]] on tick 200
[15:58:41] [Server thread/INFO] [minecraft/GameTestServer]: ====================================================
[15:58:41] [Server thread/INFO] [minecraft/MinecraftServer]: Stopping server
[15:58:41] [Server thread/INFO] [minecraft/MinecraftServer]: Saving players
[15:58:42] [Server thread/INFO] [minecraft/ServerGamePacketListenerImpl]: test-mock-player lost connection: Server closed
[15:58:42] [Server thread/INFO] [minecraft/MinecraftServer]: test-mock-player left the game
[15:58:42] [Server thread/INFO] [minecraft/ServerGamePacketListenerImpl]: test-mock-player lost connection: Server closed
[15:58:42] [Server thread/INFO] [minecraft/MinecraftServer]: test-mock-player left the game
[15:58:42] [Server thread/INFO] [minecraft/ServerGamePacketListenerImpl]: test-mock-player lost connection: Server closed
[15:58:42] [Server thread/INFO] [minecraft/MinecraftServer]: test-mock-player left the game
[15:58:42] [Server thread/INFO] [minecraft/ServerGamePacketListenerImpl]: test-mock-player lost connection: Server closed
[15:58:42] [Server thread/INFO] [minecraft/MinecraftServer]: test-mock-player left the game
[15:58:42] [Server thread/INFO] [minecraft/ServerGamePacketListenerImpl]: test-mock-player lost connection: Server closed
[15:58:42] [Server thread/INFO] [minecraft/MinecraftServer]: test-mock-player left the game
[15:58:42] [Server thread/INFO] [minecraft/ServerGamePacketListenerImpl]: tactical-test lost connection: Server closed
[15:58:42] [Server thread/INFO] [minecraft/MinecraftServer]: tactical-test left the game
[15:58:42] [Server thread/INFO] [minecraft/ServerGamePacketListenerImpl]: tactical-test lost connection: Server closed
[15:58:42] [Server thread/INFO] [minecraft/MinecraftServer]: tactical-test left the game
[15:58:42] [Server thread/INFO] [minecraft/ServerGamePacketListenerImpl]: test-mock-player lost connection: Server closed
[15:58:42] [Server thread/INFO] [minecraft/MinecraftServer]: test-mock-player left the game
[15:58:42] [Server thread/INFO] [minecraft/ServerGamePacketListenerImpl]: test-mock-player lost connection: Server closed
[15:58:42] [Server thread/INFO] [minecraft/MinecraftServer]: test-mock-player left the game
[15:58:42] [Server thread/INFO] [minecraft/ServerGamePacketListenerImpl]: test-mock-player lost connection: Server closed
[15:58:42] [Server thread/INFO] [minecraft/MinecraftServer]: test-mock-player left the game
[15:58:42] [Server thread/INFO] [minecraft/ServerGamePacketListenerImpl]: test-mock-player lost connection: Server closed
[15:58:42] [Server thread/INFO] [minecraft/MinecraftServer]: test-mock-player left the game
[15:58:42] [Server thread/INFO] [minecraft/ServerGamePacketListenerImpl]: test-mock-player lost connection: Server closed
[15:58:42] [Server thread/INFO] [minecraft/MinecraftServer]: test-mock-player left the game
[15:58:42] [Server thread/INFO] [minecraft/ServerGamePacketListenerImpl]: test-mock-player lost connection: Server closed
[15:58:42] [Server thread/INFO] [minecraft/MinecraftServer]: test-mock-player left the game
[15:58:42] [Server thread/INFO] [minecraft/ServerGamePacketListenerImpl]: tactical-test lost connection: Server closed
[15:58:42] [Server thread/INFO] [minecraft/MinecraftServer]: tactical-test left the game
[15:58:42] [Server thread/INFO] [minecraft/ServerGamePacketListenerImpl]: test-mock-player lost connection: Server closed
[15:58:42] [Server thread/INFO] [minecraft/MinecraftServer]: test-mock-player left the game
[15:58:42] [Server thread/INFO] [minecraft/ServerGamePacketListenerImpl]: candidate-review-player lost connection: Server closed
[15:58:42] [Server thread/INFO] [minecraft/MinecraftServer]: candidate-review-player left the game
[15:58:42] [Server thread/INFO] [minecraft/ServerGamePacketListenerImpl]: test-mock-player lost connection: Server closed
[15:58:42] [Server thread/INFO] [minecraft/MinecraftServer]: test-mock-player left the game
[15:58:42] [Server thread/INFO] [minecraft/ServerGamePacketListenerImpl]: exit-test-player lost connection: Server closed
[15:58:42] [Server thread/INFO] [minecraft/MinecraftServer]: exit-test-player left the game
[15:58:42] [Server thread/INFO] [minecraft/ServerGamePacketListenerImpl]: tactical-test lost connection: Server closed
[15:58:42] [Server thread/INFO] [minecraft/MinecraftServer]: tactical-test left the game
[15:58:42] [Server thread/INFO] [minecraft/ServerGamePacketListenerImpl]: test-mock-player lost connection: Server closed
[15:58:42] [Server thread/INFO] [minecraft/MinecraftServer]: test-mock-player left the game
[15:58:42] [Server thread/INFO] [minecraft/ServerGamePacketListenerImpl]: test-mock-player lost connection: Server closed
[15:58:42] [Server thread/INFO] [minecraft/MinecraftServer]: test-mock-player left the game
[15:58:42] [Server thread/INFO] [minecraft/ServerGamePacketListenerImpl]: test-mock-player lost connection: Server closed
[15:58:42] [Server thread/INFO] [minecraft/MinecraftServer]: test-mock-player left the game
[15:58:42] [Server thread/INFO] [minecraft/ServerGamePacketListenerImpl]: exit-test-player lost connection: Server closed
[15:58:42] [Server thread/INFO] [minecraft/MinecraftServer]: exit-test-player left the game
[15:58:42] [Server thread/INFO] [minecraft/ServerGamePacketListenerImpl]: test-mock-player lost connection: Server closed
[15:58:42] [Server thread/INFO] [minecraft/MinecraftServer]: test-mock-player left the game
[15:58:42] [Server thread/INFO] [minecraft/ServerGamePacketListenerImpl]: test-mock-player lost connection: Server closed
[15:58:42] [Server thread/INFO] [minecraft/MinecraftServer]: test-mock-player left the game
[15:58:42] [Server thread/INFO] [minecraft/ServerGamePacketListenerImpl]: test-mock-player lost connection: Server closed
[15:58:42] [Server thread/INFO] [minecraft/MinecraftServer]: test-mock-player left the game
[15:58:42] [Server thread/INFO] [minecraft/ServerGamePacketListenerImpl]: test-mock-player lost connection: Server closed
[15:58:42] [Server thread/INFO] [minecraft/MinecraftServer]: test-mock-player left the game
[15:58:42] [Server thread/INFO] [minecraft/ServerGamePacketListenerImpl]: test-mock-player lost connection: Server closed
[15:58:42] [Server thread/INFO] [minecraft/MinecraftServer]: test-mock-player left the game
[15:58:42] [Server thread/INFO] [minecraft/ServerGamePacketListenerImpl]: test-mock-player lost connection: Server closed
[15:58:42] [Server thread/INFO] [minecraft/MinecraftServer]: test-mock-player left the game
[15:58:42] [Server thread/INFO] [minecraft/ServerGamePacketListenerImpl]: test-mock-player lost connection: Server closed
[15:58:42] [Server thread/INFO] [minecraft/MinecraftServer]: test-mock-player left the game
[15:58:42] [Server thread/INFO] [minecraft/ServerGamePacketListenerImpl]: test-mock-player lost connection: Server closed
[15:58:42] [Server thread/INFO] [minecraft/MinecraftServer]: test-mock-player left the game
[15:58:42] [Server thread/INFO] [minecraft/ServerGamePacketListenerImpl]: test-mock-player lost connection: Server closed
[15:58:42] [Server thread/INFO] [minecraft/MinecraftServer]: test-mock-player left the game
[15:58:42] [Server thread/INFO] [minecraft/MinecraftServer]: Saving worlds
[15:58:42] [Server thread/INFO] [minecraft/MinecraftServer]: Saving chunks for level 'ServerLevel[Test Level]'/minecraft:overworld
[15:58:45] [Server thread/INFO] [minecraft/MinecraftServer]: Saving chunks for level 'ServerLevel[Test Level]'/minecraft:the_end
[15:58:45] [Server thread/INFO] [minecraft/MinecraftServer]: Saving chunks for level 'ServerLevel[Test Level]'/minecraft:the_nether
[15:58:45] [Server thread/INFO] [minecraft/MinecraftServer]: ThreadedAnvilChunkStorage (world): All chunks are saved
[15:58:45] [Server thread/INFO] [minecraft/MinecraftServer]: ThreadedAnvilChunkStorage (DIM1): All chunks are saved
[15:58:45] [Server thread/INFO] [minecraft/MinecraftServer]: ThreadedAnvilChunkStorage (DIM-1): All chunks are saved
[15:58:45] [Server thread/INFO] [minecraft/MinecraftServer]: ThreadedAnvilChunkStorage: All dimensions are saved
[15:58:47] [Server thread/INFO] [minecraft/GameTestServer]: Game test server shutting down

> Task :runGameTestServer FAILED

[Incubating] Problems report is available at: file:///D:/javaProjects/dndturn26.1/targets/neoforge-26.1/build/reports/problems/problems-report.html

FAILURE: Build failed with an exception.

* What went wrong:
Execution failed for task ':runGameTestServer' (registered in build file 'build.gradle').
> Process 'command 'C:\Program Files\Java\jdk-25.0.3\bin\java.exe'' finished with non-zero exit value 4

* Try:
> Run with --stacktrace option to get the stack trace.
> Run with --info or --debug option to get more log output.
> Run with --scan to get full insights from a Build Scan (powered by Develocity).
> Get more help at https://help.gradle.org.

BUILD FAILED in 29s
16 actionable tasks: 7 executed, 9 up-to-date
